Java HotSpot(TM) 64-Bit Server VM (25.111-b14) for bsd-amd64 JRE (1.8.0_111-b14), built on Sep 22 2016 15:31:41 by "java_re" with gcc 4.2.1 (Based on Apple Inc. build 5658) (LLVM build 2336.11.00)
Memory: 4k page, physical 16777216k(752084k free)

/proc/meminfo:

CommandLine flags: -XX:CMSInitiatingOccupancyFraction=50 -XX:CMSMaxAbortablePrecleanTime=6000 -XX:+CMSParallelRemarkEnabled -XX:+CMSScavengeBeforeRemark -XX:ConcGCThreads=4 -XX:InitialHeapSize=536870912 -XX:MaxHeapSize=536870912 -XX:MaxTenuringThreshold=8 -XX:NewRatio=3 -XX:OldPLABSize=16 -XX:OnOutOfMemoryError=/Users/mmarzougui/Documents/tools/solr-6.2.1/bin/oom_solr.sh 7574 /Users/mmarzougui/Documents/tools/solr-6.2.1/example/cloud/node2/solr/../logs -XX:ParallelGCThreads=4 -XX:+ParallelRefProcEnabled -XX:PretenureSizeThreshold=67108864 -XX:+PrintGC -XX:+PrintGCApplicationStoppedTime -XX:+PrintGCDateStamps -XX:+PrintGCDetails -XX:+PrintGCTimeStamps -XX:+PrintHeapAtGC -XX:+PrintTenuringDistribution -XX:SurvivorRatio=4 -XX:TargetSurvivorRatio=90 -XX:ThreadStackSize=256 -XX:+UseCMSInitiatingOccupancyOnly -XX:+UseCompressedClassPointers -XX:+UseCompressedOops -XX:+UseConcMarkSweepGC -XX:+UseParNewGC 
2016-12-26T10:15:34.330-0100: 0.149: Total time for which application threads were stopped: 0.0000872 seconds, Stopping threads took: 0.0000112 seconds
2016-12-26T10:15:34.401-0100: 0.220: Total time for which application threads were stopped: 0.0001313 seconds, Stopping threads took: 0.0000152 seconds
2016-12-26T10:15:34.718-0100: 0.536: Total time for which application threads were stopped: 0.0002235 seconds, Stopping threads took: 0.0000126 seconds
2016-12-26T10:15:34.776-0100: 0.594: Total time for which application threads were stopped: 0.0001474 seconds, Stopping threads took: 0.0000153 seconds
2016-12-26T10:15:34.795-0100: 0.613: Total time for which application threads were stopped: 0.0002540 seconds, Stopping threads took: 0.0000473 seconds
2016-12-26T10:15:34.991-0100: 0.810: Total time for which application threads were stopped: 0.0001774 seconds, Stopping threads took: 0.0000135 seconds
2016-12-26T10:15:35.263-0100: 1.081: Total time for which application threads were stopped: 0.0002308 seconds, Stopping threads took: 0.0000141 seconds
2016-12-26T10:15:35.264-0100: 1.082: Total time for which application threads were stopped: 0.0001503 seconds, Stopping threads took: 0.0000088 seconds
2016-12-26T10:15:35.266-0100: 1.085: Total time for which application threads were stopped: 0.0002363 seconds, Stopping threads took: 0.0000152 seconds
2016-12-26T10:15:35.276-0100: 1.094: Total time for which application threads were stopped: 0.0002428 seconds, Stopping threads took: 0.0000156 seconds
{Heap before GC invocations=0 (full 0):
 par new generation   total 109248K, used 87424K [0x00000007a0000000, 0x00000007a8000000, 0x00000007a8000000)
  eden space 87424K, 100% used [0x00000007a0000000, 0x00000007a5560000, 0x00000007a5560000)
  from space 21824K,   0% used [0x00000007a5560000, 0x00000007a5560000, 0x00000007a6ab0000)
  to   space 21824K,   0% used [0x00000007a6ab0000, 0x00000007a6ab0000, 0x00000007a8000000)
 concurrent mark-sweep generation total 393216K, used 0K [0x00000007a8000000, 0x00000007c0000000, 0x00000007c0000000)
 Metaspace       used 18072K, capacity 18400K, committed 18688K, reserved 1064960K
  class space    used 2096K, capacity 2183K, committed 2304K, reserved 1048576K
2016-12-26T10:15:35.601-0100: 1.419: [GC (Allocation Failure) 2016-12-26T10:15:35.601-0100: 1.419: [ParNew
Desired survivor size 20112992 bytes, new threshold 8 (max 8)
- age   1:   10629296 bytes,   10629296 total
: 87424K->10482K(109248K), 0.0132004 secs] 87424K->10482K(502464K), 0.0132878 secs] [Times: user=0.04 sys=0.00, real=0.01 secs] 
Heap after GC invocations=1 (full 0):
 par new generation   total 109248K, used 10482K [0x00000007a0000000, 0x00000007a8000000, 0x00000007a8000000)
  eden space 87424K,   0% used [0x00000007a0000000, 0x00000007a0000000, 0x00000007a5560000)
  from space 21824K,  48% used [0x00000007a6ab0000, 0x00000007a74eca90, 0x00000007a8000000)
  to   space 21824K,   0% used [0x00000007a5560000, 0x00000007a5560000, 0x00000007a6ab0000)
 concurrent mark-sweep generation total 393216K, used 0K [0x00000007a8000000, 0x00000007c0000000, 0x00000007c0000000)
 Metaspace       used 18072K, capacity 18400K, committed 18688K, reserved 1064960K
  class space    used 2096K, capacity 2183K, committed 2304K, reserved 1048576K
}
2016-12-26T10:15:35.614-0100: 1.432: Total time for which application threads were stopped: 0.0134848 seconds, Stopping threads took: 0.0000207 seconds
2016-12-26T10:15:35.621-0100: 1.440: Total time for which application threads were stopped: 0.0002422 seconds, Stopping threads took: 0.0000165 seconds
2016-12-26T10:15:36.626-0100: 2.444: Total time for which application threads were stopped: 0.0001681 seconds, Stopping threads took: 0.0000407 seconds
2016-12-26T10:15:38.295-0100: 4.113: Total time for which application threads were stopped: 0.0004494 seconds, Stopping threads took: 0.0000308 seconds
2016-12-26T10:15:39.769-0100: 5.587: Total time for which application threads were stopped: 0.0000531 seconds, Stopping threads took: 0.0000141 seconds
2016-12-26T10:15:39.771-0100: 5.590: Total time for which application threads were stopped: 0.0000643 seconds, Stopping threads took: 0.0000231 seconds
2016-12-26T10:15:39.784-0100: 5.603: Total time for which application threads were stopped: 0.0002371 seconds, Stopping threads took: 0.0000162 seconds
2016-12-26T10:15:39.812-0100: 5.631: Total time for which application threads were stopped: 0.0000728 seconds, Stopping threads took: 0.0000156 seconds
2016-12-26T10:15:39.819-0100: 5.637: Total time for which application threads were stopped: 0.0002673 seconds, Stopping threads took: 0.0000172 seconds
2016-12-26T10:15:39.873-0100: 5.692: Total time for which application threads were stopped: 0.0003078 seconds, Stopping threads took: 0.0000207 seconds
2016-12-26T10:15:39.874-0100: 5.693: Total time for which application threads were stopped: 0.0000790 seconds, Stopping threads took: 0.0000261 seconds
2016-12-26T10:15:39.875-0100: 5.693: Total time for which application threads were stopped: 0.0000483 seconds, Stopping threads took: 0.0000172 seconds
2016-12-26T10:15:39.875-0100: 5.693: Total time for which application threads were stopped: 0.0000629 seconds, Stopping threads took: 0.0000251 seconds
2016-12-26T10:15:39.875-0100: 5.693: Total time for which application threads were stopped: 0.0000807 seconds, Stopping threads took: 0.0000463 seconds
2016-12-26T10:15:39.875-0100: 5.693: Total time for which application threads were stopped: 0.0000562 seconds, Stopping threads took: 0.0000082 seconds
2016-12-26T10:15:39.881-0100: 5.700: Total time for which application threads were stopped: 0.0000968 seconds, Stopping threads took: 0.0000407 seconds
2016-12-26T10:15:39.881-0100: 5.700: Total time for which application threads were stopped: 0.0000529 seconds, Stopping threads took: 0.0000178 seconds
2016-12-26T10:15:39.882-0100: 5.700: Total time for which application threads were stopped: 0.0000388 seconds, Stopping threads took: 0.0000141 seconds
2016-12-26T10:15:39.882-0100: 5.700: Total time for which application threads were stopped: 0.0000948 seconds, Stopping threads took: 0.0000609 seconds
2016-12-26T10:15:39.882-0100: 5.700: Total time for which application threads were stopped: 0.0000420 seconds, Stopping threads took: 0.0000094 seconds
2016-12-26T10:15:39.897-0100: 5.716: Total time for which application threads were stopped: 0.0000868 seconds, Stopping threads took: 0.0000183 seconds
2016-12-26T10:15:39.914-0100: 5.733: Total time for which application threads were stopped: 0.0000868 seconds, Stopping threads took: 0.0000350 seconds
2016-12-26T10:15:39.920-0100: 5.739: Total time for which application threads were stopped: 0.0000761 seconds, Stopping threads took: 0.0000164 seconds
2016-12-26T10:15:39.931-0100: 5.750: Total time for which application threads were stopped: 0.0000684 seconds, Stopping threads took: 0.0000154 seconds
2016-12-26T10:15:39.932-0100: 5.750: Total time for which application threads were stopped: 0.0000827 seconds, Stopping threads took: 0.0000335 seconds
2016-12-26T10:15:39.934-0100: 5.752: Total time for which application threads were stopped: 0.0000914 seconds, Stopping threads took: 0.0000402 seconds
2016-12-26T10:15:40.456-0100: 6.274: Total time for which application threads were stopped: 0.0000848 seconds, Stopping threads took: 0.0000316 seconds
2016-12-26T10:15:40.456-0100: 6.274: Total time for which application threads were stopped: 0.0000545 seconds, Stopping threads took: 0.0000097 seconds
2016-12-26T10:15:40.457-0100: 6.275: Total time for which application threads were stopped: 0.0000787 seconds, Stopping threads took: 0.0000194 seconds
2016-12-26T10:15:40.488-0100: 6.306: Total time for which application threads were stopped: 0.0001118 seconds, Stopping threads took: 0.0000225 seconds
2016-12-26T10:15:40.499-0100: 6.317: Total time for which application threads were stopped: 0.0001745 seconds, Stopping threads took: 0.0000232 seconds
2016-12-26T10:15:40.502-0100: 6.320: Total time for which application threads were stopped: 0.0001112 seconds, Stopping threads took: 0.0000327 seconds
2016-12-26T10:15:40.515-0100: 6.333: Total time for which application threads were stopped: 0.0001349 seconds, Stopping threads took: 0.0000340 seconds
2016-12-26T10:15:40.516-0100: 6.334: Total time for which application threads were stopped: 0.0000947 seconds, Stopping threads took: 0.0000207 seconds
2016-12-26T10:15:41.520-0100: 7.338: Total time for which application threads were stopped: 0.0001194 seconds, Stopping threads took: 0.0000382 seconds
2016-12-26T10:15:41.528-0100: 7.346: Total time for which application threads were stopped: 0.0002006 seconds, Stopping threads took: 0.0000213 seconds
2016-12-26T10:15:41.547-0100: 7.366: Total time for which application threads were stopped: 0.0003763 seconds, Stopping threads took: 0.0000213 seconds
2016-12-26T10:15:41.616-0100: 7.434: Total time for which application threads were stopped: 0.0001809 seconds, Stopping threads took: 0.0000448 seconds
2016-12-26T10:15:41.616-0100: 7.435: [GC (CMS Initial Mark) [1 CMS-initial-mark: 0K(393216K)] 44658K(502464K), 0.0061261 secs] [Times: user=0.02 sys=0.00, real=0.01 secs] 
2016-12-26T10:15:41.622-0100: 7.441: Total time for which application threads were stopped: 0.0062944 seconds, Stopping threads took: 0.0000493 seconds
2016-12-26T10:15:41.623-0100: 7.441: [CMS-concurrent-mark-start]
2016-12-26T10:15:41.633-0100: 7.451: [CMS-concurrent-mark: 0.010/0.010 secs] [Times: user=0.02 sys=0.00, real=0.01 secs] 
2016-12-26T10:15:41.633-0100: 7.451: [CMS-concurrent-preclean-start]
2016-12-26T10:15:41.634-0100: 7.452: [CMS-concurrent-preclean: 0.001/0.001 secs] [Times: user=0.01 sys=0.00, real=0.00 secs] 
2016-12-26T10:15:41.634-0100: 7.452: [CMS-concurrent-abortable-preclean-start]
2016-12-26T10:15:41.635-0100: 7.454: Total time for which application threads were stopped: 0.0003090 seconds, Stopping threads took: 0.0002052 seconds
2016-12-26T10:15:41.714-0100: 7.532: Total time for which application threads were stopped: 0.0001280 seconds, Stopping threads took: 0.0000360 seconds
2016-12-26T10:15:41.714-0100: 7.533: Total time for which application threads were stopped: 0.0001677 seconds, Stopping threads took: 0.0000391 seconds
2016-12-26T10:15:41.715-0100: 7.534: Total time for which application threads were stopped: 0.0002277 seconds, Stopping threads took: 0.0000231 seconds
2016-12-26T10:15:41.716-0100: 7.534: Total time for which application threads were stopped: 0.0000921 seconds, Stopping threads took: 0.0000131 seconds
2016-12-26T10:15:41.716-0100: 7.534: Total time for which application threads were stopped: 0.0000991 seconds, Stopping threads took: 0.0000135 seconds
2016-12-26T10:15:41.716-0100: 7.535: Total time for which application threads were stopped: 0.0000999 seconds, Stopping threads took: 0.0000118 seconds
2016-12-26T10:15:41.717-0100: 7.535: Total time for which application threads were stopped: 0.0000615 seconds, Stopping threads took: 0.0000084 seconds
2016-12-26T10:15:41.717-0100: 7.535: Total time for which application threads were stopped: 0.0000588 seconds, Stopping threads took: 0.0000104 seconds
2016-12-26T10:15:41.717-0100: 7.535: Total time for which application threads were stopped: 0.0000813 seconds, Stopping threads took: 0.0000093 seconds
2016-12-26T10:15:41.717-0100: 7.536: Total time for which application threads were stopped: 0.0001155 seconds, Stopping threads took: 0.0000220 seconds
2016-12-26T10:15:41.718-0100: 7.536: Total time for which application threads were stopped: 0.0001018 seconds, Stopping threads took: 0.0000275 seconds
2016-12-26T10:15:41.718-0100: 7.536: Total time for which application threads were stopped: 0.0001548 seconds, Stopping threads took: 0.0000772 seconds
2016-12-26T10:15:41.718-0100: 7.537: Total time for which application threads were stopped: 0.0000903 seconds, Stopping threads took: 0.0000114 seconds
2016-12-26T10:15:41.719-0100: 7.537: Total time for which application threads were stopped: 0.0001118 seconds, Stopping threads took: 0.0000134 seconds
2016-12-26T10:15:41.720-0100: 7.538: Total time for which application threads were stopped: 0.0011997 seconds, Stopping threads took: 0.0010704 seconds
2016-12-26T10:15:41.795-0100: 7.613: Total time for which application threads were stopped: 0.0010960 seconds, Stopping threads took: 0.0009665 seconds
2016-12-26T10:15:41.813-0100: 7.631: Total time for which application threads were stopped: 0.0001514 seconds, Stopping threads took: 0.0000429 seconds
2016-12-26T10:15:41.814-0100: 7.632: Total time for which application threads were stopped: 0.0006241 seconds, Stopping threads took: 0.0004997 seconds
2016-12-26T10:15:41.815-0100: 7.634: Total time for which application threads were stopped: 0.0002613 seconds, Stopping threads took: 0.0000244 seconds
2016-12-26T10:15:41.816-0100: 7.634: Total time for which application threads were stopped: 0.0001439 seconds, Stopping threads took: 0.0000409 seconds
2016-12-26T10:15:41.816-0100: 7.634: Total time for which application threads were stopped: 0.0000975 seconds, Stopping threads took: 0.0000290 seconds
2016-12-26T10:15:41.817-0100: 7.635: Total time for which application threads were stopped: 0.0001084 seconds, Stopping threads took: 0.0000374 seconds
2016-12-26T10:15:41.817-0100: 7.635: Total time for which application threads were stopped: 0.0000842 seconds, Stopping threads took: 0.0000107 seconds
2016-12-26T10:15:41.817-0100: 7.636: Total time for which application threads were stopped: 0.0000895 seconds, Stopping threads took: 0.0000210 seconds
2016-12-26T10:15:41.818-0100: 7.636: Total time for which application threads were stopped: 0.0001246 seconds, Stopping threads took: 0.0000616 seconds
2016-12-26T10:15:41.818-0100: 7.636: Total time for which application threads were stopped: 0.0002253 seconds, Stopping threads took: 0.0000810 seconds
2016-12-26T10:15:41.819-0100: 7.637: Total time for which application threads were stopped: 0.0001238 seconds, Stopping threads took: 0.0000310 seconds
2016-12-26T10:15:41.819-0100: 7.637: Total time for which application threads were stopped: 0.0003516 seconds, Stopping threads took: 0.0002700 seconds
2016-12-26T10:15:41.819-0100: 7.638: Total time for which application threads were stopped: 0.0000777 seconds, Stopping threads took: 0.0000109 seconds
2016-12-26T10:15:41.826-0100: 7.644: Total time for which application threads were stopped: 0.0001052 seconds, Stopping threads took: 0.0000193 seconds
2016-12-26T10:15:41.835-0100: 7.654: Total time for which application threads were stopped: 0.0000903 seconds, Stopping threads took: 0.0000190 seconds
2016-12-26T10:15:41.854-0100: 7.672: Total time for which application threads were stopped: 0.0001011 seconds, Stopping threads took: 0.0000179 seconds
2016-12-26T10:15:41.863-0100: 7.682: Total time for which application threads were stopped: 0.0001520 seconds, Stopping threads took: 0.0000261 seconds
2016-12-26T10:15:41.872-0100: 7.690: Total time for which application threads were stopped: 0.0001663 seconds, Stopping threads took: 0.0000304 seconds
2016-12-26T10:15:41.885-0100: 7.703: Total time for which application threads were stopped: 0.0002271 seconds, Stopping threads took: 0.0000884 seconds
2016-12-26T10:15:41.885-0100: 7.704: Total time for which application threads were stopped: 0.0001553 seconds, Stopping threads took: 0.0000182 seconds
2016-12-26T10:15:41.886-0100: 7.705: Total time for which application threads were stopped: 0.0002106 seconds, Stopping threads took: 0.0000723 seconds
2016-12-26T10:15:41.887-0100: 7.706: Total time for which application threads were stopped: 0.0001694 seconds, Stopping threads took: 0.0000437 seconds
2016-12-26T10:15:41.895-0100: 7.713: Total time for which application threads were stopped: 0.0002864 seconds, Stopping threads took: 0.0000201 seconds
2016-12-26T10:15:41.901-0100: 7.720: Total time for which application threads were stopped: 0.0001746 seconds, Stopping threads took: 0.0000623 seconds
2016-12-26T10:15:41.902-0100: 7.720: Total time for which application threads were stopped: 0.0001238 seconds, Stopping threads took: 0.0000220 seconds
2016-12-26T10:15:41.902-0100: 7.720: Total time for which application threads were stopped: 0.0001342 seconds, Stopping threads took: 0.0000168 seconds
2016-12-26T10:15:41.903-0100: 7.721: Total time for which application threads were stopped: 0.0001796 seconds, Stopping threads took: 0.0000878 seconds
2016-12-26T10:15:41.903-0100: 7.721: Total time for which application threads were stopped: 0.0001179 seconds, Stopping threads took: 0.0000185 seconds
2016-12-26T10:15:41.903-0100: 7.722: Total time for which application threads were stopped: 0.0001267 seconds, Stopping threads took: 0.0000297 seconds
2016-12-26T10:15:41.904-0100: 7.722: Total time for which application threads were stopped: 0.0002442 seconds, Stopping threads took: 0.0001572 seconds
2016-12-26T10:15:41.905-0100: 7.723: Total time for which application threads were stopped: 0.0001582 seconds, Stopping threads took: 0.0000208 seconds
2016-12-26T10:15:41.906-0100: 7.724: Total time for which application threads were stopped: 0.0002388 seconds, Stopping threads took: 0.0000363 seconds
2016-12-26T10:15:41.908-0100: 7.726: Total time for which application threads were stopped: 0.0001462 seconds, Stopping threads took: 0.0000205 seconds
2016-12-26T10:15:41.909-0100: 7.727: Total time for which application threads were stopped: 0.0001646 seconds, Stopping threads took: 0.0000246 seconds
2016-12-26T10:15:41.913-0100: 7.731: Total time for which application threads were stopped: 0.0001577 seconds, Stopping threads took: 0.0000253 seconds
2016-12-26T10:15:41.939-0100: 7.757: Total time for which application threads were stopped: 0.0002046 seconds, Stopping threads took: 0.0000341 seconds
2016-12-26T10:15:41.939-0100: 7.758: Total time for which application threads were stopped: 0.0000919 seconds, Stopping threads took: 0.0000133 seconds
2016-12-26T10:15:41.940-0100: 7.758: Total time for which application threads were stopped: 0.0000689 seconds, Stopping threads took: 0.0000088 seconds
2016-12-26T10:15:41.940-0100: 7.758: Total time for which application threads were stopped: 0.0000600 seconds, Stopping threads took: 0.0000070 seconds
2016-12-26T10:15:41.992-0100: 7.810: Total time for which application threads were stopped: 0.0001702 seconds, Stopping threads took: 0.0000441 seconds
2016-12-26T10:15:41.993-0100: 7.811: Total time for which application threads were stopped: 0.0001423 seconds, Stopping threads took: 0.0000357 seconds
2016-12-26T10:15:41.993-0100: 7.812: Total time for which application threads were stopped: 0.0001372 seconds, Stopping threads took: 0.0000375 seconds
2016-12-26T10:15:41.994-0100: 7.812: Total time for which application threads were stopped: 0.0000954 seconds, Stopping threads took: 0.0000222 seconds
2016-12-26T10:15:42.004-0100: 7.823: Total time for which application threads were stopped: 0.0107308 seconds, Stopping threads took: 0.0106190 seconds
2016-12-26T10:15:42.005-0100: 7.823: Total time for which application threads were stopped: 0.0001202 seconds, Stopping threads took: 0.0000290 seconds
2016-12-26T10:15:42.005-0100: 7.823: Total time for which application threads were stopped: 0.0000970 seconds, Stopping threads took: 0.0000193 seconds
2016-12-26T10:15:42.005-0100: 7.823: Total time for which application threads were stopped: 0.0001019 seconds, Stopping threads took: 0.0000214 seconds
2016-12-26T10:15:42.005-0100: 7.823: Total time for which application threads were stopped: 0.0001106 seconds, Stopping threads took: 0.0000298 seconds
2016-12-26T10:15:42.005-0100: 7.824: Total time for which application threads were stopped: 0.0001007 seconds, Stopping threads took: 0.0000252 seconds
2016-12-26T10:15:42.005-0100: 7.824: Total time for which application threads were stopped: 0.0000889 seconds, Stopping threads took: 0.0000212 seconds
2016-12-26T10:15:42.007-0100: 7.825: Total time for which application threads were stopped: 0.0001371 seconds, Stopping threads took: 0.0000363 seconds
2016-12-26T10:15:42.007-0100: 7.825: Total time for which application threads were stopped: 0.0000910 seconds, Stopping threads took: 0.0000243 seconds
2016-12-26T10:15:42.007-0100: 7.825: Total time for which application threads were stopped: 0.0001172 seconds, Stopping threads took: 0.0000438 seconds
2016-12-26T10:15:42.007-0100: 7.826: Total time for which application threads were stopped: 0.0000809 seconds, Stopping threads took: 0.0000100 seconds
2016-12-26T10:15:42.007-0100: 7.826: Total time for which application threads were stopped: 0.0000833 seconds, Stopping threads took: 0.0000105 seconds
2016-12-26T10:15:42.008-0100: 7.826: Total time for which application threads were stopped: 0.0004167 seconds, Stopping threads took: 0.0000182 seconds
2016-12-26T10:15:42.010-0100: 7.828: Total time for which application threads were stopped: 0.0001207 seconds, Stopping threads took: 0.0000261 seconds
2016-12-26T10:15:42.011-0100: 7.829: Total time for which application threads were stopped: 0.0001304 seconds, Stopping threads took: 0.0000371 seconds
2016-12-26T10:15:42.109-0100: 7.928: Total time for which application threads were stopped: 0.0001587 seconds, Stopping threads took: 0.0000345 seconds
2016-12-26T10:15:42.148-0100: 7.966: Total time for which application threads were stopped: 0.0004553 seconds, Stopping threads took: 0.0000214 seconds
{Heap before GC invocations=1 (full 1):
 par new generation   total 109248K, used 97906K [0x00000007a0000000, 0x00000007a8000000, 0x00000007a8000000)
  eden space 87424K, 100% used [0x00000007a0000000, 0x00000007a5560000, 0x00000007a5560000)
  from space 21824K,  48% used [0x00000007a6ab0000, 0x00000007a74eca90, 0x00000007a8000000)
  to   space 21824K,   0% used [0x00000007a5560000, 0x00000007a5560000, 0x00000007a6ab0000)
 concurrent mark-sweep generation total 393216K, used 0K [0x00000007a8000000, 0x00000007c0000000, 0x00000007c0000000)
 Metaspace       used 23651K, capacity 24170K, committed 24284K, reserved 1071104K
  class space    used 2797K, capacity 2964K, committed 2964K, reserved 1048576K
2016-12-26T10:15:42.218-0100: 8.036: [GC (Allocation Failure) 2016-12-26T10:15:42.218-0100: 8.036: [ParNew
Desired survivor size 20112992 bytes, new threshold 8 (max 8)
- age   1:    6794072 bytes,    6794072 total
- age   2:    5041176 bytes,   11835248 total
: 97906K->16383K(109248K), 0.0218306 secs] 97906K->16383K(502464K), 0.0219058 secs] [Times: user=0.03 sys=0.01, real=0.03 secs] 
Heap after GC invocations=2 (full 1):
 par new generation   total 109248K, used 16383K [0x00000007a0000000, 0x00000007a8000000, 0x00000007a8000000)
  eden space 87424K,   0% used [0x00000007a0000000, 0x00000007a0000000, 0x00000007a5560000)
  from space 21824K,  75% used [0x00000007a5560000, 0x00000007a655fe10, 0x00000007a6ab0000)
  to   space 21824K,   0% used [0x00000007a6ab0000, 0x00000007a6ab0000, 0x00000007a8000000)
 concurrent mark-sweep generation total 393216K, used 0K [0x00000007a8000000, 0x00000007c0000000, 0x00000007c0000000)
 Metaspace       used 23651K, capacity 24170K, committed 24284K, reserved 1071104K
  class space    used 2797K, capacity 2964K, committed 2964K, reserved 1048576K
}
2016-12-26T10:15:42.240-0100: 8.058: Total time for which application threads were stopped: 0.0221881 seconds, Stopping threads took: 0.0000405 seconds
2016-12-26T10:15:42.240-0100: 8.058: Total time for which application threads were stopped: 0.0001361 seconds, Stopping threads took: 0.0000354 seconds
2016-12-26T10:15:42.240-0100: 8.059: Total time for which application threads were stopped: 0.0002291 seconds, Stopping threads took: 0.0001468 seconds
2016-12-26T10:15:42.298-0100: 8.116: Total time for which application threads were stopped: 0.0114242 seconds, Stopping threads took: 0.0109840 seconds
2016-12-26T10:15:42.364-0100: 8.182: Total time for which application threads were stopped: 0.0001627 seconds, Stopping threads took: 0.0000485 seconds
2016-12-26T10:15:42.566-0100: 8.385: Total time for which application threads were stopped: 0.0003154 seconds, Stopping threads took: 0.0001478 seconds
2016-12-26T10:15:42.567-0100: 8.386: Total time for which application threads were stopped: 0.0001490 seconds, Stopping threads took: 0.0000257 seconds
2016-12-26T10:15:42.581-0100: 8.399: Total time for which application threads were stopped: 0.0001328 seconds, Stopping threads took: 0.0000257 seconds
2016-12-26T10:15:42.729-0100: 8.547: [CMS-concurrent-abortable-preclean: 0.699/1.095 secs] [Times: user=1.90 sys=0.09, real=1.09 secs] 
2016-12-26T10:15:42.729-0100: 8.548: [GC (CMS Final Remark) [YG occupancy: 93743 K (109248 K)]{Heap before GC invocations=2 (full 1):
 par new generation   total 109248K, used 93743K [0x00000007a0000000, 0x00000007a8000000, 0x00000007a8000000)
  eden space 87424K,  88% used [0x00000007a0000000, 0x00000007a4b8c128, 0x00000007a5560000)
  from space 21824K,  75% used [0x00000007a5560000, 0x00000007a655fe10, 0x00000007a6ab0000)
  to   space 21824K,   0% used [0x00000007a6ab0000, 0x00000007a6ab0000, 0x00000007a8000000)
 concurrent mark-sweep generation total 393216K, used 0K [0x00000007a8000000, 0x00000007c0000000, 0x00000007c0000000)
 Metaspace       used 24267K, capacity 24680K, committed 24872K, reserved 1071104K
  class space    used 2868K, capacity 3009K, committed 3040K, reserved 1048576K
2016-12-26T10:15:42.730-0100: 8.548: [GC (CMS Final Remark) 2016-12-26T10:15:42.730-0100: 8.548: [ParNew
Desired survivor size 20112992 bytes, new threshold 8 (max 8)
- age   1:    2280656 bytes,    2280656 total
- age   2:    2437856 bytes,    4718512 total
- age   3:    5036272 bytes,    9754784 total
: 93743K->13438K(109248K), 0.0198727 secs] 93743K->13438K(502464K), 0.0199327 secs] [Times: user=0.04 sys=0.00, real=0.02 secs] 
Heap after GC invocations=3 (full 1):
 par new generation   total 109248K, used 13438K [0x00000007a0000000, 0x00000007a8000000, 0x00000007a8000000)
  eden space 87424K,   0% used [0x00000007a0000000, 0x00000007a0000000, 0x00000007a5560000)
  from space 21824K,  61% used [0x00000007a6ab0000, 0x00000007a77cf8c8, 0x00000007a8000000)
  to   space 21824K,   0% used [0x00000007a5560000, 0x00000007a5560000, 0x00000007a6ab0000)
 concurrent mark-sweep generation total 393216K, used 0K [0x00000007a8000000, 0x00000007c0000000, 0x00000007c0000000)
 Metaspace       used 24267K, capacity 24680K, committed 24872K, reserved 1071104K
  class space    used 2868K, capacity 3009K, committed 3040K, reserved 1048576K
}
2016-12-26T10:15:42.750-0100: 8.568: [Rescan (parallel) , 0.0128239 secs]2016-12-26T10:15:42.762-0100: 8.581: [weak refs processing, 0.0005146 secs]2016-12-26T10:15:42.763-0100: 8.581: [class unloading, 0.0050297 secs]2016-12-26T10:15:42.768-0100: 8.586: [scrub symbol table, 0.0069184 secs]2016-12-26T10:15:42.775-0100: 8.593: [scrub string table, 0.0004436 secs][1 CMS-remark: 0K(393216K)] 13438K(502464K), 0.0473735 secs] [Times: user=0.07 sys=0.00, real=0.05 secs] 
2016-12-26T10:15:42.777-0100: 8.595: Total time for which application threads were stopped: 0.0475990 seconds, Stopping threads took: 0.0000494 seconds
2016-12-26T10:15:42.780-0100: 8.599: [CMS-concurrent-sweep-start]
2016-12-26T10:15:42.780-0100: 8.599: [CMS-concurrent-sweep: 0.000/0.000 secs] [Times: user=0.00 sys=0.00, real=0.00 secs] 
2016-12-26T10:15:42.781-0100: 8.599: [CMS-concurrent-reset-start]
2016-12-26T10:15:42.785-0100: 8.603: [CMS-concurrent-reset: 0.004/0.004 secs] [Times: user=0.00 sys=0.00, real=0.00 secs] 
2016-12-26T10:15:42.935-0100: 8.754: Total time for which application threads were stopped: 0.0107400 seconds, Stopping threads took: 0.0105727 seconds
2016-12-26T10:15:42.950-0100: 8.768: Total time for which application threads were stopped: 0.0005746 seconds, Stopping threads took: 0.0002023 seconds
{Heap before GC invocations=3 (full 1):
 par new generation   total 109248K, used 100862K [0x00000007a0000000, 0x00000007a8000000, 0x00000007a8000000)
  eden space 87424K, 100% used [0x00000007a0000000, 0x00000007a5560000, 0x00000007a5560000)
  from space 21824K,  61% used [0x00000007a6ab0000, 0x00000007a77cf8c8, 0x00000007a8000000)
  to   space 21824K,   0% used [0x00000007a5560000, 0x00000007a5560000, 0x00000007a6ab0000)
 concurrent mark-sweep generation total 393216K, used 0K [0x00000007a8000000, 0x00000007c0000000, 0x00000007c0000000)
 Metaspace       used 24529K, capacity 24986K, committed 25256K, reserved 1071104K
  class space    used 2904K, capacity 3044K, committed 3168K, reserved 1048576K
2016-12-26T10:15:42.977-0100: 8.795: [GC (Allocation Failure) 2016-12-26T10:15:42.977-0100: 8.795: [ParNew
Desired survivor size 20112992 bytes, new threshold 8 (max 8)
- age   1:     419872 bytes,     419872 total
- age   2:    1786672 bytes,    2206544 total
- age   3:    2433344 bytes,    4639888 total
- age   4:    5036144 bytes,    9676032 total
: 100862K->12663K(109248K), 0.0512788 secs] 100862K->12663K(502464K), 0.0513768 secs] [Times: user=0.04 sys=0.00, real=0.05 secs] 
Heap after GC invocations=4 (full 1):
 par new generation   total 109248K, used 12663K [0x00000007a0000000, 0x00000007a8000000, 0x00000007a8000000)
  eden space 87424K,   0% used [0x00000007a0000000, 0x00000007a0000000, 0x00000007a5560000)
  from space 21824K,  58% used [0x00000007a5560000, 0x00000007a61bde10, 0x00000007a6ab0000)
  to   space 21824K,   0% used [0x00000007a6ab0000, 0x00000007a6ab0000, 0x00000007a8000000)
 concurrent mark-sweep generation total 393216K, used 0K [0x00000007a8000000, 0x00000007c0000000, 0x00000007c0000000)
 Metaspace       used 24529K, capacity 24986K, committed 25256K, reserved 1071104K
  class space    used 2904K, capacity 3044K, committed 3168K, reserved 1048576K
}
2016-12-26T10:15:43.029-0100: 8.847: Total time for which application threads were stopped: 0.0517597 seconds, Stopping threads took: 0.0001778 seconds
2016-12-26T10:15:43.043-0100: 8.862: Total time for which application threads were stopped: 0.0001963 seconds, Stopping threads took: 0.0000270 seconds
2016-12-26T10:15:43.049-0100: 8.867: Total time for which application threads were stopped: 0.0001903 seconds, Stopping threads took: 0.0000261 seconds
2016-12-26T10:15:43.104-0100: 8.922: Total time for which application threads were stopped: 0.0001578 seconds, Stopping threads took: 0.0000231 seconds
{Heap before GC invocations=4 (full 1):
 par new generation   total 109248K, used 100087K [0x00000007a0000000, 0x00000007a8000000, 0x00000007a8000000)
  eden space 87424K, 100% used [0x00000007a0000000, 0x00000007a5560000, 0x00000007a5560000)
  from space 21824K,  58% used [0x00000007a5560000, 0x00000007a61bde10, 0x00000007a6ab0000)
  to   space 21824K,   0% used [0x00000007a6ab0000, 0x00000007a6ab0000, 0x00000007a8000000)
 concurrent mark-sweep generation total 393216K, used 0K [0x00000007a8000000, 0x00000007c0000000, 0x00000007c0000000)
 Metaspace       used 25192K, capacity 25670K, committed 25924K, reserved 1073152K
  class space    used 2992K, capacity 3142K, committed 3168K, reserved 1048576K
2016-12-26T10:15:43.228-0100: 9.046: [GC (Allocation Failure) 2016-12-26T10:15:43.228-0100: 9.046: [ParNew
Desired survivor size 20112992 bytes, new threshold 8 (max 8)
- age   1:    1820304 bytes,    1820304 total
- age   2:     129096 bytes,    1949400 total
- age   3:    1786584 bytes,    3735984 total
- age   4:    2426760 bytes,    6162744 total
- age   5:    5034856 bytes,   11197600 total
: 100087K->14428K(109248K), 0.0217965 secs] 100087K->14428K(502464K), 0.0233588 secs] [Times: user=0.03 sys=0.00, real=0.03 secs] 
Heap after GC invocations=5 (full 1):
 par new generation   total 109248K, used 14428K [0x00000007a0000000, 0x00000007a8000000, 0x00000007a8000000)
  eden space 87424K,   0% used [0x00000007a0000000, 0x00000007a0000000, 0x00000007a5560000)
  from space 21824K,  66% used [0x00000007a6ab0000, 0x00000007a78c71a0, 0x00000007a8000000)
  to   space 21824K,   0% used [0x00000007a5560000, 0x00000007a5560000, 0x00000007a6ab0000)
 concurrent mark-sweep generation total 393216K, used 0K [0x00000007a8000000, 0x00000007c0000000, 0x00000007c0000000)
 Metaspace       used 25192K, capacity 25670K, committed 25924K, reserved 1073152K
  class space    used 2992K, capacity 3142K, committed 3168K, reserved 1048576K
}
2016-12-26T10:15:43.251-0100: 9.069: Total time for which application threads were stopped: 0.0244020 seconds, Stopping threads took: 0.0008009 seconds
2016-12-26T10:15:43.398-0100: 9.216: Total time for which application threads were stopped: 0.0002065 seconds, Stopping threads took: 0.0000559 seconds
2016-12-26T10:15:43.398-0100: 9.216: Total time for which application threads were stopped: 0.0001609 seconds, Stopping threads took: 0.0000495 seconds
2016-12-26T10:15:43.500-0100: 9.318: Total time for which application threads were stopped: 0.0003059 seconds, Stopping threads took: 0.0000573 seconds
2016-12-26T10:15:43.663-0100: 9.481: Total time for which application threads were stopped: 0.0005371 seconds, Stopping threads took: 0.0000571 seconds
{Heap before GC invocations=5 (full 1):
 par new generation   total 109248K, used 101852K [0x00000007a0000000, 0x00000007a8000000, 0x00000007a8000000)
  eden space 87424K, 100% used [0x00000007a0000000, 0x00000007a5560000, 0x00000007a5560000)
  from space 21824K,  66% used [0x00000007a6ab0000, 0x00000007a78c71a0, 0x00000007a8000000)
  to   space 21824K,   0% used [0x00000007a5560000, 0x00000007a5560000, 0x00000007a6ab0000)
 concurrent mark-sweep generation total 393216K, used 0K [0x00000007a8000000, 0x00000007c0000000, 0x00000007c0000000)
 Metaspace       used 26528K, capacity 27066K, committed 27460K, reserved 1073152K
  class space    used 3154K, capacity 3306K, committed 3424K, reserved 1048576K
2016-12-26T10:15:43.728-0100: 9.546: [GC (Allocation Failure) 2016-12-26T10:15:43.728-0100: 9.546: [ParNew
Desired survivor size 20112992 bytes, new threshold 8 (max 8)
- age   1:    1645328 bytes,    1645328 total
- age   2:     294424 bytes,    1939752 total
- age   3:     127872 bytes,    2067624 total
- age   4:    1784752 bytes,    3852376 total
- age   5:    2424040 bytes,    6276416 total
- age   6:    5034736 bytes,   11311152 total
: 101852K->13257K(109248K), 0.0110041 secs] 101852K->13257K(502464K), 0.0111058 secs] [Times: user=0.03 sys=0.00, real=0.01 secs] 
Heap after GC invocations=6 (full 1):
 par new generation   total 109248K, used 13257K [0x00000007a0000000, 0x00000007a8000000, 0x00000007a8000000)
  eden space 87424K,   0% used [0x00000007a0000000, 0x00000007a0000000, 0x00000007a5560000)
  from space 21824K,  60% used [0x00000007a5560000, 0x00000007a62526a0, 0x00000007a6ab0000)
  to   space 21824K,   0% used [0x00000007a6ab0000, 0x00000007a6ab0000, 0x00000007a8000000)
 concurrent mark-sweep generation total 393216K, used 0K [0x00000007a8000000, 0x00000007c0000000, 0x00000007c0000000)
 Metaspace       used 26528K, capacity 27066K, committed 27460K, reserved 1073152K
  class space    used 3154K, capacity 3306K, committed 3424K, reserved 1048576K
}
2016-12-26T10:15:43.739-0100: 9.557: Total time for which application threads were stopped: 0.0113691 seconds, Stopping threads took: 0.0000403 seconds
2016-12-26T10:15:44.003-0100: 9.821: Total time for which application threads were stopped: 0.0002183 seconds, Stopping threads took: 0.0000264 seconds
2016-12-26T10:15:44.062-0100: 9.881: Total time for which application threads were stopped: 0.0002329 seconds, Stopping threads took: 0.0000534 seconds
2016-12-26T10:15:44.064-0100: 9.882: Total time for which application threads were stopped: 0.0001536 seconds, Stopping threads took: 0.0000213 seconds
2016-12-26T10:15:44.083-0100: 9.901: Total time for which application threads were stopped: 0.0006198 seconds, Stopping threads took: 0.0000247 seconds
2016-12-26T10:15:44.086-0100: 9.904: Total time for which application threads were stopped: 0.0001416 seconds, Stopping threads took: 0.0000448 seconds
2016-12-26T10:15:44.086-0100: 9.904: Total time for which application threads were stopped: 0.0001083 seconds, Stopping threads took: 0.0000239 seconds
2016-12-26T10:15:44.103-0100: 9.921: Total time for which application threads were stopped: 0.0005203 seconds, Stopping threads took: 0.0000252 seconds
2016-12-26T10:15:44.146-0100: 9.964: Total time for which application threads were stopped: 0.0001876 seconds, Stopping threads took: 0.0000537 seconds
2016-12-26T10:15:44.156-0100: 9.974: Total time for which application threads were stopped: 0.0001920 seconds, Stopping threads took: 0.0000890 seconds
2016-12-26T10:15:44.167-0100: 9.985: Total time for which application threads were stopped: 0.0004287 seconds, Stopping threads took: 0.0003230 seconds
2016-12-26T10:15:44.207-0100: 10.025: Total time for which application threads were stopped: 0.0001411 seconds, Stopping threads took: 0.0000225 seconds
2016-12-26T10:15:44.214-0100: 10.033: Total time for which application threads were stopped: 0.0002506 seconds, Stopping threads took: 0.0001444 seconds
2016-12-26T10:15:44.254-0100: 10.073: Total time for which application threads were stopped: 0.0001662 seconds, Stopping threads took: 0.0000430 seconds
2016-12-26T10:15:44.257-0100: 10.075: Total time for which application threads were stopped: 0.0001752 seconds, Stopping threads took: 0.0000520 seconds
2016-12-26T10:15:44.258-0100: 10.076: Total time for which application threads were stopped: 0.0001577 seconds, Stopping threads took: 0.0000429 seconds
2016-12-26T10:15:44.266-0100: 10.084: Total time for which application threads were stopped: 0.0001168 seconds, Stopping threads took: 0.0000259 seconds
2016-12-26T10:15:44.267-0100: 10.085: Total time for which application threads were stopped: 0.0002100 seconds, Stopping threads took: 0.0001283 seconds
2016-12-26T10:15:44.452-0100: 10.270: Total time for which application threads were stopped: 0.0001771 seconds, Stopping threads took: 0.0000497 seconds
2016-12-26T10:15:44.465-0100: 10.283: Total time for which application threads were stopped: 0.0001528 seconds, Stopping threads took: 0.0000247 seconds
2016-12-26T10:15:44.579-0100: 10.397: Total time for which application threads were stopped: 0.0002613 seconds, Stopping threads took: 0.0001160 seconds
2016-12-26T10:15:44.644-0100: 10.462: Total time for which application threads were stopped: 0.0002668 seconds, Stopping threads took: 0.0000789 seconds
2016-12-26T10:15:44.645-0100: 10.463: Total time for which application threads were stopped: 0.0004005 seconds, Stopping threads took: 0.0001415 seconds
2016-12-26T10:15:44.678-0100: 10.496: Total time for which application threads were stopped: 0.0139338 seconds, Stopping threads took: 0.0137793 seconds
{Heap before GC invocations=6 (full 1):
 par new generation   total 109248K, used 100681K [0x00000007a0000000, 0x00000007a8000000, 0x00000007a8000000)
  eden space 87424K, 100% used [0x00000007a0000000, 0x00000007a5560000, 0x00000007a5560000)
  from space 21824K,  60% used [0x00000007a5560000, 0x00000007a62526a0, 0x00000007a6ab0000)
  to   space 21824K,   0% used [0x00000007a6ab0000, 0x00000007a6ab0000, 0x00000007a8000000)
 concurrent mark-sweep generation total 393216K, used 0K [0x00000007a8000000, 0x00000007c0000000, 0x00000007c0000000)
 Metaspace       used 29783K, capacity 30256K, committed 30660K, reserved 1077248K
  class space    used 3535K, capacity 3709K, committed 3808K, reserved 1048576K
2016-12-26T10:15:44.782-0100: 10.600: [GC (Allocation Failure) 2016-12-26T10:15:44.782-0100: 10.600: [ParNew
Desired survivor size 20112992 bytes, new threshold 8 (max 8)
- age   1:    4651752 bytes,    4651752 total
- age   2:     393808 bytes,    5045560 total
- age   3:     293552 bytes,    5339112 total
- age   4:     124656 bytes,    5463768 total
- age   5:     291984 bytes,    5755752 total
- age   6:    2413816 bytes,    8169568 total
- age   7:    5031848 bytes,   13201416 total
: 100681K->19220K(109248K), 0.0147862 secs] 100681K->19220K(502464K), 0.0148893 secs] [Times: user=0.04 sys=0.00, real=0.01 secs] 
Heap after GC invocations=7 (full 1):
 par new generation   total 109248K, used 19220K [0x00000007a0000000, 0x00000007a8000000, 0x00000007a8000000)
  eden space 87424K,   0% used [0x00000007a0000000, 0x00000007a0000000, 0x00000007a5560000)
  from space 21824K,  88% used [0x00000007a6ab0000, 0x00000007a7d75280, 0x00000007a8000000)
  to   space 21824K,   0% used [0x00000007a5560000, 0x00000007a5560000, 0x00000007a6ab0000)
 concurrent mark-sweep generation total 393216K, used 0K [0x00000007a8000000, 0x00000007c0000000, 0x00000007c0000000)
 Metaspace       used 29783K, capacity 30256K, committed 30660K, reserved 1077248K
  class space    used 3535K, capacity 3709K, committed 3808K, reserved 1048576K
}
2016-12-26T10:15:44.797-0100: 10.615: Total time for which application threads were stopped: 0.0164298 seconds, Stopping threads took: 0.0013089 seconds
2016-12-26T10:15:44.871-0100: 10.689: Total time for which application threads were stopped: 0.0002631 seconds, Stopping threads took: 0.0000729 seconds
2016-12-26T10:15:44.874-0100: 10.692: Total time for which application threads were stopped: 0.0002021 seconds, Stopping threads took: 0.0000415 seconds
2016-12-26T10:15:44.876-0100: 10.694: Total time for which application threads were stopped: 0.0003714 seconds, Stopping threads took: 0.0002587 seconds
2016-12-26T10:15:44.884-0100: 10.702: Total time for which application threads were stopped: 0.0001472 seconds, Stopping threads took: 0.0000248 seconds
2016-12-26T10:15:44.884-0100: 10.703: Total time for which application threads were stopped: 0.0001395 seconds, Stopping threads took: 0.0000279 seconds
2016-12-26T10:15:44.888-0100: 10.706: Total time for which application threads were stopped: 0.0001639 seconds, Stopping threads took: 0.0000503 seconds
2016-12-26T10:15:44.913-0100: 10.731: Total time for which application threads were stopped: 0.0111731 seconds, Stopping threads took: 0.0105762 seconds
2016-12-26T10:15:44.927-0100: 10.745: Total time for which application threads were stopped: 0.0090112 seconds, Stopping threads took: 0.0088797 seconds
2016-12-26T10:15:44.929-0100: 10.747: Total time for which application threads were stopped: 0.0001750 seconds, Stopping threads took: 0.0000301 seconds
2016-12-26T10:15:44.965-0100: 10.783: Total time for which application threads were stopped: 0.0145079 seconds, Stopping threads took: 0.0141395 seconds
2016-12-26T10:15:44.984-0100: 10.803: Total time for which application threads were stopped: 0.0002660 seconds, Stopping threads took: 0.0001369 seconds
2016-12-26T10:15:44.989-0100: 10.807: Total time for which application threads were stopped: 0.0002949 seconds, Stopping threads took: 0.0001996 seconds
2016-12-26T10:15:44.996-0100: 10.814: Total time for which application threads were stopped: 0.0001613 seconds, Stopping threads took: 0.0000433 seconds
2016-12-26T10:15:45.008-0100: 10.826: Total time for which application threads were stopped: 0.0002057 seconds, Stopping threads took: 0.0000386 seconds
2016-12-26T10:15:45.015-0100: 10.833: Total time for which application threads were stopped: 0.0001813 seconds, Stopping threads took: 0.0000501 seconds
2016-12-26T10:15:45.033-0100: 10.851: Total time for which application threads were stopped: 0.0001687 seconds, Stopping threads took: 0.0000385 seconds
2016-12-26T10:15:45.100-0100: 10.918: Total time for which application threads were stopped: 0.0001335 seconds, Stopping threads took: 0.0000447 seconds
2016-12-26T10:15:45.103-0100: 10.921: Total time for which application threads were stopped: 0.0001691 seconds, Stopping threads took: 0.0000434 seconds
2016-12-26T10:15:45.620-0100: 11.439: Total time for which application threads were stopped: 0.0001807 seconds, Stopping threads took: 0.0000275 seconds
2016-12-26T10:15:45.623-0100: 11.442: Total time for which application threads were stopped: 0.0001227 seconds, Stopping threads took: 0.0000256 seconds
2016-12-26T10:15:45.629-0100: 11.447: Total time for which application threads were stopped: 0.0005674 seconds, Stopping threads took: 0.0000229 seconds
2016-12-26T10:15:45.632-0100: 11.451: Total time for which application threads were stopped: 0.0001632 seconds, Stopping threads took: 0.0000270 seconds
2016-12-26T10:15:45.633-0100: 11.451: Total time for which application threads were stopped: 0.0001269 seconds, Stopping threads took: 0.0000238 seconds
2016-12-26T10:15:45.633-0100: 11.452: Total time for which application threads were stopped: 0.0001034 seconds, Stopping threads took: 0.0000194 seconds
2016-12-26T10:15:46.140-0100: 11.958: Total time for which application threads were stopped: 0.0001199 seconds, Stopping threads took: 0.0000395 seconds
2016-12-26T10:15:46.142-0100: 11.961: Total time for which application threads were stopped: 0.0001356 seconds, Stopping threads took: 0.0000363 seconds
2016-12-26T10:15:46.143-0100: 11.961: Total time for which application threads were stopped: 0.0001616 seconds, Stopping threads took: 0.0000989 seconds
2016-12-26T10:15:46.147-0100: 11.965: Total time for which application threads were stopped: 0.0001311 seconds, Stopping threads took: 0.0000474 seconds
2016-12-26T10:15:46.147-0100: 11.966: Total time for which application threads were stopped: 0.0000926 seconds, Stopping threads took: 0.0000271 seconds
2016-12-26T10:15:46.148-0100: 11.966: Total time for which application threads were stopped: 0.0000984 seconds, Stopping threads took: 0.0000218 seconds
2016-12-26T10:15:46.170-0100: 11.988: Total time for which application threads were stopped: 0.0001422 seconds, Stopping threads took: 0.0000458 seconds
2016-12-26T10:15:46.171-0100: 11.989: Total time for which application threads were stopped: 0.0001621 seconds, Stopping threads took: 0.0000627 seconds
2016-12-26T10:15:46.173-0100: 11.991: Total time for which application threads were stopped: 0.0001288 seconds, Stopping threads took: 0.0000383 seconds
2016-12-26T10:15:46.193-0100: 12.011: Total time for which application threads were stopped: 0.0001337 seconds, Stopping threads took: 0.0000366 seconds
2016-12-26T10:15:46.216-0100: 12.034: Total time for which application threads were stopped: 0.0000974 seconds, Stopping threads took: 0.0000285 seconds
2016-12-26T10:15:46.242-0100: 12.060: Total time for which application threads were stopped: 0.0003882 seconds, Stopping threads took: 0.0000211 seconds
2016-12-26T10:15:47.245-0100: 13.063: Total time for which application threads were stopped: 0.0002002 seconds, Stopping threads took: 0.0000504 seconds
2016-12-26T10:15:47.269-0100: 13.087: Total time for which application threads were stopped: 0.0001291 seconds, Stopping threads took: 0.0000236 seconds
2016-12-26T10:15:47.269-0100: 13.087: Total time for which application threads were stopped: 0.0000853 seconds, Stopping threads took: 0.0000241 seconds
2016-12-26T10:15:54.287-0100: 20.105: Total time for which application threads were stopped: 0.0001526 seconds, Stopping threads took: 0.0000509 seconds
2016-12-26T10:15:54.287-0100: 20.105: Total time for which application threads were stopped: 0.0000882 seconds, Stopping threads took: 0.0000119 seconds
2016-12-26T10:15:54.293-0100: 20.111: Total time for which application threads were stopped: 0.0001275 seconds, Stopping threads took: 0.0000291 seconds
2016-12-26T10:15:54.300-0100: 20.118: Total time for which application threads were stopped: 0.0037506 seconds, Stopping threads took: 0.0035860 seconds
2016-12-26T10:15:54.332-0100: 20.150: Total time for which application threads were stopped: 0.0004091 seconds, Stopping threads took: 0.0000210 seconds
2016-12-26T10:15:54.336-0100: 20.154: Total time for which application threads were stopped: 0.0000863 seconds, Stopping threads took: 0.0000283 seconds
2016-12-26T10:15:54.340-0100: 20.158: Total time for which application threads were stopped: 0.0001224 seconds, Stopping threads took: 0.0000417 seconds
2016-12-26T10:15:54.345-0100: 20.163: Total time for which application threads were stopped: 0.0001272 seconds, Stopping threads took: 0.0000316 seconds
2016-12-26T10:15:54.346-0100: 20.164: Total time for which application threads were stopped: 0.0001200 seconds, Stopping threads took: 0.0000270 seconds
2016-12-26T10:15:54.346-0100: 20.164: Total time for which application threads were stopped: 0.0001291 seconds, Stopping threads took: 0.0000276 seconds
2016-12-26T10:15:54.347-0100: 20.165: Total time for which application threads were stopped: 0.0000757 seconds, Stopping threads took: 0.0000123 seconds
2016-12-26T10:15:54.347-0100: 20.165: Total time for which application threads were stopped: 0.0000602 seconds, Stopping threads took: 0.0000087 seconds
2016-12-26T10:15:54.347-0100: 20.165: Total time for which application threads were stopped: 0.0000580 seconds, Stopping threads took: 0.0000076 seconds
2016-12-26T10:15:54.347-0100: 20.165: Total time for which application threads were stopped: 0.0000698 seconds, Stopping threads took: 0.0000188 seconds
2016-12-26T10:15:54.347-0100: 20.165: Total time for which application threads were stopped: 0.0002730 seconds, Stopping threads took: 0.0001897 seconds
2016-12-26T10:15:54.348-0100: 20.166: Total time for which application threads were stopped: 0.0001106 seconds, Stopping threads took: 0.0000339 seconds
2016-12-26T10:15:54.348-0100: 20.166: Total time for which application threads were stopped: 0.0000847 seconds, Stopping threads took: 0.0000218 seconds
2016-12-26T10:15:54.348-0100: 20.166: Total time for which application threads were stopped: 0.0001120 seconds, Stopping threads took: 0.0000253 seconds
2016-12-26T10:15:54.348-0100: 20.166: Total time for which application threads were stopped: 0.0002803 seconds, Stopping threads took: 0.0000132 seconds
2016-12-26T10:15:55.274-0100: 21.091: Total time for which application threads were stopped: 0.0001648 seconds, Stopping threads took: 0.0000328 seconds
2016-12-26T10:15:55.278-0100: 21.096: Total time for which application threads were stopped: 0.0002378 seconds, Stopping threads took: 0.0001312 seconds
2016-12-26T10:15:55.281-0100: 21.099: Total time for which application threads were stopped: 0.0001375 seconds, Stopping threads took: 0.0000407 seconds
2016-12-26T10:15:55.282-0100: 21.100: Total time for which application threads were stopped: 0.0001110 seconds, Stopping threads took: 0.0000243 seconds
2016-12-26T10:15:55.283-0100: 21.101: Total time for which application threads were stopped: 0.0001415 seconds, Stopping threads took: 0.0000443 seconds
2016-12-26T10:15:55.284-0100: 21.102: Total time for which application threads were stopped: 0.0001242 seconds, Stopping threads took: 0.0000311 seconds
2016-12-26T10:15:55.352-0100: 21.170: Total time for which application threads were stopped: 0.0043533 seconds, Stopping threads took: 0.0042263 seconds
2016-12-26T10:15:55.380-0100: 21.198: Total time for which application threads were stopped: 0.0001739 seconds, Stopping threads took: 0.0000584 seconds
2016-12-26T10:15:55.402-0100: 21.220: Total time for which application threads were stopped: 0.0001828 seconds, Stopping threads took: 0.0000536 seconds
{Heap before GC invocations=7 (full 1):
 par new generation   total 109248K, used 106644K [0x00000007a0000000, 0x00000007a8000000, 0x00000007a8000000)
  eden space 87424K, 100% used [0x00000007a0000000, 0x00000007a5560000, 0x00000007a5560000)
  from space 21824K,  88% used [0x00000007a6ab0000, 0x00000007a7d75280, 0x00000007a8000000)
  to   space 21824K,   0% used [0x00000007a5560000, 0x00000007a5560000, 0x00000007a6ab0000)
 concurrent mark-sweep generation total 393216K, used 0K [0x00000007a8000000, 0x00000007c0000000, 0x00000007c0000000)
 Metaspace       used 32421K, capacity 32940K, committed 33220K, reserved 1079296K
  class space    used 3849K, capacity 4015K, committed 4064K, reserved 1048576K
2016-12-26T10:15:55.407-0100: 21.225: [GC (Allocation Failure) 2016-12-26T10:15:55.407-0100: 21.225: [ParNew
Desired survivor size 20112992 bytes, new threshold 8 (max 8)
- age   1:    9288512 bytes,    9288512 total
- age   2:    1854232 bytes,   11142744 total
- age   3:     392776 bytes,   11535520 total
- age   4:     281640 bytes,   11817160 total
- age   5:     124016 bytes,   11941176 total
- age   6:     270768 bytes,   12211944 total
- age   7:    2370800 bytes,   14582744 total
- age   8:    4992264 bytes,   19575008 total
: 106644K->21711K(109248K), 0.0636066 secs] 106644K->21711K(502464K), 0.0637352 secs] [Times: user=0.08 sys=0.01, real=0.07 secs] 
Heap after GC invocations=8 (full 1):
 par new generation   total 109248K, used 21711K [0x00000007a0000000, 0x00000007a8000000, 0x00000007a8000000)
  eden space 87424K,   0% used [0x00000007a0000000, 0x00000007a0000000, 0x00000007a5560000)
  from space 21824K,  99% used [0x00000007a5560000, 0x00000007a6a93c60, 0x00000007a6ab0000)
  to   space 21824K,   0% used [0x00000007a6ab0000, 0x00000007a6ab0000, 0x00000007a8000000)
 concurrent mark-sweep generation total 393216K, used 0K [0x00000007a8000000, 0x00000007c0000000, 0x00000007c0000000)
 Metaspace       used 32421K, capacity 32940K, committed 33220K, reserved 1079296K
  class space    used 3849K, capacity 4015K, committed 4064K, reserved 1048576K
}
2016-12-26T10:15:55.470-0100: 21.288: Total time for which application threads were stopped: 0.0640214 seconds, Stopping threads took: 0.0000608 seconds
2016-12-26T10:15:55.472-0100: 21.290: Total time for which application threads were stopped: 0.0002107 seconds, Stopping threads took: 0.0001051 seconds
2016-12-26T10:15:55.524-0100: 21.342: Total time for which application threads were stopped: 0.0210198 seconds, Stopping threads took: 0.0208827 seconds
{Heap before GC invocations=8 (full 1):
 par new generation   total 109248K, used 109120K [0x00000007a0000000, 0x00000007a8000000, 0x00000007a8000000)
  eden space 87424K,  99% used [0x00000007a0000000, 0x00000007a555c4c8, 0x00000007a5560000)
  from space 21824K,  99% used [0x00000007a5560000, 0x00000007a6a93c60, 0x00000007a6ab0000)
  to   space 21824K,   0% used [0x00000007a6ab0000, 0x00000007a6ab0000, 0x00000007a8000000)
 concurrent mark-sweep generation total 393216K, used 0K [0x00000007a8000000, 0x00000007c0000000, 0x00000007c0000000)
 Metaspace       used 32462K, capacity 32988K, committed 33220K, reserved 1079296K
  class space    used 3853K, capacity 4023K, committed 4064K, reserved 1048576K
2016-12-26T10:15:55.586-0100: 21.404: [GC (Allocation Failure) 2016-12-26T10:15:55.586-0100: 21.404: [ParNew
Desired survivor size 20112992 bytes, new threshold 8 (max 8)
- age   1:    1077400 bytes,    1077400 total
- age   2:    6749456 bytes,    7826856 total
- age   3:    1854136 bytes,    9680992 total
- age   4:     392752 bytes,   10073744 total
- age   5:     281616 bytes,   10355360 total
- age   6:     123704 bytes,   10479064 total
- age   7:     270352 bytes,   10749416 total
- age   8:    2369784 bytes,   13119200 total
: 109120K->20178K(109248K), 0.0602358 secs] 109120K->25553K(502464K), 0.0603295 secs] [Times: user=0.15 sys=0.01, real=0.06 secs] 
Heap after GC invocations=9 (full 1):
 par new generation   total 109248K, used 20178K [0x00000007a0000000, 0x00000007a8000000, 0x00000007a8000000)
  eden space 87424K,   0% used [0x00000007a0000000, 0x00000007a0000000, 0x00000007a5560000)
  from space 21824K,  92% used [0x00000007a6ab0000, 0x00000007a7e64a88, 0x00000007a8000000)
  to   space 21824K,   0% used [0x00000007a5560000, 0x00000007a5560000, 0x00000007a6ab0000)
 concurrent mark-sweep generation total 393216K, used 5375K [0x00000007a8000000, 0x00000007c0000000, 0x00000007c0000000)
 Metaspace       used 32462K, capacity 32988K, committed 33220K, reserved 1079296K
  class space    used 3853K, capacity 4023K, committed 4064K, reserved 1048576K
}
2016-12-26T10:15:55.647-0100: 21.465: Total time for which application threads were stopped: 0.0713119 seconds, Stopping threads took: 0.0107424 seconds
2016-12-26T10:15:55.658-0100: 21.476: Total time for which application threads were stopped: 0.0002441 seconds, Stopping threads took: 0.0001172 seconds
2016-12-26T10:15:55.659-0100: 21.477: Total time for which application threads were stopped: 0.0002513 seconds, Stopping threads took: 0.0001115 seconds
{Heap before GC invocations=9 (full 1):
 par new generation   total 109248K, used 107577K [0x00000007a0000000, 0x00000007a8000000, 0x00000007a8000000)
  eden space 87424K,  99% used [0x00000007a0000000, 0x00000007a5559a78, 0x00000007a5560000)
  from space 21824K,  92% used [0x00000007a6ab0000, 0x00000007a7e64a88, 0x00000007a8000000)
  to   space 21824K,   0% used [0x00000007a5560000, 0x00000007a5560000, 0x00000007a6ab0000)
 concurrent mark-sweep generation total 393216K, used 5375K [0x00000007a8000000, 0x00000007c0000000, 0x00000007c0000000)
 Metaspace       used 32499K, capacity 33064K, committed 33220K, reserved 1079296K
  class space    used 3854K, capacity 4025K, committed 4064K, reserved 1048576K
2016-12-26T10:15:55.767-0100: 21.585: [GC (Allocation Failure) 2016-12-26T10:15:55.767-0100: 21.585: [ParNew
Desired survivor size 20112992 bytes, new threshold 8 (max 8)
- age   1:     601608 bytes,     601608 total
- age   2:     269824 bytes,     871432 total
- age   3:    6748600 bytes,    7620032 total
- age   4:    1854136 bytes,    9474168 total
- age   5:     392752 bytes,    9866920 total
- age   6:     281616 bytes,   10148536 total
- age   7:     123496 bytes,   10272032 total
- age   8:     270352 bytes,   10542384 total
: 107577K->14477K(109248K), 0.0788177 secs] 112952K->22191K(502464K), 0.0789302 secs] [Times: user=0.09 sys=0.01, real=0.08 secs] 
Heap after GC invocations=10 (full 1):
 par new generation   total 109248K, used 14477K [0x00000007a0000000, 0x00000007a8000000, 0x00000007a8000000)
  eden space 87424K,   0% used [0x00000007a0000000, 0x00000007a0000000, 0x00000007a5560000)
  from space 21824K,  66% used [0x00000007a5560000, 0x00000007a6383500, 0x00000007a6ab0000)
  to   space 21824K,   0% used [0x00000007a6ab0000, 0x00000007a6ab0000, 0x00000007a8000000)
 concurrent mark-sweep generation total 393216K, used 7713K [0x00000007a8000000, 0x00000007c0000000, 0x00000007c0000000)
 Metaspace       used 32499K, capacity 33064K, committed 33220K, reserved 1079296K
  class space    used 3854K, capacity 4025K, committed 4064K, reserved 1048576K
}
2016-12-26T10:15:55.846-0100: 21.664: Total time for which application threads were stopped: 0.0874657 seconds, Stopping threads took: 0.0082485 seconds
2016-12-26T10:15:55.854-0100: 21.672: Total time for which application threads were stopped: 0.0002342 seconds, Stopping threads took: 0.0001139 seconds
2016-12-26T10:15:55.857-0100: 21.675: Total time for which application threads were stopped: 0.0002770 seconds, Stopping threads took: 0.0001737 seconds
2016-12-26T10:15:55.874-0100: 21.692: Total time for which application threads were stopped: 0.0002591 seconds, Stopping threads took: 0.0001393 seconds
2016-12-26T10:15:55.880-0100: 21.698: Total time for which application threads were stopped: 0.0002418 seconds, Stopping threads took: 0.0001322 seconds
2016-12-26T10:15:55.894-0100: 21.712: Total time for which application threads were stopped: 0.0043642 seconds, Stopping threads took: 0.0042239 seconds
{Heap before GC invocations=10 (full 1):
 par new generation   total 109248K, used 101901K [0x00000007a0000000, 0x00000007a8000000, 0x00000007a8000000)
  eden space 87424K, 100% used [0x00000007a0000000, 0x00000007a5560000, 0x00000007a5560000)
  from space 21824K,  66% used [0x00000007a5560000, 0x00000007a6383500, 0x00000007a6ab0000)
  to   space 21824K,   0% used [0x00000007a6ab0000, 0x00000007a6ab0000, 0x00000007a8000000)
 concurrent mark-sweep generation total 393216K, used 7713K [0x00000007a8000000, 0x00000007c0000000, 0x00000007c0000000)
 Metaspace       used 32506K, capacity 33064K, committed 33220K, reserved 1079296K
  class space    used 3854K, capacity 4025K, committed 4064K, reserved 1048576K
2016-12-26T10:15:55.896-0100: 21.714: [GC (Allocation Failure) 2016-12-26T10:15:55.897-0100: 21.714: [ParNew
Desired survivor size 20112992 bytes, new threshold 8 (max 8)
- age   1:     500432 bytes,     500432 total
- age   2:      86472 bytes,     586904 total
- age   3:     269280 bytes,     856184 total
- age   4:    6748264 bytes,    7604448 total
- age   5:    1854136 bytes,    9458584 total
- age   6:     392752 bytes,    9851336 total
- age   7:     281616 bytes,   10132952 total
- age   8:     123496 bytes,   10256448 total
: 101901K->11596K(109248K), 0.0644957 secs] 109615K->19579K(502464K), 0.0647297 secs] [Times: user=0.04 sys=0.00, real=0.07 secs] 
Heap after GC invocations=11 (full 1):
 par new generation   total 109248K, used 11596K [0x00000007a0000000, 0x00000007a8000000, 0x00000007a8000000)
  eden space 87424K,   0% used [0x00000007a0000000, 0x00000007a0000000, 0x00000007a5560000)
  from space 21824K,  53% used [0x00000007a6ab0000, 0x00000007a7603310, 0x00000007a8000000)
  to   space 21824K,   0% used [0x00000007a5560000, 0x00000007a5560000, 0x00000007a6ab0000)
 concurrent mark-sweep generation total 393216K, used 7983K [0x00000007a8000000, 0x00000007c0000000, 0x00000007c0000000)
 Metaspace       used 32506K, capacity 33064K, committed 33220K, reserved 1079296K
  class space    used 3854K, capacity 4025K, committed 4064K, reserved 1048576K
}
2016-12-26T10:15:55.961-0100: 21.779: Total time for which application threads were stopped: 0.0649797 seconds, Stopping threads took: 0.0000497 seconds
2016-12-26T10:15:55.977-0100: 21.795: Total time for which application threads were stopped: 0.0002075 seconds, Stopping threads took: 0.0001231 seconds
2016-12-26T10:15:55.983-0100: 21.801: Total time for which application threads were stopped: 0.0005320 seconds, Stopping threads took: 0.0004071 seconds
2016-12-26T10:15:55.992-0100: 21.810: Total time for which application threads were stopped: 0.0006181 seconds, Stopping threads took: 0.0005017 seconds
2016-12-26T10:15:56.057-0100: 21.875: Total time for which application threads were stopped: 0.0123080 seconds, Stopping threads took: 0.0119234 seconds
{Heap before GC invocations=11 (full 1):
 par new generation   total 109248K, used 99020K [0x00000007a0000000, 0x00000007a8000000, 0x00000007a8000000)
  eden space 87424K, 100% used [0x00000007a0000000, 0x00000007a5560000, 0x00000007a5560000)
  from space 21824K,  53% used [0x00000007a6ab0000, 0x00000007a7603310, 0x00000007a8000000)
  to   space 21824K,   0% used [0x00000007a5560000, 0x00000007a5560000, 0x00000007a6ab0000)
 concurrent mark-sweep generation total 393216K, used 7983K [0x00000007a8000000, 0x00000007c0000000, 0x00000007c0000000)
 Metaspace       used 32510K, capacity 33070K, committed 33220K, reserved 1079296K
  class space    used 3855K, capacity 4026K, committed 4064K, reserved 1048576K
2016-12-26T10:15:56.064-0100: 21.882: [GC (Allocation Failure) 2016-12-26T10:15:56.064-0100: 21.882: [ParNew
Desired survivor size 20112992 bytes, new threshold 8 (max 8)
- age   1:     242696 bytes,     242696 total
- age   2:      85944 bytes,     328640 total
- age   3:      86448 bytes,     415088 total
- age   4:     269280 bytes,     684368 total
- age   5:    6747656 bytes,    7432024 total
- age   6:    1854136 bytes,    9286160 total
- age   7:     392752 bytes,    9678912 total
- age   8:     281512 bytes,    9960424 total
: 99020K->13106K(109248K), 0.0619072 secs] 107003K->21214K(502464K), 0.0619946 secs] [Times: user=0.04 sys=0.00, real=0.06 secs] 
Heap after GC invocations=12 (full 1):
 par new generation   total 109248K, used 13106K [0x00000007a0000000, 0x00000007a8000000, 0x00000007a8000000)
  eden space 87424K,   0% used [0x00000007a0000000, 0x00000007a0000000, 0x00000007a5560000)
  from space 21824K,  60% used [0x00000007a5560000, 0x00000007a622c9f0, 0x00000007a6ab0000)
  to   space 21824K,   0% used [0x00000007a6ab0000, 0x00000007a6ab0000, 0x00000007a8000000)
 concurrent mark-sweep generation total 393216K, used 8107K [0x00000007a8000000, 0x00000007c0000000, 0x00000007c0000000)
 Metaspace       used 32510K, capacity 33070K, committed 33220K, reserved 1079296K
  class space    used 3855K, capacity 4026K, committed 4064K, reserved 1048576K
}
2016-12-26T10:15:56.126-0100: 21.944: Total time for which application threads were stopped: 0.0622412 seconds, Stopping threads took: 0.0000440 seconds
2016-12-26T10:15:56.181-0100: 21.999: Total time for which application threads were stopped: 0.0007426 seconds, Stopping threads took: 0.0000499 seconds
2016-12-26T10:15:56.183-0100: 22.001: Total time for which application threads were stopped: 0.0001759 seconds, Stopping threads took: 0.0000383 seconds
2016-12-26T10:15:56.300-0100: 22.118: Total time for which application threads were stopped: 0.0111315 seconds, Stopping threads took: 0.0108700 seconds
2016-12-26T10:15:56.307-0100: 22.125: Total time for which application threads were stopped: 0.0002744 seconds, Stopping threads took: 0.0001255 seconds
2016-12-26T10:15:56.382-0100: 22.199: Total time for which application threads were stopped: 0.0001565 seconds, Stopping threads took: 0.0000307 seconds
2016-12-26T10:15:56.451-0100: 22.269: Total time for which application threads were stopped: 0.0440680 seconds, Stopping threads took: 0.0438490 seconds
2016-12-26T10:15:56.492-0100: 22.310: Total time for which application threads were stopped: 0.0002252 seconds, Stopping threads took: 0.0001204 seconds
2016-12-26T10:15:56.525-0100: 22.343: Total time for which application threads were stopped: 0.0001685 seconds, Stopping threads took: 0.0000422 seconds
2016-12-26T10:15:56.539-0100: 22.357: Total time for which application threads were stopped: 0.0001670 seconds, Stopping threads took: 0.0000511 seconds
2016-12-26T10:15:56.539-0100: 22.357: Total time for which application threads were stopped: 0.0001167 seconds, Stopping threads took: 0.0000308 seconds
{Heap before GC invocations=12 (full 1):
 par new generation   total 109248K, used 100530K [0x00000007a0000000, 0x00000007a8000000, 0x00000007a8000000)
  eden space 87424K, 100% used [0x00000007a0000000, 0x00000007a5560000, 0x00000007a5560000)
  from space 21824K,  60% used [0x00000007a5560000, 0x00000007a622c9f0, 0x00000007a6ab0000)
  to   space 21824K,   0% used [0x00000007a6ab0000, 0x00000007a6ab0000, 0x00000007a8000000)
 concurrent mark-sweep generation total 393216K, used 8107K [0x00000007a8000000, 0x00000007c0000000, 0x00000007c0000000)
 Metaspace       used 32624K, capacity 33134K, committed 33476K, reserved 1079296K
  class space    used 3855K, capacity 4026K, committed 4064K, reserved 1048576K
2016-12-26T10:15:56.583-0100: 22.401: [GC (Allocation Failure) 2016-12-26T10:15:56.583-0100: 22.401: [ParNew
Desired survivor size 20112992 bytes, new threshold 8 (max 8)
- age   1:    2645208 bytes,    2645208 total
- age   2:      58000 bytes,    2703208 total
- age   3:      57928 bytes,    2761136 total
- age   4:      63176 bytes,    2824312 total
- age   5:      39800 bytes,    2864112 total
- age   6:    4693768 bytes,    7557880 total
- age   7:    1854136 bytes,    9412016 total
- age   8:     392752 bytes,    9804768 total
: 100530K->11664K(109248K), 0.0149617 secs] 108638K->20052K(502464K), 0.0150921 secs] [Times: user=0.05 sys=0.00, real=0.01 secs] 
Heap after GC invocations=13 (full 1):
 par new generation   total 109248K, used 11664K [0x00000007a0000000, 0x00000007a8000000, 0x00000007a8000000)
  eden space 87424K,   0% used [0x00000007a0000000, 0x00000007a0000000, 0x00000007a5560000)
  from space 21824K,  53% used [0x00000007a6ab0000, 0x00000007a7614040, 0x00000007a8000000)
  to   space 21824K,   0% used [0x00000007a5560000, 0x00000007a5560000, 0x00000007a6ab0000)
 concurrent mark-sweep generation total 393216K, used 8388K [0x00000007a8000000, 0x00000007c0000000, 0x00000007c0000000)
 Metaspace       used 32624K, capacity 33134K, committed 33476K, reserved 1079296K
  class space    used 3855K, capacity 4026K, committed 4064K, reserved 1048576K
}
2016-12-26T10:15:56.598-0100: 22.416: Total time for which application threads were stopped: 0.0154111 seconds, Stopping threads took: 0.0000529 seconds
2016-12-26T10:15:56.598-0100: 22.416: Total time for which application threads were stopped: 0.0002152 seconds, Stopping threads took: 0.0000972 seconds
2016-12-26T10:15:56.599-0100: 22.417: Total time for which application threads were stopped: 0.0001753 seconds, Stopping threads took: 0.0000829 seconds
2016-12-26T10:15:56.601-0100: 22.419: Total time for which application threads were stopped: 0.0002387 seconds, Stopping threads took: 0.0001122 seconds
2016-12-26T10:15:56.636-0100: 22.454: Total time for which application threads were stopped: 0.0109365 seconds, Stopping threads took: 0.0107652 seconds
{Heap before GC invocations=13 (full 1):
 par new generation   total 109248K, used 99088K [0x00000007a0000000, 0x00000007a8000000, 0x00000007a8000000)
  eden space 87424K, 100% used [0x00000007a0000000, 0x00000007a5560000, 0x00000007a5560000)
  from space 21824K,  53% used [0x00000007a6ab0000, 0x00000007a7614040, 0x00000007a8000000)
  to   space 21824K,   0% used [0x00000007a5560000, 0x00000007a5560000, 0x00000007a6ab0000)
 concurrent mark-sweep generation total 393216K, used 8388K [0x00000007a8000000, 0x00000007c0000000, 0x00000007c0000000)
 Metaspace       used 32651K, capacity 33274K, committed 33476K, reserved 1079296K
  class space    used 3856K, capacity 4028K, committed 4064K, reserved 1048576K
2016-12-26T10:15:56.691-0100: 22.509: [GC (Allocation Failure) 2016-12-26T10:15:56.691-0100: 22.509: [ParNew
Desired survivor size 20112992 bytes, new threshold 8 (max 8)
- age   1:    1998688 bytes,    1998688 total
- age   2:    2164728 bytes,    4163416 total
- age   3:      56592 bytes,    4220008 total
- age   4:      57928 bytes,    4277936 total
- age   5:      63176 bytes,    4341112 total
- age   6:      39800 bytes,    4380912 total
- age   7:    4693744 bytes,    9074656 total
- age   8:    1854136 bytes,   10928792 total
: 99088K->15118K(109248K), 0.0162535 secs] 107476K->23897K(502464K), 0.0163662 secs] [Times: user=0.05 sys=0.00, real=0.01 secs] 
Heap after GC invocations=14 (full 1):
 par new generation   total 109248K, used 15118K [0x00000007a0000000, 0x00000007a8000000, 0x00000007a8000000)
  eden space 87424K,   0% used [0x00000007a0000000, 0x00000007a0000000, 0x00000007a5560000)
  from space 21824K,  69% used [0x00000007a5560000, 0x00000007a6423af8, 0x00000007a6ab0000)
  to   space 21824K,   0% used [0x00000007a6ab0000, 0x00000007a6ab0000, 0x00000007a8000000)
 concurrent mark-sweep generation total 393216K, used 8779K [0x00000007a8000000, 0x00000007c0000000, 0x00000007c0000000)
 Metaspace       used 32651K, capacity 33274K, committed 33476K, reserved 1079296K
  class space    used 3856K, capacity 4028K, committed 4064K, reserved 1048576K
}
2016-12-26T10:15:56.707-0100: 22.525: Total time for which application threads were stopped: 0.0167375 seconds, Stopping threads took: 0.0001411 seconds
2016-12-26T10:15:56.708-0100: 22.526: Total time for which application threads were stopped: 0.0004500 seconds, Stopping threads took: 0.0003146 seconds
2016-12-26T10:15:56.788-0100: 22.606: Total time for which application threads were stopped: 0.0315193 seconds, Stopping threads took: 0.0313610 seconds
2016-12-26T10:15:56.791-0100: 22.609: Total time for which application threads were stopped: 0.0002172 seconds, Stopping threads took: 0.0001037 seconds
{Heap before GC invocations=14 (full 1):
 par new generation   total 109248K, used 102542K [0x00000007a0000000, 0x00000007a8000000, 0x00000007a8000000)
  eden space 87424K, 100% used [0x00000007a0000000, 0x00000007a5560000, 0x00000007a5560000)
  from space 21824K,  69% used [0x00000007a5560000, 0x00000007a6423af8, 0x00000007a6ab0000)
  to   space 21824K,   0% used [0x00000007a6ab0000, 0x00000007a6ab0000, 0x00000007a8000000)
 concurrent mark-sweep generation total 393216K, used 8779K [0x00000007a8000000, 0x00000007c0000000, 0x00000007c0000000)
 Metaspace       used 32672K, capacity 33350K, committed 33476K, reserved 1079296K
  class space    used 3857K, capacity 4030K, committed 4064K, reserved 1048576K
2016-12-26T10:15:56.798-0100: 22.616: [GC (Allocation Failure) 2016-12-26T10:15:56.798-0100: 22.616: [ParNew
Desired survivor size 20112992 bytes, new threshold 8 (max 8)
- age   1:     226040 bytes,     226040 total
- age   2:    1686872 bytes,    1912912 total
- age   3:    2154224 bytes,    4067136 total
- age   4:      56592 bytes,    4123728 total
- age   5:      57928 bytes,    4181656 total
- age   6:      62504 bytes,    4244160 total
- age   7:      39800 bytes,    4283960 total
- age   8:    4693744 bytes,    8977704 total
: 102542K->13864K(109248K), 0.0515142 secs] 111321K->24492K(502464K), 0.0516515 secs] [Times: user=0.07 sys=0.00, real=0.06 secs] 
Heap after GC invocations=15 (full 1):
 par new generation   total 109248K, used 13864K [0x00000007a0000000, 0x00000007a8000000, 0x00000007a8000000)
  eden space 87424K,   0% used [0x00000007a0000000, 0x00000007a0000000, 0x00000007a5560000)
  from space 21824K,  63% used [0x00000007a6ab0000, 0x00000007a783a290, 0x00000007a8000000)
  to   space 21824K,   0% used [0x00000007a5560000, 0x00000007a5560000, 0x00000007a6ab0000)
 concurrent mark-sweep generation total 393216K, used 10627K [0x00000007a8000000, 0x00000007c0000000, 0x00000007c0000000)
 Metaspace       used 32672K, capacity 33350K, committed 33476K, reserved 1079296K
  class space    used 3857K, capacity 4030K, committed 4064K, reserved 1048576K
}
2016-12-26T10:15:56.850-0100: 22.668: Total time for which application threads were stopped: 0.0521754 seconds, Stopping threads took: 0.0003095 seconds
{Heap before GC invocations=15 (full 1):
 par new generation   total 109248K, used 101288K [0x00000007a0000000, 0x00000007a8000000, 0x00000007a8000000)
  eden space 87424K, 100% used [0x00000007a0000000, 0x00000007a5560000, 0x00000007a5560000)
  from space 21824K,  63% used [0x00000007a6ab0000, 0x00000007a783a290, 0x00000007a8000000)
  to   space 21824K,   0% used [0x00000007a5560000, 0x00000007a5560000, 0x00000007a6ab0000)
 concurrent mark-sweep generation total 393216K, used 10627K [0x00000007a8000000, 0x00000007c0000000, 0x00000007c0000000)
 Metaspace       used 32672K, capacity 33350K, committed 33476K, reserved 1079296K
  class space    used 3857K, capacity 4030K, committed 4064K, reserved 1048576K
2016-12-26T10:15:56.905-0100: 22.722: [GC (Allocation Failure) 2016-12-26T10:15:56.905-0100: 22.723: [ParNew
Desired survivor size 20112992 bytes, new threshold 8 (max 8)
- age   1:     346336 bytes,     346336 total
- age   2:      80808 bytes,     427144 total
- age   3:    1686872 bytes,    2114016 total
- age   4:    2154224 bytes,    4268240 total
- age   5:      56592 bytes,    4324832 total
- age   6:      57928 bytes,    4382760 total
- age   7:      62504 bytes,    4445264 total
- age   8:      39800 bytes,    4485064 total
: 101288K->6531K(109248K), 0.0735170 secs] 111916K->22455K(502464K), 0.0736104 secs] [Times: user=0.06 sys=0.00, real=0.07 secs] 
Heap after GC invocations=16 (full 1):
 par new generation   total 109248K, used 6531K [0x00000007a0000000, 0x00000007a8000000, 0x00000007a8000000)
  eden space 87424K,   0% used [0x00000007a0000000, 0x00000007a0000000, 0x00000007a5560000)
  from space 21824K,  29% used [0x00000007a5560000, 0x00000007a5bc0e68, 0x00000007a6ab0000)
  to   space 21824K,   0% used [0x00000007a6ab0000, 0x00000007a6ab0000, 0x00000007a8000000)
 concurrent mark-sweep generation total 393216K, used 15924K [0x00000007a8000000, 0x00000007c0000000, 0x00000007c0000000)
 Metaspace       used 32672K, capacity 33350K, committed 33476K, reserved 1079296K
  class space    used 3857K, capacity 4030K, committed 4064K, reserved 1048576K
}
2016-12-26T10:15:56.978-0100: 22.796: Total time for which application threads were stopped: 0.0739309 seconds, Stopping threads took: 0.0001090 seconds
2016-12-26T10:15:56.980-0100: 22.798: Total time for which application threads were stopped: 0.0002447 seconds, Stopping threads took: 0.0001100 seconds
2016-12-26T10:15:56.981-0100: 22.799: Total time for which application threads were stopped: 0.0002339 seconds, Stopping threads took: 0.0001296 seconds
2016-12-26T10:15:57.118-0100: 22.936: Total time for which application threads were stopped: 0.0002102 seconds, Stopping threads took: 0.0000452 seconds
2016-12-26T10:15:57.120-0100: 22.938: Total time for which application threads were stopped: 0.0002830 seconds, Stopping threads took: 0.0001341 seconds
2016-12-26T10:15:57.225-0100: 23.043: Total time for which application threads were stopped: 0.0002164 seconds, Stopping threads took: 0.0000435 seconds
2016-12-26T10:15:57.227-0100: 23.045: Total time for which application threads were stopped: 0.0001892 seconds, Stopping threads took: 0.0000611 seconds
{Heap before GC invocations=16 (full 1):
 par new generation   total 109248K, used 93955K [0x00000007a0000000, 0x00000007a8000000, 0x00000007a8000000)
  eden space 87424K, 100% used [0x00000007a0000000, 0x00000007a5560000, 0x00000007a5560000)
  from space 21824K,  29% used [0x00000007a5560000, 0x00000007a5bc0e68, 0x00000007a6ab0000)
  to   space 21824K,   0% used [0x00000007a6ab0000, 0x00000007a6ab0000, 0x00000007a8000000)
 concurrent mark-sweep generation total 393216K, used 15924K [0x00000007a8000000, 0x00000007c0000000, 0x00000007c0000000)
 Metaspace       used 32722K, capacity 33350K, committed 33476K, reserved 1079296K
  class space    used 3857K, capacity 4030K, committed 4064K, reserved 1048576K
2016-12-26T10:15:57.249-0100: 23.067: [GC (Allocation Failure) 2016-12-26T10:15:57.249-0100: 23.067: [ParNew
Desired survivor size 20112992 bytes, new threshold 8 (max 8)
- age   1:    1160568 bytes,    1160568 total
- age   2:      81184 bytes,    1241752 total
- age   3:      78872 bytes,    1320624 total
- age   4:     306384 bytes,    1627008 total
- age   5:    2151408 bytes,    3778416 total
- age   6:      56592 bytes,    3835008 total
- age   7:      57928 bytes,    3892936 total
- age   8:      62504 bytes,    3955440 total
: 93955K->5151K(109248K), 0.0689719 secs] 109879K->21115K(502464K), 0.0690745 secs] [Times: user=0.03 sys=0.00, real=0.07 secs] 
Heap after GC invocations=17 (full 1):
 par new generation   total 109248K, used 5151K [0x00000007a0000000, 0x00000007a8000000, 0x00000007a8000000)
  eden space 87424K,   0% used [0x00000007a0000000, 0x00000007a0000000, 0x00000007a5560000)
  from space 21824K,  23% used [0x00000007a6ab0000, 0x00000007a6fb7c80, 0x00000007a8000000)
  to   space 21824K,   0% used [0x00000007a5560000, 0x00000007a5560000, 0x00000007a6ab0000)
 concurrent mark-sweep generation total 393216K, used 15964K [0x00000007a8000000, 0x00000007c0000000, 0x00000007c0000000)
 Metaspace       used 32722K, capacity 33350K, committed 33476K, reserved 1079296K
  class space    used 3857K, capacity 4030K, committed 4064K, reserved 1048576K
}
2016-12-26T10:15:57.318-0100: 23.136: Total time for which application threads were stopped: 0.0693406 seconds, Stopping threads took: 0.0000474 seconds
2016-12-26T10:15:57.332-0100: 23.149: Total time for which application threads were stopped: 0.0001691 seconds, Stopping threads took: 0.0000452 seconds
2016-12-26T10:15:57.334-0100: 23.152: Total time for which application threads were stopped: 0.0001683 seconds, Stopping threads took: 0.0000496 seconds
2016-12-26T10:15:57.409-0100: 23.227: Total time for which application threads were stopped: 0.0001529 seconds, Stopping threads took: 0.0000275 seconds
2016-12-26T10:15:57.409-0100: 23.227: Total time for which application threads were stopped: 0.0001958 seconds, Stopping threads took: 0.0000985 seconds
2016-12-26T10:15:57.413-0100: 23.231: Total time for which application threads were stopped: 0.0001636 seconds, Stopping threads took: 0.0000485 seconds
2016-12-26T10:15:57.420-0100: 23.238: Total time for which application threads were stopped: 0.0001568 seconds, Stopping threads took: 0.0000420 seconds
2016-12-26T10:15:57.420-0100: 23.238: Total time for which application threads were stopped: 0.0001168 seconds, Stopping threads took: 0.0000419 seconds
2016-12-26T10:15:57.426-0100: 23.244: Total time for which application threads were stopped: 0.0003215 seconds, Stopping threads took: 0.0000438 seconds
2016-12-26T10:15:57.428-0100: 23.246: Total time for which application threads were stopped: 0.0001488 seconds, Stopping threads took: 0.0000391 seconds
2016-12-26T10:15:57.430-0100: 23.248: Total time for which application threads were stopped: 0.0001407 seconds, Stopping threads took: 0.0000438 seconds
2016-12-26T10:15:57.430-0100: 23.248: Total time for which application threads were stopped: 0.0000828 seconds, Stopping threads took: 0.0000207 seconds
2016-12-26T10:15:57.430-0100: 23.248: Total time for which application threads were stopped: 0.0000781 seconds, Stopping threads took: 0.0000283 seconds
2016-12-26T10:15:57.430-0100: 23.248: Total time for which application threads were stopped: 0.0000986 seconds, Stopping threads took: 0.0000233 seconds
2016-12-26T10:15:57.431-0100: 23.249: Total time for which application threads were stopped: 0.0000997 seconds, Stopping threads took: 0.0000390 seconds
2016-12-26T10:15:57.431-0100: 23.249: Total time for which application threads were stopped: 0.0000807 seconds, Stopping threads took: 0.0000280 seconds
2016-12-26T10:15:57.431-0100: 23.249: Total time for which application threads were stopped: 0.0000793 seconds, Stopping threads took: 0.0000267 seconds
2016-12-26T10:15:57.431-0100: 23.249: Total time for which application threads were stopped: 0.0000918 seconds, Stopping threads took: 0.0000290 seconds
2016-12-26T10:15:57.446-0100: 23.264: Total time for which application threads were stopped: 0.0002008 seconds, Stopping threads took: 0.0000582 seconds
2016-12-26T10:15:57.448-0100: 23.266: Total time for which application threads were stopped: 0.0001469 seconds, Stopping threads took: 0.0000449 seconds
2016-12-26T10:15:57.448-0100: 23.266: Total time for which application threads were stopped: 0.0001216 seconds, Stopping threads took: 0.0000504 seconds
2016-12-26T10:15:57.448-0100: 23.266: Total time for which application threads were stopped: 0.0001043 seconds, Stopping threads took: 0.0000269 seconds
2016-12-26T10:15:57.449-0100: 23.267: Total time for which application threads were stopped: 0.0002171 seconds, Stopping threads took: 0.0000966 seconds
2016-12-26T10:15:57.449-0100: 23.267: Total time for which application threads were stopped: 0.0001596 seconds, Stopping threads took: 0.0000731 seconds
2016-12-26T10:15:57.449-0100: 23.267: Total time for which application threads were stopped: 0.0001077 seconds, Stopping threads took: 0.0000339 seconds
2016-12-26T10:15:57.449-0100: 23.267: Total time for which application threads were stopped: 0.0000916 seconds, Stopping threads took: 0.0000244 seconds
2016-12-26T10:15:57.454-0100: 23.272: Total time for which application threads were stopped: 0.0001909 seconds, Stopping threads took: 0.0000503 seconds
2016-12-26T10:15:57.454-0100: 23.272: Total time for which application threads were stopped: 0.0001299 seconds, Stopping threads took: 0.0000407 seconds
2016-12-26T10:15:57.454-0100: 23.272: Total time for which application threads were stopped: 0.0001116 seconds, Stopping threads took: 0.0000393 seconds
2016-12-26T10:15:57.455-0100: 23.272: Total time for which application threads were stopped: 0.0000998 seconds, Stopping threads took: 0.0000277 seconds
2016-12-26T10:15:57.455-0100: 23.273: Total time for which application threads were stopped: 0.0000963 seconds, Stopping threads took: 0.0000289 seconds
2016-12-26T10:15:57.455-0100: 23.273: Total time for which application threads were stopped: 0.0000859 seconds, Stopping threads took: 0.0000230 seconds
2016-12-26T10:15:57.455-0100: 23.273: Total time for which application threads were stopped: 0.0001065 seconds, Stopping threads took: 0.0000262 seconds
2016-12-26T10:15:57.455-0100: 23.273: Total time for which application threads were stopped: 0.0000740 seconds, Stopping threads took: 0.0000102 seconds
2016-12-26T10:15:57.455-0100: 23.273: Total time for which application threads were stopped: 0.0000733 seconds, Stopping threads took: 0.0000091 seconds
2016-12-26T10:15:57.455-0100: 23.273: Total time for which application threads were stopped: 0.0000729 seconds, Stopping threads took: 0.0000100 seconds
2016-12-26T10:15:57.455-0100: 23.273: Total time for which application threads were stopped: 0.0000853 seconds, Stopping threads took: 0.0000237 seconds
2016-12-26T10:15:57.456-0100: 23.273: Total time for which application threads were stopped: 0.0000848 seconds, Stopping threads took: 0.0000270 seconds
2016-12-26T10:15:57.456-0100: 23.274: Total time for which application threads were stopped: 0.0000915 seconds, Stopping threads took: 0.0000238 seconds
2016-12-26T10:15:57.456-0100: 23.274: Total time for which application threads were stopped: 0.0002624 seconds, Stopping threads took: 0.0001791 seconds
2016-12-26T10:15:57.456-0100: 23.274: Total time for which application threads were stopped: 0.0001140 seconds, Stopping threads took: 0.0000369 seconds
2016-12-26T10:15:57.457-0100: 23.274: Total time for which application threads were stopped: 0.0001472 seconds, Stopping threads took: 0.0000450 seconds
2016-12-26T10:15:57.457-0100: 23.275: Total time for which application threads were stopped: 0.0001665 seconds, Stopping threads took: 0.0000466 seconds
2016-12-26T10:15:57.458-0100: 23.275: Total time for which application threads were stopped: 0.0001482 seconds, Stopping threads took: 0.0000437 seconds
2016-12-26T10:15:57.459-0100: 23.277: Total time for which application threads were stopped: 0.0004106 seconds, Stopping threads took: 0.0000515 seconds
2016-12-26T10:15:57.463-0100: 23.281: Total time for which application threads were stopped: 0.0001540 seconds, Stopping threads took: 0.0000469 seconds
2016-12-26T10:15:57.464-0100: 23.282: Total time for which application threads were stopped: 0.0001917 seconds, Stopping threads took: 0.0000982 seconds
2016-12-26T10:15:57.475-0100: 23.293: Total time for which application threads were stopped: 0.0025220 seconds, Stopping threads took: 0.0023851 seconds
2016-12-26T10:15:57.476-0100: 23.294: Total time for which application threads were stopped: 0.0001357 seconds, Stopping threads took: 0.0000386 seconds
2016-12-26T10:15:57.489-0100: 23.307: Total time for which application threads were stopped: 0.0010864 seconds, Stopping threads took: 0.0009635 seconds
2016-12-26T10:15:57.503-0100: 23.321: Total time for which application threads were stopped: 0.0001785 seconds, Stopping threads took: 0.0000301 seconds
2016-12-26T10:15:57.545-0100: 23.363: Total time for which application threads were stopped: 0.0005642 seconds, Stopping threads took: 0.0003933 seconds
2016-12-26T10:15:57.546-0100: 23.364: Total time for which application threads were stopped: 0.0002427 seconds, Stopping threads took: 0.0001086 seconds
{Heap before GC invocations=17 (full 1):
 par new generation   total 109248K, used 92575K [0x00000007a0000000, 0x00000007a8000000, 0x00000007a8000000)
  eden space 87424K, 100% used [0x00000007a0000000, 0x00000007a5560000, 0x00000007a5560000)
  from space 21824K,  23% used [0x00000007a6ab0000, 0x00000007a6fb7c80, 0x00000007a8000000)
  to   space 21824K,   0% used [0x00000007a5560000, 0x00000007a5560000, 0x00000007a6ab0000)
 concurrent mark-sweep generation total 393216K, used 15964K [0x00000007a8000000, 0x00000007c0000000, 0x00000007c0000000)
 Metaspace       used 32826K, capacity 33468K, committed 33732K, reserved 1079296K
  class space    used 3864K, capacity 4039K, committed 4064K, reserved 1048576K
2016-12-26T10:15:57.581-0100: 23.399: [GC (Allocation Failure) 2016-12-26T10:15:57.581-0100: 23.399: [ParNew
Desired survivor size 20112992 bytes, new threshold 8 (max 8)
- age   1:    2978760 bytes,    2978760 total
- age   2:     562904 bytes,    3541664 total
- age   3:      81184 bytes,    3622848 total
- age   4:      77464 bytes,    3700312 total
- age   5:     194528 bytes,    3894840 total
- age   6:    2139672 bytes,    6034512 total
- age   7:      56592 bytes,    6091104 total
- age   8:      57928 bytes,    6149032 total
: 92575K->6800K(109248K), 0.0225328 secs] 108539K->22827K(502464K), 0.0226273 secs] [Times: user=0.04 sys=0.00, real=0.02 secs] 
Heap after GC invocations=18 (full 1):
 par new generation   total 109248K, used 6800K [0x00000007a0000000, 0x00000007a8000000, 0x00000007a8000000)
  eden space 87424K,   0% used [0x00000007a0000000, 0x00000007a0000000, 0x00000007a5560000)
  from space 21824K,  31% used [0x00000007a5560000, 0x00000007a5c04148, 0x00000007a6ab0000)
  to   space 21824K,   0% used [0x00000007a6ab0000, 0x00000007a6ab0000, 0x00000007a8000000)
 concurrent mark-sweep generation total 393216K, used 16027K [0x00000007a8000000, 0x00000007c0000000, 0x00000007c0000000)
 Metaspace       used 32826K, capacity 33468K, committed 33732K, reserved 1079296K
  class space    used 3864K, capacity 4039K, committed 4064K, reserved 1048576K
}
2016-12-26T10:15:57.603-0100: 23.421: Total time for which application threads were stopped: 0.0230021 seconds, Stopping threads took: 0.0001284 seconds
2016-12-26T10:15:57.604-0100: 23.422: Total time for which application threads were stopped: 0.0002493 seconds, Stopping threads took: 0.0001165 seconds
{Heap before GC invocations=18 (full 1):
 par new generation   total 109248K, used 94224K [0x00000007a0000000, 0x00000007a8000000, 0x00000007a8000000)
  eden space 87424K, 100% used [0x00000007a0000000, 0x00000007a5560000, 0x00000007a5560000)
  from space 21824K,  31% used [0x00000007a5560000, 0x00000007a5c04148, 0x00000007a6ab0000)
  to   space 21824K,   0% used [0x00000007a6ab0000, 0x00000007a6ab0000, 0x00000007a8000000)
 concurrent mark-sweep generation total 393216K, used 16027K [0x00000007a8000000, 0x00000007c0000000, 0x00000007c0000000)
 Metaspace       used 32840K, capacity 33480K, committed 33732K, reserved 1079296K
  class space    used 3865K, capacity 4041K, committed 4064K, reserved 1048576K
2016-12-26T10:15:57.685-0100: 23.503: [GC (Allocation Failure) 2016-12-26T10:15:57.685-0100: 23.503: [ParNew
Desired survivor size 20112992 bytes, new threshold 8 (max 8)
- age   1:    1082816 bytes,    1082816 total
- age   2:    2169280 bytes,    3252096 total
- age   3:     562904 bytes,    3815000 total
- age   4:      81184 bytes,    3896184 total
- age   5:      77464 bytes,    3973648 total
- age   6:     194528 bytes,    4168176 total
- age   7:    2139672 bytes,    6307848 total
- age   8:      56592 bytes,    6364440 total
: 94224K->8796K(109248K), 0.0080306 secs] 110251K->24882K(502464K), 0.0081390 secs] [Times: user=0.03 sys=0.00, real=0.01 secs] 
Heap after GC invocations=19 (full 1):
 par new generation   total 109248K, used 8796K [0x00000007a0000000, 0x00000007a8000000, 0x00000007a8000000)
  eden space 87424K,   0% used [0x00000007a0000000, 0x00000007a0000000, 0x00000007a5560000)
  from space 21824K,  40% used [0x00000007a6ab0000, 0x00000007a7347378, 0x00000007a8000000)
  to   space 21824K,   0% used [0x00000007a5560000, 0x00000007a5560000, 0x00000007a6ab0000)
 concurrent mark-sweep generation total 393216K, used 16085K [0x00000007a8000000, 0x00000007c0000000, 0x00000007c0000000)
 Metaspace       used 32840K, capacity 33480K, committed 33732K, reserved 1079296K
  class space    used 3865K, capacity 4041K, committed 4064K, reserved 1048576K
}
2016-12-26T10:15:57.693-0100: 23.511: Total time for which application threads were stopped: 0.0087220 seconds, Stopping threads took: 0.0003473 seconds
2016-12-26T10:15:57.699-0100: 23.517: Total time for which application threads were stopped: 0.0052764 seconds, Stopping threads took: 0.0051294 seconds
{Heap before GC invocations=19 (full 1):
 par new generation   total 109248K, used 96220K [0x00000007a0000000, 0x00000007a8000000, 0x00000007a8000000)
  eden space 87424K, 100% used [0x00000007a0000000, 0x00000007a5560000, 0x00000007a5560000)
  from space 21824K,  40% used [0x00000007a6ab0000, 0x00000007a7347378, 0x00000007a8000000)
  to   space 21824K,   0% used [0x00000007a5560000, 0x00000007a5560000, 0x00000007a6ab0000)
 concurrent mark-sweep generation total 393216K, used 16085K [0x00000007a8000000, 0x00000007c0000000, 0x00000007c0000000)
 Metaspace       used 32850K, capacity 33492K, committed 33732K, reserved 1079296K
  class space    used 3866K, capacity 4043K, committed 4064K, reserved 1048576K
2016-12-26T10:15:57.821-0100: 23.639: [GC (Allocation Failure) 2016-12-26T10:15:57.821-0100: 23.639: [ParNew
Desired survivor size 20112992 bytes, new threshold 8 (max 8)
- age   1:     628984 bytes,     628984 total
- age   2:     874768 bytes,    1503752 total
- age   3:    2159224 bytes,    3662976 total
- age   4:     562904 bytes,    4225880 total
- age   5:      81184 bytes,    4307064 total
- age   6:      77464 bytes,    4384528 total
- age   7:     194528 bytes,    4579056 total
- age   8:    2139672 bytes,    6718728 total
: 96220K->8071K(109248K), 0.0357529 secs] 112306K->24213K(502464K), 0.0358610 secs] [Times: user=0.03 sys=0.00, real=0.03 secs] 
Heap after GC invocations=20 (full 1):
 par new generation   total 109248K, used 8071K [0x00000007a0000000, 0x00000007a8000000, 0x00000007a8000000)
  eden space 87424K,   0% used [0x00000007a0000000, 0x00000007a0000000, 0x00000007a5560000)
  from space 21824K,  36% used [0x00000007a5560000, 0x00000007a5d41ea8, 0x00000007a6ab0000)
  to   space 21824K,   0% used [0x00000007a6ab0000, 0x00000007a6ab0000, 0x00000007a8000000)
 concurrent mark-sweep generation total 393216K, used 16142K [0x00000007a8000000, 0x00000007c0000000, 0x00000007c0000000)
 Metaspace       used 32850K, capacity 33492K, committed 33732K, reserved 1079296K
  class space    used 3866K, capacity 4043K, committed 4064K, reserved 1048576K
}
2016-12-26T10:15:57.857-0100: 23.675: Total time for which application threads were stopped: 0.0428351 seconds, Stopping threads took: 0.0067418 seconds
2016-12-26T10:15:57.998-0100: 23.816: Total time for which application threads were stopped: 0.0049224 seconds, Stopping threads took: 0.0047672 seconds
{Heap before GC invocations=20 (full 1):
 par new generation   total 109248K, used 95495K [0x00000007a0000000, 0x00000007a8000000, 0x00000007a8000000)
  eden space 87424K, 100% used [0x00000007a0000000, 0x00000007a5560000, 0x00000007a5560000)
  from space 21824K,  36% used [0x00000007a5560000, 0x00000007a5d41ea8, 0x00000007a6ab0000)
  to   space 21824K,   0% used [0x00000007a6ab0000, 0x00000007a6ab0000, 0x00000007a8000000)
 concurrent mark-sweep generation total 393216K, used 16142K [0x00000007a8000000, 0x00000007c0000000, 0x00000007c0000000)
 Metaspace       used 32875K, capacity 33562K, committed 33732K, reserved 1079296K
  class space    used 3866K, capacity 4044K, committed 4064K, reserved 1048576K
2016-12-26T10:15:58.046-0100: 23.864: [GC (Allocation Failure) 2016-12-26T10:15:58.046-0100: 23.864: [ParNew
Desired survivor size 20112992 bytes, new threshold 8 (max 8)
- age   1:    1553616 bytes,    1553616 total
- age   2:      82216 bytes,    1635832 total
- age   3:     872720 bytes,    2508552 total
- age   4:    1420136 bytes,    3928688 total
- age   5:     562904 bytes,    4491592 total
- age   6:      81184 bytes,    4572776 total
- age   7:      77464 bytes,    4650240 total
- age   8:     194528 bytes,    4844768 total
: 95495K->7272K(109248K), 0.0240773 secs] 111637K->25510K(502464K), 0.0241729 secs] [Times: user=0.05 sys=0.00, real=0.03 secs] 
Heap after GC invocations=21 (full 1):
 par new generation   total 109248K, used 7272K [0x00000007a0000000, 0x00000007a8000000, 0x00000007a8000000)
  eden space 87424K,   0% used [0x00000007a0000000, 0x00000007a0000000, 0x00000007a5560000)
  from space 21824K,  33% used [0x00000007a6ab0000, 0x00000007a71ca110, 0x00000007a8000000)
  to   space 21824K,   0% used [0x00000007a5560000, 0x00000007a5560000, 0x00000007a6ab0000)
 concurrent mark-sweep generation total 393216K, used 18238K [0x00000007a8000000, 0x00000007c0000000, 0x00000007c0000000)
 Metaspace       used 32875K, capacity 33562K, committed 33732K, reserved 1079296K
  class space    used 3866K, capacity 4044K, committed 4064K, reserved 1048576K
}
2016-12-26T10:15:58.070-0100: 23.888: Total time for which application threads were stopped: 0.0244347 seconds, Stopping threads took: 0.0000331 seconds
2016-12-26T10:15:58.071-0100: 23.889: Total time for which application threads were stopped: 0.0001407 seconds, Stopping threads took: 0.0000396 seconds
2016-12-26T10:15:58.219-0100: 24.036: Total time for which application threads were stopped: 0.0008639 seconds, Stopping threads took: 0.0006382 seconds
2016-12-26T10:15:58.219-0100: 24.037: Total time for which application threads were stopped: 0.0007565 seconds, Stopping threads took: 0.0005942 seconds
2016-12-26T10:15:58.220-0100: 24.038: Total time for which application threads were stopped: 0.0001494 seconds, Stopping threads took: 0.0000352 seconds
2016-12-26T10:15:58.221-0100: 24.039: Total time for which application threads were stopped: 0.0009146 seconds, Stopping threads took: 0.0007715 seconds
2016-12-26T10:15:58.221-0100: 24.039: Total time for which application threads were stopped: 0.0001470 seconds, Stopping threads took: 0.0000392 seconds
2016-12-26T10:15:58.221-0100: 24.039: Total time for which application threads were stopped: 0.0001064 seconds, Stopping threads took: 0.0000238 seconds
2016-12-26T10:15:58.221-0100: 24.039: Total time for which application threads were stopped: 0.0001019 seconds, Stopping threads took: 0.0000233 seconds
2016-12-26T10:15:58.247-0100: 24.065: Total time for which application threads were stopped: 0.0015118 seconds, Stopping threads took: 0.0013422 seconds
2016-12-26T10:15:58.257-0100: 24.075: Total time for which application threads were stopped: 0.0032707 seconds, Stopping threads took: 0.0031186 seconds
2016-12-26T10:15:58.257-0100: 24.075: Total time for which application threads were stopped: 0.0001227 seconds, Stopping threads took: 0.0000164 seconds
{Heap before GC invocations=21 (full 1):
 par new generation   total 109248K, used 94677K [0x00000007a0000000, 0x00000007a8000000, 0x00000007a8000000)
  eden space 87424K,  99% used [0x00000007a0000000, 0x00000007a555b500, 0x00000007a5560000)
  from space 21824K,  33% used [0x00000007a6ab0000, 0x00000007a71ca110, 0x00000007a8000000)
  to   space 21824K,   0% used [0x00000007a5560000, 0x00000007a5560000, 0x00000007a6ab0000)
 concurrent mark-sweep generation total 393216K, used 18238K [0x00000007a8000000, 0x00000007c0000000, 0x00000007c0000000)
 Metaspace       used 32921K, capacity 33574K, committed 33732K, reserved 1079296K
  class space    used 3867K, capacity 4046K, committed 4064K, reserved 1048576K
2016-12-26T10:15:58.283-0100: 24.101: [GC (Allocation Failure) 2016-12-26T10:15:58.283-0100: 24.101: [ParNew
Desired survivor size 20112992 bytes, new threshold 8 (max 8)
- age   1:    1501560 bytes,    1501560 total
- age   2:    1175352 bytes,    2676912 total
- age   3:      82216 bytes,    2759128 total
- age   4:     128472 bytes,    2887600 total
- age   5:    1414992 bytes,    4302592 total
- age   6:     562904 bytes,    4865496 total
- age   7:      81184 bytes,    4946680 total
- age   8:      77464 bytes,    5024144 total
: 94677K->5933K(109248K), 0.0241492 secs] 112915K->24364K(502464K), 0.0242503 secs] [Times: user=0.04 sys=0.01, real=0.02 secs] 
Heap after GC invocations=22 (full 1):
 par new generation   total 109248K, used 5933K [0x00000007a0000000, 0x00000007a8000000, 0x00000007a8000000)
  eden space 87424K,   0% used [0x00000007a0000000, 0x00000007a0000000, 0x00000007a5560000)
  from space 21824K,  27% used [0x00000007a5560000, 0x00000007a5b2b740, 0x00000007a6ab0000)
  to   space 21824K,   0% used [0x00000007a6ab0000, 0x00000007a6ab0000, 0x00000007a8000000)
 concurrent mark-sweep generation total 393216K, used 18430K [0x00000007a8000000, 0x00000007c0000000, 0x00000007c0000000)
 Metaspace       used 32921K, capacity 33574K, committed 33732K, reserved 1079296K
  class space    used 3867K, capacity 4046K, committed 4064K, reserved 1048576K
}
2016-12-26T10:15:58.308-0100: 24.125: Total time for which application threads were stopped: 0.0245299 seconds, Stopping threads took: 0.0000436 seconds
2016-12-26T10:15:58.308-0100: 24.126: Total time for which application threads were stopped: 0.0002688 seconds, Stopping threads took: 0.0001292 seconds
2016-12-26T10:15:58.308-0100: 24.126: Total time for which application threads were stopped: 0.0002216 seconds, Stopping threads took: 0.0000790 seconds
2016-12-26T10:15:58.310-0100: 24.128: Total time for which application threads were stopped: 0.0007836 seconds, Stopping threads took: 0.0006500 seconds
{Heap before GC invocations=22 (full 1):
 par new generation   total 109248K, used 93357K [0x00000007a0000000, 0x00000007a8000000, 0x00000007a8000000)
  eden space 87424K, 100% used [0x00000007a0000000, 0x00000007a5560000, 0x00000007a5560000)
  from space 21824K,  27% used [0x00000007a5560000, 0x00000007a5b2b740, 0x00000007a6ab0000)
  to   space 21824K,   0% used [0x00000007a6ab0000, 0x00000007a6ab0000, 0x00000007a8000000)
 concurrent mark-sweep generation total 393216K, used 18430K [0x00000007a8000000, 0x00000007c0000000, 0x00000007c0000000)
 Metaspace       used 32922K, capacity 33574K, committed 33732K, reserved 1079296K
  class space    used 3867K, capacity 4046K, committed 4064K, reserved 1048576K
2016-12-26T10:15:58.444-0100: 24.262: [GC (Allocation Failure) 2016-12-26T10:15:58.444-0100: 24.262: [ParNew
Desired survivor size 20112992 bytes, new threshold 8 (max 8)
- age   1:     295664 bytes,     295664 total
- age   2:    1425664 bytes,    1721328 total
- age   3:    1165608 bytes,    2886936 total
- age   4:      82216 bytes,    2969152 total
- age   5:     128472 bytes,    3097624 total
- age   6:    1405328 bytes,    4502952 total
- age   7:     562904 bytes,    5065856 total
- age   8:      81184 bytes,    5147040 total
: 93357K->7593K(109248K), 0.0247158 secs] 111788K->26102K(502464K), 0.0248344 secs] [Times: user=0.04 sys=0.00, real=0.02 secs] 
Heap after GC invocations=23 (full 1):
 par new generation   total 109248K, used 7593K [0x00000007a0000000, 0x00000007a8000000, 0x00000007a8000000)
  eden space 87424K,   0% used [0x00000007a0000000, 0x00000007a0000000, 0x00000007a5560000)
  from space 21824K,  34% used [0x00000007a6ab0000, 0x00000007a721a5e0, 0x00000007a8000000)
  to   space 21824K,   0% used [0x00000007a5560000, 0x00000007a5560000, 0x00000007a6ab0000)
 concurrent mark-sweep generation total 393216K, used 18508K [0x00000007a8000000, 0x00000007c0000000, 0x00000007c0000000)
 Metaspace       used 32922K, capacity 33574K, committed 33732K, reserved 1079296K
  class space    used 3867K, capacity 4046K, committed 4064K, reserved 1048576K
}
2016-12-26T10:15:58.469-0100: 24.287: Total time for which application threads were stopped: 0.0251522 seconds, Stopping threads took: 0.0000633 seconds
2016-12-26T10:15:58.472-0100: 24.290: Total time for which application threads were stopped: 0.0001347 seconds, Stopping threads took: 0.0000321 seconds
2016-12-26T10:15:58.591-0100: 24.409: Total time for which application threads were stopped: 0.0003465 seconds, Stopping threads took: 0.0002160 seconds
2016-12-26T10:15:58.592-0100: 24.409: Total time for which application threads were stopped: 0.0000666 seconds, Stopping threads took: 0.0000232 seconds
2016-12-26T10:15:58.592-0100: 24.409: Total time for which application threads were stopped: 0.0000572 seconds, Stopping threads took: 0.0000248 seconds
2016-12-26T10:15:58.592-0100: 24.410: Total time for which application threads were stopped: 0.0000592 seconds, Stopping threads took: 0.0000252 seconds
2016-12-26T10:15:58.592-0100: 24.410: Total time for which application threads were stopped: 0.0000741 seconds, Stopping threads took: 0.0000296 seconds
2016-12-26T10:15:58.592-0100: 24.410: Total time for which application threads were stopped: 0.0000764 seconds, Stopping threads took: 0.0000334 seconds
2016-12-26T10:15:58.592-0100: 24.410: Total time for which application threads were stopped: 0.0000652 seconds, Stopping threads took: 0.0000161 seconds
2016-12-26T10:15:58.600-0100: 24.418: Total time for which application threads were stopped: 0.0001295 seconds, Stopping threads took: 0.0000237 seconds
2016-12-26T10:15:58.604-0100: 24.421: Total time for which application threads were stopped: 0.0001130 seconds, Stopping threads took: 0.0000403 seconds
2016-12-26T10:15:58.604-0100: 24.422: Total time for which application threads were stopped: 0.0000411 seconds, Stopping threads took: 0.0000087 seconds
2016-12-26T10:16:50.774-0100: 76.591: Total time for which application threads were stopped: 0.0001466 seconds, Stopping threads took: 0.0000315 seconds
2016-12-26T10:17:13.846-0100: 99.662: Total time for which application threads were stopped: 0.0001071 seconds, Stopping threads took: 0.0000285 seconds
2016-12-26T10:17:15.854-0100: 101.670: Total time for which application threads were stopped: 0.0001442 seconds, Stopping threads took: 0.0000330 seconds
2016-12-26T10:17:22.874-0100: 108.689: Total time for which application threads were stopped: 0.0001576 seconds, Stopping threads took: 0.0000290 seconds
2016-12-26T10:17:23.115-0100: 108.931: Total time for which application threads were stopped: 0.0003313 seconds, Stopping threads took: 0.0000337 seconds
2016-12-26T10:17:23.120-0100: 108.936: Total time for which application threads were stopped: 0.0003534 seconds, Stopping threads took: 0.0001063 seconds
2016-12-26T10:17:23.123-0100: 108.939: Total time for which application threads were stopped: 0.0001461 seconds, Stopping threads took: 0.0000312 seconds
2016-12-26T10:17:23.123-0100: 108.939: Total time for which application threads were stopped: 0.0002035 seconds, Stopping threads took: 0.0000149 seconds
2016-12-26T10:17:23.124-0100: 108.939: Total time for which application threads were stopped: 0.0000910 seconds, Stopping threads took: 0.0000166 seconds
2016-12-26T10:17:23.124-0100: 108.940: Total time for which application threads were stopped: 0.0001322 seconds, Stopping threads took: 0.0000526 seconds
2016-12-26T10:17:23.125-0100: 108.942: Total time for which application threads were stopped: 0.0016318 seconds, Stopping threads took: 0.0001691 seconds
2016-12-26T10:17:23.127-0100: 108.943: Total time for which application threads were stopped: 0.0001305 seconds, Stopping threads took: 0.0000484 seconds
2016-12-26T10:17:23.127-0100: 108.943: Total time for which application threads were stopped: 0.0000557 seconds, Stopping threads took: 0.0000127 seconds
2016-12-26T10:17:23.127-0100: 108.943: Total time for which application threads were stopped: 0.0000652 seconds, Stopping threads took: 0.0000278 seconds
2016-12-26T10:17:23.127-0100: 108.943: Total time for which application threads were stopped: 0.0000475 seconds, Stopping threads took: 0.0000105 seconds
2016-12-26T10:17:23.127-0100: 108.943: Total time for which application threads were stopped: 0.0000572 seconds, Stopping threads took: 0.0000188 seconds
2016-12-26T10:17:23.127-0100: 108.943: Total time for which application threads were stopped: 0.0000536 seconds, Stopping threads took: 0.0000099 seconds
2016-12-26T10:17:23.127-0100: 108.943: Total time for which application threads were stopped: 0.0000698 seconds, Stopping threads took: 0.0000332 seconds
2016-12-26T10:17:23.128-0100: 108.944: Total time for which application threads were stopped: 0.0001264 seconds, Stopping threads took: 0.0000365 seconds
2016-12-26T10:17:23.129-0100: 108.944: Total time for which application threads were stopped: 0.0000789 seconds, Stopping threads took: 0.0000238 seconds
2016-12-26T10:17:23.151-0100: 108.967: Total time for which application threads were stopped: 0.0001865 seconds, Stopping threads took: 0.0000581 seconds
2016-12-26T10:17:23.152-0100: 108.967: Total time for which application threads were stopped: 0.0001684 seconds, Stopping threads took: 0.0000608 seconds
2016-12-26T10:17:23.166-0100: 108.981: Total time for which application threads were stopped: 0.0001791 seconds, Stopping threads took: 0.0000483 seconds
2016-12-26T10:17:23.166-0100: 108.982: Total time for which application threads were stopped: 0.0001154 seconds, Stopping threads took: 0.0000329 seconds
2016-12-26T10:17:23.166-0100: 108.982: Total time for which application threads were stopped: 0.0000879 seconds, Stopping threads took: 0.0000120 seconds
2016-12-26T10:17:23.167-0100: 108.982: Total time for which application threads were stopped: 0.0000709 seconds, Stopping threads took: 0.0000187 seconds
2016-12-26T10:17:23.167-0100: 108.983: Total time for which application threads were stopped: 0.0001079 seconds, Stopping threads took: 0.0000519 seconds
2016-12-26T10:17:23.178-0100: 108.994: Total time for which application threads were stopped: 0.0001143 seconds, Stopping threads took: 0.0000223 seconds
2016-12-26T10:17:23.178-0100: 108.994: Total time for which application threads were stopped: 0.0000737 seconds, Stopping threads took: 0.0000125 seconds
2016-12-26T10:17:23.178-0100: 108.994: Total time for which application threads were stopped: 0.0000645 seconds, Stopping threads took: 0.0000102 seconds
2016-12-26T10:17:23.179-0100: 108.994: Total time for which application threads were stopped: 0.0000644 seconds, Stopping threads took: 0.0000087 seconds
2016-12-26T10:17:23.179-0100: 108.995: Total time for which application threads were stopped: 0.0001726 seconds, Stopping threads took: 0.0000093 seconds
2016-12-26T10:17:23.192-0100: 109.008: Total time for which application threads were stopped: 0.0001645 seconds, Stopping threads took: 0.0000481 seconds
2016-12-26T10:17:23.192-0100: 109.008: Total time for which application threads were stopped: 0.0000836 seconds, Stopping threads took: 0.0000119 seconds
2016-12-26T10:17:23.205-0100: 109.021: Total time for which application threads were stopped: 0.0001857 seconds, Stopping threads took: 0.0000381 seconds
2016-12-26T10:17:23.205-0100: 109.021: Total time for which application threads were stopped: 0.0001135 seconds, Stopping threads took: 0.0000280 seconds
2016-12-26T10:17:28.221-0100: 114.036: Total time for which application threads were stopped: 0.0001684 seconds, Stopping threads took: 0.0000395 seconds
2016-12-26T10:18:18.367-0100: 164.182: Total time for which application threads were stopped: 0.0001677 seconds, Stopping threads took: 0.0000546 seconds
2016-12-26T10:18:58.481-0100: 204.294: Total time for which application threads were stopped: 0.0002308 seconds, Stopping threads took: 0.0000638 seconds
2016-12-26T10:19:03.499-0100: 209.312: Total time for which application threads were stopped: 0.0001816 seconds, Stopping threads took: 0.0000418 seconds
{Heap before GC invocations=23 (full 1):
 par new generation   total 109248K, used 95017K [0x00000007a0000000, 0x00000007a8000000, 0x00000007a8000000)
  eden space 87424K, 100% used [0x00000007a0000000, 0x00000007a5560000, 0x00000007a5560000)
  from space 21824K,  34% used [0x00000007a6ab0000, 0x00000007a721a5e0, 0x00000007a8000000)
  to   space 21824K,   0% used [0x00000007a5560000, 0x00000007a5560000, 0x00000007a6ab0000)
 concurrent mark-sweep generation total 393216K, used 18508K [0x00000007a8000000, 0x00000007c0000000, 0x00000007c0000000)
 Metaspace       used 33285K, capacity 33914K, committed 33988K, reserved 1079296K
  class space    used 3891K, capacity 4060K, committed 4064K, reserved 1048576K
2016-12-26T10:19:12.303-0100: 218.116: [GC (Allocation Failure) 2016-12-26T10:19:12.303-0100: 218.116: [ParNew
Desired survivor size 20112992 bytes, new threshold 8 (max 8)
- age   1:    2646936 bytes,    2646936 total
- age   2:      95912 bytes,    2742848 total
- age   3:     679840 bytes,    3422688 total
- age   4:    1163464 bytes,    4586152 total
- age   5:      82216 bytes,    4668368 total
- age   6:     128472 bytes,    4796840 total
- age   7:    1383840 bytes,    6180680 total
- age   8:     561560 bytes,    6742240 total
: 95017K->7609K(109248K), 0.0158269 secs] 113526K->26199K(502464K), 0.0159245 secs] [Times: user=0.03 sys=0.00, real=0.01 secs] 
Heap after GC invocations=24 (full 1):
 par new generation   total 109248K, used 7609K [0x00000007a0000000, 0x00000007a8000000, 0x00000007a8000000)
  eden space 87424K,   0% used [0x00000007a0000000, 0x00000007a0000000, 0x00000007a5560000)
  from space 21824K,  34% used [0x00000007a5560000, 0x00000007a5cce5e0, 0x00000007a6ab0000)
  to   space 21824K,   0% used [0x00000007a6ab0000, 0x00000007a6ab0000, 0x00000007a8000000)
 concurrent mark-sweep generation total 393216K, used 18589K [0x00000007a8000000, 0x00000007c0000000, 0x00000007c0000000)
 Metaspace       used 33285K, capacity 33914K, committed 33988K, reserved 1079296K
  class space    used 3891K, capacity 4060K, committed 4064K, reserved 1048576K
}
2016-12-26T10:19:12.319-0100: 218.132: Total time for which application threads were stopped: 0.0161996 seconds, Stopping threads took: 0.0000397 seconds
{Heap before GC invocations=24 (full 1):
 par new generation   total 109248K, used 95033K [0x00000007a0000000, 0x00000007a8000000, 0x00000007a8000000)
  eden space 87424K, 100% used [0x00000007a0000000, 0x00000007a5560000, 0x00000007a5560000)
  from space 21824K,  34% used [0x00000007a5560000, 0x00000007a5cce5e0, 0x00000007a6ab0000)
  to   space 21824K,   0% used [0x00000007a6ab0000, 0x00000007a6ab0000, 0x00000007a8000000)
 concurrent mark-sweep generation total 393216K, used 18589K [0x00000007a8000000, 0x00000007c0000000, 0x00000007c0000000)
 Metaspace       used 33286K, capacity 33914K, committed 33988K, reserved 1079296K
  class space    used 3891K, capacity 4060K, committed 4064K, reserved 1048576K
2016-12-26T10:19:12.345-0100: 218.158: [GC (Allocation Failure) 2016-12-26T10:19:12.345-0100: 218.158: [ParNew
Desired survivor size 20112992 bytes, new threshold 8 (max 8)
- age   1:     400184 bytes,     400184 total
- age   2:    2206152 bytes,    2606336 total
- age   3:      95912 bytes,    2702248 total
- age   4:     679840 bytes,    3382088 total
- age   5:    1163528 bytes,    4545616 total
- age   6:      82216 bytes,    4627832 total
- age   7:     128472 bytes,    4756304 total
- age   8:    1377968 bytes,    6134272 total
: 95033K->11047K(109248K), 0.0420645 secs] 113623K->30188K(502464K), 0.0421528 secs] [Times: user=0.04 sys=0.01, real=0.04 secs] 
Heap after GC invocations=25 (full 1):
 par new generation   total 109248K, used 11047K [0x00000007a0000000, 0x00000007a8000000, 0x00000007a8000000)
  eden space 87424K,   0% used [0x00000007a0000000, 0x00000007a0000000, 0x00000007a5560000)
  from space 21824K,  50% used [0x00000007a6ab0000, 0x00000007a7579c40, 0x00000007a8000000)
  to   space 21824K,   0% used [0x00000007a5560000, 0x00000007a5560000, 0x00000007a6ab0000)
 concurrent mark-sweep generation total 393216K, used 19141K [0x00000007a8000000, 0x00000007c0000000, 0x00000007c0000000)
 Metaspace       used 33286K, capacity 33914K, committed 33988K, reserved 1079296K
  class space    used 3891K, capacity 4060K, committed 4064K, reserved 1048576K
}
2016-12-26T10:19:12.387-0100: 218.201: Total time for which application threads were stopped: 0.0429239 seconds, Stopping threads took: 0.0005448 seconds
{Heap before GC invocations=25 (full 1):
 par new generation   total 109248K, used 98471K [0x00000007a0000000, 0x00000007a8000000, 0x00000007a8000000)
  eden space 87424K, 100% used [0x00000007a0000000, 0x00000007a5560000, 0x00000007a5560000)
  from space 21824K,  50% used [0x00000007a6ab0000, 0x00000007a7579c40, 0x00000007a8000000)
  to   space 21824K,   0% used [0x00000007a5560000, 0x00000007a5560000, 0x00000007a6ab0000)
 concurrent mark-sweep generation total 393216K, used 19141K [0x00000007a8000000, 0x00000007c0000000, 0x00000007c0000000)
 Metaspace       used 33286K, capacity 33914K, committed 33988K, reserved 1079296K
  class space    used 3891K, capacity 4060K, committed 4064K, reserved 1048576K
2016-12-26T10:19:12.438-0100: 218.251: [GC (Allocation Failure) 2016-12-26T10:19:12.438-0100: 218.251: [ParNew
Desired survivor size 20112992 bytes, new threshold 8 (max 8)
- age   1:     252248 bytes,     252248 total
- age   2:      85368 bytes,     337616 total
- age   3:    2205880 bytes,    2543496 total
- age   4:      95912 bytes,    2639408 total
- age   5:     679840 bytes,    3319248 total
- age   6:    1163464 bytes,    4482712 total
- age   7:      82216 bytes,    4564928 total
- age   8:     128472 bytes,    4693400 total
: 98471K->5634K(109248K), 0.0762007 secs] 117612K->26132K(502464K), 0.0762821 secs] [Times: user=0.08 sys=0.00, real=0.08 secs] 
Heap after GC invocations=26 (full 1):
 par new generation   total 109248K, used 5634K [0x00000007a0000000, 0x00000007a8000000, 0x00000007a8000000)
  eden space 87424K,   0% used [0x00000007a0000000, 0x00000007a0000000, 0x00000007a5560000)
  from space 21824K,  25% used [0x00000007a5560000, 0x00000007a5ae08d8, 0x00000007a6ab0000)
  to   space 21824K,   0% used [0x00000007a6ab0000, 0x00000007a6ab0000, 0x00000007a8000000)
 concurrent mark-sweep generation total 393216K, used 20498K [0x00000007a8000000, 0x00000007c0000000, 0x00000007c0000000)
 Metaspace       used 33286K, capacity 33914K, committed 33988K, reserved 1079296K
  class space    used 3891K, capacity 4060K, committed 4064K, reserved 1048576K
}
2016-12-26T10:19:12.514-0100: 218.328: Total time for which application threads were stopped: 0.0766243 seconds, Stopping threads took: 0.0001232 seconds
2016-12-26T10:19:12.621-0100: 218.434: Total time for which application threads were stopped: 0.0001638 seconds, Stopping threads took: 0.0000448 seconds
2016-12-26T10:19:12.625-0100: 218.438: Total time for which application threads were stopped: 0.0001088 seconds, Stopping threads took: 0.0000235 seconds
2016-12-26T10:19:12.633-0100: 218.446: Total time for which application threads were stopped: 0.0001307 seconds, Stopping threads took: 0.0000453 seconds
2016-12-26T10:19:12.681-0100: 218.494: Total time for which application threads were stopped: 0.0001133 seconds, Stopping threads took: 0.0000234 seconds
2016-12-26T10:19:12.681-0100: 218.494: Total time for which application threads were stopped: 0.0000735 seconds, Stopping threads took: 0.0000106 seconds
2016-12-26T10:19:12.698-0100: 218.511: Total time for which application threads were stopped: 0.0001127 seconds, Stopping threads took: 0.0000235 seconds
2016-12-26T10:19:12.727-0100: 218.540: Total time for which application threads were stopped: 0.0007188 seconds, Stopping threads took: 0.0000276 seconds
2016-12-26T10:19:12.730-0100: 218.543: Total time for which application threads were stopped: 0.0007712 seconds, Stopping threads took: 0.0000301 seconds
2016-12-26T10:19:12.744-0100: 218.557: Total time for which application threads were stopped: 0.0001450 seconds, Stopping threads took: 0.0000442 seconds
2016-12-26T10:19:12.753-0100: 218.566: Total time for which application threads were stopped: 0.0007144 seconds, Stopping threads took: 0.0000258 seconds
2016-12-26T10:19:12.755-0100: 218.568: Total time for which application threads were stopped: 0.0007528 seconds, Stopping threads took: 0.0000239 seconds
2016-12-26T10:19:12.847-0100: 218.660: Total time for which application threads were stopped: 0.0001568 seconds, Stopping threads took: 0.0000340 seconds
2016-12-26T10:19:12.862-0100: 218.675: Total time for which application threads were stopped: 0.0001410 seconds, Stopping threads took: 0.0000285 seconds
2016-12-26T10:19:12.865-0100: 218.679: Total time for which application threads were stopped: 0.0001420 seconds, Stopping threads took: 0.0000313 seconds
2016-12-26T10:19:12.865-0100: 218.679: Total time for which application threads were stopped: 0.0000920 seconds, Stopping threads took: 0.0000136 seconds
2016-12-26T10:19:12.866-0100: 218.679: Total time for which application threads were stopped: 0.0000788 seconds, Stopping threads took: 0.0000111 seconds
2016-12-26T10:19:12.866-0100: 218.679: Total time for which application threads were stopped: 0.0002441 seconds, Stopping threads took: 0.0001511 seconds
2016-12-26T10:19:12.866-0100: 218.679: Total time for which application threads were stopped: 0.0000846 seconds, Stopping threads took: 0.0000125 seconds
2016-12-26T10:19:12.867-0100: 218.680: Total time for which application threads were stopped: 0.0001039 seconds, Stopping threads took: 0.0000180 seconds
2016-12-26T10:19:12.907-0100: 218.720: Total time for which application threads were stopped: 0.0001042 seconds, Stopping threads took: 0.0000257 seconds
2016-12-26T10:19:12.908-0100: 218.722: Total time for which application threads were stopped: 0.0001372 seconds, Stopping threads took: 0.0000467 seconds
2016-12-26T10:19:12.909-0100: 218.722: Total time for which application threads were stopped: 0.0000867 seconds, Stopping threads took: 0.0000194 seconds
2016-12-26T10:19:12.909-0100: 218.722: Total time for which application threads were stopped: 0.0001104 seconds, Stopping threads took: 0.0000434 seconds
2016-12-26T10:19:12.912-0100: 218.725: Total time for which application threads were stopped: 0.0001728 seconds, Stopping threads took: 0.0000780 seconds
2016-12-26T10:19:12.913-0100: 218.726: Total time for which application threads were stopped: 0.0001537 seconds, Stopping threads took: 0.0000394 seconds
2016-12-26T10:19:13.796-0100: 219.609: Total time for which application threads were stopped: 0.0001633 seconds, Stopping threads took: 0.0000451 seconds
2016-12-26T10:19:14.085-0100: 219.898: Total time for which application threads were stopped: 0.0001649 seconds, Stopping threads took: 0.0000459 seconds
2016-12-26T10:19:14.085-0100: 219.899: Total time for which application threads were stopped: 0.0001455 seconds, Stopping threads took: 0.0000214 seconds
{Heap before GC invocations=26 (full 1):
 par new generation   total 109248K, used 93047K [0x00000007a0000000, 0x00000007a8000000, 0x00000007a8000000)
  eden space 87424K,  99% used [0x00000007a0000000, 0x00000007a555d700, 0x00000007a5560000)
  from space 21824K,  25% used [0x00000007a5560000, 0x00000007a5ae08d8, 0x00000007a6ab0000)
  to   space 21824K,   0% used [0x00000007a6ab0000, 0x00000007a6ab0000, 0x00000007a8000000)
 concurrent mark-sweep generation total 393216K, used 20498K [0x00000007a8000000, 0x00000007c0000000, 0x00000007c0000000)
 Metaspace       used 34082K, capacity 34720K, committed 34884K, reserved 1079296K
  class space    used 3975K, capacity 4157K, committed 4192K, reserved 1048576K
2016-12-26T10:19:14.102-0100: 219.915: [GC (Allocation Failure) 2016-12-26T10:19:14.102-0100: 219.915: [ParNew
Desired survivor size 20112992 bytes, new threshold 8 (max 8)
- age   1:    8249224 bytes,    8249224 total
- age   2:      91304 bytes,    8340528 total
- age   3:      84240 bytes,    8424768 total
- age   4:    1083176 bytes,    9507944 total
- age   5:      95912 bytes,    9603856 total
- age   6:     679784 bytes,   10283640 total
- age   7:    1163464 bytes,   11447104 total
- age   8:      82216 bytes,   11529320 total
: 93047K->12335K(109248K), 0.0273474 secs] 113546K->32961K(502464K), 0.0274804 secs] [Times: user=0.03 sys=0.00, real=0.02 secs] 
Heap after GC invocations=27 (full 1):
 par new generation   total 109248K, used 12335K [0x00000007a0000000, 0x00000007a8000000, 0x00000007a8000000)
  eden space 87424K,   0% used [0x00000007a0000000, 0x00000007a0000000, 0x00000007a5560000)
  from space 21824K,  56% used [0x00000007a6ab0000, 0x00000007a76bbc00, 0x00000007a8000000)
  to   space 21824K,   0% used [0x00000007a5560000, 0x00000007a5560000, 0x00000007a6ab0000)
 concurrent mark-sweep generation total 393216K, used 20626K [0x00000007a8000000, 0x00000007c0000000, 0x00000007c0000000)
 Metaspace       used 34082K, capacity 34720K, committed 34884K, reserved 1079296K
  class space    used 3975K, capacity 4157K, committed 4192K, reserved 1048576K
}
2016-12-26T10:19:14.129-0100: 219.942: Total time for which application threads were stopped: 0.0277624 seconds, Stopping threads took: 0.0000348 seconds
2016-12-26T10:19:14.144-0100: 219.957: Total time for which application threads were stopped: 0.0096505 seconds, Stopping threads took: 0.0094682 seconds
{Heap before GC invocations=27 (full 1):
 par new generation   total 109248K, used 99759K [0x00000007a0000000, 0x00000007a8000000, 0x00000007a8000000)
  eden space 87424K, 100% used [0x00000007a0000000, 0x00000007a5560000, 0x00000007a5560000)
  from space 21824K,  56% used [0x00000007a6ab0000, 0x00000007a76bbc00, 0x00000007a8000000)
  to   space 21824K,   0% used [0x00000007a5560000, 0x00000007a5560000, 0x00000007a6ab0000)
 concurrent mark-sweep generation total 393216K, used 20626K [0x00000007a8000000, 0x00000007c0000000, 0x00000007c0000000)
 Metaspace       used 34261K, capacity 34912K, committed 35140K, reserved 1081344K
  class space    used 3999K, capacity 4157K, committed 4192K, reserved 1048576K
2016-12-26T10:19:14.164-0100: 219.977: [GC (Allocation Failure) 2016-12-26T10:19:14.164-0100: 219.977: [ParNew
Desired survivor size 20112992 bytes, new threshold 8 (max 8)
- age   1:     595216 bytes,     595216 total
- age   2:    7458448 bytes,    8053664 total
- age   3:      91304 bytes,    8144968 total
- age   4:      84240 bytes,    8229208 total
- age   5:    1082928 bytes,    9312136 total
- age   6:      95912 bytes,    9408048 total
- age   7:     679784 bytes,   10087832 total
- age   8:    1163464 bytes,   11251296 total
: 99759K->15875K(109248K), 0.0403911 secs] 120385K->36584K(502464K), 0.0405484 secs] [Times: user=0.04 sys=0.00, real=0.04 secs] 
Heap after GC invocations=28 (full 1):
 par new generation   total 109248K, used 15875K [0x00000007a0000000, 0x00000007a8000000, 0x00000007a8000000)
  eden space 87424K,   0% used [0x00000007a0000000, 0x00000007a0000000, 0x00000007a5560000)
  from space 21824K,  72% used [0x00000007a5560000, 0x00000007a64e0d98, 0x00000007a6ab0000)
  to   space 21824K,   0% used [0x00000007a6ab0000, 0x00000007a6ab0000, 0x00000007a8000000)
 concurrent mark-sweep generation total 393216K, used 20709K [0x00000007a8000000, 0x00000007c0000000, 0x00000007c0000000)
 Metaspace       used 34261K, capacity 34912K, committed 35140K, reserved 1081344K
  class space    used 3999K, capacity 4157K, committed 4192K, reserved 1048576K
}
2016-12-26T10:19:14.205-0100: 220.018: Total time for which application threads were stopped: 0.0409616 seconds, Stopping threads took: 0.0001575 seconds
{Heap before GC invocations=28 (full 1):
 par new generation   total 109248K, used 103299K [0x00000007a0000000, 0x00000007a8000000, 0x00000007a8000000)
  eden space 87424K, 100% used [0x00000007a0000000, 0x00000007a5560000, 0x00000007a5560000)
  from space 21824K,  72% used [0x00000007a5560000, 0x00000007a64e0d98, 0x00000007a6ab0000)
  to   space 21824K,   0% used [0x00000007a6ab0000, 0x00000007a6ab0000, 0x00000007a8000000)
 concurrent mark-sweep generation total 393216K, used 20709K [0x00000007a8000000, 0x00000007c0000000, 0x00000007c0000000)
 Metaspace       used 34452K, capacity 35072K, committed 35140K, reserved 1081344K
  class space    used 4024K, capacity 4189K, committed 4192K, reserved 1048576K
2016-12-26T10:19:14.253-0100: 220.066: [GC (Allocation Failure) 2016-12-26T10:19:14.253-0100: 220.066: [ParNew
Desired survivor size 20112992 bytes, new threshold 8 (max 8)
- age   1:     886504 bytes,     886504 total
- age   2:     110928 bytes,     997432 total
- age   3:    9686688 bytes,   10684120 total
- age   4:      91304 bytes,   10775424 total
- age   5:      84240 bytes,   10859664 total
- age   6:    1082928 bytes,   11942592 total
- age   7:      95912 bytes,   12038504 total
- age   8:     679784 bytes,   12718288 total
: 103299K->15791K(109248K), 0.0245414 secs] 124008K->37642K(502464K), 0.0246524 secs] [Times: user=0.04 sys=0.00, real=0.02 secs] 
Heap after GC invocations=29 (full 1):
 par new generation   total 109248K, used 15791K [0x00000007a0000000, 0x00000007a8000000, 0x00000007a8000000)
  eden space 87424K,   0% used [0x00000007a0000000, 0x00000007a0000000, 0x00000007a5560000)
  from space 21824K,  72% used [0x00000007a6ab0000, 0x00000007a7a1bf70, 0x00000007a8000000)
  to   space 21824K,   0% used [0x00000007a5560000, 0x00000007a5560000, 0x00000007a6ab0000)
 concurrent mark-sweep generation total 393216K, used 21850K [0x00000007a8000000, 0x00000007c0000000, 0x00000007c0000000)
 Metaspace       used 34452K, capacity 35072K, committed 35140K, reserved 1081344K
  class space    used 4024K, capacity 4189K, committed 4192K, reserved 1048576K
}
2016-12-26T10:19:14.277-0100: 220.091: Total time for which application threads were stopped: 0.0250305 seconds, Stopping threads took: 0.0001287 seconds
{Heap before GC invocations=29 (full 1):
 par new generation   total 109248K, used 103215K [0x00000007a0000000, 0x00000007a8000000, 0x00000007a8000000)
  eden space 87424K, 100% used [0x00000007a0000000, 0x00000007a5560000, 0x00000007a5560000)
  from space 21824K,  72% used [0x00000007a6ab0000, 0x00000007a7a1bf70, 0x00000007a8000000)
  to   space 21824K,   0% used [0x00000007a5560000, 0x00000007a5560000, 0x00000007a6ab0000)
 concurrent mark-sweep generation total 393216K, used 21850K [0x00000007a8000000, 0x00000007c0000000, 0x00000007c0000000)
 Metaspace       used 34458K, capacity 35072K, committed 35140K, reserved 1081344K
  class space    used 4024K, capacity 4189K, committed 4192K, reserved 1048576K
2016-12-26T10:19:14.467-0100: 220.281: [GC (Allocation Failure) 2016-12-26T10:19:14.467-0100: 220.281: [ParNew
Desired survivor size 20112992 bytes, new threshold 8 (max 8)
- age   1:     760888 bytes,     760888 total
- age   2:     120880 bytes,     881768 total
- age   3:     109512 bytes,     991280 total
- age   4:    7457448 bytes,    8448728 total
- age   5:      91304 bytes,    8540032 total
- age   6:      84240 bytes,    8624272 total
- age   7:    1082928 bytes,    9707200 total
- age   8:      95912 bytes,    9803112 total
: 103215K->12467K(109248K), 0.0111763 secs] 125066K->34988K(502464K), 0.0112697 secs] [Times: user=0.03 sys=0.00, real=0.01 secs] 
Heap after GC invocations=30 (full 1):
 par new generation   total 109248K, used 12467K [0x00000007a0000000, 0x00000007a8000000, 0x00000007a8000000)
  eden space 87424K,   0% used [0x00000007a0000000, 0x00000007a0000000, 0x00000007a5560000)
  from space 21824K,  57% used [0x00000007a5560000, 0x00000007a618cf70, 0x00000007a6ab0000)
  to   space 21824K,   0% used [0x00000007a6ab0000, 0x00000007a6ab0000, 0x00000007a8000000)
 concurrent mark-sweep generation total 393216K, used 22521K [0x00000007a8000000, 0x00000007c0000000, 0x00000007c0000000)
 Metaspace       used 34458K, capacity 35072K, committed 35140K, reserved 1081344K
  class space    used 4024K, capacity 4189K, committed 4192K, reserved 1048576K
}
2016-12-26T10:19:14.479-0100: 220.292: Total time for which application threads were stopped: 0.0142733 seconds, Stopping threads took: 0.0027751 seconds
2016-12-26T10:19:14.558-0100: 220.371: Total time for which application threads were stopped: 0.0007129 seconds, Stopping threads took: 0.0000264 seconds
2016-12-26T10:19:14.569-0100: 220.383: Total time for which application threads were stopped: 0.0001631 seconds, Stopping threads took: 0.0000458 seconds
2016-12-26T10:19:14.571-0100: 220.384: Total time for which application threads were stopped: 0.0001305 seconds, Stopping threads took: 0.0000245 seconds
2016-12-26T10:19:14.571-0100: 220.384: Total time for which application threads were stopped: 0.0001034 seconds, Stopping threads took: 0.0000190 seconds
2016-12-26T10:19:14.571-0100: 220.384: Total time for which application threads were stopped: 0.0000707 seconds, Stopping threads took: 0.0000095 seconds
2016-12-26T10:19:14.571-0100: 220.384: Total time for which application threads were stopped: 0.0000664 seconds, Stopping threads took: 0.0000078 seconds
2016-12-26T10:19:14.571-0100: 220.385: Total time for which application threads were stopped: 0.0000811 seconds, Stopping threads took: 0.0000118 seconds
2016-12-26T10:19:14.572-0100: 220.385: Total time for which application threads were stopped: 0.0000759 seconds, Stopping threads took: 0.0000105 seconds
2016-12-26T10:19:14.631-0100: 220.445: Total time for which application threads were stopped: 0.0001683 seconds, Stopping threads took: 0.0000429 seconds
2016-12-26T10:19:14.634-0100: 220.447: Total time for which application threads were stopped: 0.0001685 seconds, Stopping threads took: 0.0000320 seconds
2016-12-26T10:19:14.669-0100: 220.482: Total time for which application threads were stopped: 0.0001320 seconds, Stopping threads took: 0.0000259 seconds
2016-12-26T10:19:14.671-0100: 220.484: Total time for which application threads were stopped: 0.0001509 seconds, Stopping threads took: 0.0000437 seconds
2016-12-26T10:19:14.712-0100: 220.526: Total time for which application threads were stopped: 0.0001704 seconds, Stopping threads took: 0.0000452 seconds
2016-12-26T10:19:14.746-0100: 220.559: Total time for which application threads were stopped: 0.0001953 seconds, Stopping threads took: 0.0000534 seconds
2016-12-26T10:19:14.779-0100: 220.592: Total time for which application threads were stopped: 0.0001558 seconds, Stopping threads took: 0.0000302 seconds
2016-12-26T10:19:14.806-0100: 220.619: Total time for which application threads were stopped: 0.0001483 seconds, Stopping threads took: 0.0000284 seconds
2016-12-26T10:19:14.880-0100: 220.693: Total time for which application threads were stopped: 0.0001490 seconds, Stopping threads took: 0.0000269 seconds
2016-12-26T10:19:14.917-0100: 220.730: Total time for which application threads were stopped: 0.0003299 seconds, Stopping threads took: 0.0000391 seconds
2016-12-26T10:19:14.954-0100: 220.767: Total time for which application threads were stopped: 0.0001282 seconds, Stopping threads took: 0.0000245 seconds
2016-12-26T10:19:14.984-0100: 220.798: Total time for which application threads were stopped: 0.0001493 seconds, Stopping threads took: 0.0000276 seconds
2016-12-26T10:19:15.006-0100: 220.819: Total time for which application threads were stopped: 0.0001433 seconds, Stopping threads took: 0.0000276 seconds
2016-12-26T10:19:15.048-0100: 220.861: Total time for which application threads were stopped: 0.0001401 seconds, Stopping threads took: 0.0000276 seconds
2016-12-26T10:19:15.084-0100: 220.897: Total time for which application threads were stopped: 0.0001711 seconds, Stopping threads took: 0.0000317 seconds
2016-12-26T10:19:15.117-0100: 220.931: Total time for which application threads were stopped: 0.0001706 seconds, Stopping threads took: 0.0000491 seconds
2016-12-26T10:19:15.166-0100: 220.979: Total time for which application threads were stopped: 0.0002301 seconds, Stopping threads took: 0.0001244 seconds
2016-12-26T10:19:15.195-0100: 221.008: Total time for which application threads were stopped: 0.0001476 seconds, Stopping threads took: 0.0000284 seconds
2016-12-26T10:19:15.229-0100: 221.043: Total time for which application threads were stopped: 0.0001379 seconds, Stopping threads took: 0.0000262 seconds
2016-12-26T10:19:15.247-0100: 221.060: Total time for which application threads were stopped: 0.0001209 seconds, Stopping threads took: 0.0000404 seconds
2016-12-26T10:19:15.271-0100: 221.084: Total time for which application threads were stopped: 0.0001560 seconds, Stopping threads took: 0.0000435 seconds
2016-12-26T10:19:15.296-0100: 221.109: Total time for which application threads were stopped: 0.0001628 seconds, Stopping threads took: 0.0000526 seconds
2016-12-26T10:19:15.337-0100: 221.150: Total time for which application threads were stopped: 0.0002126 seconds, Stopping threads took: 0.0000654 seconds
2016-12-26T10:19:15.382-0100: 221.195: Total time for which application threads were stopped: 0.0001474 seconds, Stopping threads took: 0.0000303 seconds
2016-12-26T10:19:15.415-0100: 221.228: Total time for which application threads were stopped: 0.0001837 seconds, Stopping threads took: 0.0000485 seconds
2016-12-26T10:19:15.476-0100: 221.290: Total time for which application threads were stopped: 0.0002247 seconds, Stopping threads took: 0.0000320 seconds
2016-12-26T10:19:15.500-0100: 221.313: Total time for which application threads were stopped: 0.0001409 seconds, Stopping threads took: 0.0000252 seconds
2016-12-26T10:19:15.535-0100: 221.348: Total time for which application threads were stopped: 0.0001946 seconds, Stopping threads took: 0.0000540 seconds
2016-12-26T10:19:15.565-0100: 221.378: Total time for which application threads were stopped: 0.0001713 seconds, Stopping threads took: 0.0000432 seconds
2016-12-26T10:19:15.597-0100: 221.410: Total time for which application threads were stopped: 0.0003131 seconds, Stopping threads took: 0.0000279 seconds
2016-12-26T10:19:15.764-0100: 221.577: Total time for which application threads were stopped: 0.0001589 seconds, Stopping threads took: 0.0000285 seconds
2016-12-26T10:19:15.764-0100: 221.577: Total time for which application threads were stopped: 0.0000822 seconds, Stopping threads took: 0.0000140 seconds
2016-12-26T10:19:15.764-0100: 221.577: Total time for which application threads were stopped: 0.0001318 seconds, Stopping threads took: 0.0000250 seconds
2016-12-26T10:19:15.773-0100: 221.586: Total time for which application threads were stopped: 0.0001449 seconds, Stopping threads took: 0.0000284 seconds
2016-12-26T10:19:15.800-0100: 221.613: Total time for which application threads were stopped: 0.0001897 seconds, Stopping threads took: 0.0000420 seconds
2016-12-26T10:19:15.801-0100: 221.614: Total time for which application threads were stopped: 0.0001574 seconds, Stopping threads took: 0.0000413 seconds
2016-12-26T10:19:15.864-0100: 221.677: Total time for which application threads were stopped: 0.0001832 seconds, Stopping threads took: 0.0000419 seconds
2016-12-26T10:19:15.865-0100: 221.678: Total time for which application threads were stopped: 0.0001815 seconds, Stopping threads took: 0.0000592 seconds
2016-12-26T10:19:15.915-0100: 221.728: Total time for which application threads were stopped: 0.0001571 seconds, Stopping threads took: 0.0000427 seconds
2016-12-26T10:19:15.915-0100: 221.729: Total time for which application threads were stopped: 0.0000820 seconds, Stopping threads took: 0.0000215 seconds
2016-12-26T10:19:15.916-0100: 221.729: Total time for which application threads were stopped: 0.0000733 seconds, Stopping threads took: 0.0000196 seconds
2016-12-26T10:19:15.916-0100: 221.729: Total time for which application threads were stopped: 0.0001471 seconds, Stopping threads took: 0.0000245 seconds
2016-12-26T10:19:15.933-0100: 221.746: Total time for which application threads were stopped: 0.0108317 seconds, Stopping threads took: 0.0106976 seconds
2016-12-26T10:19:15.934-0100: 221.747: Total time for which application threads were stopped: 0.0001262 seconds, Stopping threads took: 0.0000332 seconds
2016-12-26T10:19:15.944-0100: 221.757: Total time for which application threads were stopped: 0.0002116 seconds, Stopping threads took: 0.0000555 seconds
2016-12-26T10:19:15.956-0100: 221.769: Total time for which application threads were stopped: 0.0001540 seconds, Stopping threads took: 0.0000431 seconds
2016-12-26T10:19:15.968-0100: 221.781: Total time for which application threads were stopped: 0.0061837 seconds, Stopping threads took: 0.0053708 seconds
2016-12-26T10:19:15.982-0100: 221.795: Total time for which application threads were stopped: 0.0008196 seconds, Stopping threads took: 0.0000421 seconds
2016-12-26T10:19:15.990-0100: 221.803: Total time for which application threads were stopped: 0.0003154 seconds, Stopping threads took: 0.0001903 seconds
2016-12-26T10:19:16.081-0100: 221.894: Total time for which application threads were stopped: 0.0107602 seconds, Stopping threads took: 0.0106073 seconds
2016-12-26T10:19:16.249-0100: 222.062: Total time for which application threads were stopped: 0.0001522 seconds, Stopping threads took: 0.0000449 seconds
2016-12-26T10:19:17.252-0100: 223.065: Total time for which application threads were stopped: 0.0001913 seconds, Stopping threads took: 0.0000299 seconds
2016-12-26T10:19:17.383-0100: 223.196: Total time for which application threads were stopped: 0.0001749 seconds, Stopping threads took: 0.0000456 seconds
2016-12-26T10:19:17.568-0100: 223.381: Total time for which application threads were stopped: 0.0001484 seconds, Stopping threads took: 0.0000283 seconds
2016-12-26T10:19:18.573-0100: 224.386: Total time for which application threads were stopped: 0.0002092 seconds, Stopping threads took: 0.0000424 seconds
2016-12-26T10:19:18.876-0100: 224.689: Total time for which application threads were stopped: 0.0002884 seconds, Stopping threads took: 0.0000822 seconds
2016-12-26T10:19:18.884-0100: 224.698: Total time for which application threads were stopped: 0.0001527 seconds, Stopping threads took: 0.0000248 seconds
2016-12-26T10:19:18.909-0100: 224.722: Total time for which application threads were stopped: 0.0002569 seconds, Stopping threads took: 0.0000696 seconds
2016-12-26T10:19:18.996-0100: 224.809: Total time for which application threads were stopped: 0.0001832 seconds, Stopping threads took: 0.0000492 seconds
2016-12-26T10:19:19.004-0100: 224.817: Total time for which application threads were stopped: 0.0001368 seconds, Stopping threads took: 0.0000284 seconds
{Heap before GC invocations=30 (full 1):
 par new generation   total 109248K, used 99891K [0x00000007a0000000, 0x00000007a8000000, 0x00000007a8000000)
  eden space 87424K, 100% used [0x00000007a0000000, 0x00000007a5560000, 0x00000007a5560000)
  from space 21824K,  57% used [0x00000007a5560000, 0x00000007a618cf70, 0x00000007a6ab0000)
  to   space 21824K,   0% used [0x00000007a6ab0000, 0x00000007a6ab0000, 0x00000007a8000000)
 concurrent mark-sweep generation total 393216K, used 22521K [0x00000007a8000000, 0x00000007c0000000, 0x00000007c0000000)
 Metaspace       used 35906K, capacity 36616K, committed 36932K, reserved 1081344K
  class space    used 4128K, capacity 4335K, committed 4448K, reserved 1048576K
2016-12-26T10:19:19.019-0100: 224.832: [GC (Allocation Failure) 2016-12-26T10:19:19.019-0100: 224.832: [ParNew
Desired survivor size 20112992 bytes, new threshold 8 (max 8)
- age   1:    4614184 bytes,    4614184 total
- age   2:     696816 bytes,    5311000 total
- age   3:     120360 bytes,    5431360 total
- age   4:      84680 bytes,    5516040 total
- age   5:    2600544 bytes,    8116584 total
- age   8:     931816 bytes,    9048400 total
: 99891K->11531K(109248K), 0.0184725 secs] 122412K->34149K(502464K), 0.0185832 secs] [Times: user=0.03 sys=0.00, real=0.02 secs] 
Heap after GC invocations=31 (full 1):
 par new generation   total 109248K, used 11531K [0x00000007a0000000, 0x00000007a8000000, 0x00000007a8000000)
  eden space 87424K,   0% used [0x00000007a0000000, 0x00000007a0000000, 0x00000007a5560000)
  from space 21824K,  52% used [0x00000007a6ab0000, 0x00000007a75f2fd0, 0x00000007a8000000)
  to   space 21824K,   0% used [0x00000007a5560000, 0x00000007a5560000, 0x00000007a6ab0000)
 concurrent mark-sweep generation total 393216K, used 22617K [0x00000007a8000000, 0x00000007c0000000, 0x00000007c0000000)
 Metaspace       used 35906K, capacity 36616K, committed 36932K, reserved 1081344K
  class space    used 4128K, capacity 4335K, committed 4448K, reserved 1048576K
}
2016-12-26T10:19:19.037-0100: 224.850: Total time for which application threads were stopped: 0.0189399 seconds, Stopping threads took: 0.0001116 seconds
2016-12-26T10:19:19.086-0100: 224.899: Total time for which application threads were stopped: 0.0001635 seconds, Stopping threads took: 0.0000293 seconds
2016-12-26T10:19:20.087-0100: 225.900: Total time for which application threads were stopped: 0.0001432 seconds, Stopping threads took: 0.0000287 seconds
2016-12-26T10:19:20.750-0100: 226.563: Total time for which application threads were stopped: 0.0002758 seconds, Stopping threads took: 0.0000486 seconds
2016-12-26T10:19:21.110-0100: 226.923: Total time for which application threads were stopped: 0.0001953 seconds, Stopping threads took: 0.0000322 seconds
2016-12-26T10:19:21.884-0100: 227.697: Total time for which application threads were stopped: 0.0002280 seconds, Stopping threads took: 0.0000462 seconds
2016-12-26T10:19:21.889-0100: 227.702: Total time for which application threads were stopped: 0.0002595 seconds, Stopping threads took: 0.0000300 seconds
2016-12-26T10:19:21.943-0100: 227.756: Total time for which application threads were stopped: 0.0001914 seconds, Stopping threads took: 0.0000355 seconds
2016-12-26T10:19:22.046-0100: 227.859: Total time for which application threads were stopped: 0.0002366 seconds, Stopping threads took: 0.0000578 seconds
2016-12-26T10:19:22.052-0100: 227.865: Total time for which application threads were stopped: 0.0001640 seconds, Stopping threads took: 0.0000495 seconds
2016-12-26T10:19:22.179-0100: 227.992: Total time for which application threads were stopped: 0.0002164 seconds, Stopping threads took: 0.0000504 seconds
2016-12-26T10:19:23.181-0100: 228.994: Total time for which application threads were stopped: 0.0002016 seconds, Stopping threads took: 0.0000700 seconds
2016-12-26T10:19:23.676-0100: 229.489: Total time for which application threads were stopped: 0.0001518 seconds, Stopping threads took: 0.0000356 seconds
2016-12-26T10:19:23.794-0100: 229.607: Total time for which application threads were stopped: 0.0001545 seconds, Stopping threads took: 0.0000256 seconds
2016-12-26T10:19:24.797-0100: 230.610: Total time for which application threads were stopped: 0.0001550 seconds, Stopping threads took: 0.0000297 seconds
2016-12-26T10:19:24.911-0100: 230.724: Total time for which application threads were stopped: 0.0002629 seconds, Stopping threads took: 0.0001135 seconds
2016-12-26T10:19:24.917-0100: 230.730: Total time for which application threads were stopped: 0.0001401 seconds, Stopping threads took: 0.0000266 seconds
2016-12-26T10:19:25.030-0100: 230.843: Total time for which application threads were stopped: 0.0002649 seconds, Stopping threads took: 0.0000304 seconds
2016-12-26T10:19:25.156-0100: 230.969: Total time for which application threads were stopped: 0.0001695 seconds, Stopping threads took: 0.0000349 seconds
{Heap before GC invocations=31 (full 1):
 par new generation   total 109248K, used 98955K [0x00000007a0000000, 0x00000007a8000000, 0x00000007a8000000)
  eden space 87424K, 100% used [0x00000007a0000000, 0x00000007a5560000, 0x00000007a5560000)
  from space 21824K,  52% used [0x00000007a6ab0000, 0x00000007a75f2fd0, 0x00000007a8000000)
  to   space 21824K,   0% used [0x00000007a5560000, 0x00000007a5560000, 0x00000007a6ab0000)
 concurrent mark-sweep generation total 393216K, used 22617K [0x00000007a8000000, 0x00000007c0000000, 0x00000007c0000000)
 Metaspace       used 36394K, capacity 37196K, committed 37444K, reserved 1083392K
  class space    used 4129K, capacity 4335K, committed 4448K, reserved 1048576K
2016-12-26T10:19:25.161-0100: 230.974: [GC (Allocation Failure) 2016-12-26T10:19:25.161-0100: 230.974: [ParNew
Desired survivor size 20112992 bytes, new threshold 8 (max 8)
- age   1:    4051648 bytes,    4051648 total
- age   2:    1887592 bytes,    5939240 total
- age   3:     696816 bytes,    6636056 total
- age   4:     120360 bytes,    6756416 total
- age   5:      83192 bytes,    6839608 total
- age   6:    2600128 bytes,    9439736 total
: 98955K->11617K(109248K), 0.0108356 secs] 121573K->35150K(502464K), 0.0109184 secs] [Times: user=0.03 sys=0.00, real=0.01 secs] 
Heap after GC invocations=32 (full 1):
 par new generation   total 109248K, used 11617K [0x00000007a0000000, 0x00000007a8000000, 0x00000007a8000000)
  eden space 87424K,   0% used [0x00000007a0000000, 0x00000007a0000000, 0x00000007a5560000)
  from space 21824K,  53% used [0x00000007a5560000, 0x00000007a60b8578, 0x00000007a6ab0000)
  to   space 21824K,   0% used [0x00000007a6ab0000, 0x00000007a6ab0000, 0x00000007a8000000)
 concurrent mark-sweep generation total 393216K, used 23532K [0x00000007a8000000, 0x00000007c0000000, 0x00000007c0000000)
 Metaspace       used 36394K, capacity 37196K, committed 37444K, reserved 1083392K
  class space    used 4129K, capacity 4335K, committed 4448K, reserved 1048576K
}
2016-12-26T10:19:25.172-0100: 230.985: Total time for which application threads were stopped: 0.0112507 seconds, Stopping threads took: 0.0000422 seconds
2016-12-26T10:19:25.172-0100: 230.985: Total time for which application threads were stopped: 0.0002201 seconds, Stopping threads took: 0.0000638 seconds
2016-12-26T10:19:25.221-0100: 231.034: Total time for which application threads were stopped: 0.0001727 seconds, Stopping threads took: 0.0000280 seconds
2016-12-26T10:19:26.055-0100: 231.867: Total time for which application threads were stopped: 0.0001544 seconds, Stopping threads took: 0.0000284 seconds
2016-12-26T10:19:26.123-0100: 231.936: Total time for which application threads were stopped: 0.0002279 seconds, Stopping threads took: 0.0000452 seconds
2016-12-26T10:19:27.127-0100: 232.940: Total time for which application threads were stopped: 0.0001833 seconds, Stopping threads took: 0.0000362 seconds
2016-12-26T10:19:27.763-0100: 233.576: Total time for which application threads were stopped: 0.0001456 seconds, Stopping threads took: 0.0000281 seconds
2016-12-26T10:19:27.767-0100: 233.580: Total time for which application threads were stopped: 0.0001952 seconds, Stopping threads took: 0.0000548 seconds
2016-12-26T10:19:27.788-0100: 233.601: Total time for which application threads were stopped: 0.0002635 seconds, Stopping threads took: 0.0001157 seconds
2016-12-26T10:19:27.788-0100: 233.601: Total time for which application threads were stopped: 0.0001747 seconds, Stopping threads took: 0.0000684 seconds
2016-12-26T10:19:27.789-0100: 233.601: Total time for which application threads were stopped: 0.0001434 seconds, Stopping threads took: 0.0000594 seconds
2016-12-26T10:19:27.789-0100: 233.602: Total time for which application threads were stopped: 0.0001133 seconds, Stopping threads took: 0.0000293 seconds
2016-12-26T10:19:27.789-0100: 233.602: Total time for which application threads were stopped: 0.0001000 seconds, Stopping threads took: 0.0000252 seconds
2016-12-26T10:19:27.791-0100: 233.604: Total time for which application threads were stopped: 0.0004784 seconds, Stopping threads took: 0.0000563 seconds
2016-12-26T10:19:27.796-0100: 233.609: Total time for which application threads were stopped: 0.0001449 seconds, Stopping threads took: 0.0000397 seconds
2016-12-26T10:19:27.823-0100: 233.636: Total time for which application threads were stopped: 0.0002352 seconds, Stopping threads took: 0.0000455 seconds
2016-12-26T10:19:27.823-0100: 233.636: Total time for which application threads were stopped: 0.0001636 seconds, Stopping threads took: 0.0000363 seconds
2016-12-26T10:19:27.824-0100: 233.637: Total time for which application threads were stopped: 0.0001396 seconds, Stopping threads took: 0.0000157 seconds
2016-12-26T10:19:27.824-0100: 233.637: Total time for which application threads were stopped: 0.0001201 seconds, Stopping threads took: 0.0000264 seconds
2016-12-26T10:19:27.830-0100: 233.643: Total time for which application threads were stopped: 0.0001806 seconds, Stopping threads took: 0.0000432 seconds
2016-12-26T10:19:27.831-0100: 233.644: Total time for which application threads were stopped: 0.0001385 seconds, Stopping threads took: 0.0000417 seconds
2016-12-26T10:19:27.832-0100: 233.645: Total time for which application threads were stopped: 0.0001232 seconds, Stopping threads took: 0.0000207 seconds
2016-12-26T10:19:27.849-0100: 233.662: Total time for which application threads were stopped: 0.0001814 seconds, Stopping threads took: 0.0000437 seconds
2016-12-26T10:19:27.849-0100: 233.662: Total time for which application threads were stopped: 0.0000751 seconds, Stopping threads took: 0.0000116 seconds
2016-12-26T10:19:27.849-0100: 233.662: Total time for which application threads were stopped: 0.0000857 seconds, Stopping threads took: 0.0000281 seconds
2016-12-26T10:19:27.849-0100: 233.662: Total time for which application threads were stopped: 0.0000904 seconds, Stopping threads took: 0.0000332 seconds
2016-12-26T10:19:27.850-0100: 233.662: Total time for which application threads were stopped: 0.0001114 seconds, Stopping threads took: 0.0000404 seconds
2016-12-26T10:19:27.918-0100: 233.731: Total time for which application threads were stopped: 0.0001517 seconds, Stopping threads took: 0.0000270 seconds
2016-12-26T10:19:27.920-0100: 233.732: Total time for which application threads were stopped: 0.0001739 seconds, Stopping threads took: 0.0000545 seconds
2016-12-26T10:19:27.945-0100: 233.757: Total time for which application threads were stopped: 0.0001382 seconds, Stopping threads took: 0.0000260 seconds
2016-12-26T10:19:27.945-0100: 233.757: Total time for which application threads were stopped: 0.0000765 seconds, Stopping threads took: 0.0000102 seconds
2016-12-26T10:19:27.945-0100: 233.758: Total time for which application threads were stopped: 0.0000711 seconds, Stopping threads took: 0.0000100 seconds
2016-12-26T10:19:27.945-0100: 233.758: Total time for which application threads were stopped: 0.0000815 seconds, Stopping threads took: 0.0000199 seconds
2016-12-26T10:19:27.945-0100: 233.758: Total time for which application threads were stopped: 0.0001086 seconds, Stopping threads took: 0.0000522 seconds
2016-12-26T10:19:27.947-0100: 233.760: Total time for which application threads were stopped: 0.0001651 seconds, Stopping threads took: 0.0000467 seconds
2016-12-26T10:19:27.979-0100: 233.791: Total time for which application threads were stopped: 0.0001970 seconds, Stopping threads took: 0.0000679 seconds
2016-12-26T10:19:27.979-0100: 233.792: Total time for which application threads were stopped: 0.0001206 seconds, Stopping threads took: 0.0000347 seconds
2016-12-26T10:19:27.983-0100: 233.796: Total time for which application threads were stopped: 0.0001530 seconds, Stopping threads took: 0.0000418 seconds
2016-12-26T10:19:27.985-0100: 233.798: Total time for which application threads were stopped: 0.0001791 seconds, Stopping threads took: 0.0000662 seconds
2016-12-26T10:19:27.985-0100: 233.798: Total time for which application threads were stopped: 0.0001176 seconds, Stopping threads took: 0.0000454 seconds
2016-12-26T10:19:27.990-0100: 233.803: Total time for which application threads were stopped: 0.0002990 seconds, Stopping threads took: 0.0000461 seconds
2016-12-26T10:19:27.995-0100: 233.808: Total time for which application threads were stopped: 0.0001642 seconds, Stopping threads took: 0.0000435 seconds
2016-12-26T10:19:27.997-0100: 233.810: Total time for which application threads were stopped: 0.0001528 seconds, Stopping threads took: 0.0000443 seconds
2016-12-26T10:19:28.007-0100: 233.819: Total time for which application threads were stopped: 0.0098548 seconds, Stopping threads took: 0.0097267 seconds
2016-12-26T10:19:28.010-0100: 233.822: Total time for which application threads were stopped: 0.0002178 seconds, Stopping threads took: 0.0000515 seconds
2016-12-26T10:19:28.010-0100: 233.823: Total time for which application threads were stopped: 0.0001390 seconds, Stopping threads took: 0.0000276 seconds
2016-12-26T10:19:28.011-0100: 233.824: Total time for which application threads were stopped: 0.0002335 seconds, Stopping threads took: 0.0000638 seconds
2016-12-26T10:19:28.012-0100: 233.825: Total time for which application threads were stopped: 0.0001766 seconds, Stopping threads took: 0.0000302 seconds
2016-12-26T10:19:28.012-0100: 233.825: Total time for which application threads were stopped: 0.0002447 seconds, Stopping threads took: 0.0001105 seconds
2016-12-26T10:19:28.013-0100: 233.825: Total time for which application threads were stopped: 0.0002185 seconds, Stopping threads took: 0.0000884 seconds
2016-12-26T10:19:28.013-0100: 233.826: Total time for which application threads were stopped: 0.0001288 seconds, Stopping threads took: 0.0000154 seconds
2016-12-26T10:19:28.013-0100: 233.826: Total time for which application threads were stopped: 0.0001324 seconds, Stopping threads took: 0.0000265 seconds
2016-12-26T10:19:28.014-0100: 233.827: Total time for which application threads were stopped: 0.0001926 seconds, Stopping threads took: 0.0000485 seconds
2016-12-26T10:19:28.015-0100: 233.827: Total time for which application threads were stopped: 0.0001175 seconds, Stopping threads took: 0.0000247 seconds
2016-12-26T10:19:28.015-0100: 233.827: Total time for which application threads were stopped: 0.0000943 seconds, Stopping threads took: 0.0000087 seconds
2016-12-26T10:19:28.015-0100: 233.828: Total time for which application threads were stopped: 0.0001131 seconds, Stopping threads took: 0.0000291 seconds
2016-12-26T10:19:28.015-0100: 233.828: Total time for which application threads were stopped: 0.0001002 seconds, Stopping threads took: 0.0000223 seconds
2016-12-26T10:19:28.015-0100: 233.828: Total time for which application threads were stopped: 0.0001086 seconds, Stopping threads took: 0.0000122 seconds
2016-12-26T10:19:28.015-0100: 233.828: Total time for which application threads were stopped: 0.0001065 seconds, Stopping threads took: 0.0000245 seconds
2016-12-26T10:19:28.015-0100: 233.828: Total time for which application threads were stopped: 0.0001045 seconds, Stopping threads took: 0.0000233 seconds
2016-12-26T10:19:28.016-0100: 233.828: Total time for which application threads were stopped: 0.0001032 seconds, Stopping threads took: 0.0000223 seconds
2016-12-26T10:19:28.016-0100: 233.829: Total time for which application threads were stopped: 0.0003028 seconds, Stopping threads took: 0.0000290 seconds
2016-12-26T10:19:28.016-0100: 233.829: Total time for which application threads were stopped: 0.0001694 seconds, Stopping threads took: 0.0000437 seconds
2016-12-26T10:19:28.017-0100: 233.829: Total time for which application threads were stopped: 0.0000998 seconds, Stopping threads took: 0.0000149 seconds
2016-12-26T10:19:28.054-0100: 233.867: Total time for which application threads were stopped: 0.0001888 seconds, Stopping threads took: 0.0000302 seconds
2016-12-26T10:19:28.098-0100: 233.911: Total time for which application threads were stopped: 0.0001741 seconds, Stopping threads took: 0.0000511 seconds
2016-12-26T10:19:28.162-0100: 233.975: Total time for which application threads were stopped: 0.0002096 seconds, Stopping threads took: 0.0000514 seconds
2016-12-26T10:19:28.169-0100: 233.982: Total time for which application threads were stopped: 0.0001990 seconds, Stopping threads took: 0.0000326 seconds
2016-12-26T10:19:28.169-0100: 233.982: Total time for which application threads were stopped: 0.0001376 seconds, Stopping threads took: 0.0000187 seconds
2016-12-26T10:19:28.172-0100: 233.985: Total time for which application threads were stopped: 0.0004418 seconds, Stopping threads took: 0.0003145 seconds
2016-12-26T10:19:28.172-0100: 233.985: Total time for which application threads were stopped: 0.0000793 seconds, Stopping threads took: 0.0000116 seconds
2016-12-26T10:19:28.173-0100: 233.985: Total time for which application threads were stopped: 0.0000990 seconds, Stopping threads took: 0.0000252 seconds
2016-12-26T10:19:28.173-0100: 233.985: Total time for which application threads were stopped: 0.0000734 seconds, Stopping threads took: 0.0000092 seconds
2016-12-26T10:19:28.173-0100: 233.986: Total time for which application threads were stopped: 0.0001397 seconds, Stopping threads took: 0.0000645 seconds
2016-12-26T10:19:28.173-0100: 233.986: Total time for which application threads were stopped: 0.0000907 seconds, Stopping threads took: 0.0000220 seconds
2016-12-26T10:19:28.258-0100: 234.071: Total time for which application threads were stopped: 0.0001654 seconds, Stopping threads took: 0.0000225 seconds
{Heap before GC invocations=32 (full 1):
 par new generation   total 109248K, used 99041K [0x00000007a0000000, 0x00000007a8000000, 0x00000007a8000000)
  eden space 87424K, 100% used [0x00000007a0000000, 0x00000007a5560000, 0x00000007a5560000)
  from space 21824K,  53% used [0x00000007a5560000, 0x00000007a60b8578, 0x00000007a6ab0000)
  to   space 21824K,   0% used [0x00000007a6ab0000, 0x00000007a6ab0000, 0x00000007a8000000)
 concurrent mark-sweep generation total 393216K, used 23532K [0x00000007a8000000, 0x00000007c0000000, 0x00000007c0000000)
 Metaspace       used 36606K, capacity 37324K, committed 37444K, reserved 1083392K
  class space    used 4129K, capacity 4335K, committed 4448K, reserved 1048576K
2016-12-26T10:19:28.622-0100: 234.434: [GC (Allocation Failure) 2016-12-26T10:19:28.622-0100: 234.434: [ParNew
Desired survivor size 20112992 bytes, new threshold 8 (max 8)
- age   1:    4113792 bytes,    4113792 total
- age   2:    1296232 bytes,    5410024 total
- age   3:    1839064 bytes,    7249088 total
- age   4:     696816 bytes,    7945904 total
- age   5:     120360 bytes,    8066264 total
- age   6:      83192 bytes,    8149456 total
- age   7:    2597304 bytes,   10746760 total
: 99041K->11798K(109248K), 0.0079316 secs] 122574K->35331K(502464K), 0.0080017 secs] [Times: user=0.02 sys=0.00, real=0.01 secs] 
Heap after GC invocations=33 (full 1):
 par new generation   total 109248K, used 11798K [0x00000007a0000000, 0x00000007a8000000, 0x00000007a8000000)
  eden space 87424K,   0% used [0x00000007a0000000, 0x00000007a0000000, 0x00000007a5560000)
  from space 21824K,  54% used [0x00000007a6ab0000, 0x00000007a7635b78, 0x00000007a8000000)
  to   space 21824K,   0% used [0x00000007a5560000, 0x00000007a5560000, 0x00000007a6ab0000)
 concurrent mark-sweep generation total 393216K, used 23532K [0x00000007a8000000, 0x00000007c0000000, 0x00000007c0000000)
 Metaspace       used 36606K, capacity 37324K, committed 37444K, reserved 1083392K
  class space    used 4129K, capacity 4335K, committed 4448K, reserved 1048576K
}
2016-12-26T10:19:28.630-0100: 234.442: Total time for which application threads were stopped: 0.0082561 seconds, Stopping threads took: 0.0000657 seconds
2016-12-26T10:19:28.630-0100: 234.443: Total time for which application threads were stopped: 0.0002106 seconds, Stopping threads took: 0.0000308 seconds
2016-12-26T10:19:29.633-0100: 235.446: Total time for which application threads were stopped: 0.0001323 seconds, Stopping threads took: 0.0000281 seconds
2016-12-26T10:19:30.634-0100: 236.447: Total time for which application threads were stopped: 0.0001728 seconds, Stopping threads took: 0.0000270 seconds
2016-12-26T10:19:31.085-0100: 236.898: Total time for which application threads were stopped: 0.0001871 seconds, Stopping threads took: 0.0000672 seconds
2016-12-26T10:19:31.103-0100: 236.915: Total time for which application threads were stopped: 0.0001342 seconds, Stopping threads took: 0.0000324 seconds
2016-12-26T10:19:31.114-0100: 236.927: Total time for which application threads were stopped: 0.0001752 seconds, Stopping threads took: 0.0000334 seconds
2016-12-26T10:19:31.114-0100: 236.927: Total time for which application threads were stopped: 0.0001692 seconds, Stopping threads took: 0.0000491 seconds
2016-12-26T10:19:31.228-0100: 237.041: Total time for which application threads were stopped: 0.0001496 seconds, Stopping threads took: 0.0000278 seconds
2016-12-26T10:19:31.288-0100: 237.101: Total time for which application threads were stopped: 0.0001386 seconds, Stopping threads took: 0.0000210 seconds
2016-12-26T10:19:32.288-0100: 238.101: Total time for which application threads were stopped: 0.0001404 seconds, Stopping threads took: 0.0000295 seconds
{Heap before GC invocations=33 (full 1):
 par new generation   total 109248K, used 99208K [0x00000007a0000000, 0x00000007a8000000, 0x00000007a8000000)
  eden space 87424K,  99% used [0x00000007a0000000, 0x00000007a555c4c8, 0x00000007a5560000)
  from space 21824K,  54% used [0x00000007a6ab0000, 0x00000007a7635b78, 0x00000007a8000000)
  to   space 21824K,   0% used [0x00000007a5560000, 0x00000007a5560000, 0x00000007a6ab0000)
 concurrent mark-sweep generation total 393216K, used 23532K [0x00000007a8000000, 0x00000007c0000000, 0x00000007c0000000)
 Metaspace       used 36665K, capacity 37388K, committed 37700K, reserved 1083392K
  class space    used 4129K, capacity 4335K, committed 4448K, reserved 1048576K
2016-12-26T10:19:33.170-0100: 238.983: [GC (Allocation Failure) 2016-12-26T10:19:33.170-0100: 238.983: [ParNew
Desired survivor size 20112992 bytes, new threshold 8 (max 8)
- age   1:    4460752 bytes,    4460752 total
- age   2:    1818168 bytes,    6278920 total
- age   3:    1292256 bytes,    7571176 total
- age   4:    1838616 bytes,    9409792 total
- age   5:     696816 bytes,   10106608 total
- age   6:     120360 bytes,   10226968 total
- age   7:      83192 bytes,   10310160 total
- age   8:    2597304 bytes,   12907464 total
: 99208K->16211K(109248K), 0.0150327 secs] 122740K->39744K(502464K), 0.0151414 secs] [Times: user=0.02 sys=0.00, real=0.01 secs] 
Heap after GC invocations=34 (full 1):
 par new generation   total 109248K, used 16211K [0x00000007a0000000, 0x00000007a8000000, 0x00000007a8000000)
  eden space 87424K,   0% used [0x00000007a0000000, 0x00000007a0000000, 0x00000007a5560000)
  from space 21824K,  74% used [0x00000007a5560000, 0x00000007a6534f90, 0x00000007a6ab0000)
  to   space 21824K,   0% used [0x00000007a6ab0000, 0x00000007a6ab0000, 0x00000007a8000000)
 concurrent mark-sweep generation total 393216K, used 23532K [0x00000007a8000000, 0x00000007c0000000, 0x00000007c0000000)
 Metaspace       used 36665K, capacity 37388K, committed 37700K, reserved 1083392K
  class space    used 4129K, capacity 4335K, committed 4448K, reserved 1048576K
}
2016-12-26T10:19:33.185-0100: 238.998: Total time for which application threads were stopped: 0.0154420 seconds, Stopping threads took: 0.0000292 seconds
2016-12-26T10:19:34.088-0100: 239.901: Total time for which application threads were stopped: 0.0001748 seconds, Stopping threads took: 0.0000364 seconds
2016-12-26T10:19:34.151-0100: 239.964: Total time for which application threads were stopped: 0.0002237 seconds, Stopping threads took: 0.0000333 seconds
2016-12-26T10:19:34.273-0100: 240.085: Total time for which application threads were stopped: 0.0001563 seconds, Stopping threads took: 0.0000423 seconds
2016-12-26T10:19:34.336-0100: 240.149: Total time for which application threads were stopped: 0.0001852 seconds, Stopping threads took: 0.0000292 seconds
2016-12-26T10:19:35.339-0100: 241.151: Total time for which application threads were stopped: 0.0001747 seconds, Stopping threads took: 0.0000377 seconds
2016-12-26T10:19:36.344-0100: 242.156: Total time for which application threads were stopped: 0.0002833 seconds, Stopping threads took: 0.0001306 seconds
2016-12-26T10:19:37.134-0100: 242.946: Total time for which application threads were stopped: 0.0002355 seconds, Stopping threads took: 0.0000484 seconds
2016-12-26T10:19:37.158-0100: 242.970: Total time for which application threads were stopped: 0.0002210 seconds, Stopping threads took: 0.0000888 seconds
2016-12-26T10:19:37.161-0100: 242.973: Total time for which application threads were stopped: 0.0001549 seconds, Stopping threads took: 0.0000430 seconds
2016-12-26T10:19:37.163-0100: 242.975: Total time for which application threads were stopped: 0.0002363 seconds, Stopping threads took: 0.0000889 seconds
2016-12-26T10:19:37.163-0100: 242.976: Total time for which application threads were stopped: 0.0001466 seconds, Stopping threads took: 0.0000339 seconds
2016-12-26T10:19:37.163-0100: 242.976: Total time for which application threads were stopped: 0.0002316 seconds, Stopping threads took: 0.0000946 seconds
2016-12-26T10:19:37.186-0100: 242.998: Total time for which application threads were stopped: 0.0002445 seconds, Stopping threads took: 0.0000475 seconds
2016-12-26T10:19:37.316-0100: 243.129: Total time for which application threads were stopped: 0.0002258 seconds, Stopping threads took: 0.0000461 seconds
{Heap before GC invocations=34 (full 1):
 par new generation   total 109248K, used 103635K [0x00000007a0000000, 0x00000007a8000000, 0x00000007a8000000)
  eden space 87424K, 100% used [0x00000007a0000000, 0x00000007a5560000, 0x00000007a5560000)
  from space 21824K,  74% used [0x00000007a5560000, 0x00000007a6534f90, 0x00000007a6ab0000)
  to   space 21824K,   0% used [0x00000007a6ab0000, 0x00000007a6ab0000, 0x00000007a8000000)
 concurrent mark-sweep generation total 393216K, used 23532K [0x00000007a8000000, 0x00000007c0000000, 0x00000007c0000000)
 Metaspace       used 36937K, capacity 37680K, committed 37956K, reserved 1083392K
  class space    used 4158K, capacity 4367K, committed 4448K, reserved 1048576K
2016-12-26T10:19:37.353-0100: 243.165: [GC (Allocation Failure) 2016-12-26T10:19:37.353-0100: 243.165: [ParNew
Desired survivor size 20112992 bytes, new threshold 8 (max 8)
- age   1:    4563744 bytes,    4563744 total
- age   2:    1301400 bytes,    5865144 total
- age   3:    1780616 bytes,    7645760 total
- age   4:    1292256 bytes,    8938016 total
- age   5:    1838616 bytes,   10776632 total
- age   6:     696816 bytes,   11473448 total
- age   7:     120360 bytes,   11593808 total
- age   8:      83192 bytes,   11677000 total
: 103635K->14163K(109248K), 0.0099072 secs] 127168K->40235K(502464K), 0.0100217 secs] [Times: user=0.04 sys=0.00, real=0.01 secs] 
Heap after GC invocations=35 (full 1):
 par new generation   total 109248K, used 14163K [0x00000007a0000000, 0x00000007a8000000, 0x00000007a8000000)
  eden space 87424K,   0% used [0x00000007a0000000, 0x00000007a0000000, 0x00000007a5560000)
  from space 21824K,  64% used [0x00000007a6ab0000, 0x00000007a7884d20, 0x00000007a8000000)
  to   space 21824K,   0% used [0x00000007a5560000, 0x00000007a5560000, 0x00000007a6ab0000)
 concurrent mark-sweep generation total 393216K, used 26071K [0x00000007a8000000, 0x00000007c0000000, 0x00000007c0000000)
 Metaspace       used 36937K, capacity 37680K, committed 37956K, reserved 1083392K
  class space    used 4158K, capacity 4367K, committed 4448K, reserved 1048576K
}
2016-12-26T10:19:37.363-0100: 243.175: Total time for which application threads were stopped: 0.0159636 seconds, Stopping threads took: 0.0056948 seconds
2016-12-26T10:19:37.401-0100: 243.214: Total time for which application threads were stopped: 0.0002238 seconds, Stopping threads took: 0.0000530 seconds
2016-12-26T10:19:37.401-0100: 243.214: Total time for which application threads were stopped: 0.0001900 seconds, Stopping threads took: 0.0000893 seconds
2016-12-26T10:19:37.402-0100: 243.214: Total time for which application threads were stopped: 0.0001484 seconds, Stopping threads took: 0.0000684 seconds
2016-12-26T10:19:37.402-0100: 243.214: Total time for which application threads were stopped: 0.0001055 seconds, Stopping threads took: 0.0000227 seconds
2016-12-26T10:19:37.402-0100: 243.215: Total time for which application threads were stopped: 0.0002727 seconds, Stopping threads took: 0.0000286 seconds
2016-12-26T10:19:37.403-0100: 243.216: Total time for which application threads were stopped: 0.0003235 seconds, Stopping threads took: 0.0000545 seconds
2016-12-26T10:19:37.452-0100: 243.264: Total time for which application threads were stopped: 0.0119266 seconds, Stopping threads took: 0.0109423 seconds
2016-12-26T10:19:37.626-0100: 243.438: Total time for which application threads were stopped: 0.0208831 seconds, Stopping threads took: 0.0207171 seconds
2016-12-26T10:19:38.629-0100: 244.441: Total time for which application threads were stopped: 0.0004216 seconds, Stopping threads took: 0.0001415 seconds
2016-12-26T10:19:39.631-0100: 245.443: Total time for which application threads were stopped: 0.0001898 seconds, Stopping threads took: 0.0000366 seconds
2016-12-26T10:19:40.169-0100: 245.981: Total time for which application threads were stopped: 0.0007030 seconds, Stopping threads took: 0.0000304 seconds
{Heap before GC invocations=35 (full 1):
 par new generation   total 109248K, used 101570K [0x00000007a0000000, 0x00000007a8000000, 0x00000007a8000000)
  eden space 87424K,  99% used [0x00000007a0000000, 0x00000007a555bdf8, 0x00000007a5560000)
  from space 21824K,  64% used [0x00000007a6ab0000, 0x00000007a7884d20, 0x00000007a8000000)
  to   space 21824K,   0% used [0x00000007a5560000, 0x00000007a5560000, 0x00000007a6ab0000)
 concurrent mark-sweep generation total 393216K, used 26071K [0x00000007a8000000, 0x00000007c0000000, 0x00000007c0000000)
 Metaspace       used 37228K, capacity 37972K, committed 38212K, reserved 1083392K
  class space    used 4191K, capacity 4399K, committed 4448K, reserved 1048576K
2016-12-26T10:19:40.171-0100: 245.983: [GC (Allocation Failure) 2016-12-26T10:19:40.171-0100: 245.983: [ParNew
Desired survivor size 20112992 bytes, new threshold 8 (max 8)
- age   1:    8542072 bytes,    8542072 total
- age   2:    2711392 bytes,   11253464 total
- age   3:    1298808 bytes,   12552272 total
- age   4:    1777960 bytes,   14330232 total
- age   5:    1291656 bytes,   15621888 total
- age   6:    1837736 bytes,   17459624 total
- age   7:     696816 bytes,   18156440 total
- age   8:     120360 bytes,   18276800 total
: 101570K->21824K(109248K), 0.0102781 secs] 127642K->47979K(502464K), 0.0103939 secs] [Times: user=0.03 sys=0.00, real=0.01 secs] 
Heap after GC invocations=36 (full 1):
 par new generation   total 109248K, used 21824K [0x00000007a0000000, 0x00000007a8000000, 0x00000007a8000000)
  eden space 87424K,   0% used [0x00000007a0000000, 0x00000007a0000000, 0x00000007a5560000)
  from space 21824K, 100% used [0x00000007a5560000, 0x00000007a6ab0000, 0x00000007a6ab0000)
  to   space 21824K,   0% used [0x00000007a6ab0000, 0x00000007a6ab0000, 0x00000007a8000000)
 concurrent mark-sweep generation total 393216K, used 26155K [0x00000007a8000000, 0x00000007c0000000, 0x00000007c0000000)
 Metaspace       used 37228K, capacity 37972K, committed 38212K, reserved 1083392K
  class space    used 4191K, capacity 4399K, committed 4448K, reserved 1048576K
}
2016-12-26T10:19:40.181-0100: 245.994: Total time for which application threads were stopped: 0.0106726 seconds, Stopping threads took: 0.0000271 seconds
2016-12-26T10:19:40.182-0100: 245.995: Total time for which application threads were stopped: 0.0005405 seconds, Stopping threads took: 0.0001350 seconds
2016-12-26T10:19:40.213-0100: 246.025: Total time for which application threads were stopped: 0.0002411 seconds, Stopping threads took: 0.0000516 seconds
2016-12-26T10:19:40.229-0100: 246.041: Total time for which application threads were stopped: 0.0001563 seconds, Stopping threads took: 0.0000281 seconds
2016-12-26T10:19:40.229-0100: 246.041: Total time for which application threads were stopped: 0.0000789 seconds, Stopping threads took: 0.0000119 seconds
2016-12-26T10:19:40.229-0100: 246.041: Total time for which application threads were stopped: 0.0000685 seconds, Stopping threads took: 0.0000090 seconds
2016-12-26T10:19:40.229-0100: 246.042: Total time for which application threads were stopped: 0.0000760 seconds, Stopping threads took: 0.0000106 seconds
2016-12-26T10:19:40.229-0100: 246.042: Total time for which application threads were stopped: 0.0000933 seconds, Stopping threads took: 0.0000146 seconds
2016-12-26T10:19:40.229-0100: 246.042: Total time for which application threads were stopped: 0.0000715 seconds, Stopping threads took: 0.0000105 seconds
2016-12-26T10:19:40.229-0100: 246.042: Total time for which application threads were stopped: 0.0000616 seconds, Stopping threads took: 0.0000081 seconds
2016-12-26T10:19:40.230-0100: 246.042: Total time for which application threads were stopped: 0.0000663 seconds, Stopping threads took: 0.0000093 seconds
2016-12-26T10:19:40.230-0100: 246.042: Total time for which application threads were stopped: 0.0002066 seconds, Stopping threads took: 0.0000102 seconds
2016-12-26T10:19:40.230-0100: 246.043: Total time for which application threads were stopped: 0.0000869 seconds, Stopping threads took: 0.0000144 seconds
2016-12-26T10:19:40.230-0100: 246.043: Total time for which application threads were stopped: 0.0002879 seconds, Stopping threads took: 0.0001785 seconds
2016-12-26T10:19:40.231-0100: 246.043: Total time for which application threads were stopped: 0.0001030 seconds, Stopping threads took: 0.0000274 seconds
2016-12-26T10:19:40.231-0100: 246.043: Total time for which application threads were stopped: 0.0001371 seconds, Stopping threads took: 0.0000193 seconds
2016-12-26T10:19:40.231-0100: 246.043: Total time for which application threads were stopped: 0.0001164 seconds, Stopping threads took: 0.0000266 seconds
2016-12-26T10:19:40.231-0100: 246.044: Total time for which application threads were stopped: 0.0001106 seconds, Stopping threads took: 0.0000311 seconds
2016-12-26T10:19:40.231-0100: 246.044: Total time for which application threads were stopped: 0.0000976 seconds, Stopping threads took: 0.0000212 seconds
2016-12-26T10:19:40.231-0100: 246.044: Total time for which application threads were stopped: 0.0001087 seconds, Stopping threads took: 0.0000247 seconds
2016-12-26T10:19:40.232-0100: 246.044: Total time for which application threads were stopped: 0.0000876 seconds, Stopping threads took: 0.0000193 seconds
2016-12-26T10:19:40.232-0100: 246.044: Total time for which application threads were stopped: 0.0000840 seconds, Stopping threads took: 0.0000241 seconds
2016-12-26T10:19:40.232-0100: 246.044: Total time for which application threads were stopped: 0.0000852 seconds, Stopping threads took: 0.0000227 seconds
2016-12-26T10:19:40.412-0100: 246.224: Total time for which application threads were stopped: 0.0001928 seconds, Stopping threads took: 0.0000421 seconds
2016-12-26T10:19:40.412-0100: 246.224: Total time for which application threads were stopped: 0.0000983 seconds, Stopping threads took: 0.0000285 seconds
2016-12-26T10:19:40.412-0100: 246.224: Total time for which application threads were stopped: 0.0000744 seconds, Stopping threads took: 0.0000100 seconds
2016-12-26T10:19:40.412-0100: 246.225: Total time for which application threads were stopped: 0.0000950 seconds, Stopping threads took: 0.0000180 seconds
2016-12-26T10:19:40.412-0100: 246.225: Total time for which application threads were stopped: 0.0000732 seconds, Stopping threads took: 0.0000112 seconds
2016-12-26T10:19:40.412-0100: 246.225: Total time for which application threads were stopped: 0.0000737 seconds, Stopping threads took: 0.0000103 seconds
2016-12-26T10:19:40.412-0100: 246.225: Total time for which application threads were stopped: 0.0000686 seconds, Stopping threads took: 0.0000101 seconds
2016-12-26T10:19:40.413-0100: 246.225: Total time for which application threads were stopped: 0.0000878 seconds, Stopping threads took: 0.0000231 seconds
2016-12-26T10:19:40.413-0100: 246.225: Total time for which application threads were stopped: 0.0000767 seconds, Stopping threads took: 0.0000181 seconds
2016-12-26T10:19:40.413-0100: 246.225: Total time for which application threads were stopped: 0.0000873 seconds, Stopping threads took: 0.0000233 seconds
2016-12-26T10:19:40.413-0100: 246.225: Total time for which application threads were stopped: 0.0000748 seconds, Stopping threads took: 0.0000099 seconds
2016-12-26T10:19:40.413-0100: 246.226: Total time for which application threads were stopped: 0.0000907 seconds, Stopping threads took: 0.0000236 seconds
2016-12-26T10:19:40.413-0100: 246.226: Total time for which application threads were stopped: 0.0000869 seconds, Stopping threads took: 0.0000221 seconds
2016-12-26T10:19:40.413-0100: 246.226: Total time for which application threads were stopped: 0.0000787 seconds, Stopping threads took: 0.0000199 seconds
2016-12-26T10:19:40.413-0100: 246.226: Total time for which application threads were stopped: 0.0000823 seconds, Stopping threads took: 0.0000205 seconds
2016-12-26T10:19:40.414-0100: 246.226: Total time for which application threads were stopped: 0.0001017 seconds, Stopping threads took: 0.0000223 seconds
2016-12-26T10:19:40.414-0100: 246.226: Total time for which application threads were stopped: 0.0000960 seconds, Stopping threads took: 0.0000228 seconds
2016-12-26T10:19:40.414-0100: 246.227: Total time for which application threads were stopped: 0.0002650 seconds, Stopping threads took: 0.0000338 seconds
2016-12-26T10:19:40.433-0100: 246.245: Total time for which application threads were stopped: 0.0002221 seconds, Stopping threads took: 0.0000354 seconds
2016-12-26T10:19:41.434-0100: 247.247: Total time for which application threads were stopped: 0.0001701 seconds, Stopping threads took: 0.0000367 seconds
2016-12-26T10:19:42.436-0100: 248.249: Total time for which application threads were stopped: 0.0002684 seconds, Stopping threads took: 0.0000595 seconds
2016-12-26T10:19:42.820-0100: 248.632: Total time for which application threads were stopped: 0.0001332 seconds, Stopping threads took: 0.0000272 seconds
2016-12-26T10:19:42.820-0100: 248.632: Total time for which application threads were stopped: 0.0000665 seconds, Stopping threads took: 0.0000086 seconds
2016-12-26T10:19:42.871-0100: 248.683: Total time for which application threads were stopped: 0.0002178 seconds, Stopping threads took: 0.0000867 seconds
2016-12-26T10:19:42.873-0100: 248.685: Total time for which application threads were stopped: 0.0001709 seconds, Stopping threads took: 0.0000439 seconds
2016-12-26T10:19:42.916-0100: 248.728: Total time for which application threads were stopped: 0.0003144 seconds, Stopping threads took: 0.0001182 seconds
2016-12-26T10:19:42.916-0100: 248.728: Total time for which application threads were stopped: 0.0001548 seconds, Stopping threads took: 0.0000285 seconds
2016-12-26T10:19:43.021-0100: 248.834: Total time for which application threads were stopped: 0.0003046 seconds, Stopping threads took: 0.0000736 seconds
2016-12-26T10:19:43.023-0100: 248.836: Total time for which application threads were stopped: 0.0001712 seconds, Stopping threads took: 0.0000466 seconds
2016-12-26T10:19:43.023-0100: 248.836: Total time for which application threads were stopped: 0.0001318 seconds, Stopping threads took: 0.0000311 seconds
2016-12-26T10:19:43.066-0100: 248.878: Total time for which application threads were stopped: 0.0002120 seconds, Stopping threads took: 0.0000569 seconds
2016-12-26T10:19:43.156-0100: 248.968: Total time for which application threads were stopped: 0.0001992 seconds, Stopping threads took: 0.0000313 seconds
2016-12-26T10:19:43.156-0100: 248.968: Total time for which application threads were stopped: 0.0001192 seconds, Stopping threads took: 0.0000124 seconds
2016-12-26T10:19:43.156-0100: 248.968: Total time for which application threads were stopped: 0.0000980 seconds, Stopping threads took: 0.0000100 seconds
2016-12-26T10:19:43.156-0100: 248.969: Total time for which application threads were stopped: 0.0000807 seconds, Stopping threads took: 0.0000086 seconds
2016-12-26T10:19:43.195-0100: 249.007: Total time for which application threads were stopped: 0.0002787 seconds, Stopping threads took: 0.0001061 seconds
2016-12-26T10:19:43.195-0100: 249.007: Total time for which application threads were stopped: 0.0002071 seconds, Stopping threads took: 0.0000928 seconds
2016-12-26T10:19:43.339-0100: 249.151: Total time for which application threads were stopped: 0.0001874 seconds, Stopping threads took: 0.0000284 seconds
{Heap before GC invocations=36 (full 1):
 par new generation   total 109248K, used 109248K [0x00000007a0000000, 0x00000007a8000000, 0x00000007a8000000)
  eden space 87424K, 100% used [0x00000007a0000000, 0x00000007a5560000, 0x00000007a5560000)
  from space 21824K, 100% used [0x00000007a5560000, 0x00000007a6ab0000, 0x00000007a6ab0000)
  to   space 21824K,   0% used [0x00000007a6ab0000, 0x00000007a6ab0000, 0x00000007a8000000)
 concurrent mark-sweep generation total 393216K, used 26155K [0x00000007a8000000, 0x00000007c0000000, 0x00000007c0000000)
 Metaspace       used 37270K, capacity 38036K, committed 38212K, reserved 1083392K
  class space    used 4191K, capacity 4399K, committed 4448K, reserved 1048576K
2016-12-26T10:19:43.366-0100: 249.179: [GC (Allocation Failure) 2016-12-26T10:19:43.366-0100: 249.179: [ParNew
Desired survivor size 20112992 bytes, new threshold 8 (max 8)
- age   1:    4183040 bytes,    4183040 total
- age   2:    6098992 bytes,   10282032 total
- age   3:     247552 bytes,   10529584 total
- age   4:      42272 bytes,   10571856 total
- age   5:     188080 bytes,   10759936 total
- age   6:      62864 bytes,   10822800 total
- age   7:     468112 bytes,   11290912 total
- age   8:     696816 bytes,   11987728 total
: 109248K->21824K(109248K), 0.0205732 secs] 135403K->48099K(502464K), 0.0207322 secs] [Times: user=0.04 sys=0.01, real=0.02 secs] 
Heap after GC invocations=37 (full 1):
 par new generation   total 109248K, used 21824K [0x00000007a0000000, 0x00000007a8000000, 0x00000007a8000000)
  eden space 87424K,   0% used [0x00000007a0000000, 0x00000007a0000000, 0x00000007a5560000)
  from space 21824K, 100% used [0x00000007a6ab0000, 0x00000007a8000000, 0x00000007a8000000)
  to   space 21824K,   0% used [0x00000007a5560000, 0x00000007a5560000, 0x00000007a6ab0000)
 concurrent mark-sweep generation total 393216K, used 26275K [0x00000007a8000000, 0x00000007c0000000, 0x00000007c0000000)
 Metaspace       used 37270K, capacity 38036K, committed 38212K, reserved 1083392K
  class space    used 4191K, capacity 4399K, committed 4448K, reserved 1048576K
}
2016-12-26T10:19:43.387-0100: 249.200: Total time for which application threads were stopped: 0.0211275 seconds, Stopping threads took: 0.0000442 seconds
2016-12-26T10:19:43.411-0100: 249.223: Total time for which application threads were stopped: 0.0001763 seconds, Stopping threads took: 0.0000331 seconds
2016-12-26T10:19:43.605-0100: 249.417: Total time for which application threads were stopped: 0.0002431 seconds, Stopping threads took: 0.0000403 seconds
2016-12-26T10:19:44.608-0100: 250.420: Total time for which application threads were stopped: 0.0002242 seconds, Stopping threads took: 0.0000575 seconds
2016-12-26T10:19:45.612-0100: 251.424: Total time for which application threads were stopped: 0.0001794 seconds, Stopping threads took: 0.0000350 seconds
2016-12-26T10:19:46.276-0100: 252.088: Total time for which application threads were stopped: 0.0001421 seconds, Stopping threads took: 0.0000257 seconds
2016-12-26T10:19:46.541-0100: 252.353: Total time for which application threads were stopped: 0.0001526 seconds, Stopping threads took: 0.0000266 seconds
2016-12-26T10:19:47.543-0100: 253.355: Total time for which application threads were stopped: 0.0001368 seconds, Stopping threads took: 0.0000314 seconds
{Heap before GC invocations=37 (full 1):
 par new generation   total 109248K, used 109248K [0x00000007a0000000, 0x00000007a8000000, 0x00000007a8000000)
  eden space 87424K, 100% used [0x00000007a0000000, 0x00000007a5560000, 0x00000007a5560000)
  from space 21824K, 100% used [0x00000007a6ab0000, 0x00000007a8000000, 0x00000007a8000000)
  to   space 21824K,   0% used [0x00000007a5560000, 0x00000007a5560000, 0x00000007a6ab0000)
 concurrent mark-sweep generation total 393216K, used 26275K [0x00000007a8000000, 0x00000007c0000000, 0x00000007c0000000)
 Metaspace       used 37290K, capacity 38040K, committed 38212K, reserved 1083392K
  class space    used 4191K, capacity 4399K, committed 4448K, reserved 1048576K
2016-12-26T10:19:47.718-0100: 253.530: [GC (Allocation Failure) 2016-12-26T10:19:47.718-0100: 253.530: [ParNew
Desired survivor size 20112992 bytes, new threshold 8 (max 8)
- age   1:    4168512 bytes,    4168512 total
- age   2:    2244024 bytes,    6412536 total
- age   3:    6095760 bytes,   12508296 total
- age   4:     243496 bytes,   12751792 total
- age   5:      41824 bytes,   12793616 total
- age   6:     188008 bytes,   12981624 total
- age   7:      62864 bytes,   13044488 total
- age   8:     466688 bytes,   13511176 total
: 109248K->16952K(109248K), 0.0102244 secs] 135523K->43912K(502464K), 0.0103100 secs] [Times: user=0.03 sys=0.00, real=0.01 secs] 
Heap after GC invocations=38 (full 1):
 par new generation   total 109248K, used 16952K [0x00000007a0000000, 0x00000007a8000000, 0x00000007a8000000)
  eden space 87424K,   0% used [0x00000007a0000000, 0x00000007a0000000, 0x00000007a5560000)
  from space 21824K,  77% used [0x00000007a5560000, 0x00000007a65ee338, 0x00000007a6ab0000)
  to   space 21824K,   0% used [0x00000007a6ab0000, 0x00000007a6ab0000, 0x00000007a8000000)
 concurrent mark-sweep generation total 393216K, used 26959K [0x00000007a8000000, 0x00000007c0000000, 0x00000007c0000000)
 Metaspace       used 37290K, capacity 38040K, committed 38212K, reserved 1083392K
  class space    used 4191K, capacity 4399K, committed 4448K, reserved 1048576K
}
2016-12-26T10:19:47.728-0100: 253.541: Total time for which application threads were stopped: 0.0105515 seconds, Stopping threads took: 0.0000207 seconds
2016-12-26T10:19:48.732-0100: 254.544: Total time for which application threads were stopped: 0.0002933 seconds, Stopping threads took: 0.0001153 seconds
2016-12-26T10:19:49.305-0100: 255.117: Total time for which application threads were stopped: 0.0002598 seconds, Stopping threads took: 0.0000317 seconds
2016-12-26T10:19:49.543-0100: 255.355: Total time for which application threads were stopped: 0.0002411 seconds, Stopping threads took: 0.0000359 seconds
2016-12-26T10:19:50.547-0100: 256.359: Total time for which application threads were stopped: 0.0001164 seconds, Stopping threads took: 0.0000324 seconds
2016-12-26T10:19:51.550-0100: 257.363: Total time for which application threads were stopped: 0.0001341 seconds, Stopping threads took: 0.0000315 seconds
2016-12-26T10:19:52.303-0100: 258.115: Total time for which application threads were stopped: 0.0001904 seconds, Stopping threads took: 0.0000275 seconds
{Heap before GC invocations=38 (full 1):
 par new generation   total 109248K, used 104376K [0x00000007a0000000, 0x00000007a8000000, 0x00000007a8000000)
  eden space 87424K, 100% used [0x00000007a0000000, 0x00000007a5560000, 0x00000007a5560000)
  from space 21824K,  77% used [0x00000007a5560000, 0x00000007a65ee338, 0x00000007a6ab0000)
  to   space 21824K,   0% used [0x00000007a6ab0000, 0x00000007a6ab0000, 0x00000007a8000000)
 concurrent mark-sweep generation total 393216K, used 26959K [0x00000007a8000000, 0x00000007c0000000, 0x00000007c0000000)
 Metaspace       used 37315K, capacity 38104K, committed 38212K, reserved 1083392K
  class space    used 4191K, capacity 4399K, committed 4448K, reserved 1048576K
2016-12-26T10:19:52.415-0100: 258.228: [GC (Allocation Failure) 2016-12-26T10:19:52.416-0100: 258.228: [ParNew
Desired survivor size 20112992 bytes, new threshold 8 (max 8)
- age   1:    4217680 bytes,    4217680 total
- age   2:    1373072 bytes,    5590752 total
- age   3:    2236392 bytes,    7827144 total
- age   4:    6095760 bytes,   13922904 total
- age   5:     243496 bytes,   14166400 total
- age   6:      41824 bytes,   14208224 total
- age   7:     188008 bytes,   14396232 total
- age   8:      62048 bytes,   14458280 total
: 104376K->17812K(109248K), 0.0091094 secs] 131336K->45227K(502464K), 0.0091951 secs] [Times: user=0.02 sys=0.00, real=0.01 secs] 
Heap after GC invocations=39 (full 1):
 par new generation   total 109248K, used 17812K [0x00000007a0000000, 0x00000007a8000000, 0x00000007a8000000)
  eden space 87424K,   0% used [0x00000007a0000000, 0x00000007a0000000, 0x00000007a5560000)
  from space 21824K,  81% used [0x00000007a6ab0000, 0x00000007a7c15008, 0x00000007a8000000)
  to   space 21824K,   0% used [0x00000007a5560000, 0x00000007a5560000, 0x00000007a6ab0000)
 concurrent mark-sweep generation total 393216K, used 27415K [0x00000007a8000000, 0x00000007c0000000, 0x00000007c0000000)
 Metaspace       used 37315K, capacity 38104K, committed 38212K, reserved 1083392K
  class space    used 4191K, capacity 4399K, committed 4448K, reserved 1048576K
}
2016-12-26T10:19:52.425-0100: 258.237: Total time for which application threads were stopped: 0.0094264 seconds, Stopping threads took: 0.0000302 seconds
2016-12-26T10:19:52.584-0100: 258.396: Total time for which application threads were stopped: 0.0001255 seconds, Stopping threads took: 0.0000211 seconds
2016-12-26T10:19:53.585-0100: 259.397: Total time for which application threads were stopped: 0.0001128 seconds, Stopping threads took: 0.0000274 seconds
2016-12-26T10:19:54.589-0100: 260.401: Total time for which application threads were stopped: 0.0001372 seconds, Stopping threads took: 0.0000395 seconds
2016-12-26T10:19:55.389-0100: 261.201: Total time for which application threads were stopped: 0.0001859 seconds, Stopping threads took: 0.0000293 seconds
2016-12-26T10:19:55.609-0100: 261.421: Total time for which application threads were stopped: 0.0001470 seconds, Stopping threads took: 0.0000217 seconds
{Heap before GC invocations=39 (full 1):
 par new generation   total 109248K, used 105236K [0x00000007a0000000, 0x00000007a8000000, 0x00000007a8000000)
  eden space 87424K, 100% used [0x00000007a0000000, 0x00000007a5560000, 0x00000007a5560000)
  from space 21824K,  81% used [0x00000007a6ab0000, 0x00000007a7c15008, 0x00000007a8000000)
  to   space 21824K,   0% used [0x00000007a5560000, 0x00000007a5560000, 0x00000007a6ab0000)
 concurrent mark-sweep generation total 393216K, used 27415K [0x00000007a8000000, 0x00000007c0000000, 0x00000007c0000000)
 Metaspace       used 37329K, capacity 38104K, committed 38212K, reserved 1083392K
  class space    used 4191K, capacity 4399K, committed 4448K, reserved 1048576K
2016-12-26T10:19:56.651-0100: 262.463: [GC (Allocation Failure) 2016-12-26T10:19:56.651-0100: 262.463: [ParNew
Desired survivor size 20112992 bytes, new threshold 8 (max 8)
- age   1:    3425784 bytes,    3425784 total
- age   2:    1569448 bytes,    4995232 total
- age   3:    1369128 bytes,    6364360 total
- age   4:    2232784 bytes,    8597144 total
- age   5:    5892320 bytes,   14489464 total
- age   6:     242720 bytes,   14732184 total
- age   7:      40720 bytes,   14772904 total
- age   8:     186472 bytes,   14959376 total
: 105236K->21824K(109248K), 0.0180013 secs] 132651K->50501K(502464K), 0.0180673 secs] [Times: user=0.03 sys=0.01, real=0.01 secs] 
Heap after GC invocations=40 (full 1):
 par new generation   total 109248K, used 21824K [0x00000007a0000000, 0x00000007a8000000, 0x00000007a8000000)
  eden space 87424K,   0% used [0x00000007a0000000, 0x00000007a0000000, 0x00000007a5560000)
  from space 21824K, 100% used [0x00000007a5560000, 0x00000007a6ab0000, 0x00000007a6ab0000)
  to   space 21824K,   0% used [0x00000007a6ab0000, 0x00000007a6ab0000, 0x00000007a8000000)
 concurrent mark-sweep generation total 393216K, used 28677K [0x00000007a8000000, 0x00000007c0000000, 0x00000007c0000000)
 Metaspace       used 37329K, capacity 38104K, committed 38212K, reserved 1083392K
  class space    used 4191K, capacity 4399K, committed 4448K, reserved 1048576K
}
2016-12-26T10:19:56.669-0100: 262.481: Total time for which application threads were stopped: 0.0182636 seconds, Stopping threads took: 0.0000208 seconds
2016-12-26T10:19:57.833-0100: 263.645: Total time for which application threads were stopped: 0.0002862 seconds, Stopping threads took: 0.0001080 seconds
2016-12-26T10:19:57.833-0100: 263.645: Total time for which application threads were stopped: 0.0001787 seconds, Stopping threads took: 0.0000758 seconds
2016-12-26T10:19:57.833-0100: 263.645: Total time for which application threads were stopped: 0.0001627 seconds, Stopping threads took: 0.0000574 seconds
2016-12-26T10:19:57.834-0100: 263.646: Total time for which application threads were stopped: 0.0001807 seconds, Stopping threads took: 0.0000752 seconds
2016-12-26T10:19:57.834-0100: 263.646: Total time for which application threads were stopped: 0.0001705 seconds, Stopping threads took: 0.0000698 seconds
2016-12-26T10:19:57.837-0100: 263.649: Total time for which application threads were stopped: 0.0001582 seconds, Stopping threads took: 0.0000198 seconds
2016-12-26T10:19:57.837-0100: 263.649: Total time for which application threads were stopped: 0.0001398 seconds, Stopping threads took: 0.0000123 seconds
2016-12-26T10:19:57.838-0100: 263.650: Total time for which application threads were stopped: 0.0002039 seconds, Stopping threads took: 0.0000634 seconds
2016-12-26T10:19:57.865-0100: 263.677: Total time for which application threads were stopped: 0.0002564 seconds, Stopping threads took: 0.0000428 seconds
2016-12-26T10:19:57.866-0100: 263.678: Total time for which application threads were stopped: 0.0001960 seconds, Stopping threads took: 0.0000217 seconds
2016-12-26T10:19:57.866-0100: 263.678: Total time for which application threads were stopped: 0.0001997 seconds, Stopping threads took: 0.0000383 seconds
2016-12-26T10:19:57.866-0100: 263.678: Total time for which application threads were stopped: 0.0001159 seconds, Stopping threads took: 0.0000143 seconds
2016-12-26T10:19:57.880-0100: 263.692: Total time for which application threads were stopped: 0.0001751 seconds, Stopping threads took: 0.0000388 seconds
2016-12-26T10:19:57.947-0100: 263.759: Total time for which application threads were stopped: 0.0003394 seconds, Stopping threads took: 0.0001108 seconds
2016-12-26T10:19:58.173-0100: 263.985: Total time for which application threads were stopped: 0.0001961 seconds, Stopping threads took: 0.0000477 seconds
2016-12-26T10:19:58.173-0100: 263.985: Total time for which application threads were stopped: 0.0000956 seconds, Stopping threads took: 0.0000132 seconds
2016-12-26T10:19:58.184-0100: 263.996: Total time for which application threads were stopped: 0.0108071 seconds, Stopping threads took: 0.0106475 seconds
2016-12-26T10:19:58.184-0100: 263.996: Total time for which application threads were stopped: 0.0002064 seconds, Stopping threads took: 0.0001083 seconds
2016-12-26T10:19:58.185-0100: 263.997: Total time for which application threads were stopped: 0.0000970 seconds, Stopping threads took: 0.0000152 seconds
2016-12-26T10:19:58.293-0100: 264.105: Total time for which application threads were stopped: 0.0341727 seconds, Stopping threads took: 0.0340391 seconds
2016-12-26T10:19:58.293-0100: 264.105: Total time for which application threads were stopped: 0.0001817 seconds, Stopping threads took: 0.0000886 seconds
2016-12-26T10:19:58.294-0100: 264.106: Total time for which application threads were stopped: 0.0001085 seconds, Stopping threads took: 0.0000240 seconds
2016-12-26T10:19:58.294-0100: 264.106: Total time for which application threads were stopped: 0.0000989 seconds, Stopping threads took: 0.0000146 seconds
2016-12-26T10:19:58.294-0100: 264.106: Total time for which application threads were stopped: 0.0002254 seconds, Stopping threads took: 0.0000100 seconds
2016-12-26T10:19:58.295-0100: 264.108: Total time for which application threads were stopped: 0.0001469 seconds, Stopping threads took: 0.0000395 seconds
2016-12-26T10:19:58.296-0100: 264.108: Total time for which application threads were stopped: 0.0000916 seconds, Stopping threads took: 0.0000089 seconds
2016-12-26T10:19:58.296-0100: 264.108: Total time for which application threads were stopped: 0.0000958 seconds, Stopping threads took: 0.0000128 seconds
2016-12-26T10:19:58.296-0100: 264.108: Total time for which application threads were stopped: 0.0002138 seconds, Stopping threads took: 0.0000101 seconds
2016-12-26T10:19:58.297-0100: 264.109: Total time for which application threads were stopped: 0.0002868 seconds, Stopping threads took: 0.0000255 seconds
2016-12-26T10:19:58.312-0100: 264.124: Total time for which application threads were stopped: 0.0005358 seconds, Stopping threads took: 0.0003680 seconds
2016-12-26T10:19:58.312-0100: 264.124: Total time for which application threads were stopped: 0.0001376 seconds, Stopping threads took: 0.0000324 seconds
2016-12-26T10:19:58.312-0100: 264.125: Total time for which application threads were stopped: 0.0002079 seconds, Stopping threads took: 0.0001014 seconds
2016-12-26T10:19:58.317-0100: 264.129: Total time for which application threads were stopped: 0.0002598 seconds, Stopping threads took: 0.0001085 seconds
2016-12-26T10:19:58.402-0100: 264.214: Total time for which application threads were stopped: 0.0109584 seconds, Stopping threads took: 0.0107517 seconds
2016-12-26T10:19:58.475-0100: 264.287: Total time for which application threads were stopped: 0.0109687 seconds, Stopping threads took: 0.0106591 seconds
{Heap before GC invocations=40 (full 1):
 par new generation   total 109248K, used 109248K [0x00000007a0000000, 0x00000007a8000000, 0x00000007a8000000)
  eden space 87424K, 100% used [0x00000007a0000000, 0x00000007a5560000, 0x00000007a5560000)
  from space 21824K, 100% used [0x00000007a5560000, 0x00000007a6ab0000, 0x00000007a6ab0000)
  to   space 21824K,   0% used [0x00000007a6ab0000, 0x00000007a6ab0000, 0x00000007a8000000)
 concurrent mark-sweep generation total 393216K, used 28677K [0x00000007a8000000, 0x00000007c0000000, 0x00000007c0000000)
 Metaspace       used 37364K, capacity 38104K, committed 38212K, reserved 1083392K
  class space    used 4191K, capacity 4399K, committed 4448K, reserved 1048576K
2016-12-26T10:19:58.517-0100: 264.329: [GC (Allocation Failure) 2016-12-26T10:19:58.517-0100: 264.329: [ParNew
Desired survivor size 20112992 bytes, new threshold 8 (max 8)
- age   1:    4610848 bytes,    4610848 total
- age   2:    2243096 bytes,    6853944 total
- age   3:    1531144 bytes,    8385088 total
- age   4:    1332968 bytes,    9718056 total
- age   5:    2202568 bytes,   11920624 total
- age   6:    5889624 bytes,   17810248 total
- age   7:     234720 bytes,   18044968 total
- age   8:      35200 bytes,   18080168 total
: 109248K->21296K(109248K), 0.0194488 secs] 137925K->50011K(502464K), 0.0195686 secs] [Times: user=0.04 sys=0.00, real=0.02 secs] 
Heap after GC invocations=41 (full 1):
 par new generation   total 109248K, used 21296K [0x00000007a0000000, 0x00000007a8000000, 0x00000007a8000000)
  eden space 87424K,   0% used [0x00000007a0000000, 0x00000007a0000000, 0x00000007a5560000)
  from space 21824K,  97% used [0x00000007a6ab0000, 0x00000007a7f7c100, 0x00000007a8000000)
  to   space 21824K,   0% used [0x00000007a5560000, 0x00000007a5560000, 0x00000007a6ab0000)
 concurrent mark-sweep generation total 393216K, used 28715K [0x00000007a8000000, 0x00000007c0000000, 0x00000007c0000000)
 Metaspace       used 37364K, capacity 38104K, committed 38212K, reserved 1083392K
  class space    used 4191K, capacity 4399K, committed 4448K, reserved 1048576K
}
2016-12-26T10:19:58.537-0100: 264.349: Total time for which application threads were stopped: 0.0199094 seconds, Stopping threads took: 0.0000995 seconds
2016-12-26T10:19:58.830-0100: 264.642: Total time for which application threads were stopped: 0.0211201 seconds, Stopping threads took: 0.0206848 seconds
2016-12-26T10:19:59.834-0100: 265.646: Total time for which application threads were stopped: 0.0001922 seconds, Stopping threads took: 0.0000342 seconds
2016-12-26T10:20:00.835-0100: 266.647: Total time for which application threads were stopped: 0.0001228 seconds, Stopping threads took: 0.0000279 seconds
2016-12-26T10:20:01.453-0100: 267.265: Total time for which application threads were stopped: 0.0002294 seconds, Stopping threads took: 0.0000508 seconds
2016-12-26T10:20:01.453-0100: 267.265: Total time for which application threads were stopped: 0.0001426 seconds, Stopping threads took: 0.0000603 seconds
2016-12-26T10:20:01.453-0100: 267.265: Total time for which application threads were stopped: 0.0001015 seconds, Stopping threads took: 0.0000294 seconds
2016-12-26T10:20:01.454-0100: 267.266: Total time for which application threads were stopped: 0.0000969 seconds, Stopping threads took: 0.0000224 seconds
2016-12-26T10:20:01.454-0100: 267.266: Total time for which application threads were stopped: 0.0001165 seconds, Stopping threads took: 0.0000389 seconds
2016-12-26T10:20:01.454-0100: 267.266: Total time for which application threads were stopped: 0.0001065 seconds, Stopping threads took: 0.0000192 seconds
2016-12-26T10:20:01.454-0100: 267.266: Total time for which application threads were stopped: 0.0001009 seconds, Stopping threads took: 0.0000204 seconds
2016-12-26T10:20:01.454-0100: 267.266: Total time for which application threads were stopped: 0.0000701 seconds, Stopping threads took: 0.0000101 seconds
{Heap before GC invocations=41 (full 1):
 par new generation   total 109248K, used 108720K [0x00000007a0000000, 0x00000007a8000000, 0x00000007a8000000)
  eden space 87424K, 100% used [0x00000007a0000000, 0x00000007a5560000, 0x00000007a5560000)
  from space 21824K,  97% used [0x00000007a6ab0000, 0x00000007a7f7c100, 0x00000007a8000000)
  to   space 21824K,   0% used [0x00000007a5560000, 0x00000007a5560000, 0x00000007a6ab0000)
 concurrent mark-sweep generation total 393216K, used 28715K [0x00000007a8000000, 0x00000007c0000000, 0x00000007c0000000)
 Metaspace       used 37438K, capacity 38176K, committed 38468K, reserved 1083392K
  class space    used 4196K, capacity 4403K, committed 4448K, reserved 1048576K
2016-12-26T10:20:01.673-0100: 267.485: [GC (Allocation Failure) 2016-12-26T10:20:01.673-0100: 267.485: [ParNew
Desired survivor size 20112992 bytes, new threshold 8 (max 8)
- age   1:    2324960 bytes,    2324960 total
- age   2:    1515016 bytes,    3839976 total
- age   3:    2136920 bytes,    5976896 total
- age   4:    1513784 bytes,    7490680 total
- age   5:    1323168 bytes,    8813848 total
- age   6:    2156504 bytes,   10970352 total
- age   7:    5889368 bytes,   16859720 total
- age   8:     234032 bytes,   17093752 total
: 108720K->21824K(109248K), 0.0553615 secs] 137435K->50714K(502464K), 0.0554649 secs] [Times: user=0.05 sys=0.00, real=0.05 secs] 
Heap after GC invocations=42 (full 1):
 par new generation   total 109248K, used 21824K [0x00000007a0000000, 0x00000007a8000000, 0x00000007a8000000)
  eden space 87424K,   0% used [0x00000007a0000000, 0x00000007a0000000, 0x00000007a5560000)
  from space 21824K, 100% used [0x00000007a5560000, 0x00000007a6ab0000, 0x00000007a6ab0000)
  to   space 21824K,   0% used [0x00000007a6ab0000, 0x00000007a6ab0000, 0x00000007a8000000)
 concurrent mark-sweep generation total 393216K, used 28890K [0x00000007a8000000, 0x00000007c0000000, 0x00000007c0000000)
 Metaspace       used 37438K, capacity 38176K, committed 38468K, reserved 1083392K
  class space    used 4196K, capacity 4403K, committed 4448K, reserved 1048576K
}
2016-12-26T10:20:01.729-0100: 267.541: Total time for which application threads were stopped: 0.0557070 seconds, Stopping threads took: 0.0000284 seconds
2016-12-26T10:20:01.801-0100: 267.613: Total time for which application threads were stopped: 0.0002004 seconds, Stopping threads took: 0.0000496 seconds
2016-12-26T10:20:01.801-0100: 267.613: Total time for which application threads were stopped: 0.0000980 seconds, Stopping threads took: 0.0000261 seconds
2016-12-26T10:20:01.801-0100: 267.613: Total time for which application threads were stopped: 0.0001991 seconds, Stopping threads took: 0.0001180 seconds
2016-12-26T10:20:01.802-0100: 267.614: Total time for which application threads were stopped: 0.0000968 seconds, Stopping threads took: 0.0000125 seconds
2016-12-26T10:20:01.802-0100: 267.614: Total time for which application threads were stopped: 0.0001315 seconds, Stopping threads took: 0.0000679 seconds
2016-12-26T10:20:01.802-0100: 267.614: Total time for which application threads were stopped: 0.0000817 seconds, Stopping threads took: 0.0000207 seconds
2016-12-26T10:20:01.802-0100: 267.614: Total time for which application threads were stopped: 0.0000600 seconds, Stopping threads took: 0.0000082 seconds
2016-12-26T10:20:01.802-0100: 267.614: Total time for which application threads were stopped: 0.0000841 seconds, Stopping threads took: 0.0000284 seconds
2016-12-26T10:20:01.802-0100: 267.614: Total time for which application threads were stopped: 0.0001456 seconds, Stopping threads took: 0.0000826 seconds
2016-12-26T10:20:01.803-0100: 267.615: Total time for which application threads were stopped: 0.0000753 seconds, Stopping threads took: 0.0000211 seconds
2016-12-26T10:20:01.803-0100: 267.615: Total time for which application threads were stopped: 0.0000829 seconds, Stopping threads took: 0.0000230 seconds
2016-12-26T10:20:02.804-0100: 268.616: Total time for which application threads were stopped: 0.0001394 seconds, Stopping threads took: 0.0000304 seconds
2016-12-26T10:20:03.808-0100: 269.620: Total time for which application threads were stopped: 0.0002140 seconds, Stopping threads took: 0.0000473 seconds
2016-12-26T10:20:04.808-0100: 270.620: Total time for which application threads were stopped: 0.0001609 seconds, Stopping threads took: 0.0000326 seconds
2016-12-26T10:20:05.809-0100: 271.620: Total time for which application threads were stopped: 0.0001554 seconds, Stopping threads took: 0.0000287 seconds
{Heap before GC invocations=42 (full 1):
 par new generation   total 109248K, used 109224K [0x00000007a0000000, 0x00000007a8000000, 0x00000007a8000000)
  eden space 87424K,  99% used [0x00000007a0000000, 0x00000007a555a0e0, 0x00000007a5560000)
  from space 21824K, 100% used [0x00000007a5560000, 0x00000007a6ab0000, 0x00000007a6ab0000)
  to   space 21824K,   0% used [0x00000007a6ab0000, 0x00000007a6ab0000, 0x00000007a8000000)
 concurrent mark-sweep generation total 393216K, used 28890K [0x00000007a8000000, 0x00000007c0000000, 0x00000007c0000000)
 Metaspace       used 37447K, capacity 38176K, committed 38468K, reserved 1083392K
  class space    used 4196K, capacity 4403K, committed 4448K, reserved 1048576K
2016-12-26T10:20:06.004-0100: 271.816: [GC (Allocation Failure) 2016-12-26T10:20:06.004-0100: 271.816: [ParNew
Desired survivor size 20112992 bytes, new threshold 8 (max 8)
- age   1:    4353776 bytes,    4353776 total
- age   2:     631440 bytes,    4985216 total
- age   3:    1000216 bytes,    5985432 total
- age   4:    1010464 bytes,    6995896 total
- age   5:    1029672 bytes,    8025568 total
- age   6:     669536 bytes,    8695104 total
- age   7:    1085016 bytes,    9780120 total
- age   8:    3039816 bytes,   12819936 total
: 109224K->20205K(109248K), 0.0107351 secs] 138114K->49324K(502464K), 0.0108234 secs] [Times: user=0.03 sys=0.00, real=0.01 secs] 
Heap after GC invocations=43 (full 1):
 par new generation   total 109248K, used 20205K [0x00000007a0000000, 0x00000007a8000000, 0x00000007a8000000)
  eden space 87424K,   0% used [0x00000007a0000000, 0x00000007a0000000, 0x00000007a5560000)
  from space 21824K,  92% used [0x00000007a6ab0000, 0x00000007a7e6b740, 0x00000007a8000000)
  to   space 21824K,   0% used [0x00000007a5560000, 0x00000007a5560000, 0x00000007a6ab0000)
 concurrent mark-sweep generation total 393216K, used 29118K [0x00000007a8000000, 0x00000007c0000000, 0x00000007c0000000)
 Metaspace       used 37447K, capacity 38176K, committed 38468K, reserved 1083392K
  class space    used 4196K, capacity 4403K, committed 4448K, reserved 1048576K
}
2016-12-26T10:20:06.015-0100: 271.827: Total time for which application threads were stopped: 0.0110442 seconds, Stopping threads took: 0.0000295 seconds
2016-12-26T10:20:09.022-0100: 274.834: Total time for which application threads were stopped: 0.0003817 seconds, Stopping threads took: 0.0002456 seconds
2016-12-26T10:20:10.026-0100: 275.838: Total time for which application threads were stopped: 0.0001437 seconds, Stopping threads took: 0.0000299 seconds
{Heap before GC invocations=43 (full 1):
 par new generation   total 109248K, used 107623K [0x00000007a0000000, 0x00000007a8000000, 0x00000007a8000000)
  eden space 87424K,  99% used [0x00000007a0000000, 0x00000007a555e860, 0x00000007a5560000)
  from space 21824K,  92% used [0x00000007a6ab0000, 0x00000007a7e6b740, 0x00000007a8000000)
  to   space 21824K,   0% used [0x00000007a5560000, 0x00000007a5560000, 0x00000007a6ab0000)
 concurrent mark-sweep generation total 393216K, used 29118K [0x00000007a8000000, 0x00000007c0000000, 0x00000007c0000000)
 Metaspace       used 37453K, capacity 38176K, committed 38468K, reserved 1083392K
  class space    used 4196K, capacity 4403K, committed 4448K, reserved 1048576K
2016-12-26T10:20:10.346-0100: 276.158: [GC (Allocation Failure) 2016-12-26T10:20:10.347-0100: 276.158: [ParNew
Desired survivor size 20112992 bytes, new threshold 8 (max 8)
- age   1:    5285984 bytes,    5285984 total
- age   2:    1440208 bytes,    6726192 total
- age   3:     628856 bytes,    7355048 total
- age   4:     998912 bytes,    8353960 total
- age   5:    1008080 bytes,    9362040 total
- age   6:    1028904 bytes,   10390944 total
- age   7:     668864 bytes,   11059808 total
- age   8:    1084440 bytes,   12144248 total
: 107623K->14138K(109248K), 0.0102908 secs] 136742K->46226K(502464K), 0.0103913 secs] [Times: user=0.03 sys=0.00, real=0.01 secs] 
Heap after GC invocations=44 (full 1):
 par new generation   total 109248K, used 14138K [0x00000007a0000000, 0x00000007a8000000, 0x00000007a8000000)
  eden space 87424K,   0% used [0x00000007a0000000, 0x00000007a0000000, 0x00000007a5560000)
  from space 21824K,  64% used [0x00000007a5560000, 0x00000007a632ebf0, 0x00000007a6ab0000)
  to   space 21824K,   0% used [0x00000007a6ab0000, 0x00000007a6ab0000, 0x00000007a8000000)
 concurrent mark-sweep generation total 393216K, used 32087K [0x00000007a8000000, 0x00000007c0000000, 0x00000007c0000000)
 Metaspace       used 37453K, capacity 38176K, committed 38468K, reserved 1083392K
  class space    used 4196K, capacity 4403K, committed 4448K, reserved 1048576K
}
2016-12-26T10:20:10.357-0100: 276.169: Total time for which application threads were stopped: 0.0106196 seconds, Stopping threads took: 0.0000263 seconds
2016-12-26T10:20:11.359-0100: 277.171: Total time for which application threads were stopped: 0.0001422 seconds, Stopping threads took: 0.0000319 seconds
2016-12-26T10:20:12.359-0100: 278.171: Total time for which application threads were stopped: 0.0001897 seconds, Stopping threads took: 0.0000926 seconds
2016-12-26T10:20:12.928-0100: 278.739: Total time for which application threads were stopped: 0.0001507 seconds, Stopping threads took: 0.0000468 seconds
2016-12-26T10:20:12.930-0100: 278.742: Total time for which application threads were stopped: 0.0001675 seconds, Stopping threads took: 0.0000566 seconds
2016-12-26T10:20:12.939-0100: 278.750: Total time for which application threads were stopped: 0.0002138 seconds, Stopping threads took: 0.0000392 seconds
2016-12-26T10:20:12.939-0100: 278.751: Total time for which application threads were stopped: 0.0001486 seconds, Stopping threads took: 0.0000184 seconds
2016-12-26T10:20:13.377-0100: 279.189: Total time for which application threads were stopped: 0.0002256 seconds, Stopping threads took: 0.0000506 seconds
2016-12-26T10:20:13.377-0100: 279.189: Total time for which application threads were stopped: 0.0001395 seconds, Stopping threads took: 0.0000211 seconds
2016-12-26T10:20:13.377-0100: 279.189: Total time for which application threads were stopped: 0.0000771 seconds, Stopping threads took: 0.0000067 seconds
{Heap before GC invocations=44 (full 1):
 par new generation   total 109248K, used 101060K [0x00000007a0000000, 0x00000007a8000000, 0x00000007a8000000)
  eden space 87424K,  99% used [0x00000007a0000000, 0x00000007a54e2500, 0x00000007a5560000)
  from space 21824K,  64% used [0x00000007a5560000, 0x00000007a632ebf0, 0x00000007a6ab0000)
  to   space 21824K,   0% used [0x00000007a6ab0000, 0x00000007a6ab0000, 0x00000007a8000000)
 concurrent mark-sweep generation total 393216K, used 32087K [0x00000007a8000000, 0x00000007c0000000, 0x00000007c0000000)
 Metaspace       used 37483K, capacity 38240K, committed 38468K, reserved 1083392K
  class space    used 4196K, capacity 4403K, committed 4448K, reserved 1048576K
2016-12-26T10:20:13.415-0100: 279.226: [GC (Allocation Failure) 2016-12-26T10:20:13.415-0100: 279.226: [ParNew
Desired survivor size 20112992 bytes, new threshold 8 (max 8)
- age   1:    4277936 bytes,    4277936 total
- age   2:    1218584 bytes,    5496520 total
- age   3:    1405240 bytes,    6901760 total
- age   4:     599744 bytes,    7501504 total
- age   5:     956240 bytes,    8457744 total
- age   6:    1005392 bytes,    9463136 total
- age   7:    1026392 bytes,   10489528 total
- age   8:     666136 bytes,   11155664 total
: 101060K->18040K(109248K), 0.0278449 secs] 133147K->51117K(502464K), 0.0279419 secs] [Times: user=0.04 sys=0.00, real=0.03 secs] 
Heap after GC invocations=45 (full 1):
 par new generation   total 109248K, used 18040K [0x00000007a0000000, 0x00000007a8000000, 0x00000007a8000000)
  eden space 87424K,   0% used [0x00000007a0000000, 0x00000007a0000000, 0x00000007a5560000)
  from space 21824K,  82% used [0x00000007a6ab0000, 0x00000007a7c4e060, 0x00000007a8000000)
  to   space 21824K,   0% used [0x00000007a5560000, 0x00000007a5560000, 0x00000007a6ab0000)
 concurrent mark-sweep generation total 393216K, used 33077K [0x00000007a8000000, 0x00000007c0000000, 0x00000007c0000000)
 Metaspace       used 37483K, capacity 38240K, committed 38468K, reserved 1083392K
  class space    used 4196K, capacity 4403K, committed 4448K, reserved 1048576K
}
2016-12-26T10:20:13.443-0100: 279.254: Total time for which application threads were stopped: 0.0282200 seconds, Stopping threads took: 0.0000291 seconds
2016-12-26T10:20:13.448-0100: 279.259: Total time for which application threads were stopped: 0.0002038 seconds, Stopping threads took: 0.0000684 seconds
2016-12-26T10:20:13.448-0100: 279.259: Total time for which application threads were stopped: 0.0001381 seconds, Stopping threads took: 0.0000287 seconds
2016-12-26T10:20:13.448-0100: 279.260: Total time for which application threads were stopped: 0.0001273 seconds, Stopping threads took: 0.0000237 seconds
2016-12-26T10:20:13.448-0100: 279.260: Total time for which application threads were stopped: 0.0000954 seconds, Stopping threads took: 0.0000249 seconds
2016-12-26T10:20:13.451-0100: 279.263: Total time for which application threads were stopped: 0.0002804 seconds, Stopping threads took: 0.0001073 seconds
2016-12-26T10:20:13.666-0100: 279.477: Total time for which application threads were stopped: 0.0002665 seconds, Stopping threads took: 0.0000975 seconds
2016-12-26T10:20:14.667-0100: 280.478: Total time for which application threads were stopped: 0.0002200 seconds, Stopping threads took: 0.0000319 seconds
{Heap before GC invocations=45 (full 1):
 par new generation   total 109248K, used 105464K [0x00000007a0000000, 0x00000007a8000000, 0x00000007a8000000)
  eden space 87424K, 100% used [0x00000007a0000000, 0x00000007a5560000, 0x00000007a5560000)
  from space 21824K,  82% used [0x00000007a6ab0000, 0x00000007a7c4e060, 0x00000007a8000000)
  to   space 21824K,   0% used [0x00000007a5560000, 0x00000007a5560000, 0x00000007a6ab0000)
 concurrent mark-sweep generation total 393216K, used 33077K [0x00000007a8000000, 0x00000007c0000000, 0x00000007c0000000)
 Metaspace       used 37516K, capacity 38240K, committed 38468K, reserved 1083392K
  class space    used 4197K, capacity 4403K, committed 4448K, reserved 1048576K
2016-12-26T10:20:15.169-0100: 280.981: [GC (Allocation Failure) 2016-12-26T10:20:15.169-0100: 280.981: [ParNew
Desired survivor size 20112992 bytes, new threshold 8 (max 8)
- age   1:    2962856 bytes,    2962856 total
- age   2:    2597080 bytes,    5559936 total
- age   3:    1215000 bytes,    6774936 total
- age   4:    1404832 bytes,    8179768 total
- age   5:     598648 bytes,    8778416 total
- age   6:     954152 bytes,    9732568 total
- age   7:    1005248 bytes,   10737816 total
- age   8:    1025696 bytes,   11763512 total
: 105464K->14576K(109248K), 0.0087051 secs] 138541K->48305K(502464K), 0.0087811 secs] [Times: user=0.02 sys=0.00, real=0.01 secs] 
Heap after GC invocations=46 (full 1):
 par new generation   total 109248K, used 14576K [0x00000007a0000000, 0x00000007a8000000, 0x00000007a8000000)
  eden space 87424K,   0% used [0x00000007a0000000, 0x00000007a0000000, 0x00000007a5560000)
  from space 21824K,  66% used [0x00000007a5560000, 0x00000007a639c390, 0x00000007a6ab0000)
  to   space 21824K,   0% used [0x00000007a6ab0000, 0x00000007a6ab0000, 0x00000007a8000000)
 concurrent mark-sweep generation total 393216K, used 33728K [0x00000007a8000000, 0x00000007c0000000, 0x00000007c0000000)
 Metaspace       used 37516K, capacity 38240K, committed 38468K, reserved 1083392K
  class space    used 4197K, capacity 4403K, committed 4448K, reserved 1048576K
}
2016-12-26T10:20:15.178-0100: 280.990: Total time for which application threads were stopped: 0.0089779 seconds, Stopping threads took: 0.0000215 seconds
2016-12-26T10:20:16.181-0100: 281.993: Total time for which application threads were stopped: 0.0001731 seconds, Stopping threads took: 0.0000402 seconds
2016-12-26T10:20:16.790-0100: 282.601: Total time for which application threads were stopped: 0.0001677 seconds, Stopping threads took: 0.0000245 seconds
2016-12-26T10:20:16.793-0100: 282.604: Total time for which application threads were stopped: 0.0001375 seconds, Stopping threads took: 0.0000239 seconds
2016-12-26T10:20:16.793-0100: 282.605: Total time for which application threads were stopped: 0.0001406 seconds, Stopping threads took: 0.0000171 seconds
2016-12-26T10:20:16.793-0100: 282.605: Total time for which application threads were stopped: 0.0000892 seconds, Stopping threads took: 0.0000114 seconds
2016-12-26T10:20:16.793-0100: 282.605: Total time for which application threads were stopped: 0.0000711 seconds, Stopping threads took: 0.0000098 seconds
2016-12-26T10:20:16.793-0100: 282.605: Total time for which application threads were stopped: 0.0000642 seconds, Stopping threads took: 0.0000086 seconds
2016-12-26T10:20:16.799-0100: 282.611: Total time for which application threads were stopped: 0.0003618 seconds, Stopping threads took: 0.0002209 seconds
2016-12-26T10:20:16.801-0100: 282.613: Total time for which application threads were stopped: 0.0007780 seconds, Stopping threads took: 0.0006404 seconds
2016-12-26T10:20:16.812-0100: 282.624: Total time for which application threads were stopped: 0.0022512 seconds, Stopping threads took: 0.0021154 seconds
2016-12-26T10:20:16.813-0100: 282.625: Total time for which application threads were stopped: 0.0004750 seconds, Stopping threads took: 0.0003317 seconds
2016-12-26T10:20:16.821-0100: 282.633: Total time for which application threads were stopped: 0.0070819 seconds, Stopping threads took: 0.0063980 seconds
2016-12-26T10:20:16.823-0100: 282.634: Total time for which application threads were stopped: 0.0002844 seconds, Stopping threads took: 0.0001664 seconds
2016-12-26T10:20:16.823-0100: 282.635: Total time for which application threads were stopped: 0.0001961 seconds, Stopping threads took: 0.0000926 seconds
2016-12-26T10:20:16.824-0100: 282.635: Total time for which application threads were stopped: 0.0001210 seconds, Stopping threads took: 0.0000569 seconds
2016-12-26T10:20:16.824-0100: 282.635: Total time for which application threads were stopped: 0.0001080 seconds, Stopping threads took: 0.0000487 seconds
2016-12-26T10:20:16.824-0100: 282.635: Total time for which application threads were stopped: 0.0001245 seconds, Stopping threads took: 0.0000612 seconds
2016-12-26T10:20:16.833-0100: 282.645: Total time for which application threads were stopped: 0.0001505 seconds, Stopping threads took: 0.0000299 seconds
2016-12-26T10:20:16.838-0100: 282.649: Total time for which application threads were stopped: 0.0003572 seconds, Stopping threads took: 0.0001278 seconds
2016-12-26T10:20:16.838-0100: 282.650: Total time for which application threads were stopped: 0.0001298 seconds, Stopping threads took: 0.0000289 seconds
{Heap before GC invocations=46 (full 1):
 par new generation   total 109248K, used 101945K [0x00000007a0000000, 0x00000007a8000000, 0x00000007a8000000)
  eden space 87424K,  99% used [0x00000007a0000000, 0x00000007a55521c8, 0x00000007a5560000)
  from space 21824K,  66% used [0x00000007a5560000, 0x00000007a639c390, 0x00000007a6ab0000)
  to   space 21824K,   0% used [0x00000007a6ab0000, 0x00000007a6ab0000, 0x00000007a8000000)
 concurrent mark-sweep generation total 393216K, used 33728K [0x00000007a8000000, 0x00000007c0000000, 0x00000007c0000000)
 Metaspace       used 37525K, capacity 38242K, committed 38468K, reserved 1083392K
  class space    used 4198K, capacity 4404K, committed 4448K, reserved 1048576K
2016-12-26T10:20:17.456-0100: 283.268: [GC (Allocation Failure) 2016-12-26T10:20:17.456-0100: 283.268: [ParNew
Desired survivor size 20112992 bytes, new threshold 8 (max 8)
- age   1:    3533488 bytes,    3533488 total
- age   2:     177760 bytes,    3711248 total
- age   3:    1447312 bytes,    5158560 total
- age   4:     625488 bytes,    5784048 total
- age   5:     866248 bytes,    6650296 total
- age   6:     251256 bytes,    6901552 total
- age   7:     838336 bytes,    7739888 total
- age   8:    1004936 bytes,    8744824 total
: 101945K->14911K(109248K), 0.0415881 secs] 135673K->49641K(502464K), 0.0416617 secs] [Times: user=0.06 sys=0.00, real=0.04 secs] 
Heap after GC invocations=47 (full 1):
 par new generation   total 109248K, used 14911K [0x00000007a0000000, 0x00000007a8000000, 0x00000007a8000000)
  eden space 87424K,   0% used [0x00000007a0000000, 0x00000007a0000000, 0x00000007a5560000)
  from space 21824K,  68% used [0x00000007a6ab0000, 0x00000007a793fe30, 0x00000007a8000000)
  to   space 21824K,   0% used [0x00000007a5560000, 0x00000007a5560000, 0x00000007a6ab0000)
 concurrent mark-sweep generation total 393216K, used 34730K [0x00000007a8000000, 0x00000007c0000000, 0x00000007c0000000)
 Metaspace       used 37525K, capacity 38242K, committed 38468K, reserved 1083392K
  class space    used 4198K, capacity 4404K, committed 4448K, reserved 1048576K
}
2016-12-26T10:20:17.498-0100: 283.310: Total time for which application threads were stopped: 0.0420208 seconds, Stopping threads took: 0.0000434 seconds
2016-12-26T10:20:18.502-0100: 284.314: Total time for which application threads were stopped: 0.0001891 seconds, Stopping threads took: 0.0000281 seconds
2016-12-26T10:20:19.505-0100: 285.316: Total time for which application threads were stopped: 0.0001352 seconds, Stopping threads took: 0.0000299 seconds
2016-12-26T10:20:19.926-0100: 285.738: Total time for which application threads were stopped: 0.0001879 seconds, Stopping threads took: 0.0000308 seconds
2016-12-26T10:20:19.937-0100: 285.749: Total time for which application threads were stopped: 0.0001712 seconds, Stopping threads took: 0.0000487 seconds
2016-12-26T10:20:19.937-0100: 285.749: Total time for which application threads were stopped: 0.0001593 seconds, Stopping threads took: 0.0000282 seconds
2016-12-26T10:20:19.937-0100: 285.749: Total time for which application threads were stopped: 0.0000922 seconds, Stopping threads took: 0.0000099 seconds
2016-12-26T10:20:19.938-0100: 285.749: Total time for which application threads were stopped: 0.0000736 seconds, Stopping threads took: 0.0000102 seconds
2016-12-26T10:20:19.938-0100: 285.749: Total time for which application threads were stopped: 0.0001246 seconds, Stopping threads took: 0.0000200 seconds
2016-12-26T10:20:19.938-0100: 285.750: Total time for which application threads were stopped: 0.0000999 seconds, Stopping threads took: 0.0000123 seconds
2016-12-26T10:20:19.938-0100: 285.750: Total time for which application threads were stopped: 0.0001073 seconds, Stopping threads took: 0.0000239 seconds
2016-12-26T10:20:19.938-0100: 285.750: Total time for which application threads were stopped: 0.0001243 seconds, Stopping threads took: 0.0000294 seconds
2016-12-26T10:20:19.939-0100: 285.750: Total time for which application threads were stopped: 0.0000970 seconds, Stopping threads took: 0.0000219 seconds
2016-12-26T10:20:19.939-0100: 285.750: Total time for which application threads were stopped: 0.0000732 seconds, Stopping threads took: 0.0000104 seconds
2016-12-26T10:20:19.939-0100: 285.750: Total time for which application threads were stopped: 0.0000807 seconds, Stopping threads took: 0.0000223 seconds
2016-12-26T10:20:19.939-0100: 285.751: Total time for which application threads were stopped: 0.0001770 seconds, Stopping threads took: 0.0000089 seconds
{Heap before GC invocations=47 (full 1):
 par new generation   total 109248K, used 102335K [0x00000007a0000000, 0x00000007a8000000, 0x00000007a8000000)
  eden space 87424K, 100% used [0x00000007a0000000, 0x00000007a5560000, 0x00000007a5560000)
  from space 21824K,  68% used [0x00000007a6ab0000, 0x00000007a793fe30, 0x00000007a8000000)
  to   space 21824K,   0% used [0x00000007a5560000, 0x00000007a5560000, 0x00000007a6ab0000)
 concurrent mark-sweep generation total 393216K, used 34730K [0x00000007a8000000, 0x00000007c0000000, 0x00000007c0000000)
 Metaspace       used 37531K, capacity 38242K, committed 38468K, reserved 1083392K
  class space    used 4198K, capacity 4404K, committed 4448K, reserved 1048576K
2016-12-26T10:20:22.632-0100: 288.444: [GC (Allocation Failure) 2016-12-26T10:20:22.632-0100: 288.444: [ParNew
Desired survivor size 20112992 bytes, new threshold 8 (max 8)
- age   1:    4220296 bytes,    4220296 total
- age   2:     713624 bytes,    4933920 total
- age   3:      30792 bytes,    4964712 total
- age   4:     188240 bytes,    5152952 total
- age   5:      60496 bytes,    5213448 total
- age   6:      41976 bytes,    5255424 total
- age   7:      34168 bytes,    5289592 total
- age   8:     837032 bytes,    6126624 total
: 102335K->8085K(109248K), 0.0089590 secs] 137065K->43797K(502464K), 0.0090244 secs] [Times: user=0.02 sys=0.00, real=0.01 secs] 
Heap after GC invocations=48 (full 1):
 par new generation   total 109248K, used 8085K [0x00000007a0000000, 0x00000007a8000000, 0x00000007a8000000)
  eden space 87424K,   0% used [0x00000007a0000000, 0x00000007a0000000, 0x00000007a5560000)
  from space 21824K,  37% used [0x00000007a5560000, 0x00000007a5d45588, 0x00000007a6ab0000)
  to   space 21824K,   0% used [0x00000007a6ab0000, 0x00000007a6ab0000, 0x00000007a8000000)
 concurrent mark-sweep generation total 393216K, used 35711K [0x00000007a8000000, 0x00000007c0000000, 0x00000007c0000000)
 Metaspace       used 37531K, capacity 38242K, committed 38468K, reserved 1083392K
  class space    used 4198K, capacity 4404K, committed 4448K, reserved 1048576K
}
2016-12-26T10:20:22.641-0100: 288.453: Total time for which application threads were stopped: 0.0092045 seconds, Stopping threads took: 0.0000191 seconds
2016-12-26T10:20:23.646-0100: 289.457: Total time for which application threads were stopped: 0.0001339 seconds, Stopping threads took: 0.0000315 seconds
2016-12-26T10:20:24.647-0100: 290.458: Total time for which application threads were stopped: 0.0001710 seconds, Stopping threads took: 0.0000331 seconds
2016-12-26T10:20:25.649-0100: 291.461: Total time for which application threads were stopped: 0.0001032 seconds, Stopping threads took: 0.0000262 seconds
{Heap before GC invocations=48 (full 1):
 par new generation   total 109248K, used 95482K [0x00000007a0000000, 0x00000007a8000000, 0x00000007a8000000)
  eden space 87424K,  99% used [0x00000007a0000000, 0x00000007a5559588, 0x00000007a5560000)
  from space 21824K,  37% used [0x00000007a5560000, 0x00000007a5d45588, 0x00000007a6ab0000)
  to   space 21824K,   0% used [0x00000007a6ab0000, 0x00000007a6ab0000, 0x00000007a8000000)
 concurrent mark-sweep generation total 393216K, used 35711K [0x00000007a8000000, 0x00000007c0000000, 0x00000007c0000000)
 Metaspace       used 37541K, capacity 38306K, committed 38468K, reserved 1083392K
  class space    used 4198K, capacity 4404K, committed 4448K, reserved 1048576K
2016-12-26T10:20:25.882-0100: 291.694: [GC (Allocation Failure) 2016-12-26T10:20:25.882-0100: 291.694: [ParNew
Desired survivor size 20112992 bytes, new threshold 8 (max 8)
- age   1:    4503024 bytes,    4503024 total
- age   2:    1010328 bytes,    5513352 total
- age   3:     708992 bytes,    6222344 total
- age   4:      29776 bytes,    6252120 total
- age   5:     187504 bytes,    6439624 total
- age   6:      59968 bytes,    6499592 total
- age   7:      41712 bytes,    6541304 total
- age   8:      33976 bytes,    6575280 total
: 95482K->7647K(109248K), 0.0158864 secs] 131194K->44177K(502464K), 0.0159879 secs] [Times: user=0.02 sys=0.00, real=0.01 secs] 
Heap after GC invocations=49 (full 1):
 par new generation   total 109248K, used 7647K [0x00000007a0000000, 0x00000007a8000000, 0x00000007a8000000)
  eden space 87424K,   0% used [0x00000007a0000000, 0x00000007a0000000, 0x00000007a5560000)
  from space 21824K,  35% used [0x00000007a6ab0000, 0x00000007a7227c30, 0x00000007a8000000)
  to   space 21824K,   0% used [0x00000007a5560000, 0x00000007a5560000, 0x00000007a6ab0000)
 concurrent mark-sweep generation total 393216K, used 36530K [0x00000007a8000000, 0x00000007c0000000, 0x00000007c0000000)
 Metaspace       used 37541K, capacity 38306K, committed 38468K, reserved 1083392K
  class space    used 4198K, capacity 4404K, committed 4448K, reserved 1048576K
}
2016-12-26T10:20:25.898-0100: 291.710: Total time for which application threads were stopped: 0.0162911 seconds, Stopping threads took: 0.0000292 seconds
2016-12-26T10:20:26.901-0100: 292.713: Total time for which application threads were stopped: 0.0002332 seconds, Stopping threads took: 0.0001238 seconds
2016-12-26T10:20:27.949-0100: 293.760: Total time for which application threads were stopped: 0.0001665 seconds, Stopping threads took: 0.0000297 seconds
2016-12-26T10:20:27.949-0100: 293.761: Total time for which application threads were stopped: 0.0001200 seconds, Stopping threads took: 0.0000310 seconds
2016-12-26T10:20:27.949-0100: 293.761: Total time for which application threads were stopped: 0.0001075 seconds, Stopping threads took: 0.0000249 seconds
2016-12-26T10:20:27.971-0100: 293.782: Total time for which application threads were stopped: 0.0001478 seconds, Stopping threads took: 0.0000254 seconds
2016-12-26T10:20:27.971-0100: 293.783: Total time for which application threads were stopped: 0.0001323 seconds, Stopping threads took: 0.0000623 seconds
2016-12-26T10:20:27.974-0100: 293.785: Total time for which application threads were stopped: 0.0001393 seconds, Stopping threads took: 0.0000259 seconds
2016-12-26T10:20:28.432-0100: 294.244: Total time for which application threads were stopped: 0.0002878 seconds, Stopping threads took: 0.0000317 seconds
2016-12-26T10:20:28.432-0100: 294.244: Total time for which application threads were stopped: 0.0001726 seconds, Stopping threads took: 0.0000145 seconds
2016-12-26T10:20:28.444-0100: 294.255: Total time for which application threads were stopped: 0.0001706 seconds, Stopping threads took: 0.0000432 seconds
2016-12-26T10:20:28.444-0100: 294.255: Total time for which application threads were stopped: 0.0001004 seconds, Stopping threads took: 0.0000145 seconds
2016-12-26T10:20:29.444-0100: 295.255: Total time for which application threads were stopped: 0.0001224 seconds, Stopping threads took: 0.0000275 seconds
2016-12-26T10:21:09.532-0100: 335.343: Total time for which application threads were stopped: 0.0001634 seconds, Stopping threads took: 0.0000338 seconds
2016-12-26T10:22:38.813-0100: 424.622: Total time for which application threads were stopped: 0.0001665 seconds, Stopping threads took: 0.0000447 seconds
2016-12-26T10:23:25.949-0100: 471.756: Total time for which application threads were stopped: 0.0001749 seconds, Stopping threads took: 0.0000531 seconds
2016-12-26T10:24:55.192-0100: 560.997: Total time for which application threads were stopped: 0.0001678 seconds, Stopping threads took: 0.0000421 seconds
2016-12-26T10:25:21.280-0100: 587.085: Total time for which application threads were stopped: 0.0002203 seconds, Stopping threads took: 0.0000465 seconds
2016-12-26T10:25:41.335-0100: 607.138: Total time for which application threads were stopped: 0.0001872 seconds, Stopping threads took: 0.0000422 seconds
2016-12-26T10:26:04.407-0100: 630.210: Total time for which application threads were stopped: 0.0001447 seconds, Stopping threads took: 0.0000374 seconds
2016-12-26T10:26:16.446-0100: 642.248: Total time for which application threads were stopped: 0.0002050 seconds, Stopping threads took: 0.0000369 seconds
2016-12-26T10:51:05.680-0100: 2131.441: Total time for which application threads were stopped: 0.0001655 seconds, Stopping threads took: 0.0000439 seconds
2016-12-26T10:59:55.454-0100: 2661.200: Total time for which application threads were stopped: 0.0001006 seconds, Stopping threads took: 0.0000161 seconds
2016-12-26T10:59:55.461-0100: 2661.206: Total time for which application threads were stopped: 0.0000997 seconds, Stopping threads took: 0.0000215 seconds
2016-12-26T10:59:55.461-0100: 2661.206: Total time for which application threads were stopped: 0.0001043 seconds, Stopping threads took: 0.0000173 seconds
2016-12-26T10:59:55.553-0100: 2661.299: Total time for which application threads were stopped: 0.0001864 seconds, Stopping threads took: 0.0000379 seconds
2016-12-26T10:59:55.554-0100: 2661.300: Total time for which application threads were stopped: 0.0001233 seconds, Stopping threads took: 0.0000200 seconds
2016-12-26T10:59:55.554-0100: 2661.300: Total time for which application threads were stopped: 0.0000560 seconds, Stopping threads took: 0.0000078 seconds
2016-12-26T10:59:55.555-0100: 2661.301: Total time for which application threads were stopped: 0.0001317 seconds, Stopping threads took: 0.0000375 seconds
2016-12-26T10:59:55.557-0100: 2661.303: Total time for which application threads were stopped: 0.0006559 seconds, Stopping threads took: 0.0004648 seconds
2016-12-26T10:59:55.559-0100: 2661.305: Total time for which application threads were stopped: 0.0001765 seconds, Stopping threads took: 0.0000688 seconds
2016-12-26T10:59:55.559-0100: 2661.305: Total time for which application threads were stopped: 0.0000948 seconds, Stopping threads took: 0.0000265 seconds
2016-12-26T10:59:55.560-0100: 2661.305: Total time for which application threads were stopped: 0.0000937 seconds, Stopping threads took: 0.0000369 seconds
2016-12-26T10:59:55.560-0100: 2661.305: Total time for which application threads were stopped: 0.0000624 seconds, Stopping threads took: 0.0000098 seconds
2016-12-26T10:59:55.560-0100: 2661.306: Total time for which application threads were stopped: 0.0000703 seconds, Stopping threads took: 0.0000221 seconds
2016-12-26T10:59:55.570-0100: 2661.316: Total time for which application threads were stopped: 0.0001575 seconds, Stopping threads took: 0.0000506 seconds
2016-12-26T10:59:55.573-0100: 2661.318: Total time for which application threads were stopped: 0.0000889 seconds, Stopping threads took: 0.0000312 seconds
2016-12-26T10:59:55.573-0100: 2661.318: Total time for which application threads were stopped: 0.0000780 seconds, Stopping threads took: 0.0000402 seconds
2016-12-26T10:59:55.573-0100: 2661.319: Total time for which application threads were stopped: 0.0000706 seconds, Stopping threads took: 0.0000344 seconds
2016-12-26T10:59:55.574-0100: 2661.320: Total time for which application threads were stopped: 0.0000968 seconds, Stopping threads took: 0.0000432 seconds
2016-12-26T10:59:55.574-0100: 2661.320: Total time for which application threads were stopped: 0.0000579 seconds, Stopping threads took: 0.0000205 seconds
Heap
 par new generation   total 109248K, used 88329K [0x00000007a0000000, 0x00000007a8000000, 0x00000007a8000000)
  eden space 87424K,  92% used [0x00000007a0000000, 0x00000007a4eca8f8, 0x00000007a5560000)
  from space 21824K,  35% used [0x00000007a6ab0000, 0x00000007a7227c30, 0x00000007a8000000)
  to   space 21824K,   0% used [0x00000007a5560000, 0x00000007a5560000, 0x00000007a6ab0000)
 concurrent mark-sweep generation total 393216K, used 36530K [0x00000007a8000000, 0x00000007c0000000, 0x00000007c0000000)
 Metaspace       used 37616K, capacity 38410K, committed 38468K, reserved 1083392K
  class space    used 4208K, capacity 4438K, committed 4448K, reserved 1048576K
