Java HotSpot(TM) 64-Bit Server VM (25.111-b14) for bsd-amd64 JRE (1.8.0_111-b14), built on Sep 22 2016 15:31:41 by "java_re" with gcc 4.2.1 (Based on Apple Inc. build 5658) (LLVM build 2336.11.00)
Memory: 4k page, physical 16777216k(1028104k free)

/proc/meminfo:

CommandLine flags: -XX:CMSInitiatingOccupancyFraction=50 -XX:CMSMaxAbortablePrecleanTime=6000 -XX:+CMSParallelRemarkEnabled -XX:+CMSScavengeBeforeRemark -XX:ConcGCThreads=4 -XX:InitialHeapSize=536870912 -XX:MaxHeapSize=536870912 -XX:MaxTenuringThreshold=8 -XX:NewRatio=3 -XX:OldPLABSize=16 -XX:OnOutOfMemoryError=/Users/mmarzougui/Documents/tools/solr-6.2.1/bin/oom_solr.sh 8983 /Users/mmarzougui/Documents/tools/solr-6.2.1/example/cloud/node1/solr/../logs -XX:ParallelGCThreads=4 -XX:+ParallelRefProcEnabled -XX:PretenureSizeThreshold=67108864 -XX:+PrintGC -XX:+PrintGCApplicationStoppedTime -XX:+PrintGCDateStamps -XX:+PrintGCDetails -XX:+PrintGCTimeStamps -XX:+PrintHeapAtGC -XX:+PrintTenuringDistribution -XX:SurvivorRatio=4 -XX:TargetSurvivorRatio=90 -XX:ThreadStackSize=256 -XX:+UseCMSInitiatingOccupancyOnly -XX:+UseCompressedClassPointers -XX:+UseCompressedOops -XX:+UseConcMarkSweepGC -XX:+UseParNewGC 
2016-12-26T10:15:27.934-0100: 0.145: Total time for which application threads were stopped: 0.0000767 seconds, Stopping threads took: 0.0000094 seconds
2016-12-26T10:15:28.008-0100: 0.219: Total time for which application threads were stopped: 0.0001098 seconds, Stopping threads took: 0.0000125 seconds
2016-12-26T10:15:28.311-0100: 0.522: Total time for which application threads were stopped: 0.0001605 seconds, Stopping threads took: 0.0000116 seconds
2016-12-26T10:15:28.375-0100: 0.586: Total time for which application threads were stopped: 0.0001603 seconds, Stopping threads took: 0.0000148 seconds
2016-12-26T10:15:28.396-0100: 0.607: Total time for which application threads were stopped: 0.0001745 seconds, Stopping threads took: 0.0000193 seconds
2016-12-26T10:15:28.586-0100: 0.797: Total time for which application threads were stopped: 0.0001815 seconds, Stopping threads took: 0.0000144 seconds
2016-12-26T10:15:28.781-0100: 0.992: Total time for which application threads were stopped: 0.0002295 seconds, Stopping threads took: 0.0000150 seconds
2016-12-26T10:15:28.782-0100: 0.993: Total time for which application threads were stopped: 0.0001156 seconds, Stopping threads took: 0.0000075 seconds
2016-12-26T10:15:28.784-0100: 0.995: Total time for which application threads were stopped: 0.0002120 seconds, Stopping threads took: 0.0000534 seconds
2016-12-26T10:15:28.792-0100: 1.003: Total time for which application threads were stopped: 0.0001912 seconds, Stopping threads took: 0.0000140 seconds
{Heap before GC invocations=0 (full 0):
 par new generation   total 109248K, used 87424K [0x00000007a0000000, 0x00000007a8000000, 0x00000007a8000000)
  eden space 87424K, 100% used [0x00000007a0000000, 0x00000007a5560000, 0x00000007a5560000)
  from space 21824K,   0% used [0x00000007a5560000, 0x00000007a5560000, 0x00000007a6ab0000)
  to   space 21824K,   0% used [0x00000007a6ab0000, 0x00000007a6ab0000, 0x00000007a8000000)
 concurrent mark-sweep generation total 393216K, used 0K [0x00000007a8000000, 0x00000007c0000000, 0x00000007c0000000)
 Metaspace       used 18875K, capacity 19144K, committed 19584K, reserved 1067008K
  class space    used 2216K, capacity 2305K, committed 2432K, reserved 1048576K
2016-12-26T10:15:29.604-0100: 1.815: [GC (Allocation Failure) 2016-12-26T10:15:29.604-0100: 1.815: [ParNew
Desired survivor size 20112992 bytes, new threshold 8 (max 8)
- age   1:   10928256 bytes,   10928256 total
: 87424K->10778K(109248K), 0.0215806 secs] 87424K->10778K(502464K), 0.0216993 secs] [Times: user=0.05 sys=0.00, real=0.02 secs] 
Heap after GC invocations=1 (full 0):
 par new generation   total 109248K, used 10778K [0x00000007a0000000, 0x00000007a8000000, 0x00000007a8000000)
  eden space 87424K,   0% used [0x00000007a0000000, 0x00000007a0000000, 0x00000007a5560000)
  from space 21824K,  49% used [0x00000007a6ab0000, 0x00000007a7536ab0, 0x00000007a8000000)
  to   space 21824K,   0% used [0x00000007a5560000, 0x00000007a5560000, 0x00000007a6ab0000)
 concurrent mark-sweep generation total 393216K, used 0K [0x00000007a8000000, 0x00000007c0000000, 0x00000007c0000000)
 Metaspace       used 18875K, capacity 19144K, committed 19584K, reserved 1067008K
  class space    used 2216K, capacity 2305K, committed 2432K, reserved 1048576K
}
2016-12-26T10:15:29.626-0100: 1.837: Total time for which application threads were stopped: 0.0219641 seconds, Stopping threads took: 0.0000213 seconds
2016-12-26T10:15:29.892-0100: 2.103: Total time for which application threads were stopped: 0.0003053 seconds, Stopping threads took: 0.0000190 seconds
2016-12-26T10:15:29.942-0100: 2.153: Total time for which application threads were stopped: 0.0002407 seconds, Stopping threads took: 0.0000746 seconds
2016-12-26T10:15:29.953-0100: 2.164: Total time for which application threads were stopped: 0.0001101 seconds, Stopping threads took: 0.0000235 seconds
2016-12-26T10:15:30.955-0100: 3.165: Total time for which application threads were stopped: 0.0001645 seconds, Stopping threads took: 0.0000464 seconds
2016-12-26T10:15:31.630-0100: 3.841: [GC (CMS Initial Mark) [1 CMS-initial-mark: 0K(393216K)] 36890K(502464K), 0.0060921 secs] [Times: user=0.02 sys=0.00, real=0.00 secs] 
2016-12-26T10:15:31.636-0100: 3.847: Total time for which application threads were stopped: 0.0062636 seconds, Stopping threads took: 0.0000300 seconds
2016-12-26T10:15:31.636-0100: 3.847: [CMS-concurrent-mark-start]
2016-12-26T10:15:31.636-0100: 3.847: [CMS-concurrent-mark: 0.000/0.000 secs] [Times: user=0.00 sys=0.00, real=0.00 secs] 
2016-12-26T10:15:31.636-0100: 3.847: [CMS-concurrent-preclean-start]
2016-12-26T10:15:31.637-0100: 3.848: [CMS-concurrent-preclean: 0.001/0.001 secs] [Times: user=0.00 sys=0.00, real=0.00 secs] 
2016-12-26T10:15:31.637-0100: 3.848: [CMS-concurrent-abortable-preclean-start]
2016-12-26T10:15:31.893-0100: 4.104: Total time for which application threads were stopped: 0.0004558 seconds, Stopping threads took: 0.0000766 seconds
2016-12-26T10:15:33.602-0100: 5.812: Total time for which application threads were stopped: 0.0001083 seconds, Stopping threads took: 0.0000262 seconds
2016-12-26T10:15:33.608-0100: 5.819: Total time for which application threads were stopped: 0.0001193 seconds, Stopping threads took: 0.0000273 seconds
2016-12-26T10:15:33.626-0100: 5.836: Total time for which application threads were stopped: 0.0001400 seconds, Stopping threads took: 0.0000265 seconds
2016-12-26T10:15:33.631-0100: 5.842: Total time for which application threads were stopped: 0.0002639 seconds, Stopping threads took: 0.0000171 seconds
2016-12-26T10:15:33.650-0100: 5.861: Total time for which application threads were stopped: 0.0001279 seconds, Stopping threads took: 0.0000464 seconds
2016-12-26T10:15:33.664-0100: 5.875: Total time for which application threads were stopped: 0.0001097 seconds, Stopping threads took: 0.0000226 seconds
2016-12-26T10:15:33.671-0100: 5.881: Total time for which application threads were stopped: 0.0003840 seconds, Stopping threads took: 0.0000387 seconds
2016-12-26T10:15:33.675-0100: 5.886: Total time for which application threads were stopped: 0.0001465 seconds, Stopping threads took: 0.0000257 seconds
2016-12-26T10:15:33.712-0100: 5.923: Total time for which application threads were stopped: 0.0001303 seconds, Stopping threads took: 0.0000233 seconds
2016-12-26T10:15:33.734-0100: 5.945: Total time for which application threads were stopped: 0.0002811 seconds, Stopping threads took: 0.0000184 seconds
2016-12-26T10:15:33.736-0100: 5.947: Total time for which application threads were stopped: 0.0001080 seconds, Stopping threads took: 0.0000471 seconds
2016-12-26T10:15:33.736-0100: 5.947: Total time for which application threads were stopped: 0.0000668 seconds, Stopping threads took: 0.0000219 seconds
2016-12-26T10:15:33.736-0100: 5.947: Total time for which application threads were stopped: 0.0000625 seconds, Stopping threads took: 0.0000240 seconds
2016-12-26T10:15:33.736-0100: 5.947: Total time for which application threads were stopped: 0.0000600 seconds, Stopping threads took: 0.0000186 seconds
2016-12-26T10:15:33.736-0100: 5.947: Total time for which application threads were stopped: 0.0000637 seconds, Stopping threads took: 0.0000192 seconds
2016-12-26T10:15:33.736-0100: 5.947: Total time for which application threads were stopped: 0.0000842 seconds, Stopping threads took: 0.0000540 seconds
2016-12-26T10:15:33.744-0100: 5.955: Total time for which application threads were stopped: 0.0001016 seconds, Stopping threads took: 0.0000337 seconds
2016-12-26T10:15:33.744-0100: 5.955: Total time for which application threads were stopped: 0.0000371 seconds, Stopping threads took: 0.0000044 seconds
2016-12-26T10:15:33.744-0100: 5.955: Total time for which application threads were stopped: 0.0000410 seconds, Stopping threads took: 0.0000069 seconds
2016-12-26T10:15:33.744-0100: 5.955: Total time for which application threads were stopped: 0.0000363 seconds, Stopping threads took: 0.0000059 seconds
2016-12-26T10:15:33.744-0100: 5.955: Total time for which application threads were stopped: 0.0000456 seconds, Stopping threads took: 0.0000147 seconds
2016-12-26T10:15:33.758-0100: 5.969: Total time for which application threads were stopped: 0.0000942 seconds, Stopping threads took: 0.0000185 seconds
2016-12-26T10:15:33.766-0100: 5.976: Total time for which application threads were stopped: 0.0001249 seconds, Stopping threads took: 0.0000263 seconds
2016-12-26T10:15:33.808-0100: 6.019: Total time for which application threads were stopped: 0.0001048 seconds, Stopping threads took: 0.0000344 seconds
2016-12-26T10:15:33.814-0100: 6.024: Total time for which application threads were stopped: 0.0000929 seconds, Stopping threads took: 0.0000170 seconds
2016-12-26T10:15:33.828-0100: 6.039: Total time for which application threads were stopped: 0.0000903 seconds, Stopping threads took: 0.0000215 seconds
2016-12-26T10:15:33.830-0100: 6.041: Total time for which application threads were stopped: 0.0000807 seconds, Stopping threads took: 0.0000193 seconds
2016-12-26T10:15:33.833-0100: 6.044: Total time for which application threads were stopped: 0.0001026 seconds, Stopping threads took: 0.0000242 seconds
2016-12-26T10:15:34.836-0100: 7.047: Total time for which application threads were stopped: 0.0001062 seconds, Stopping threads took: 0.0000256 seconds
2016-12-26T10:15:35.127-0100: 7.338: Total time for which application threads were stopped: 0.0000931 seconds, Stopping threads took: 0.0000301 seconds
2016-12-26T10:15:35.127-0100: 7.338: Total time for which application threads were stopped: 0.0000474 seconds, Stopping threads took: 0.0000092 seconds
2016-12-26T10:15:35.142-0100: 7.353: Total time for which application threads were stopped: 0.0001095 seconds, Stopping threads took: 0.0000231 seconds
2016-12-26T10:15:35.143-0100: 7.354: Total time for which application threads were stopped: 0.0001081 seconds, Stopping threads took: 0.0000248 seconds
2016-12-26T10:15:35.428-0100: 7.639: Total time for which application threads were stopped: 0.0001286 seconds, Stopping threads took: 0.0000281 seconds
2016-12-26T10:15:35.428-0100: 7.639: Total time for which application threads were stopped: 0.0000723 seconds, Stopping threads took: 0.0000153 seconds
2016-12-26T10:15:35.523-0100: 7.734: Total time for which application threads were stopped: 0.0001446 seconds, Stopping threads took: 0.0000473 seconds
2016-12-26T10:15:35.525-0100: 7.735: Total time for which application threads were stopped: 0.0001178 seconds, Stopping threads took: 0.0000272 seconds
2016-12-26T10:15:36.525-0100: 8.736: Total time for which application threads were stopped: 0.0001954 seconds, Stopping threads took: 0.0000420 seconds
 CMS: abort preclean due to time 2016-12-26T10:15:37.643-0100: 9.854: [CMS-concurrent-abortable-preclean: 1.712/6.006 secs] [Times: user=1.98 sys=0.05, real=6.01 secs] 
2016-12-26T10:15:37.644-0100: 9.854: [GC (CMS Final Remark) [YG occupancy: 54901 K (109248 K)]{Heap before GC invocations=1 (full 1):
 par new generation   total 109248K, used 54901K [0x00000007a0000000, 0x00000007a8000000, 0x00000007a8000000)
  eden space 87424K,  50% used [0x00000007a0000000, 0x00000007a2b16a78, 0x00000007a5560000)
  from space 21824K,  49% used [0x00000007a6ab0000, 0x00000007a7536ab0, 0x00000007a8000000)
  to   space 21824K,   0% used [0x00000007a5560000, 0x00000007a5560000, 0x00000007a6ab0000)
 concurrent mark-sweep generation total 393216K, used 0K [0x00000007a8000000, 0x00000007c0000000, 0x00000007c0000000)
 Metaspace       used 23612K, capacity 24156K, committed 24284K, reserved 1071104K
  class space    used 2772K, capacity 2933K, committed 2968K, reserved 1048576K
2016-12-26T10:15:37.644-0100: 9.854: [GC (CMS Final Remark) 2016-12-26T10:15:37.644-0100: 9.854: [ParNew
Desired survivor size 20112992 bytes, new threshold 8 (max 8)
- age   1:    3903144 bytes,    3903144 total
- age   2:    5365624 bytes,    9268768 total
: 54901K->13722K(109248K), 0.0102772 secs] 54901K->13722K(502464K), 0.0103385 secs] [Times: user=0.03 sys=0.01, real=0.01 secs] 
Heap after GC invocations=2 (full 1):
 par new generation   total 109248K, used 13722K [0x00000007a0000000, 0x00000007a8000000, 0x00000007a8000000)
  eden space 87424K,   0% used [0x00000007a0000000, 0x00000007a0000000, 0x00000007a5560000)
  from space 21824K,  62% used [0x00000007a5560000, 0x00000007a62c6b00, 0x00000007a6ab0000)
  to   space 21824K,   0% used [0x00000007a6ab0000, 0x00000007a6ab0000, 0x00000007a8000000)
 concurrent mark-sweep generation total 393216K, used 0K [0x00000007a8000000, 0x00000007c0000000, 0x00000007c0000000)
 Metaspace       used 23612K, capacity 24156K, committed 24284K, reserved 1071104K
  class space    used 2772K, capacity 2933K, committed 2968K, reserved 1048576K
}
2016-12-26T10:15:37.654-0100: 9.865: [Rescan (parallel) , 0.0029838 secs]2016-12-26T10:15:37.657-0100: 9.868: [weak refs processing, 0.0005397 secs]2016-12-26T10:15:37.658-0100: 9.868: [class unloading, 0.0027803 secs]2016-12-26T10:15:37.660-0100: 9.871: [scrub symbol table, 0.0036744 secs]2016-12-26T10:15:37.664-0100: 9.875: [scrub string table, 0.0003416 secs][1 CMS-remark: 0K(393216K)] 13722K(502464K), 0.0214638 secs] [Times: user=0.05 sys=0.01, real=0.02 secs] 
2016-12-26T10:15:37.665-0100: 9.876: Total time for which application threads were stopped: 0.0215974 seconds, Stopping threads took: 0.0000283 seconds
2016-12-26T10:15:37.665-0100: 9.876: [CMS-concurrent-sweep-start]
2016-12-26T10:15:37.665-0100: 9.876: [CMS-concurrent-sweep: 0.000/0.000 secs] [Times: user=0.00 sys=0.00, real=0.00 secs] 
2016-12-26T10:15:37.665-0100: 9.876: [CMS-concurrent-reset-start]
2016-12-26T10:15:37.666-0100: 9.877: Total time for which application threads were stopped: 0.0000857 seconds, Stopping threads took: 0.0000245 seconds
2016-12-26T10:15:37.667-0100: 9.877: Total time for which application threads were stopped: 0.0000547 seconds, Stopping threads took: 0.0000102 seconds
2016-12-26T10:15:37.667-0100: 9.878: Total time for which application threads were stopped: 0.0000473 seconds, Stopping threads took: 0.0000083 seconds
2016-12-26T10:15:37.668-0100: 9.879: Total time for which application threads were stopped: 0.0001304 seconds, Stopping threads took: 0.0000080 seconds
2016-12-26T10:15:37.669-0100: 9.879: [CMS-concurrent-reset: 0.003/0.003 secs] [Times: user=0.00 sys=0.00, real=0.00 secs] 
2016-12-26T10:15:37.866-0100: 10.077: Total time for which application threads were stopped: 0.0003094 seconds, Stopping threads took: 0.0000340 seconds
2016-12-26T10:15:40.002-0100: 12.213: Total time for which application threads were stopped: 0.0001044 seconds, Stopping threads took: 0.0000191 seconds
2016-12-26T10:15:40.003-0100: 12.213: Total time for which application threads were stopped: 0.0000499 seconds, Stopping threads took: 0.0000087 seconds
2016-12-26T10:15:40.035-0100: 12.246: Total time for which application threads were stopped: 0.0000991 seconds, Stopping threads took: 0.0000201 seconds
2016-12-26T10:15:40.036-0100: 12.246: Total time for which application threads were stopped: 0.0000722 seconds, Stopping threads took: 0.0000167 seconds
2016-12-26T10:15:40.038-0100: 12.248: Total time for which application threads were stopped: 0.0000835 seconds, Stopping threads took: 0.0000225 seconds
2016-12-26T10:15:40.038-0100: 12.248: Total time for which application threads were stopped: 0.0000622 seconds, Stopping threads took: 0.0000230 seconds
2016-12-26T10:15:40.040-0100: 12.251: Total time for which application threads were stopped: 0.0000958 seconds, Stopping threads took: 0.0000264 seconds
2016-12-26T10:15:40.040-0100: 12.251: Total time for which application threads were stopped: 0.0000776 seconds, Stopping threads took: 0.0000150 seconds
2016-12-26T10:15:40.043-0100: 12.253: Total time for which application threads were stopped: 0.0001138 seconds, Stopping threads took: 0.0000264 seconds
2016-12-26T10:15:40.043-0100: 12.253: Total time for which application threads were stopped: 0.0000831 seconds, Stopping threads took: 0.0000277 seconds
2016-12-26T10:15:40.050-0100: 12.260: Total time for which application threads were stopped: 0.0000888 seconds, Stopping threads took: 0.0000203 seconds
2016-12-26T10:15:40.050-0100: 12.260: Total time for which application threads were stopped: 0.0000636 seconds, Stopping threads took: 0.0000074 seconds
2016-12-26T10:15:40.050-0100: 12.261: Total time for which application threads were stopped: 0.0000570 seconds, Stopping threads took: 0.0000056 seconds
2016-12-26T10:15:40.050-0100: 12.261: Total time for which application threads were stopped: 0.0000581 seconds, Stopping threads took: 0.0000053 seconds
2016-12-26T10:15:40.050-0100: 12.261: Total time for which application threads were stopped: 0.0000575 seconds, Stopping threads took: 0.0000055 seconds
2016-12-26T10:15:40.056-0100: 12.267: Total time for which application threads were stopped: 0.0001074 seconds, Stopping threads took: 0.0000268 seconds
2016-12-26T10:15:40.056-0100: 12.267: Total time for which application threads were stopped: 0.0000756 seconds, Stopping threads took: 0.0000138 seconds
2016-12-26T10:15:40.056-0100: 12.267: Total time for which application threads were stopped: 0.0000574 seconds, Stopping threads took: 0.0000205 seconds
2016-12-26T10:15:40.056-0100: 12.267: Total time for which application threads were stopped: 0.0000412 seconds, Stopping threads took: 0.0000076 seconds
2016-12-26T10:15:40.056-0100: 12.267: Total time for which application threads were stopped: 0.0000492 seconds, Stopping threads took: 0.0000161 seconds
2016-12-26T10:15:40.063-0100: 12.273: Total time for which application threads were stopped: 0.0001174 seconds, Stopping threads took: 0.0000299 seconds
2016-12-26T10:15:40.066-0100: 12.277: Total time for which application threads were stopped: 0.0001063 seconds, Stopping threads took: 0.0000255 seconds
2016-12-26T10:15:40.068-0100: 12.278: Total time for which application threads were stopped: 0.0001264 seconds, Stopping threads took: 0.0000270 seconds
2016-12-26T10:15:40.070-0100: 12.281: Total time for which application threads were stopped: 0.0000914 seconds, Stopping threads took: 0.0000226 seconds
2016-12-26T10:15:40.070-0100: 12.281: Total time for which application threads were stopped: 0.0000891 seconds, Stopping threads took: 0.0000301 seconds
2016-12-26T10:15:40.097-0100: 12.308: Total time for which application threads were stopped: 0.0000913 seconds, Stopping threads took: 0.0000197 seconds
2016-12-26T10:15:40.098-0100: 12.309: Total time for which application threads were stopped: 0.0000804 seconds, Stopping threads took: 0.0000225 seconds
2016-12-26T10:15:40.109-0100: 12.320: Total time for which application threads were stopped: 0.0000838 seconds, Stopping threads took: 0.0000226 seconds
2016-12-26T10:15:40.254-0100: 12.465: Total time for which application threads were stopped: 0.0002433 seconds, Stopping threads took: 0.0000194 seconds
2016-12-26T10:15:40.266-0100: 12.476: Total time for which application threads were stopped: 0.0001571 seconds, Stopping threads took: 0.0000685 seconds
2016-12-26T10:15:40.266-0100: 12.477: Total time for which application threads were stopped: 0.0001078 seconds, Stopping threads took: 0.0000437 seconds
2016-12-26T10:15:40.267-0100: 12.477: Total time for which application threads were stopped: 0.0000914 seconds, Stopping threads took: 0.0000320 seconds
2016-12-26T10:15:40.271-0100: 12.482: Total time for which application threads were stopped: 0.0001460 seconds, Stopping threads took: 0.0000644 seconds
2016-12-26T10:15:40.273-0100: 12.484: Total time for which application threads were stopped: 0.0001050 seconds, Stopping threads took: 0.0000186 seconds
2016-12-26T10:15:40.277-0100: 12.487: Total time for which application threads were stopped: 0.0002852 seconds, Stopping threads took: 0.0000283 seconds
2016-12-26T10:15:40.293-0100: 12.503: Total time for which application threads were stopped: 0.0001582 seconds, Stopping threads took: 0.0000435 seconds
2016-12-26T10:15:40.295-0100: 12.505: Total time for which application threads were stopped: 0.0001216 seconds, Stopping threads took: 0.0000383 seconds
2016-12-26T10:15:40.297-0100: 12.507: Total time for which application threads were stopped: 0.0001999 seconds, Stopping threads took: 0.0000263 seconds
2016-12-26T10:15:40.390-0100: 12.601: Total time for which application threads were stopped: 0.0004500 seconds, Stopping threads took: 0.0000258 seconds
2016-12-26T10:15:40.392-0100: 12.603: Total time for which application threads were stopped: 0.0001350 seconds, Stopping threads took: 0.0000214 seconds
2016-12-26T10:15:40.394-0100: 12.604: Total time for which application threads were stopped: 0.0001384 seconds, Stopping threads took: 0.0000581 seconds
2016-12-26T10:15:40.395-0100: 12.605: Total time for which application threads were stopped: 0.0001591 seconds, Stopping threads took: 0.0000677 seconds
2016-12-26T10:15:40.395-0100: 12.606: Total time for which application threads were stopped: 0.0001922 seconds, Stopping threads took: 0.0000838 seconds
2016-12-26T10:15:40.396-0100: 12.607: Total time for which application threads were stopped: 0.0001170 seconds, Stopping threads took: 0.0000404 seconds
2016-12-26T10:15:40.397-0100: 12.608: Total time for which application threads were stopped: 0.0001119 seconds, Stopping threads took: 0.0000222 seconds
2016-12-26T10:15:40.398-0100: 12.608: Total time for which application threads were stopped: 0.0001417 seconds, Stopping threads took: 0.0000677 seconds
2016-12-26T10:15:40.398-0100: 12.609: Total time for which application threads were stopped: 0.0001021 seconds, Stopping threads took: 0.0000348 seconds
2016-12-26T10:15:40.402-0100: 12.613: Total time for which application threads were stopped: 0.0001321 seconds, Stopping threads took: 0.0000284 seconds
2016-12-26T10:15:40.405-0100: 12.616: Total time for which application threads were stopped: 0.0001574 seconds, Stopping threads took: 0.0000693 seconds
2016-12-26T10:15:40.406-0100: 12.617: Total time for which application threads were stopped: 0.0001401 seconds, Stopping threads took: 0.0000620 seconds
2016-12-26T10:15:40.407-0100: 12.617: Total time for which application threads were stopped: 0.0001872 seconds, Stopping threads took: 0.0001143 seconds
2016-12-26T10:15:40.407-0100: 12.618: Total time for which application threads were stopped: 0.0002745 seconds, Stopping threads took: 0.0000534 seconds
2016-12-26T10:15:40.410-0100: 12.621: Total time for which application threads were stopped: 0.0003145 seconds, Stopping threads took: 0.0000210 seconds
2016-12-26T10:15:40.411-0100: 12.622: Total time for which application threads were stopped: 0.0001638 seconds, Stopping threads took: 0.0000766 seconds
2016-12-26T10:15:40.412-0100: 12.622: Total time for which application threads were stopped: 0.0000816 seconds, Stopping threads took: 0.0000143 seconds
2016-12-26T10:15:40.414-0100: 12.625: Total time for which application threads were stopped: 0.0001214 seconds, Stopping threads took: 0.0000375 seconds
2016-12-26T10:15:40.439-0100: 12.650: Total time for which application threads were stopped: 0.0001335 seconds, Stopping threads took: 0.0000366 seconds
2016-12-26T10:15:40.440-0100: 12.650: Total time for which application threads were stopped: 0.0000943 seconds, Stopping threads took: 0.0000149 seconds
2016-12-26T10:15:40.441-0100: 12.652: Total time for which application threads were stopped: 0.0001255 seconds, Stopping threads took: 0.0000397 seconds
2016-12-26T10:15:40.442-0100: 12.652: Total time for which application threads were stopped: 0.0000869 seconds, Stopping threads took: 0.0000223 seconds
2016-12-26T10:15:40.443-0100: 12.653: Total time for which application threads were stopped: 0.0001498 seconds, Stopping threads took: 0.0000747 seconds
2016-12-26T10:15:40.443-0100: 12.654: Total time for which application threads were stopped: 0.0001593 seconds, Stopping threads took: 0.0000743 seconds
2016-12-26T10:15:40.444-0100: 12.654: Total time for which application threads were stopped: 0.0000923 seconds, Stopping threads took: 0.0000317 seconds
2016-12-26T10:15:40.450-0100: 12.660: Total time for which application threads were stopped: 0.0002537 seconds, Stopping threads took: 0.0000236 seconds
2016-12-26T10:15:40.452-0100: 12.663: Total time for which application threads were stopped: 0.0001652 seconds, Stopping threads took: 0.0000531 seconds
2016-12-26T10:15:40.471-0100: 12.681: Total time for which application threads were stopped: 0.0002158 seconds, Stopping threads took: 0.0000580 seconds
2016-12-26T10:15:40.489-0100: 12.700: Total time for which application threads were stopped: 0.0001562 seconds, Stopping threads took: 0.0000317 seconds
2016-12-26T10:15:40.506-0100: 12.717: Total time for which application threads were stopped: 0.0001984 seconds, Stopping threads took: 0.0000447 seconds
2016-12-26T10:15:40.519-0100: 12.730: Total time for which application threads were stopped: 0.0001347 seconds, Stopping threads took: 0.0000249 seconds
2016-12-26T10:15:40.523-0100: 12.734: Total time for which application threads were stopped: 0.0001011 seconds, Stopping threads took: 0.0000232 seconds
2016-12-26T10:15:40.528-0100: 12.739: Total time for which application threads were stopped: 0.0001499 seconds, Stopping threads took: 0.0000322 seconds
2016-12-26T10:15:40.533-0100: 12.743: Total time for which application threads were stopped: 0.0001616 seconds, Stopping threads took: 0.0000299 seconds
2016-12-26T10:15:40.639-0100: 12.849: Total time for which application threads were stopped: 0.0001495 seconds, Stopping threads took: 0.0000313 seconds
2016-12-26T10:15:40.646-0100: 12.856: Total time for which application threads were stopped: 0.0001525 seconds, Stopping threads took: 0.0000299 seconds
2016-12-26T10:15:40.648-0100: 12.858: Total time for which application threads were stopped: 0.0001276 seconds, Stopping threads took: 0.0000275 seconds
2016-12-26T10:15:40.649-0100: 12.860: Total time for which application threads were stopped: 0.0001006 seconds, Stopping threads took: 0.0000211 seconds
2016-12-26T10:15:40.650-0100: 12.861: Total time for which application threads were stopped: 0.0000970 seconds, Stopping threads took: 0.0000232 seconds
2016-12-26T10:15:41.524-0100: 13.734: Total time for which application threads were stopped: 0.0004267 seconds, Stopping threads took: 0.0000801 seconds
2016-12-26T10:15:41.654-0100: 13.865: Total time for which application threads were stopped: 0.0002590 seconds, Stopping threads took: 0.0000578 seconds
2016-12-26T10:15:41.723-0100: 13.933: Total time for which application threads were stopped: 0.0002798 seconds, Stopping threads took: 0.0001196 seconds
2016-12-26T10:15:41.723-0100: 13.934: Total time for which application threads were stopped: 0.0001593 seconds, Stopping threads took: 0.0000387 seconds
2016-12-26T10:15:41.724-0100: 13.934: Total time for which application threads were stopped: 0.0001486 seconds, Stopping threads took: 0.0000194 seconds
2016-12-26T10:15:41.724-0100: 13.935: Total time for which application threads were stopped: 0.0001872 seconds, Stopping threads took: 0.0000463 seconds
2016-12-26T10:15:41.725-0100: 13.935: Total time for which application threads were stopped: 0.0001348 seconds, Stopping threads took: 0.0000194 seconds
2016-12-26T10:15:41.862-0100: 14.072: Total time for which application threads were stopped: 0.0001954 seconds, Stopping threads took: 0.0000314 seconds
2016-12-26T10:15:41.885-0100: 14.095: Total time for which application threads were stopped: 0.0002833 seconds, Stopping threads took: 0.0000843 seconds
2016-12-26T10:15:41.887-0100: 14.097: Total time for which application threads were stopped: 0.0002243 seconds, Stopping threads took: 0.0000420 seconds
2016-12-26T10:15:41.888-0100: 14.099: Total time for which application threads were stopped: 0.0002048 seconds, Stopping threads took: 0.0000290 seconds
2016-12-26T10:15:41.927-0100: 14.138: Total time for which application threads were stopped: 0.0003138 seconds, Stopping threads took: 0.0001136 seconds
2016-12-26T10:15:41.992-0100: 14.203: Total time for which application threads were stopped: 0.0069882 seconds, Stopping threads took: 0.0068029 seconds
2016-12-26T10:15:41.993-0100: 14.203: Total time for which application threads were stopped: 0.0002071 seconds, Stopping threads took: 0.0000626 seconds
2016-12-26T10:15:42.146-0100: 14.356: Total time for which application threads were stopped: 0.0006096 seconds, Stopping threads took: 0.0000592 seconds
{Heap before GC invocations=2 (full 1):
 par new generation   total 109248K, used 101146K [0x00000007a0000000, 0x00000007a8000000, 0x00000007a8000000)
  eden space 87424K, 100% used [0x00000007a0000000, 0x00000007a5560000, 0x00000007a5560000)
  from space 21824K,  62% used [0x00000007a5560000, 0x00000007a62c6b00, 0x00000007a6ab0000)
  to   space 21824K,   0% used [0x00000007a6ab0000, 0x00000007a6ab0000, 0x00000007a8000000)
 concurrent mark-sweep generation total 393216K, used 0K [0x00000007a8000000, 0x00000007c0000000, 0x00000007c0000000)
 Metaspace       used 27113K, capacity 27628K, committed 27792K, reserved 1073152K
  class space    used 3201K, capacity 3363K, committed 3480K, reserved 1048576K
2016-12-26T10:15:42.193-0100: 14.404: [GC (Allocation Failure) 2016-12-26T10:15:42.193-0100: 14.404: [ParNew
Desired survivor size 20112992 bytes, new threshold 8 (max 8)
- age   1:    6356104 bytes,    6356104 total
- age   2:     969360 bytes,    7325464 total
- age   3:    5420104 bytes,   12745568 total
: 101146K->15046K(109248K), 0.0361405 secs] 101146K->15046K(502464K), 0.0362651 secs] [Times: user=0.06 sys=0.01, real=0.03 secs] 
Heap after GC invocations=3 (full 1):
 par new generation   total 109248K, used 15046K [0x00000007a0000000, 0x00000007a8000000, 0x00000007a8000000)
  eden space 87424K,   0% used [0x00000007a0000000, 0x00000007a0000000, 0x00000007a5560000)
  from space 21824K,  68% used [0x00000007a6ab0000, 0x00000007a79618e0, 0x00000007a8000000)
  to   space 21824K,   0% used [0x00000007a5560000, 0x00000007a5560000, 0x00000007a6ab0000)
 concurrent mark-sweep generation total 393216K, used 0K [0x00000007a8000000, 0x00000007c0000000, 0x00000007c0000000)
 Metaspace       used 27113K, capacity 27628K, committed 27792K, reserved 1073152K
  class space    used 3201K, capacity 3363K, committed 3480K, reserved 1048576K
}
2016-12-26T10:15:42.230-0100: 14.440: Total time for which application threads were stopped: 0.0365929 seconds, Stopping threads took: 0.0000540 seconds
2016-12-26T10:15:42.230-0100: 14.441: Total time for which application threads were stopped: 0.0003322 seconds, Stopping threads took: 0.0001778 seconds
2016-12-26T10:15:42.230-0100: 14.441: Total time for which application threads were stopped: 0.0001559 seconds, Stopping threads took: 0.0000404 seconds
2016-12-26T10:15:42.232-0100: 14.442: Total time for which application threads were stopped: 0.0002583 seconds, Stopping threads took: 0.0000615 seconds
2016-12-26T10:15:42.240-0100: 14.450: Total time for which application threads were stopped: 0.0005689 seconds, Stopping threads took: 0.0000519 seconds
2016-12-26T10:15:42.569-0100: 14.780: Total time for which application threads were stopped: 0.0111767 seconds, Stopping threads took: 0.0109191 seconds
2016-12-26T10:15:42.600-0100: 14.811: Total time for which application threads were stopped: 0.0110610 seconds, Stopping threads took: 0.0108811 seconds
2016-12-26T10:15:42.604-0100: 14.814: Total time for which application threads were stopped: 0.0002197 seconds, Stopping threads took: 0.0000719 seconds
{Heap before GC invocations=3 (full 1):
 par new generation   total 109248K, used 102470K [0x00000007a0000000, 0x00000007a8000000, 0x00000007a8000000)
  eden space 87424K, 100% used [0x00000007a0000000, 0x00000007a5560000, 0x00000007a5560000)
  from space 21824K,  68% used [0x00000007a6ab0000, 0x00000007a79618e0, 0x00000007a8000000)
  to   space 21824K,   0% used [0x00000007a5560000, 0x00000007a5560000, 0x00000007a6ab0000)
 concurrent mark-sweep generation total 393216K, used 0K [0x00000007a8000000, 0x00000007c0000000, 0x00000007c0000000)
 Metaspace       used 27767K, capacity 28202K, committed 28304K, reserved 1075200K
  class space    used 3275K, capacity 3408K, committed 3480K, reserved 1048576K
2016-12-26T10:15:42.770-0100: 14.981: [GC (Allocation Failure) 2016-12-26T10:15:42.770-0100: 14.981: [ParNew
Desired survivor size 20112992 bytes, new threshold 8 (max 8)
- age   1:    2211968 bytes,    2211968 total
- age   2:    2854600 bytes,    5066568 total
- age   3:     966552 bytes,    6033120 total
- age   4:    5354296 bytes,   11387416 total
: 102470K->17824K(109248K), 0.0539353 secs] 102470K->17824K(502464K), 0.0540571 secs] [Times: user=0.04 sys=0.00, real=0.05 secs] 
Heap after GC invocations=4 (full 1):
 par new generation   total 109248K, used 17824K [0x00000007a0000000, 0x00000007a8000000, 0x00000007a8000000)
  eden space 87424K,   0% used [0x00000007a0000000, 0x00000007a0000000, 0x00000007a5560000)
  from space 21824K,  81% used [0x00000007a5560000, 0x00000007a66c8398, 0x00000007a6ab0000)
  to   space 21824K,   0% used [0x00000007a6ab0000, 0x00000007a6ab0000, 0x00000007a8000000)
 concurrent mark-sweep generation total 393216K, used 0K [0x00000007a8000000, 0x00000007c0000000, 0x00000007c0000000)
 Metaspace       used 27767K, capacity 28202K, committed 28304K, reserved 1075200K
  class space    used 3275K, capacity 3408K, committed 3480K, reserved 1048576K
}
2016-12-26T10:15:42.824-0100: 15.035: Total time for which application threads were stopped: 0.0545485 seconds, Stopping threads took: 0.0001643 seconds
2016-12-26T10:15:43.067-0100: 15.278: Total time for which application threads were stopped: 0.0002202 seconds, Stopping threads took: 0.0000314 seconds
2016-12-26T10:15:43.080-0100: 15.291: Total time for which application threads were stopped: 0.0002243 seconds, Stopping threads took: 0.0000535 seconds
2016-12-26T10:15:43.117-0100: 15.328: Total time for which application threads were stopped: 0.0153426 seconds, Stopping threads took: 0.0151436 seconds
{Heap before GC invocations=4 (full 1):
 par new generation   total 109248K, used 105248K [0x00000007a0000000, 0x00000007a8000000, 0x00000007a8000000)
  eden space 87424K, 100% used [0x00000007a0000000, 0x00000007a5560000, 0x00000007a5560000)
  from space 21824K,  81% used [0x00000007a5560000, 0x00000007a66c8398, 0x00000007a6ab0000)
  to   space 21824K,   0% used [0x00000007a6ab0000, 0x00000007a6ab0000, 0x00000007a8000000)
 concurrent mark-sweep generation total 393216K, used 0K [0x00000007a8000000, 0x00000007c0000000, 0x00000007c0000000)
 Metaspace       used 28213K, capacity 28706K, committed 28944K, reserved 1075200K
  class space    used 3331K, capacity 3508K, committed 3608K, reserved 1048576K
2016-12-26T10:15:43.145-0100: 15.355: [GC (Allocation Failure) 2016-12-26T10:15:43.145-0100: 15.355: [ParNew
Desired survivor size 20112992 bytes, new threshold 8 (max 8)
- age   1:    1052272 bytes,    1052272 total
- age   2:    1748016 bytes,    2800288 total
- age   3:    2850408 bytes,    5650696 total
- age   4:     966192 bytes,    6616888 total
- age   5:    5354696 bytes,   11971584 total
: 105248K->14647K(109248K), 0.0110946 secs] 105248K->14647K(502464K), 0.0111973 secs] [Times: user=0.04 sys=0.00, real=0.01 secs] 
Heap after GC invocations=5 (full 1):
 par new generation   total 109248K, used 14647K [0x00000007a0000000, 0x00000007a8000000, 0x00000007a8000000)
  eden space 87424K,   0% used [0x00000007a0000000, 0x00000007a0000000, 0x00000007a5560000)
  from space 21824K,  67% used [0x00000007a6ab0000, 0x00000007a78fdf80, 0x00000007a8000000)
  to   space 21824K,   0% used [0x00000007a5560000, 0x00000007a5560000, 0x00000007a6ab0000)
 concurrent mark-sweep generation total 393216K, used 0K [0x00000007a8000000, 0x00000007c0000000, 0x00000007c0000000)
 Metaspace       used 28213K, capacity 28706K, committed 28944K, reserved 1075200K
  class space    used 3331K, capacity 3508K, committed 3608K, reserved 1048576K
}
2016-12-26T10:15:43.156-0100: 15.367: Total time for which application threads were stopped: 0.0259798 seconds, Stopping threads took: 0.0145228 seconds
2016-12-26T10:15:43.168-0100: 15.379: Total time for which application threads were stopped: 0.0002801 seconds, Stopping threads took: 0.0001186 seconds
2016-12-26T10:15:43.187-0100: 15.398: Total time for which application threads were stopped: 0.0018443 seconds, Stopping threads took: 0.0016544 seconds
2016-12-26T10:15:43.226-0100: 15.436: Total time for which application threads were stopped: 0.0084694 seconds, Stopping threads took: 0.0082701 seconds
{Heap before GC invocations=5 (full 1):
 par new generation   total 109248K, used 102071K [0x00000007a0000000, 0x00000007a8000000, 0x00000007a8000000)
  eden space 87424K, 100% used [0x00000007a0000000, 0x00000007a5560000, 0x00000007a5560000)
  from space 21824K,  67% used [0x00000007a6ab0000, 0x00000007a78fdf80, 0x00000007a8000000)
  to   space 21824K,   0% used [0x00000007a5560000, 0x00000007a5560000, 0x00000007a6ab0000)
 concurrent mark-sweep generation total 393216K, used 0K [0x00000007a8000000, 0x00000007c0000000, 0x00000007c0000000)
 Metaspace       used 28323K, capacity 28840K, committed 29200K, reserved 1075200K
  class space    used 3345K, capacity 3509K, committed 3608K, reserved 1048576K
2016-12-26T10:15:43.340-0100: 15.551: [GC (Allocation Failure) 2016-12-26T10:15:43.340-0100: 15.551: [ParNew
Desired survivor size 20112992 bytes, new threshold 8 (max 8)
- age   1:     833768 bytes,     833768 total
- age   2:     282880 bytes,    1116648 total
- age   3:    1747968 bytes,    2864616 total
- age   4:    2850144 bytes,    5714760 total
- age   5:     966192 bytes,    6680952 total
- age   6:    5354096 bytes,   12035048 total
: 102071K->15149K(109248K), 0.0203849 secs] 102071K->15149K(502464K), 0.0205070 secs] [Times: user=0.04 sys=0.00, real=0.02 secs] 
Heap after GC invocations=6 (full 1):
 par new generation   total 109248K, used 15149K [0x00000007a0000000, 0x00000007a8000000, 0x00000007a8000000)
  eden space 87424K,   0% used [0x00000007a0000000, 0x00000007a0000000, 0x00000007a5560000)
  from space 21824K,  69% used [0x00000007a5560000, 0x00000007a642b470, 0x00000007a6ab0000)
  to   space 21824K,   0% used [0x00000007a6ab0000, 0x00000007a6ab0000, 0x00000007a8000000)
 concurrent mark-sweep generation total 393216K, used 0K [0x00000007a8000000, 0x00000007c0000000, 0x00000007c0000000)
 Metaspace       used 28323K, capacity 28840K, committed 29200K, reserved 1075200K
  class space    used 3345K, capacity 3509K, committed 3608K, reserved 1048576K
}
2016-12-26T10:15:43.361-0100: 15.571: Total time for which application threads were stopped: 0.0208160 seconds, Stopping threads took: 0.0000347 seconds
2016-12-26T10:15:43.491-0100: 15.701: Total time for which application threads were stopped: 0.0019679 seconds, Stopping threads took: 0.0017620 seconds
2016-12-26T10:15:43.491-0100: 15.702: Total time for which application threads were stopped: 0.0001916 seconds, Stopping threads took: 0.0000400 seconds
2016-12-26T10:15:43.698-0100: 15.908: Total time for which application threads were stopped: 0.0006945 seconds, Stopping threads took: 0.0000500 seconds
{Heap before GC invocations=6 (full 1):
 par new generation   total 109248K, used 102573K [0x00000007a0000000, 0x00000007a8000000, 0x00000007a8000000)
  eden space 87424K, 100% used [0x00000007a0000000, 0x00000007a5560000, 0x00000007a5560000)
  from space 21824K,  69% used [0x00000007a5560000, 0x00000007a642b470, 0x00000007a6ab0000)
  to   space 21824K,   0% used [0x00000007a6ab0000, 0x00000007a6ab0000, 0x00000007a8000000)
 concurrent mark-sweep generation total 393216K, used 0K [0x00000007a8000000, 0x00000007c0000000, 0x00000007c0000000)
 Metaspace       used 29912K, capacity 30432K, committed 30608K, reserved 1077248K
  class space    used 3520K, capacity 3677K, committed 3736K, reserved 1048576K
2016-12-26T10:15:43.934-0100: 16.145: [GC (Allocation Failure) 2016-12-26T10:15:43.934-0100: 16.145: [ParNew
Desired survivor size 20112992 bytes, new threshold 8 (max 8)
- age   1:    2536176 bytes,    2536176 total
- age   2:     110048 bytes,    2646224 total
- age   3:     274912 bytes,    2921136 total
- age   4:     367840 bytes,    3288976 total
- age   5:    2847728 bytes,    6136704 total
- age   6:     966160 bytes,    7102864 total
- age   7:    5353888 bytes,   12456752 total
: 102573K->17330K(109248K), 0.0285098 secs] 102573K->17330K(502464K), 0.0286195 secs] [Times: user=0.06 sys=0.00, real=0.03 secs] 
Heap after GC invocations=7 (full 1):
 par new generation   total 109248K, used 17330K [0x00000007a0000000, 0x00000007a8000000, 0x00000007a8000000)
  eden space 87424K,   0% used [0x00000007a0000000, 0x00000007a0000000, 0x00000007a5560000)
  from space 21824K,  79% used [0x00000007a6ab0000, 0x00000007a7b9c990, 0x00000007a8000000)
  to   space 21824K,   0% used [0x00000007a5560000, 0x00000007a5560000, 0x00000007a6ab0000)
 concurrent mark-sweep generation total 393216K, used 0K [0x00000007a8000000, 0x00000007c0000000, 0x00000007c0000000)
 Metaspace       used 29912K, capacity 30432K, committed 30608K, reserved 1077248K
  class space    used 3520K, capacity 3677K, committed 3736K, reserved 1048576K
}
2016-12-26T10:15:43.963-0100: 16.173: Total time for which application threads were stopped: 0.0289760 seconds, Stopping threads took: 0.0000320 seconds
2016-12-26T10:15:43.986-0100: 16.196: Total time for which application threads were stopped: 0.0002238 seconds, Stopping threads took: 0.0000545 seconds
2016-12-26T10:15:44.088-0100: 16.298: Total time for which application threads were stopped: 0.0006967 seconds, Stopping threads took: 0.0000473 seconds
2016-12-26T10:15:44.098-0100: 16.308: Total time for which application threads were stopped: 0.0003175 seconds, Stopping threads took: 0.0001334 seconds
2016-12-26T10:15:44.099-0100: 16.309: Total time for which application threads were stopped: 0.0002231 seconds, Stopping threads took: 0.0000567 seconds
2016-12-26T10:15:44.121-0100: 16.331: Total time for which application threads were stopped: 0.0007701 seconds, Stopping threads took: 0.0000569 seconds
2016-12-26T10:15:44.122-0100: 16.333: Total time for which application threads were stopped: 0.0001949 seconds, Stopping threads took: 0.0000503 seconds
2016-12-26T10:15:44.152-0100: 16.362: Total time for which application threads were stopped: 0.0009234 seconds, Stopping threads took: 0.0007408 seconds
2016-12-26T10:15:44.155-0100: 16.366: Total time for which application threads were stopped: 0.0002656 seconds, Stopping threads took: 0.0000522 seconds
2016-12-26T10:15:44.156-0100: 16.366: Total time for which application threads were stopped: 0.0001588 seconds, Stopping threads took: 0.0000386 seconds
2016-12-26T10:15:44.156-0100: 16.366: Total time for which application threads were stopped: 0.0001225 seconds, Stopping threads took: 0.0000243 seconds
2016-12-26T10:15:44.156-0100: 16.367: Total time for which application threads were stopped: 0.0001321 seconds, Stopping threads took: 0.0000175 seconds
2016-12-26T10:15:44.156-0100: 16.367: Total time for which application threads were stopped: 0.0001121 seconds, Stopping threads took: 0.0000120 seconds
2016-12-26T10:15:44.165-0100: 16.376: Total time for which application threads were stopped: 0.0007421 seconds, Stopping threads took: 0.0000477 seconds
2016-12-26T10:15:44.178-0100: 16.389: Total time for which application threads were stopped: 0.0002749 seconds, Stopping threads took: 0.0000995 seconds
2016-12-26T10:15:44.179-0100: 16.389: Total time for which application threads were stopped: 0.0001783 seconds, Stopping threads took: 0.0000431 seconds
2016-12-26T10:15:44.186-0100: 16.397: Total time for which application threads were stopped: 0.0001828 seconds, Stopping threads took: 0.0000523 seconds
2016-12-26T10:15:44.221-0100: 16.431: Total time for which application threads were stopped: 0.0001692 seconds, Stopping threads took: 0.0000258 seconds
2016-12-26T10:15:44.230-0100: 16.440: Total time for which application threads were stopped: 0.0001695 seconds, Stopping threads took: 0.0000537 seconds
2016-12-26T10:15:44.269-0100: 16.479: Total time for which application threads were stopped: 0.0002165 seconds, Stopping threads took: 0.0000579 seconds
2016-12-26T10:15:44.274-0100: 16.485: Total time for which application threads were stopped: 0.0002308 seconds, Stopping threads took: 0.0000584 seconds
2016-12-26T10:15:44.283-0100: 16.493: Total time for which application threads were stopped: 0.0002315 seconds, Stopping threads took: 0.0000575 seconds
2016-12-26T10:15:44.302-0100: 16.513: Total time for which application threads were stopped: 0.0002701 seconds, Stopping threads took: 0.0000645 seconds
2016-12-26T10:15:44.490-0100: 16.700: Total time for which application threads were stopped: 0.0002433 seconds, Stopping threads took: 0.0000438 seconds
2016-12-26T10:15:44.526-0100: 16.737: Total time for which application threads were stopped: 0.0001959 seconds, Stopping threads took: 0.0000306 seconds
2016-12-26T10:15:44.564-0100: 16.774: Total time for which application threads were stopped: 0.0002852 seconds, Stopping threads took: 0.0001024 seconds
2016-12-26T10:15:44.565-0100: 16.775: Total time for which application threads were stopped: 0.0002838 seconds, Stopping threads took: 0.0001030 seconds
2016-12-26T10:15:44.599-0100: 16.809: Total time for which application threads were stopped: 0.0002769 seconds, Stopping threads took: 0.0001055 seconds
{Heap before GC invocations=7 (full 1):
 par new generation   total 109248K, used 104754K [0x00000007a0000000, 0x00000007a8000000, 0x00000007a8000000)
  eden space 87424K, 100% used [0x00000007a0000000, 0x00000007a5560000, 0x00000007a5560000)
  from space 21824K,  79% used [0x00000007a6ab0000, 0x00000007a7b9c990, 0x00000007a8000000)
  to   space 21824K,   0% used [0x00000007a5560000, 0x00000007a5560000, 0x00000007a6ab0000)
 concurrent mark-sweep generation total 393216K, used 0K [0x00000007a8000000, 0x00000007c0000000, 0x00000007c0000000)
 Metaspace       used 33166K, capacity 33716K, committed 33808K, reserved 1079296K
  class space    used 3918K, capacity 4109K, committed 4120K, reserved 1048576K
2016-12-26T10:15:44.809-0100: 17.019: [GC (Allocation Failure) 2016-12-26T10:15:44.809-0100: 17.019: [ParNew
Desired survivor size 20112992 bytes, new threshold 8 (max 8)
- age   1:    4679512 bytes,    4679512 total
- age   2:     844968 bytes,    5524480 total
- age   3:     109264 bytes,    5633744 total
- age   4:     268680 bytes,    5902424 total
- age   5:     251344 bytes,    6153768 total
- age   6:    2818280 bytes,    8972048 total
- age   7:     940448 bytes,    9912496 total
- age   8:    5313864 bytes,   15226360 total
: 104754K->18883K(109248K), 0.0290772 secs] 104754K->18883K(502464K), 0.0291688 secs] [Times: user=0.05 sys=0.00, real=0.03 secs] 
Heap after GC invocations=8 (full 1):
 par new generation   total 109248K, used 18883K [0x00000007a0000000, 0x00000007a8000000, 0x00000007a8000000)
  eden space 87424K,   0% used [0x00000007a0000000, 0x00000007a0000000, 0x00000007a5560000)
  from space 21824K,  86% used [0x00000007a5560000, 0x00000007a67d0da0, 0x00000007a6ab0000)
  to   space 21824K,   0% used [0x00000007a6ab0000, 0x00000007a6ab0000, 0x00000007a8000000)
 concurrent mark-sweep generation total 393216K, used 0K [0x00000007a8000000, 0x00000007c0000000, 0x00000007c0000000)
 Metaspace       used 33166K, capacity 33716K, committed 33808K, reserved 1079296K
  class space    used 3918K, capacity 4109K, committed 4120K, reserved 1048576K
}
2016-12-26T10:15:44.838-0100: 17.048: Total time for which application threads were stopped: 0.0294537 seconds, Stopping threads took: 0.0000348 seconds
2016-12-26T10:15:44.891-0100: 17.102: Total time for which application threads were stopped: 0.0110236 seconds, Stopping threads took: 0.0108556 seconds
2016-12-26T10:15:44.892-0100: 17.102: Total time for which application threads were stopped: 0.0001512 seconds, Stopping threads took: 0.0000283 seconds
2016-12-26T10:15:44.894-0100: 17.104: Total time for which application threads were stopped: 0.0002111 seconds, Stopping threads took: 0.0000306 seconds
2016-12-26T10:15:44.895-0100: 17.106: Total time for which application threads were stopped: 0.0002810 seconds, Stopping threads took: 0.0000954 seconds
2016-12-26T10:15:44.903-0100: 17.113: Total time for which application threads were stopped: 0.0001948 seconds, Stopping threads took: 0.0000433 seconds
2016-12-26T10:15:44.903-0100: 17.114: Total time for which application threads were stopped: 0.0001839 seconds, Stopping threads took: 0.0000385 seconds
2016-12-26T10:15:44.904-0100: 17.115: Total time for which application threads were stopped: 0.0001914 seconds, Stopping threads took: 0.0000369 seconds
2016-12-26T10:15:44.913-0100: 17.124: Total time for which application threads were stopped: 0.0001963 seconds, Stopping threads took: 0.0000340 seconds
2016-12-26T10:15:44.918-0100: 17.129: Total time for which application threads were stopped: 0.0007107 seconds, Stopping threads took: 0.0000436 seconds
2016-12-26T10:15:44.919-0100: 17.129: Total time for which application threads were stopped: 0.0001824 seconds, Stopping threads took: 0.0000328 seconds
2016-12-26T10:15:44.947-0100: 17.157: Total time for which application threads were stopped: 0.0006521 seconds, Stopping threads took: 0.0000529 seconds
2016-12-26T10:15:44.961-0100: 17.172: Total time for which application threads were stopped: 0.0003640 seconds, Stopping threads took: 0.0001932 seconds
2016-12-26T10:15:44.963-0100: 17.174: Total time for which application threads were stopped: 0.0002079 seconds, Stopping threads took: 0.0000496 seconds
2016-12-26T10:15:44.977-0100: 17.188: Total time for which application threads were stopped: 0.0001715 seconds, Stopping threads took: 0.0000299 seconds
2016-12-26T10:15:44.985-0100: 17.195: Total time for which application threads were stopped: 0.0002064 seconds, Stopping threads took: 0.0000434 seconds
2016-12-26T10:15:44.997-0100: 17.208: Total time for which application threads were stopped: 0.0002244 seconds, Stopping threads took: 0.0000457 seconds
2016-12-26T10:15:45.008-0100: 17.219: Total time for which application threads were stopped: 0.0002434 seconds, Stopping threads took: 0.0000354 seconds
2016-12-26T10:15:45.022-0100: 17.232: Total time for which application threads were stopped: 0.0002864 seconds, Stopping threads took: 0.0000563 seconds
2016-12-26T10:15:45.026-0100: 17.237: Total time for which application threads were stopped: 0.0002438 seconds, Stopping threads took: 0.0000516 seconds
2016-12-26T10:15:45.061-0100: 17.272: Total time for which application threads were stopped: 0.0001924 seconds, Stopping threads took: 0.0000563 seconds
2016-12-26T10:15:45.064-0100: 17.275: Total time for which application threads were stopped: 0.0002099 seconds, Stopping threads took: 0.0000472 seconds
2016-12-26T10:15:45.095-0100: 17.305: Total time for which application threads were stopped: 0.0002013 seconds, Stopping threads took: 0.0000310 seconds
2016-12-26T10:15:45.096-0100: 17.307: Total time for which application threads were stopped: 0.0001533 seconds, Stopping threads took: 0.0000299 seconds
2016-12-26T10:15:45.097-0100: 17.308: Total time for which application threads were stopped: 0.0001583 seconds, Stopping threads took: 0.0000288 seconds
2016-12-26T10:15:45.112-0100: 17.322: Total time for which application threads were stopped: 0.0005962 seconds, Stopping threads took: 0.0000626 seconds
2016-12-26T10:15:45.114-0100: 17.324: Total time for which application threads were stopped: 0.0001701 seconds, Stopping threads took: 0.0000427 seconds
2016-12-26T10:15:45.115-0100: 17.325: Total time for which application threads were stopped: 0.0001661 seconds, Stopping threads took: 0.0000352 seconds
2016-12-26T10:15:45.116-0100: 17.326: Total time for which application threads were stopped: 0.0001546 seconds, Stopping threads took: 0.0000302 seconds
2016-12-26T10:15:45.120-0100: 17.330: Total time for which application threads were stopped: 0.0001887 seconds, Stopping threads took: 0.0000438 seconds
2016-12-26T10:15:45.126-0100: 17.336: Total time for which application threads were stopped: 0.0001684 seconds, Stopping threads took: 0.0000400 seconds
2016-12-26T10:15:45.235-0100: 17.446: Total time for which application threads were stopped: 0.0001993 seconds, Stopping threads took: 0.0000471 seconds
2016-12-26T10:15:45.618-0100: 17.828: Total time for which application threads were stopped: 0.0002249 seconds, Stopping threads took: 0.0000494 seconds
2016-12-26T10:15:45.628-0100: 17.838: Total time for which application threads were stopped: 0.0002113 seconds, Stopping threads took: 0.0000443 seconds
2016-12-26T10:15:45.629-0100: 17.839: Total time for which application threads were stopped: 0.0001992 seconds, Stopping threads took: 0.0000404 seconds
2016-12-26T10:15:45.630-0100: 17.840: Total time for which application threads were stopped: 0.0002074 seconds, Stopping threads took: 0.0000589 seconds
2016-12-26T10:15:45.631-0100: 17.842: Total time for which application threads were stopped: 0.0001811 seconds, Stopping threads took: 0.0000328 seconds
2016-12-26T10:15:45.633-0100: 17.843: Total time for which application threads were stopped: 0.0001887 seconds, Stopping threads took: 0.0000529 seconds
2016-12-26T10:15:45.638-0100: 17.849: Total time for which application threads were stopped: 0.0003299 seconds, Stopping threads took: 0.0001562 seconds
2016-12-26T10:15:45.645-0100: 17.855: Total time for which application threads were stopped: 0.0001855 seconds, Stopping threads took: 0.0000332 seconds
2016-12-26T10:15:45.645-0100: 17.855: Total time for which application threads were stopped: 0.0001490 seconds, Stopping threads took: 0.0000343 seconds
2016-12-26T10:15:45.648-0100: 17.858: Total time for which application threads were stopped: 0.0002005 seconds, Stopping threads took: 0.0000504 seconds
2016-12-26T10:15:45.648-0100: 17.859: Total time for which application threads were stopped: 0.0002320 seconds, Stopping threads took: 0.0000977 seconds
2016-12-26T10:15:45.652-0100: 17.863: Total time for which application threads were stopped: 0.0007759 seconds, Stopping threads took: 0.0000544 seconds
2016-12-26T10:15:45.656-0100: 17.867: Total time for which application threads were stopped: 0.0001668 seconds, Stopping threads took: 0.0000337 seconds
2016-12-26T10:15:45.660-0100: 17.870: Total time for which application threads were stopped: 0.0001590 seconds, Stopping threads took: 0.0000294 seconds
2016-12-26T10:15:45.766-0100: 17.976: Total time for which application threads were stopped: 0.0001868 seconds, Stopping threads took: 0.0000312 seconds
2016-12-26T10:15:45.767-0100: 17.978: Total time for which application threads were stopped: 0.0001555 seconds, Stopping threads took: 0.0000285 seconds
2016-12-26T10:15:45.816-0100: 18.027: Total time for which application threads were stopped: 0.0001738 seconds, Stopping threads took: 0.0000415 seconds
2016-12-26T10:15:45.821-0100: 18.031: Total time for which application threads were stopped: 0.0001664 seconds, Stopping threads took: 0.0000434 seconds
2016-12-26T10:15:45.929-0100: 18.139: Total time for which application threads were stopped: 0.0001851 seconds, Stopping threads took: 0.0000496 seconds
2016-12-26T10:15:45.930-0100: 18.140: Total time for which application threads were stopped: 0.0001501 seconds, Stopping threads took: 0.0000308 seconds
2016-12-26T10:15:46.159-0100: 18.369: Total time for which application threads were stopped: 0.0002052 seconds, Stopping threads took: 0.0000412 seconds
2016-12-26T10:15:46.162-0100: 18.373: Total time for which application threads were stopped: 0.0003963 seconds, Stopping threads took: 0.0000455 seconds
2016-12-26T10:15:46.249-0100: 18.460: Total time for which application threads were stopped: 0.0001705 seconds, Stopping threads took: 0.0000304 seconds
2016-12-26T10:15:46.269-0100: 18.479: Total time for which application threads were stopped: 0.0001487 seconds, Stopping threads took: 0.0000575 seconds
2016-12-26T10:15:46.271-0100: 18.482: Total time for which application threads were stopped: 0.0001776 seconds, Stopping threads took: 0.0000455 seconds
2016-12-26T10:15:47.257-0100: 19.467: Total time for which application threads were stopped: 0.0001428 seconds, Stopping threads took: 0.0000401 seconds
2016-12-26T10:15:48.262-0100: 20.472: Total time for which application threads were stopped: 0.0002955 seconds, Stopping threads took: 0.0000911 seconds
2016-12-26T10:15:51.271-0100: 23.481: Total time for which application threads were stopped: 0.0001822 seconds, Stopping threads took: 0.0000416 seconds
2016-12-26T10:15:54.281-0100: 26.491: Total time for which application threads were stopped: 0.0002051 seconds, Stopping threads took: 0.0000454 seconds
2016-12-26T10:15:54.300-0100: 26.510: Total time for which application threads were stopped: 0.0005795 seconds, Stopping threads took: 0.0001651 seconds
2016-12-26T10:15:54.306-0100: 26.516: Total time for which application threads were stopped: 0.0001659 seconds, Stopping threads took: 0.0000286 seconds
2016-12-26T10:15:54.307-0100: 26.518: Total time for which application threads were stopped: 0.0002188 seconds, Stopping threads took: 0.0000497 seconds
2016-12-26T10:15:54.311-0100: 26.522: Total time for which application threads were stopped: 0.0004366 seconds, Stopping threads took: 0.0002686 seconds
2016-12-26T10:15:54.313-0100: 26.524: Total time for which application threads were stopped: 0.0008789 seconds, Stopping threads took: 0.0007664 seconds
2016-12-26T10:15:54.314-0100: 26.524: Total time for which application threads were stopped: 0.0002356 seconds, Stopping threads took: 0.0000564 seconds
2016-12-26T10:15:54.316-0100: 26.526: Total time for which application threads were stopped: 0.0004627 seconds, Stopping threads took: 0.0001060 seconds
2016-12-26T10:15:54.320-0100: 26.530: Total time for which application threads were stopped: 0.0001908 seconds, Stopping threads took: 0.0000442 seconds
2016-12-26T10:15:54.321-0100: 26.531: Total time for which application threads were stopped: 0.0002391 seconds, Stopping threads took: 0.0001272 seconds
2016-12-26T10:15:54.321-0100: 26.532: Total time for which application threads were stopped: 0.0001570 seconds, Stopping threads took: 0.0000805 seconds
2016-12-26T10:15:54.322-0100: 26.532: Total time for which application threads were stopped: 0.0001408 seconds, Stopping threads took: 0.0000309 seconds
2016-12-26T10:15:54.326-0100: 26.536: Total time for which application threads were stopped: 0.0002866 seconds, Stopping threads took: 0.0000683 seconds
2016-12-26T10:15:54.327-0100: 26.538: Total time for which application threads were stopped: 0.0002733 seconds, Stopping threads took: 0.0001202 seconds
2016-12-26T10:15:55.219-0100: 27.429: Total time for which application threads were stopped: 0.0001283 seconds, Stopping threads took: 0.0000203 seconds
2016-12-26T10:15:55.219-0100: 27.429: Total time for which application threads were stopped: 0.0000478 seconds, Stopping threads took: 0.0000075 seconds
2016-12-26T10:15:55.219-0100: 27.430: Total time for which application threads were stopped: 0.0000722 seconds, Stopping threads took: 0.0000162 seconds
2016-12-26T10:15:55.219-0100: 27.430: Total time for which application threads were stopped: 0.0000453 seconds, Stopping threads took: 0.0000070 seconds
2016-12-26T10:15:55.219-0100: 27.430: Total time for which application threads were stopped: 0.0000487 seconds, Stopping threads took: 0.0000084 seconds
2016-12-26T10:15:55.220-0100: 27.430: Total time for which application threads were stopped: 0.0000626 seconds, Stopping threads took: 0.0000110 seconds
2016-12-26T10:15:55.220-0100: 27.430: Total time for which application threads were stopped: 0.0000447 seconds, Stopping threads took: 0.0000071 seconds
2016-12-26T10:15:55.220-0100: 27.430: Total time for which application threads were stopped: 0.0000423 seconds, Stopping threads took: 0.0000065 seconds
2016-12-26T10:15:55.220-0100: 27.430: Total time for which application threads were stopped: 0.0000418 seconds, Stopping threads took: 0.0000063 seconds
2016-12-26T10:15:55.220-0100: 27.430: Total time for which application threads were stopped: 0.0000418 seconds, Stopping threads took: 0.0000063 seconds
2016-12-26T10:15:55.220-0100: 27.430: Total time for which application threads were stopped: 0.0000423 seconds, Stopping threads took: 0.0000064 seconds
2016-12-26T10:15:55.220-0100: 27.430: Total time for which application threads were stopped: 0.0000418 seconds, Stopping threads took: 0.0000061 seconds
2016-12-26T10:15:55.220-0100: 27.430: Total time for which application threads were stopped: 0.0000420 seconds, Stopping threads took: 0.0000063 seconds
2016-12-26T10:15:55.220-0100: 27.430: Total time for which application threads were stopped: 0.0000616 seconds, Stopping threads took: 0.0000106 seconds
2016-12-26T10:15:55.220-0100: 27.430: Total time for which application threads were stopped: 0.0000425 seconds, Stopping threads took: 0.0000067 seconds
2016-12-26T10:15:55.220-0100: 27.431: Total time for which application threads were stopped: 0.0000422 seconds, Stopping threads took: 0.0000066 seconds
2016-12-26T10:15:55.220-0100: 27.431: Total time for which application threads were stopped: 0.0000419 seconds, Stopping threads took: 0.0000063 seconds
2016-12-26T10:15:55.220-0100: 27.431: Total time for which application threads were stopped: 0.0000419 seconds, Stopping threads took: 0.0000063 seconds
2016-12-26T10:15:55.220-0100: 27.431: Total time for which application threads were stopped: 0.0000613 seconds, Stopping threads took: 0.0000105 seconds
2016-12-26T10:15:55.221-0100: 27.431: Total time for which application threads were stopped: 0.0000430 seconds, Stopping threads took: 0.0000070 seconds
2016-12-26T10:15:55.221-0100: 27.431: Total time for which application threads were stopped: 0.0001565 seconds, Stopping threads took: 0.0000063 seconds
2016-12-26T10:15:55.221-0100: 27.431: Total time for which application threads were stopped: 0.0000430 seconds, Stopping threads took: 0.0000064 seconds
2016-12-26T10:15:55.228-0100: 27.439: Total time for which application threads were stopped: 0.0001823 seconds, Stopping threads took: 0.0000482 seconds
2016-12-26T10:15:55.230-0100: 27.440: Total time for which application threads were stopped: 0.0001468 seconds, Stopping threads took: 0.0000479 seconds
2016-12-26T10:15:55.230-0100: 27.441: Total time for which application threads were stopped: 0.0003206 seconds, Stopping threads took: 0.0000620 seconds
2016-12-26T10:15:55.232-0100: 27.443: Total time for which application threads were stopped: 0.0002423 seconds, Stopping threads took: 0.0000339 seconds
2016-12-26T10:15:55.304-0100: 27.515: Total time for which application threads were stopped: 0.0002184 seconds, Stopping threads took: 0.0000313 seconds
2016-12-26T10:15:55.315-0100: 27.525: Total time for which application threads were stopped: 0.0002243 seconds, Stopping threads took: 0.0000876 seconds
2016-12-26T10:15:55.316-0100: 27.526: Total time for which application threads were stopped: 0.0001778 seconds, Stopping threads took: 0.0000497 seconds
2016-12-26T10:15:55.317-0100: 27.527: Total time for which application threads were stopped: 0.0001835 seconds, Stopping threads took: 0.0000498 seconds
2016-12-26T10:15:55.317-0100: 27.528: Total time for which application threads were stopped: 0.0001936 seconds, Stopping threads took: 0.0000462 seconds
2016-12-26T10:15:55.319-0100: 27.530: Total time for which application threads were stopped: 0.0002176 seconds, Stopping threads took: 0.0000710 seconds
2016-12-26T10:15:55.340-0100: 27.550: Total time for which application threads were stopped: 0.0002396 seconds, Stopping threads took: 0.0000868 seconds
2016-12-26T10:15:55.340-0100: 27.550: Total time for which application threads were stopped: 0.0001215 seconds, Stopping threads took: 0.0000300 seconds
2016-12-26T10:15:55.340-0100: 27.551: Total time for which application threads were stopped: 0.0001166 seconds, Stopping threads took: 0.0000243 seconds
2016-12-26T10:15:55.341-0100: 27.551: Total time for which application threads were stopped: 0.0001432 seconds, Stopping threads took: 0.0000258 seconds
2016-12-26T10:15:55.341-0100: 27.551: Total time for which application threads were stopped: 0.0001426 seconds, Stopping threads took: 0.0000364 seconds
2016-12-26T10:15:55.341-0100: 27.552: Total time for which application threads were stopped: 0.0001480 seconds, Stopping threads took: 0.0000188 seconds
2016-12-26T10:15:55.349-0100: 27.560: Total time for which application threads were stopped: 0.0002388 seconds, Stopping threads took: 0.0000570 seconds
2016-12-26T10:15:55.368-0100: 27.578: Total time for which application threads were stopped: 0.0002498 seconds, Stopping threads took: 0.0000753 seconds
{Heap before GC invocations=8 (full 1):
 par new generation   total 109248K, used 106293K [0x00000007a0000000, 0x00000007a8000000, 0x00000007a8000000)
  eden space 87424K,  99% used [0x00000007a0000000, 0x00000007a555c780, 0x00000007a5560000)
  from space 21824K,  86% used [0x00000007a5560000, 0x00000007a67d0da0, 0x00000007a6ab0000)
  to   space 21824K,   0% used [0x00000007a6ab0000, 0x00000007a6ab0000, 0x00000007a8000000)
 concurrent mark-sweep generation total 393216K, used 0K [0x00000007a8000000, 0x00000007c0000000, 0x00000007c0000000)
 Metaspace       used 35221K, capacity 35938K, committed 36112K, reserved 1081344K
  class space    used 4130K, capacity 4332K, committed 4376K, reserved 1048576K
2016-12-26T10:15:55.413-0100: 27.624: [GC (Allocation Failure) 2016-12-26T10:15:55.413-0100: 27.624: [ParNew
Desired survivor size 20112992 bytes, new threshold 8 (max 8)
- age   1:    8760584 bytes,    8760584 total
- age   2:    1760600 bytes,   10521184 total
- age   3:     844632 bytes,   11365816 total
- age   4:     109264 bytes,   11475080 total
- age   5:     268328 bytes,   11743408 total
- age   6:     250840 bytes,   11994248 total
- age   7:    2712800 bytes,   14707048 total
- age   8:     938848 bytes,   15645896 total
: 106293K->21824K(109248K), 0.0498762 secs] 106293K->27556K(502464K), 0.0500136 secs] [Times: user=0.12 sys=0.01, real=0.05 secs] 
Heap after GC invocations=9 (full 1):
 par new generation   total 109248K, used 21824K [0x00000007a0000000, 0x00000007a8000000, 0x00000007a8000000)
  eden space 87424K,   0% used [0x00000007a0000000, 0x00000007a0000000, 0x00000007a5560000)
  from space 21824K, 100% used [0x00000007a6ab0000, 0x00000007a8000000, 0x00000007a8000000)
  to   space 21824K,   0% used [0x00000007a5560000, 0x00000007a5560000, 0x00000007a6ab0000)
 concurrent mark-sweep generation total 393216K, used 5732K [0x00000007a8000000, 0x00000007c0000000, 0x00000007c0000000)
 Metaspace       used 35221K, capacity 35938K, committed 36112K, reserved 1081344K
  class space    used 4130K, capacity 4332K, committed 4376K, reserved 1048576K
}
2016-12-26T10:15:55.463-0100: 27.674: Total time for which application threads were stopped: 0.0617646 seconds, Stopping threads took: 0.0114687 seconds
2016-12-26T10:15:55.464-0100: 27.674: Total time for which application threads were stopped: 0.0001827 seconds, Stopping threads took: 0.0000484 seconds
2016-12-26T10:15:55.465-0100: 27.675: Total time for which application threads were stopped: 0.0001066 seconds, Stopping threads took: 0.0000168 seconds
2016-12-26T10:15:55.466-0100: 27.676: Total time for which application threads were stopped: 0.0002462 seconds, Stopping threads took: 0.0001016 seconds
2016-12-26T10:15:55.466-0100: 27.676: Total time for which application threads were stopped: 0.0001464 seconds, Stopping threads took: 0.0000352 seconds
2016-12-26T10:15:55.466-0100: 27.677: Total time for which application threads were stopped: 0.0002020 seconds, Stopping threads took: 0.0000606 seconds
2016-12-26T10:15:55.468-0100: 27.679: Total time for which application threads were stopped: 0.0002463 seconds, Stopping threads took: 0.0000738 seconds
2016-12-26T10:15:55.470-0100: 27.680: Total time for which application threads were stopped: 0.0012127 seconds, Stopping threads took: 0.0010305 seconds
2016-12-26T10:15:55.473-0100: 27.683: Total time for which application threads were stopped: 0.0009206 seconds, Stopping threads took: 0.0007600 seconds
2016-12-26T10:15:55.475-0100: 27.685: Total time for which application threads were stopped: 0.0002103 seconds, Stopping threads took: 0.0000569 seconds
2016-12-26T10:15:55.487-0100: 27.697: Total time for which application threads were stopped: 0.0010269 seconds, Stopping threads took: 0.0008352 seconds
2016-12-26T10:15:55.487-0100: 27.698: Total time for which application threads were stopped: 0.0002095 seconds, Stopping threads took: 0.0000578 seconds
2016-12-26T10:15:55.501-0100: 27.711: Total time for which application threads were stopped: 0.0117902 seconds, Stopping threads took: 0.0116146 seconds
2016-12-26T10:15:55.580-0100: 27.790: Total time for which application threads were stopped: 0.0049067 seconds, Stopping threads took: 0.0047045 seconds
2016-12-26T10:15:55.580-0100: 27.791: Total time for which application threads were stopped: 0.0001916 seconds, Stopping threads took: 0.0000496 seconds
2016-12-26T10:15:55.599-0100: 27.809: Total time for which application threads were stopped: 0.0148015 seconds, Stopping threads took: 0.0145911 seconds
{Heap before GC invocations=9 (full 1):
 par new generation   total 109248K, used 109248K [0x00000007a0000000, 0x00000007a8000000, 0x00000007a8000000)
  eden space 87424K, 100% used [0x00000007a0000000, 0x00000007a5560000, 0x00000007a5560000)
  from space 21824K, 100% used [0x00000007a6ab0000, 0x00000007a8000000, 0x00000007a8000000)
  to   space 21824K,   0% used [0x00000007a5560000, 0x00000007a5560000, 0x00000007a6ab0000)
 concurrent mark-sweep generation total 393216K, used 5732K [0x00000007a8000000, 0x00000007c0000000, 0x00000007c0000000)
 Metaspace       used 35263K, capacity 35986K, committed 36112K, reserved 1081344K
  class space    used 4135K, capacity 4340K, committed 4376K, reserved 1048576K
2016-12-26T10:15:55.603-0100: 27.813: [GC (Allocation Failure) 2016-12-26T10:15:55.603-0100: 27.813: [ParNew
Desired survivor size 20112992 bytes, new threshold 8 (max 8)
- age   1:     778136 bytes,     778136 total
- age   2:    7078120 bytes,    7856256 total
- age   3:    1746016 bytes,    9602272 total
- age   4:     844632 bytes,   10446904 total
- age   5:     109264 bytes,   10556168 total
- age   6:     268016 bytes,   10824184 total
- age   7:     250424 bytes,   11074608 total
- age   8:    2712552 bytes,   13787160 total
: 109248K->17822K(109248K), 0.0419413 secs] 114980K->24488K(502464K), 0.0420480 secs] [Times: user=0.05 sys=0.00, real=0.04 secs] 
Heap after GC invocations=10 (full 1):
 par new generation   total 109248K, used 17822K [0x00000007a0000000, 0x00000007a8000000, 0x00000007a8000000)
  eden space 87424K,   0% used [0x00000007a0000000, 0x00000007a0000000, 0x00000007a5560000)
  from space 21824K,  81% used [0x00000007a5560000, 0x00000007a66c7900, 0x00000007a6ab0000)
  to   space 21824K,   0% used [0x00000007a6ab0000, 0x00000007a6ab0000, 0x00000007a8000000)
 concurrent mark-sweep generation total 393216K, used 6666K [0x00000007a8000000, 0x00000007c0000000, 0x00000007c0000000)
 Metaspace       used 35263K, capacity 35986K, committed 36112K, reserved 1081344K
  class space    used 4135K, capacity 4340K, committed 4376K, reserved 1048576K
}
2016-12-26T10:15:55.645-0100: 27.855: Total time for which application threads were stopped: 0.0423321 seconds, Stopping threads took: 0.0000477 seconds
2016-12-26T10:15:55.646-0100: 27.856: Total time for which application threads were stopped: 0.0003301 seconds, Stopping threads took: 0.0001834 seconds
2016-12-26T10:15:55.693-0100: 27.903: Total time for which application threads were stopped: 0.0111530 seconds, Stopping threads took: 0.0109914 seconds
2016-12-26T10:15:55.693-0100: 27.903: Total time for which application threads were stopped: 0.0001935 seconds, Stopping threads took: 0.0000511 seconds
2016-12-26T10:15:55.695-0100: 27.905: Total time for which application threads were stopped: 0.0001968 seconds, Stopping threads took: 0.0000500 seconds
2016-12-26T10:15:55.708-0100: 27.919: Total time for which application threads were stopped: 0.0115726 seconds, Stopping threads took: 0.0114041 seconds
2016-12-26T10:15:55.762-0100: 27.972: Total time for which application threads were stopped: 0.0002614 seconds, Stopping threads took: 0.0001198 seconds
2016-12-26T10:15:55.785-0100: 27.995: Total time for which application threads were stopped: 0.0199361 seconds, Stopping threads took: 0.0197207 seconds
2016-12-26T10:15:55.799-0100: 28.009: Total time for which application threads were stopped: 0.0018124 seconds, Stopping threads took: 0.0016185 seconds
2016-12-26T10:15:55.803-0100: 28.014: Total time for which application threads were stopped: 0.0005589 seconds, Stopping threads took: 0.0001075 seconds
{Heap before GC invocations=10 (full 1):
 par new generation   total 109248K, used 105229K [0x00000007a0000000, 0x00000007a8000000, 0x00000007a8000000)
  eden space 87424K,  99% used [0x00000007a0000000, 0x00000007a555bb48, 0x00000007a5560000)
  from space 21824K,  81% used [0x00000007a5560000, 0x00000007a66c7900, 0x00000007a6ab0000)
  to   space 21824K,   0% used [0x00000007a6ab0000, 0x00000007a6ab0000, 0x00000007a8000000)
 concurrent mark-sweep generation total 393216K, used 6666K [0x00000007a8000000, 0x00000007c0000000, 0x00000007c0000000)
 Metaspace       used 35297K, capacity 36016K, committed 36112K, reserved 1081344K
  class space    used 4137K, capacity 4345K, committed 4376K, reserved 1048576K
2016-12-26T10:15:55.825-0100: 28.035: [GC (Allocation Failure) 2016-12-26T10:15:55.825-0100: 28.035: [ParNew
Desired survivor size 20112992 bytes, new threshold 8 (max 8)
- age   1:     930944 bytes,     930944 total
- age   2:      78448 bytes,    1009392 total
- age   3:    7075888 bytes,    8085280 total
- age   4:    1746016 bytes,    9831296 total
- age   5:     844632 bytes,   10675928 total
- age   6:     109264 bytes,   10785192 total
- age   7:     267912 bytes,   11053104 total
- age   8:     250424 bytes,   11303528 total
: 105229K->14553K(109248K), 0.0581949 secs] 111895K->23886K(502464K), 0.0583230 secs] [Times: user=0.08 sys=0.00, real=0.06 secs] 
Heap after GC invocations=11 (full 1):
 par new generation   total 109248K, used 14553K [0x00000007a0000000, 0x00000007a8000000, 0x00000007a8000000)
  eden space 87424K,   0% used [0x00000007a0000000, 0x00000007a0000000, 0x00000007a5560000)
  from space 21824K,  66% used [0x00000007a6ab0000, 0x00000007a78e6640, 0x00000007a8000000)
  to   space 21824K,   0% used [0x00000007a5560000, 0x00000007a5560000, 0x00000007a6ab0000)
 concurrent mark-sweep generation total 393216K, used 9333K [0x00000007a8000000, 0x00000007c0000000, 0x00000007c0000000)
 Metaspace       used 35297K, capacity 36016K, committed 36112K, reserved 1081344K
  class space    used 4137K, capacity 4345K, committed 4376K, reserved 1048576K
}
2016-12-26T10:15:55.883-0100: 28.093: Total time for which application threads were stopped: 0.0586422 seconds, Stopping threads took: 0.0000533 seconds
2016-12-26T10:15:55.937-0100: 28.147: Total time for which application threads were stopped: 0.0004046 seconds, Stopping threads took: 0.0002194 seconds
2016-12-26T10:15:55.946-0100: 28.157: Total time for which application threads were stopped: 0.0004071 seconds, Stopping threads took: 0.0002327 seconds
2016-12-26T10:15:55.953-0100: 28.164: Total time for which application threads were stopped: 0.0003195 seconds, Stopping threads took: 0.0001626 seconds
{Heap before GC invocations=11 (full 1):
 par new generation   total 109248K, used 101977K [0x00000007a0000000, 0x00000007a8000000, 0x00000007a8000000)
  eden space 87424K, 100% used [0x00000007a0000000, 0x00000007a5560000, 0x00000007a5560000)
  from space 21824K,  66% used [0x00000007a6ab0000, 0x00000007a78e6640, 0x00000007a8000000)
  to   space 21824K,   0% used [0x00000007a5560000, 0x00000007a5560000, 0x00000007a6ab0000)
 concurrent mark-sweep generation total 393216K, used 9333K [0x00000007a8000000, 0x00000007c0000000, 0x00000007c0000000)
 Metaspace       used 35324K, capacity 36086K, committed 36368K, reserved 1081344K
  class space    used 4138K, capacity 4346K, committed 4376K, reserved 1048576K
2016-12-26T10:15:55.961-0100: 28.171: [GC (Allocation Failure) 2016-12-26T10:15:55.961-0100: 28.171: [ParNew
Desired survivor size 20112992 bytes, new threshold 8 (max 8)
- age   1:     589648 bytes,     589648 total
- age   2:      78864 bytes,     668512 total
- age   3:      76144 bytes,     744656 total
- age   4:    7075312 bytes,    7819968 total
- age   5:    1746016 bytes,    9565984 total
- age   6:     844632 bytes,   10410616 total
- age   7:     109160 bytes,   10519776 total
- age   8:     267912 bytes,   10787688 total
: 101977K->14896K(109248K), 0.0629383 secs] 111310K->24479K(502464K), 0.0635728 secs] [Times: user=0.05 sys=0.00, real=0.06 secs] 
Heap after GC invocations=12 (full 1):
 par new generation   total 109248K, used 14896K [0x00000007a0000000, 0x00000007a8000000, 0x00000007a8000000)
  eden space 87424K,   0% used [0x00000007a0000000, 0x00000007a0000000, 0x00000007a5560000)
  from space 21824K,  68% used [0x00000007a5560000, 0x00000007a63ec290, 0x00000007a6ab0000)
  to   space 21824K,   0% used [0x00000007a6ab0000, 0x00000007a6ab0000, 0x00000007a8000000)
 concurrent mark-sweep generation total 393216K, used 9583K [0x00000007a8000000, 0x00000007c0000000, 0x00000007c0000000)
 Metaspace       used 35324K, capacity 36086K, committed 36368K, reserved 1081344K
  class space    used 4138K, capacity 4346K, committed 4376K, reserved 1048576K
}
2016-12-26T10:15:56.024-0100: 28.235: Total time for which application threads were stopped: 0.0640065 seconds, Stopping threads took: 0.0001657 seconds
{Heap before GC invocations=12 (full 1):
 par new generation   total 109248K, used 102315K [0x00000007a0000000, 0x00000007a8000000, 0x00000007a8000000)
  eden space 87424K,  99% used [0x00000007a0000000, 0x00000007a555ea88, 0x00000007a5560000)
  from space 21824K,  68% used [0x00000007a5560000, 0x00000007a63ec290, 0x00000007a6ab0000)
  to   space 21824K,   0% used [0x00000007a6ab0000, 0x00000007a6ab0000, 0x00000007a8000000)
 concurrent mark-sweep generation total 393216K, used 9583K [0x00000007a8000000, 0x00000007c0000000, 0x00000007c0000000)
 Metaspace       used 35336K, capacity 36086K, committed 36368K, reserved 1081344K
  class space    used 4138K, capacity 4346K, committed 4376K, reserved 1048576K
2016-12-26T10:15:56.112-0100: 28.322: [GC (Allocation Failure) 2016-12-26T10:15:56.112-0100: 28.322: [ParNew
Desired survivor size 20112992 bytes, new threshold 8 (max 8)
- age   1:     897728 bytes,     897728 total
- age   2:      87936 bytes,     985664 total
- age   3:      77376 bytes,    1063040 total
- age   4:      74832 bytes,    1137872 total
- age   5:    7075312 bytes,    8213184 total
- age   6:    1746016 bytes,    9959200 total
- age   7:     844632 bytes,   10803832 total
- age   8:     109160 bytes,   10912992 total
: 102315K->13856K(109248K), 0.0632550 secs] 111898K->23707K(502464K), 0.0633558 secs] [Times: user=0.07 sys=0.00, real=0.06 secs] 
Heap after GC invocations=13 (full 1):
 par new generation   total 109248K, used 13856K [0x00000007a0000000, 0x00000007a8000000, 0x00000007a8000000)
  eden space 87424K,   0% used [0x00000007a0000000, 0x00000007a0000000, 0x00000007a5560000)
  from space 21824K,  63% used [0x00000007a6ab0000, 0x00000007a7838240, 0x00000007a8000000)
  to   space 21824K,   0% used [0x00000007a5560000, 0x00000007a5560000, 0x00000007a6ab0000)
 concurrent mark-sweep generation total 393216K, used 9851K [0x00000007a8000000, 0x00000007c0000000, 0x00000007c0000000)
 Metaspace       used 35336K, capacity 36086K, committed 36368K, reserved 1081344K
  class space    used 4138K, capacity 4346K, committed 4376K, reserved 1048576K
}
2016-12-26T10:15:56.175-0100: 28.386: Total time for which application threads were stopped: 0.0637840 seconds, Stopping threads took: 0.0001626 seconds
2016-12-26T10:15:56.451-0100: 28.661: Total time for which application threads were stopped: 0.0005551 seconds, Stopping threads took: 0.0002029 seconds
2016-12-26T10:15:56.466-0100: 28.676: Total time for which application threads were stopped: 0.0002859 seconds, Stopping threads took: 0.0001044 seconds
2016-12-26T10:15:56.476-0100: 28.686: Total time for which application threads were stopped: 0.0002180 seconds, Stopping threads took: 0.0000491 seconds
2016-12-26T10:15:56.517-0100: 28.727: Total time for which application threads were stopped: 0.0260594 seconds, Stopping threads took: 0.0258667 seconds
{Heap before GC invocations=13 (full 1):
 par new generation   total 109248K, used 101280K [0x00000007a0000000, 0x00000007a8000000, 0x00000007a8000000)
  eden space 87424K, 100% used [0x00000007a0000000, 0x00000007a5560000, 0x00000007a5560000)
  from space 21824K,  63% used [0x00000007a6ab0000, 0x00000007a7838240, 0x00000007a8000000)
  to   space 21824K,   0% used [0x00000007a5560000, 0x00000007a5560000, 0x00000007a6ab0000)
 concurrent mark-sweep generation total 393216K, used 9851K [0x00000007a8000000, 0x00000007c0000000, 0x00000007c0000000)
 Metaspace       used 35469K, capacity 36150K, committed 36368K, reserved 1081344K
  class space    used 4138K, capacity 4346K, committed 4376K, reserved 1048576K
2016-12-26T10:15:56.674-0100: 28.885: [GC (Allocation Failure) 2016-12-26T10:15:56.675-0100: 28.885: [ParNew
Desired survivor size 20112992 bytes, new threshold 8 (max 8)
- age   1:    2836536 bytes,    2836536 total
- age   2:      49960 bytes,    2886496 total
- age   3:      60048 bytes,    2946544 total
- age   4:      50400 bytes,    2996944 total
- age   5:      51568 bytes,    3048512 total
- age   6:    4817840 bytes,    7866352 total
- age   7:    1746008 bytes,    9612360 total
- age   8:     844632 bytes,   10456992 total
: 101280K->13151K(109248K), 0.0753071 secs] 111131K->23111K(502464K), 0.0754681 secs] [Times: user=0.09 sys=0.01, real=0.08 secs] 
Heap after GC invocations=14 (full 1):
 par new generation   total 109248K, used 13151K [0x00000007a0000000, 0x00000007a8000000, 0x00000007a8000000)
  eden space 87424K,   0% used [0x00000007a0000000, 0x00000007a0000000, 0x00000007a5560000)
  from space 21824K,  60% used [0x00000007a5560000, 0x00000007a6237d00, 0x00000007a6ab0000)
  to   space 21824K,   0% used [0x00000007a6ab0000, 0x00000007a6ab0000, 0x00000007a8000000)
 concurrent mark-sweep generation total 393216K, used 9960K [0x00000007a8000000, 0x00000007c0000000, 0x00000007c0000000)
 Metaspace       used 35469K, capacity 36150K, committed 36368K, reserved 1081344K
  class space    used 4138K, capacity 4346K, committed 4376K, reserved 1048576K
}
2016-12-26T10:15:56.750-0100: 28.960: Total time for which application threads were stopped: 0.0867713 seconds, Stopping threads took: 0.0109688 seconds
2016-12-26T10:15:56.751-0100: 28.962: Total time for which application threads were stopped: 0.0002754 seconds, Stopping threads took: 0.0001102 seconds
2016-12-26T10:15:56.752-0100: 28.962: Total time for which application threads were stopped: 0.0002082 seconds, Stopping threads took: 0.0000734 seconds
{Heap before GC invocations=14 (full 1):
 par new generation   total 109248K, used 100575K [0x00000007a0000000, 0x00000007a8000000, 0x00000007a8000000)
  eden space 87424K, 100% used [0x00000007a0000000, 0x00000007a5560000, 0x00000007a5560000)
  from space 21824K,  60% used [0x00000007a5560000, 0x00000007a6237d00, 0x00000007a6ab0000)
  to   space 21824K,   0% used [0x00000007a6ab0000, 0x00000007a6ab0000, 0x00000007a8000000)
 concurrent mark-sweep generation total 393216K, used 9960K [0x00000007a8000000, 0x00000007c0000000, 0x00000007c0000000)
 Metaspace       used 35488K, capacity 36156K, committed 36368K, reserved 1081344K
  class space    used 4139K, capacity 4347K, committed 4376K, reserved 1048576K
2016-12-26T10:15:56.835-0100: 29.045: [GC (Allocation Failure) 2016-12-26T10:15:56.835-0100: 29.045: [ParNew
Desired survivor size 20112992 bytes, new threshold 8 (max 8)
- age   1:    2091680 bytes,    2091680 total
- age   2:    2149168 bytes,    4240848 total
- age   3:      49960 bytes,    4290808 total
- age   4:      60048 bytes,    4350856 total
- age   5:      50400 bytes,    4401256 total
- age   6:      51568 bytes,    4452824 total
- age   7:    4817896 bytes,    9270720 total
- age   8:    1746032 bytes,   11016752 total
: 100575K->12861K(109248K), 0.0795890 secs] 110535K->23653K(502464K), 0.0797164 secs] [Times: user=0.07 sys=0.00, real=0.08 secs] 
Heap after GC invocations=15 (full 1):
 par new generation   total 109248K, used 12861K [0x00000007a0000000, 0x00000007a8000000, 0x00000007a8000000)
  eden space 87424K,   0% used [0x00000007a0000000, 0x00000007a0000000, 0x00000007a5560000)
  from space 21824K,  58% used [0x00000007a6ab0000, 0x00000007a773f5a0, 0x00000007a8000000)
  to   space 21824K,   0% used [0x00000007a5560000, 0x00000007a5560000, 0x00000007a6ab0000)
 concurrent mark-sweep generation total 393216K, used 10792K [0x00000007a8000000, 0x00000007c0000000, 0x00000007c0000000)
 Metaspace       used 35488K, capacity 36156K, committed 36368K, reserved 1081344K
  class space    used 4139K, capacity 4347K, committed 4376K, reserved 1048576K
}
2016-12-26T10:15:56.915-0100: 29.125: Total time for which application threads were stopped: 0.0800732 seconds, Stopping threads took: 0.0000422 seconds
2016-12-26T10:15:56.923-0100: 29.133: Total time for which application threads were stopped: 0.0078935 seconds, Stopping threads took: 0.0077356 seconds
2016-12-26T10:15:56.923-0100: 29.133: Total time for which application threads were stopped: 0.0001554 seconds, Stopping threads took: 0.0000356 seconds
{Heap before GC invocations=15 (full 1):
 par new generation   total 109248K, used 100285K [0x00000007a0000000, 0x00000007a8000000, 0x00000007a8000000)
  eden space 87424K, 100% used [0x00000007a0000000, 0x00000007a5560000, 0x00000007a5560000)
  from space 21824K,  58% used [0x00000007a6ab0000, 0x00000007a773f5a0, 0x00000007a8000000)
  to   space 21824K,   0% used [0x00000007a5560000, 0x00000007a5560000, 0x00000007a6ab0000)
 concurrent mark-sweep generation total 393216K, used 10792K [0x00000007a8000000, 0x00000007c0000000, 0x00000007c0000000)
 Metaspace       used 35502K, capacity 36296K, committed 36368K, reserved 1081344K
  class space    used 4140K, capacity 4349K, committed 4376K, reserved 1048576K
2016-12-26T10:15:56.964-0100: 29.174: [GC (Allocation Failure) 2016-12-26T10:15:56.964-0100: 29.174: [ParNew
Desired survivor size 20112992 bytes, new threshold 8 (max 8)
- age   1:     373088 bytes,     373088 total
- age   2:    1699608 bytes,    2072696 total
- age   3:    2128248 bytes,    4200944 total
- age   4:      49960 bytes,    4250904 total
- age   5:      60048 bytes,    4310952 total
- age   6:      50400 bytes,    4361352 total
- age   7:      51568 bytes,    4412920 total
- age   8:    4817832 bytes,    9230752 total
: 100285K->14032K(109248K), 0.0492747 secs] 111077K->26574K(502464K), 0.0493734 secs] [Times: user=0.06 sys=0.00, real=0.05 secs] 
Heap after GC invocations=16 (full 1):
 par new generation   total 109248K, used 14032K [0x00000007a0000000, 0x00000007a8000000, 0x00000007a8000000)
  eden space 87424K,   0% used [0x00000007a0000000, 0x00000007a0000000, 0x00000007a5560000)
  from space 21824K,  64% used [0x00000007a5560000, 0x00000007a63141d0, 0x00000007a6ab0000)
  to   space 21824K,   0% used [0x00000007a6ab0000, 0x00000007a6ab0000, 0x00000007a8000000)
 concurrent mark-sweep generation total 393216K, used 12542K [0x00000007a8000000, 0x00000007c0000000, 0x00000007c0000000)
 Metaspace       used 35502K, capacity 36296K, committed 36368K, reserved 1081344K
  class space    used 4140K, capacity 4349K, committed 4376K, reserved 1048576K
}
2016-12-26T10:15:57.013-0100: 29.223: Total time for which application threads were stopped: 0.0497115 seconds, Stopping threads took: 0.0000520 seconds
{Heap before GC invocations=16 (full 1):
 par new generation   total 109248K, used 101438K [0x00000007a0000000, 0x00000007a8000000, 0x00000007a8000000)
  eden space 87424K,  99% used [0x00000007a0000000, 0x00000007a555b6c8, 0x00000007a5560000)
  from space 21824K,  64% used [0x00000007a5560000, 0x00000007a63141d0, 0x00000007a6ab0000)
  to   space 21824K,   0% used [0x00000007a6ab0000, 0x00000007a6ab0000, 0x00000007a8000000)
 concurrent mark-sweep generation total 393216K, used 12542K [0x00000007a8000000, 0x00000007c0000000, 0x00000007c0000000)
 Metaspace       used 35506K, capacity 36296K, committed 36368K, reserved 1081344K
  class space    used 4140K, capacity 4349K, committed 4376K, reserved 1048576K
2016-12-26T10:15:57.130-0100: 29.340: [GC (Allocation Failure) 2016-12-26T10:15:57.130-0100: 29.340: [ParNew
Desired survivor size 20112992 bytes, new threshold 8 (max 8)
- age   1:     676424 bytes,     676424 total
- age   2:      82032 bytes,     758456 total
- age   3:    1699136 bytes,    2457592 total
- age   4:    2126840 bytes,    4584432 total
- age   5:      49960 bytes,    4634392 total
- age   6:      60048 bytes,    4694440 total
- age   7:      50400 bytes,    4744840 total
- age   8:      51568 bytes,    4796408 total
: 101438K->8036K(109248K), 0.0245348 secs] 113980K->25983K(502464K), 0.0246500 secs] [Times: user=0.06 sys=0.01, real=0.02 secs] 
Heap after GC invocations=17 (full 1):
 par new generation   total 109248K, used 8036K [0x00000007a0000000, 0x00000007a8000000, 0x00000007a8000000)
  eden space 87424K,   0% used [0x00000007a0000000, 0x00000007a0000000, 0x00000007a5560000)
  from space 21824K,  36% used [0x00000007a6ab0000, 0x00000007a7289230, 0x00000007a8000000)
  to   space 21824K,   0% used [0x00000007a5560000, 0x00000007a5560000, 0x00000007a6ab0000)
 concurrent mark-sweep generation total 393216K, used 17947K [0x00000007a8000000, 0x00000007c0000000, 0x00000007c0000000)
 Metaspace       used 35506K, capacity 36296K, committed 36368K, reserved 1081344K
  class space    used 4140K, capacity 4349K, committed 4376K, reserved 1048576K
}
2016-12-26T10:15:57.155-0100: 29.365: Total time for which application threads were stopped: 0.0275057 seconds, Stopping threads took: 0.0025821 seconds
{Heap before GC invocations=17 (full 1):
 par new generation   total 109248K, used 95460K [0x00000007a0000000, 0x00000007a8000000, 0x00000007a8000000)
  eden space 87424K, 100% used [0x00000007a0000000, 0x00000007a5560000, 0x00000007a5560000)
  from space 21824K,  36% used [0x00000007a6ab0000, 0x00000007a7289230, 0x00000007a8000000)
  to   space 21824K,   0% used [0x00000007a5560000, 0x00000007a5560000, 0x00000007a6ab0000)
 concurrent mark-sweep generation total 393216K, used 17947K [0x00000007a8000000, 0x00000007c0000000, 0x00000007c0000000)
 Metaspace       used 35576K, capacity 36296K, committed 36368K, reserved 1081344K
  class space    used 4140K, capacity 4349K, committed 4376K, reserved 1048576K
2016-12-26T10:15:57.382-0100: 29.592: [GC (Allocation Failure) 2016-12-26T10:15:57.382-0100: 29.592: [ParNew
Desired survivor size 20112992 bytes, new threshold 8 (max 8)
- age   1:     641176 bytes,     641176 total
- age   2:      77384 bytes,     718560 total
- age   3:      77944 bytes,     796504 total
- age   4:    1007640 bytes,    1804144 total
- age   5:    2125464 bytes,    3929608 total
- age   6:      49960 bytes,    3979568 total
- age   7:      60048 bytes,    4039616 total
- age   8:      50400 bytes,    4090016 total
: 95460K->5797K(109248K), 0.0167213 secs] 113407K->23796K(502464K), 0.0168197 secs] [Times: user=0.04 sys=0.00, real=0.01 secs] 
Heap after GC invocations=18 (full 1):
 par new generation   total 109248K, used 5797K [0x00000007a0000000, 0x00000007a8000000, 0x00000007a8000000)
  eden space 87424K,   0% used [0x00000007a0000000, 0x00000007a0000000, 0x00000007a5560000)
  from space 21824K,  26% used [0x00000007a5560000, 0x00000007a5b096a0, 0x00000007a6ab0000)
  to   space 21824K,   0% used [0x00000007a6ab0000, 0x00000007a6ab0000, 0x00000007a8000000)
 concurrent mark-sweep generation total 393216K, used 17999K [0x00000007a8000000, 0x00000007c0000000, 0x00000007c0000000)
 Metaspace       used 35576K, capacity 36296K, committed 36368K, reserved 1081344K
  class space    used 4140K, capacity 4349K, committed 4376K, reserved 1048576K
}
2016-12-26T10:15:57.399-0100: 29.609: Total time for which application threads were stopped: 0.0172066 seconds, Stopping threads took: 0.0000665 seconds
2016-12-26T10:15:57.547-0100: 29.758: Total time for which application threads were stopped: 0.0002646 seconds, Stopping threads took: 0.0000566 seconds
2016-12-26T10:15:57.551-0100: 29.761: Total time for which application threads were stopped: 0.0001881 seconds, Stopping threads took: 0.0000458 seconds
2016-12-26T10:15:57.552-0100: 29.762: Total time for which application threads were stopped: 0.0001899 seconds, Stopping threads took: 0.0000438 seconds
2016-12-26T10:15:57.554-0100: 29.764: Total time for which application threads were stopped: 0.0001742 seconds, Stopping threads took: 0.0000314 seconds
2016-12-26T10:15:57.554-0100: 29.765: Total time for which application threads were stopped: 0.0002013 seconds, Stopping threads took: 0.0000425 seconds
2016-12-26T10:15:57.561-0100: 29.771: Total time for which application threads were stopped: 0.0002023 seconds, Stopping threads took: 0.0000526 seconds
2016-12-26T10:15:57.561-0100: 29.772: Total time for which application threads were stopped: 0.0004496 seconds, Stopping threads took: 0.0000405 seconds
2016-12-26T10:15:57.571-0100: 29.781: Total time for which application threads were stopped: 0.0002245 seconds, Stopping threads took: 0.0000555 seconds
2016-12-26T10:15:57.573-0100: 29.784: Total time for which application threads were stopped: 0.0001984 seconds, Stopping threads took: 0.0000396 seconds
2016-12-26T10:15:57.574-0100: 29.784: Total time for which application threads were stopped: 0.0001626 seconds, Stopping threads took: 0.0000334 seconds
2016-12-26T10:15:57.574-0100: 29.784: Total time for which application threads were stopped: 0.0001336 seconds, Stopping threads took: 0.0000185 seconds
2016-12-26T10:15:57.574-0100: 29.784: Total time for which application threads were stopped: 0.0001384 seconds, Stopping threads took: 0.0000364 seconds
2016-12-26T10:15:57.574-0100: 29.784: Total time for which application threads were stopped: 0.0001187 seconds, Stopping threads took: 0.0000152 seconds
2016-12-26T10:15:57.574-0100: 29.785: Total time for which application threads were stopped: 0.0001142 seconds, Stopping threads took: 0.0000147 seconds
2016-12-26T10:15:57.574-0100: 29.785: Total time for which application threads were stopped: 0.0001056 seconds, Stopping threads took: 0.0000124 seconds
2016-12-26T10:15:57.575-0100: 29.785: Total time for which application threads were stopped: 0.0001565 seconds, Stopping threads took: 0.0000292 seconds
2016-12-26T10:15:57.577-0100: 29.787: Total time for which application threads were stopped: 0.0003014 seconds, Stopping threads took: 0.0001344 seconds
2016-12-26T10:15:57.577-0100: 29.787: Total time for which application threads were stopped: 0.0001545 seconds, Stopping threads took: 0.0000320 seconds
2016-12-26T10:15:57.581-0100: 29.791: Total time for which application threads were stopped: 0.0002072 seconds, Stopping threads took: 0.0000347 seconds
2016-12-26T10:15:57.587-0100: 29.797: Total time for which application threads were stopped: 0.0001940 seconds, Stopping threads took: 0.0000534 seconds
2016-12-26T10:15:57.588-0100: 29.798: Total time for which application threads were stopped: 0.0001570 seconds, Stopping threads took: 0.0000322 seconds
2016-12-26T10:15:57.588-0100: 29.798: Total time for which application threads were stopped: 0.0002844 seconds, Stopping threads took: 0.0001189 seconds
2016-12-26T10:15:57.588-0100: 29.799: Total time for which application threads were stopped: 0.0002139 seconds, Stopping threads took: 0.0000926 seconds
2016-12-26T10:15:57.589-0100: 29.799: Total time for which application threads were stopped: 0.0001315 seconds, Stopping threads took: 0.0000350 seconds
2016-12-26T10:15:57.589-0100: 29.799: Total time for which application threads were stopped: 0.0001724 seconds, Stopping threads took: 0.0000807 seconds
2016-12-26T10:15:57.589-0100: 29.799: Total time for which application threads were stopped: 0.0000842 seconds, Stopping threads took: 0.0000104 seconds
2016-12-26T10:15:57.589-0100: 29.799: Total time for which application threads were stopped: 0.0000979 seconds, Stopping threads took: 0.0000112 seconds
2016-12-26T10:15:57.590-0100: 29.800: Total time for which application threads were stopped: 0.0003412 seconds, Stopping threads took: 0.0000190 seconds
2016-12-26T10:15:57.593-0100: 29.803: Total time for which application threads were stopped: 0.0002119 seconds, Stopping threads took: 0.0000632 seconds
2016-12-26T10:15:57.593-0100: 29.803: Total time for which application threads were stopped: 0.0001489 seconds, Stopping threads took: 0.0000336 seconds
2016-12-26T10:15:57.608-0100: 29.818: Total time for which application threads were stopped: 0.0002794 seconds, Stopping threads took: 0.0001085 seconds
2016-12-26T10:15:57.632-0100: 29.842: Total time for which application threads were stopped: 0.0002320 seconds, Stopping threads took: 0.0000318 seconds
2016-12-26T10:15:57.632-0100: 29.842: Total time for which application threads were stopped: 0.0001441 seconds, Stopping threads took: 0.0000133 seconds
2016-12-26T10:15:57.632-0100: 29.842: Total time for which application threads were stopped: 0.0001187 seconds, Stopping threads took: 0.0000116 seconds
2016-12-26T10:15:57.632-0100: 29.843: Total time for which application threads were stopped: 0.0001145 seconds, Stopping threads took: 0.0000279 seconds
2016-12-26T10:15:57.632-0100: 29.843: Total time for which application threads were stopped: 0.0001090 seconds, Stopping threads took: 0.0000271 seconds
2016-12-26T10:15:57.633-0100: 29.843: Total time for which application threads were stopped: 0.0001208 seconds, Stopping threads took: 0.0000130 seconds
2016-12-26T10:15:57.640-0100: 29.850: Total time for which application threads were stopped: 0.0002167 seconds, Stopping threads took: 0.0000585 seconds
2016-12-26T10:15:57.645-0100: 29.855: Total time for which application threads were stopped: 0.0001622 seconds, Stopping threads took: 0.0000313 seconds
2016-12-26T10:15:57.665-0100: 29.875: Total time for which application threads were stopped: 0.0002187 seconds, Stopping threads took: 0.0000442 seconds
2016-12-26T10:15:57.693-0100: 29.904: Total time for which application threads were stopped: 0.0001592 seconds, Stopping threads took: 0.0000296 seconds
2016-12-26T10:15:57.698-0100: 29.908: Total time for which application threads were stopped: 0.0001793 seconds, Stopping threads took: 0.0000519 seconds
2016-12-26T10:15:57.701-0100: 29.911: Total time for which application threads were stopped: 0.0003358 seconds, Stopping threads took: 0.0001770 seconds
2016-12-26T10:15:57.730-0100: 29.941: Total time for which application threads were stopped: 0.0002324 seconds, Stopping threads took: 0.0000516 seconds
2016-12-26T10:15:57.735-0100: 29.945: Total time for which application threads were stopped: 0.0002068 seconds, Stopping threads took: 0.0000652 seconds
2016-12-26T10:15:57.736-0100: 29.947: Total time for which application threads were stopped: 0.0001754 seconds, Stopping threads took: 0.0000496 seconds
{Heap before GC invocations=18 (full 1):
 par new generation   total 109248K, used 93209K [0x00000007a0000000, 0x00000007a8000000, 0x00000007a8000000)
  eden space 87424K,  99% used [0x00000007a0000000, 0x00000007a555d000, 0x00000007a5560000)
  from space 21824K,  26% used [0x00000007a5560000, 0x00000007a5b096a0, 0x00000007a6ab0000)
  to   space 21824K,   0% used [0x00000007a6ab0000, 0x00000007a6ab0000, 0x00000007a8000000)
 concurrent mark-sweep generation total 393216K, used 17999K [0x00000007a8000000, 0x00000007c0000000, 0x00000007c0000000)
 Metaspace       used 35779K, capacity 36542K, committed 36624K, reserved 1081344K
  class space    used 4150K, capacity 4358K, committed 4376K, reserved 1048576K
2016-12-26T10:15:57.814-0100: 30.025: [GC (Allocation Failure) 2016-12-26T10:15:57.814-0100: 30.025: [ParNew
Desired survivor size 20112992 bytes, new threshold 8 (max 8)
- age   1:    2705280 bytes,    2705280 total
- age   2:     498360 bytes,    3203640 total
- age   3:      76008 bytes,    3279648 total
- age   4:      77944 bytes,    3357592 total
- age   5:     204552 bytes,    3562144 total
- age   6:    2115264 bytes,    5677408 total
- age   7:      49960 bytes,    5727368 total
- age   8:      60048 bytes,    5787416 total
: 93209K->6752K(109248K), 0.0153811 secs] 111208K->24802K(502464K), 0.0154783 secs] [Times: user=0.02 sys=0.00, real=0.02 secs] 
Heap after GC invocations=19 (full 1):
 par new generation   total 109248K, used 6752K [0x00000007a0000000, 0x00000007a8000000, 0x00000007a8000000)
  eden space 87424K,   0% used [0x00000007a0000000, 0x00000007a0000000, 0x00000007a5560000)
  from space 21824K,  30% used [0x00000007a6ab0000, 0x00000007a7148050, 0x00000007a8000000)
  to   space 21824K,   0% used [0x00000007a5560000, 0x00000007a5560000, 0x00000007a6ab0000)
 concurrent mark-sweep generation total 393216K, used 18050K [0x00000007a8000000, 0x00000007c0000000, 0x00000007c0000000)
 Metaspace       used 35779K, capacity 36542K, committed 36624K, reserved 1081344K
  class space    used 4150K, capacity 4358K, committed 4376K, reserved 1048576K
}
2016-12-26T10:15:57.830-0100: 30.040: Total time for which application threads were stopped: 0.0158288 seconds, Stopping threads took: 0.0000328 seconds
2016-12-26T10:15:57.830-0100: 30.041: Total time for which application threads were stopped: 0.0002369 seconds, Stopping threads took: 0.0000887 seconds
{Heap before GC invocations=19 (full 1):
 par new generation   total 109248K, used 94176K [0x00000007a0000000, 0x00000007a8000000, 0x00000007a8000000)
  eden space 87424K, 100% used [0x00000007a0000000, 0x00000007a5560000, 0x00000007a5560000)
  from space 21824K,  30% used [0x00000007a6ab0000, 0x00000007a7148050, 0x00000007a8000000)
  to   space 21824K,   0% used [0x00000007a5560000, 0x00000007a5560000, 0x00000007a6ab0000)
 concurrent mark-sweep generation total 393216K, used 18050K [0x00000007a8000000, 0x00000007c0000000, 0x00000007c0000000)
 Metaspace       used 35793K, capacity 36554K, committed 36624K, reserved 1081344K
  class space    used 4151K, capacity 4360K, committed 4376K, reserved 1048576K
2016-12-26T10:15:58.028-0100: 30.238: [GC (Allocation Failure) 2016-12-26T10:15:58.028-0100: 30.239: [ParNew
Desired survivor size 20112992 bytes, new threshold 8 (max 8)
- age   1:     208560 bytes,     208560 total
- age   2:    2394200 bytes,    2602760 total
- age   3:     497632 bytes,    3100392 total
- age   4:      76008 bytes,    3176400 total
- age   5:      77944 bytes,    3254344 total
- age   6:     204552 bytes,    3458896 total
- age   7:    2115264 bytes,    5574160 total
- age   8:      49960 bytes,    5624120 total
: 94176K->7137K(109248K), 0.0080916 secs] 112226K->25247K(502464K), 0.0081924 secs] [Times: user=0.02 sys=0.00, real=0.01 secs] 
Heap after GC invocations=20 (full 1):
 par new generation   total 109248K, used 7137K [0x00000007a0000000, 0x00000007a8000000, 0x00000007a8000000)
  eden space 87424K,   0% used [0x00000007a0000000, 0x00000007a0000000, 0x00000007a5560000)
  from space 21824K,  32% used [0x00000007a5560000, 0x00000007a5c58550, 0x00000007a6ab0000)
  to   space 21824K,   0% used [0x00000007a6ab0000, 0x00000007a6ab0000, 0x00000007a8000000)
 concurrent mark-sweep generation total 393216K, used 18110K [0x00000007a8000000, 0x00000007c0000000, 0x00000007c0000000)
 Metaspace       used 35793K, capacity 36554K, committed 36624K, reserved 1081344K
  class space    used 4151K, capacity 4360K, committed 4376K, reserved 1048576K
}
2016-12-26T10:15:58.037-0100: 30.247: Total time for which application threads were stopped: 0.0085066 seconds, Stopping threads took: 0.0000437 seconds
2016-12-26T10:15:58.048-0100: 30.258: Total time for which application threads were stopped: 0.0110003 seconds, Stopping threads took: 0.0108429 seconds
2016-12-26T10:15:58.306-0100: 30.517: Total time for which application threads were stopped: 0.0001914 seconds, Stopping threads took: 0.0000455 seconds
2016-12-26T10:15:58.306-0100: 30.517: Total time for which application threads were stopped: 0.0000902 seconds, Stopping threads took: 0.0000202 seconds
2016-12-26T10:15:58.307-0100: 30.517: Total time for which application threads were stopped: 0.0000665 seconds, Stopping threads took: 0.0000099 seconds
2016-12-26T10:15:58.307-0100: 30.517: Total time for which application threads were stopped: 0.0001242 seconds, Stopping threads took: 0.0000676 seconds
2016-12-26T10:15:58.307-0100: 30.517: Total time for which application threads were stopped: 0.0000811 seconds, Stopping threads took: 0.0000311 seconds
2016-12-26T10:15:58.307-0100: 30.517: Total time for which application threads were stopped: 0.0000963 seconds, Stopping threads took: 0.0000365 seconds
2016-12-26T10:15:58.307-0100: 30.517: Total time for which application threads were stopped: 0.0000744 seconds, Stopping threads took: 0.0000177 seconds
2016-12-26T10:15:58.315-0100: 30.525: Total time for which application threads were stopped: 0.0001706 seconds, Stopping threads took: 0.0000324 seconds
2016-12-26T10:15:58.318-0100: 30.528: Total time for which application threads were stopped: 0.0001379 seconds, Stopping threads took: 0.0000307 seconds
2016-12-26T10:15:58.318-0100: 30.528: Total time for which application threads were stopped: 0.0001178 seconds, Stopping threads took: 0.0000349 seconds
2016-12-26T10:15:58.318-0100: 30.528: Total time for which application threads were stopped: 0.0000840 seconds, Stopping threads took: 0.0000205 seconds
2016-12-26T10:15:58.318-0100: 30.528: Total time for which application threads were stopped: 0.0000785 seconds, Stopping threads took: 0.0000167 seconds
2016-12-26T10:15:58.318-0100: 30.528: Total time for which application threads were stopped: 0.0000814 seconds, Stopping threads took: 0.0000193 seconds
2016-12-26T10:15:58.318-0100: 30.528: Total time for which application threads were stopped: 0.0000660 seconds, Stopping threads took: 0.0000089 seconds
2016-12-26T10:15:58.318-0100: 30.529: Total time for which application threads were stopped: 0.0000840 seconds, Stopping threads took: 0.0000266 seconds
2016-12-26T10:15:58.318-0100: 30.529: Total time for which application threads were stopped: 0.0000767 seconds, Stopping threads took: 0.0000181 seconds
2016-12-26T10:15:58.319-0100: 30.529: Total time for which application threads were stopped: 0.0000625 seconds, Stopping threads took: 0.0000087 seconds
2016-12-26T10:15:58.319-0100: 30.529: Total time for which application threads were stopped: 0.0000738 seconds, Stopping threads took: 0.0000183 seconds
2016-12-26T10:15:58.319-0100: 30.529: Total time for which application threads were stopped: 0.0000807 seconds, Stopping threads took: 0.0000241 seconds
2016-12-26T10:15:58.319-0100: 30.529: Total time for which application threads were stopped: 0.0000718 seconds, Stopping threads took: 0.0000158 seconds
2016-12-26T10:15:58.319-0100: 30.529: Total time for which application threads were stopped: 0.0001014 seconds, Stopping threads took: 0.0000097 seconds
2016-12-26T10:15:58.319-0100: 30.529: Total time for which application threads were stopped: 0.0000739 seconds, Stopping threads took: 0.0000157 seconds
2016-12-26T10:15:58.319-0100: 30.529: Total time for which application threads were stopped: 0.0000665 seconds, Stopping threads took: 0.0000086 seconds
2016-12-26T10:15:58.319-0100: 30.529: Total time for which application threads were stopped: 0.0000769 seconds, Stopping threads took: 0.0000185 seconds
2016-12-26T10:15:58.319-0100: 30.530: Total time for which application threads were stopped: 0.0000895 seconds, Stopping threads took: 0.0000278 seconds
2016-12-26T10:15:58.319-0100: 30.530: Total time for which application threads were stopped: 0.0000775 seconds, Stopping threads took: 0.0000195 seconds
2016-12-26T10:15:58.320-0100: 30.530: Total time for which application threads were stopped: 0.0000650 seconds, Stopping threads took: 0.0000087 seconds
2016-12-26T10:15:58.320-0100: 30.530: Total time for which application threads were stopped: 0.0002376 seconds, Stopping threads took: 0.0000085 seconds
2016-12-26T10:15:58.324-0100: 30.534: Total time for which application threads were stopped: 0.0001493 seconds, Stopping threads took: 0.0000364 seconds
2016-12-26T10:15:58.324-0100: 30.534: Total time for which application threads were stopped: 0.0000897 seconds, Stopping threads took: 0.0000131 seconds
2016-12-26T10:15:59.327-0100: 31.538: Total time for which application threads were stopped: 0.0003137 seconds, Stopping threads took: 0.0000443 seconds
2016-12-26T10:16:00.331-0100: 32.541: Total time for which application threads were stopped: 0.0002041 seconds, Stopping threads took: 0.0000617 seconds
2016-12-26T10:16:18.358-0100: 50.567: Total time for which application threads were stopped: 0.0003185 seconds, Stopping threads took: 0.0000345 seconds
2016-12-26T10:16:18.860-0100: 51.070: Total time for which application threads were stopped: 0.0004177 seconds, Stopping threads took: 0.0000639 seconds
2016-12-26T10:16:18.872-0100: 51.081: Total time for which application threads were stopped: 0.0001419 seconds, Stopping threads took: 0.0000336 seconds
2016-12-26T10:16:18.872-0100: 51.081: Total time for which application threads were stopped: 0.0000841 seconds, Stopping threads took: 0.0000282 seconds
2016-12-26T10:16:18.872-0100: 51.081: Total time for which application threads were stopped: 0.0000678 seconds, Stopping threads took: 0.0000191 seconds
2016-12-26T10:16:18.872-0100: 51.082: Total time for which application threads were stopped: 0.0000663 seconds, Stopping threads took: 0.0000198 seconds
2016-12-26T10:16:18.883-0100: 51.093: Total time for which application threads were stopped: 0.0002052 seconds, Stopping threads took: 0.0000720 seconds
2016-12-26T10:16:18.883-0100: 51.093: Total time for which application threads were stopped: 0.0001182 seconds, Stopping threads took: 0.0000305 seconds
2016-12-26T10:16:18.883-0100: 51.093: Total time for which application threads were stopped: 0.0001460 seconds, Stopping threads took: 0.0000422 seconds
2016-12-26T10:16:18.884-0100: 51.093: Total time for which application threads were stopped: 0.0001288 seconds, Stopping threads took: 0.0000252 seconds
2016-12-26T10:16:18.890-0100: 51.100: Total time for which application threads were stopped: 0.0002300 seconds, Stopping threads took: 0.0000566 seconds
2016-12-26T10:16:18.891-0100: 51.100: Total time for which application threads were stopped: 0.0001509 seconds, Stopping threads took: 0.0000165 seconds
2016-12-26T10:16:18.891-0100: 51.101: Total time for which application threads were stopped: 0.0001285 seconds, Stopping threads took: 0.0000155 seconds
2016-12-26T10:16:18.891-0100: 51.101: Total time for which application threads were stopped: 0.0001234 seconds, Stopping threads took: 0.0000164 seconds
2016-12-26T10:16:18.891-0100: 51.101: Total time for which application threads were stopped: 0.0001670 seconds, Stopping threads took: 0.0000297 seconds
2016-12-26T10:16:18.892-0100: 51.102: Total time for which application threads were stopped: 0.0002210 seconds, Stopping threads took: 0.0000540 seconds
2016-12-26T10:16:18.893-0100: 51.102: Total time for which application threads were stopped: 0.0001686 seconds, Stopping threads took: 0.0000316 seconds
2016-12-26T10:16:18.893-0100: 51.103: Total time for which application threads were stopped: 0.0001579 seconds, Stopping threads took: 0.0000417 seconds
2016-12-26T10:16:18.893-0100: 51.103: Total time for which application threads were stopped: 0.0001472 seconds, Stopping threads took: 0.0000252 seconds
2016-12-26T10:16:18.893-0100: 51.103: Total time for which application threads were stopped: 0.0001395 seconds, Stopping threads took: 0.0000252 seconds
2016-12-26T10:16:18.894-0100: 51.103: Total time for which application threads were stopped: 0.0001599 seconds, Stopping threads took: 0.0000410 seconds
2016-12-26T10:16:18.894-0100: 51.104: Total time for which application threads were stopped: 0.0001459 seconds, Stopping threads took: 0.0000266 seconds
2016-12-26T10:16:18.894-0100: 51.104: Total time for which application threads were stopped: 0.0001317 seconds, Stopping threads took: 0.0000154 seconds
2016-12-26T10:16:18.895-0100: 51.105: Total time for which application threads were stopped: 0.0001568 seconds, Stopping threads took: 0.0000271 seconds
2016-12-26T10:16:18.895-0100: 51.105: Total time for which application threads were stopped: 0.0001504 seconds, Stopping threads took: 0.0000372 seconds
2016-12-26T10:16:18.906-0100: 51.116: Total time for which application threads were stopped: 0.0023317 seconds, Stopping threads took: 0.0021614 seconds
2016-12-26T10:16:18.908-0100: 51.118: Total time for which application threads were stopped: 0.0004163 seconds, Stopping threads took: 0.0002348 seconds
2016-12-26T10:16:18.916-0100: 51.126: Total time for which application threads were stopped: 0.0002845 seconds, Stopping threads took: 0.0001636 seconds
2016-12-26T10:16:18.916-0100: 51.126: Total time for which application threads were stopped: 0.0000888 seconds, Stopping threads took: 0.0000323 seconds
2016-12-26T10:16:28.949-0100: 61.158: Total time for which application threads were stopped: 0.0005426 seconds, Stopping threads took: 0.0001018 seconds
2016-12-26T10:16:28.950-0100: 61.159: Total time for which application threads were stopped: 0.0004860 seconds, Stopping threads took: 0.0000901 seconds
2016-12-26T10:16:28.951-0100: 61.160: Total time for which application threads were stopped: 0.0004927 seconds, Stopping threads took: 0.0001750 seconds
2016-12-26T10:16:28.951-0100: 61.161: Total time for which application threads were stopped: 0.0003698 seconds, Stopping threads took: 0.0000593 seconds
2016-12-26T10:16:28.989-0100: 61.199: Total time for which application threads were stopped: 0.0001854 seconds, Stopping threads took: 0.0000583 seconds
2016-12-26T10:16:28.990-0100: 61.199: Total time for which application threads were stopped: 0.0001545 seconds, Stopping threads took: 0.0000232 seconds
2016-12-26T10:16:30.997-0100: 63.207: Total time for which application threads were stopped: 0.0001807 seconds, Stopping threads took: 0.0000519 seconds
2016-12-26T10:16:33.002-0100: 65.211: Total time for which application threads were stopped: 0.0002027 seconds, Stopping threads took: 0.0000594 seconds
2016-12-26T10:16:39.020-0100: 71.230: Total time for which application threads were stopped: 0.0001938 seconds, Stopping threads took: 0.0000449 seconds
2016-12-26T10:17:23.145-0100: 115.353: Total time for which application threads were stopped: 0.0001794 seconds, Stopping threads took: 0.0000370 seconds
2016-12-26T10:17:56.234-0100: 148.441: Total time for which application threads were stopped: 0.0001716 seconds, Stopping threads took: 0.0000370 seconds
2016-12-26T10:18:01.248-0100: 153.455: Total time for which application threads were stopped: 0.0001993 seconds, Stopping threads took: 0.0000628 seconds
2016-12-26T10:18:13.285-0100: 165.492: Total time for which application threads were stopped: 0.0001988 seconds, Stopping threads took: 0.0000613 seconds
2016-12-26T10:18:17.296-0100: 169.503: Total time for which application threads were stopped: 0.0002243 seconds, Stopping threads took: 0.0000496 seconds
2016-12-26T10:18:19.301-0100: 171.507: Total time for which application threads were stopped: 0.0001692 seconds, Stopping threads took: 0.0000352 seconds
2016-12-26T10:18:37.343-0100: 189.549: Total time for which application threads were stopped: 0.0001971 seconds, Stopping threads took: 0.0000444 seconds
2016-12-26T10:18:59.406-0100: 211.612: Total time for which application threads were stopped: 0.0001518 seconds, Stopping threads took: 0.0000327 seconds
2016-12-26T10:19:07.422-0100: 219.627: Total time for which application threads were stopped: 0.0002793 seconds, Stopping threads took: 0.0000473 seconds
2016-12-26T10:19:09.429-0100: 221.635: Total time for which application threads were stopped: 0.0001523 seconds, Stopping threads took: 0.0000337 seconds
2016-12-26T10:19:10.431-0100: 222.637: Total time for which application threads were stopped: 0.0002406 seconds, Stopping threads took: 0.0000499 seconds
2016-12-26T10:19:11.468-0100: 223.673: Total time for which application threads were stopped: 0.0001389 seconds, Stopping threads took: 0.0000193 seconds
2016-12-26T10:19:11.468-0100: 223.673: Total time for which application threads were stopped: 0.0001227 seconds, Stopping threads took: 0.0000218 seconds
2016-12-26T10:19:11.468-0100: 223.673: Total time for which application threads were stopped: 0.0001108 seconds, Stopping threads took: 0.0000260 seconds
2016-12-26T10:19:11.468-0100: 223.674: Total time for which application threads were stopped: 0.0001094 seconds, Stopping threads took: 0.0000393 seconds
2016-12-26T10:19:11.468-0100: 223.674: Total time for which application threads were stopped: 0.0000924 seconds, Stopping threads took: 0.0000325 seconds
2016-12-26T10:19:11.468-0100: 223.674: Total time for which application threads were stopped: 0.0000506 seconds, Stopping threads took: 0.0000091 seconds
2016-12-26T10:19:11.468-0100: 223.674: Total time for which application threads were stopped: 0.0000692 seconds, Stopping threads took: 0.0000282 seconds
2016-12-26T10:19:11.468-0100: 223.674: Total time for which application threads were stopped: 0.0000454 seconds, Stopping threads took: 0.0000079 seconds
2016-12-26T10:19:11.469-0100: 223.674: Total time for which application threads were stopped: 0.0000413 seconds, Stopping threads took: 0.0000065 seconds
2016-12-26T10:19:11.469-0100: 223.674: Total time for which application threads were stopped: 0.0000423 seconds, Stopping threads took: 0.0000070 seconds
2016-12-26T10:19:11.469-0100: 223.674: Total time for which application threads were stopped: 0.0000412 seconds, Stopping threads took: 0.0000064 seconds
2016-12-26T10:19:11.469-0100: 223.674: Total time for which application threads were stopped: 0.0000408 seconds, Stopping threads took: 0.0000063 seconds
2016-12-26T10:19:11.469-0100: 223.674: Total time for which application threads were stopped: 0.0000402 seconds, Stopping threads took: 0.0000060 seconds
2016-12-26T10:19:11.469-0100: 223.674: Total time for which application threads were stopped: 0.0000406 seconds, Stopping threads took: 0.0000065 seconds
2016-12-26T10:19:11.469-0100: 223.675: Total time for which application threads were stopped: 0.0000404 seconds, Stopping threads took: 0.0000066 seconds
2016-12-26T10:19:11.469-0100: 223.675: Total time for which application threads were stopped: 0.0000398 seconds, Stopping threads took: 0.0000061 seconds
2016-12-26T10:19:11.469-0100: 223.675: Total time for which application threads were stopped: 0.0000401 seconds, Stopping threads took: 0.0000063 seconds
2016-12-26T10:19:11.469-0100: 223.675: Total time for which application threads were stopped: 0.0000398 seconds, Stopping threads took: 0.0000060 seconds
2016-12-26T10:19:11.469-0100: 223.675: Total time for which application threads were stopped: 0.0000476 seconds, Stopping threads took: 0.0000077 seconds
2016-12-26T10:19:11.469-0100: 223.675: Total time for which application threads were stopped: 0.0000651 seconds, Stopping threads took: 0.0000059 seconds
2016-12-26T10:19:11.470-0100: 223.675: Total time for which application threads were stopped: 0.0001529 seconds, Stopping threads took: 0.0000058 seconds
2016-12-26T10:19:11.470-0100: 223.675: Total time for which application threads were stopped: 0.0000410 seconds, Stopping threads took: 0.0000062 seconds
2016-12-26T10:19:11.470-0100: 223.676: Total time for which application threads were stopped: 0.0000588 seconds, Stopping threads took: 0.0000097 seconds
2016-12-26T10:19:11.471-0100: 223.676: Total time for which application threads were stopped: 0.0000426 seconds, Stopping threads took: 0.0000060 seconds
2016-12-26T10:19:11.471-0100: 223.677: Total time for which application threads were stopped: 0.0000829 seconds, Stopping threads took: 0.0000151 seconds
2016-12-26T10:19:11.473-0100: 223.678: Total time for which application threads were stopped: 0.0000996 seconds, Stopping threads took: 0.0000201 seconds
2016-12-26T10:19:11.473-0100: 223.679: Total time for which application threads were stopped: 0.0000714 seconds, Stopping threads took: 0.0000273 seconds
2016-12-26T10:19:11.474-0100: 223.679: Total time for which application threads were stopped: 0.0001108 seconds, Stopping threads took: 0.0000218 seconds
2016-12-26T10:19:11.501-0100: 223.707: Total time for which application threads were stopped: 0.0005877 seconds, Stopping threads took: 0.0000585 seconds
2016-12-26T10:19:11.555-0100: 223.761: Total time for which application threads were stopped: 0.0001821 seconds, Stopping threads took: 0.0000270 seconds
2016-12-26T10:19:11.555-0100: 223.761: Total time for which application threads were stopped: 0.0000790 seconds, Stopping threads took: 0.0000119 seconds
2016-12-26T10:19:11.557-0100: 223.763: Total time for which application threads were stopped: 0.0001123 seconds, Stopping threads took: 0.0000290 seconds
2016-12-26T10:19:11.559-0100: 223.764: Total time for which application threads were stopped: 0.0001313 seconds, Stopping threads took: 0.0000274 seconds
2016-12-26T10:19:11.559-0100: 223.764: Total time for which application threads were stopped: 0.0000768 seconds, Stopping threads took: 0.0000110 seconds
2016-12-26T10:19:11.559-0100: 223.765: Total time for which application threads were stopped: 0.0001300 seconds, Stopping threads took: 0.0000233 seconds
2016-12-26T10:19:11.566-0100: 223.772: Total time for which application threads were stopped: 0.0002382 seconds, Stopping threads took: 0.0000269 seconds
2016-12-26T10:19:11.566-0100: 223.772: Total time for which application threads were stopped: 0.0001007 seconds, Stopping threads took: 0.0000159 seconds
2016-12-26T10:19:11.567-0100: 223.772: Total time for which application threads were stopped: 0.0000856 seconds, Stopping threads took: 0.0000130 seconds
2016-12-26T10:19:11.570-0100: 223.775: Total time for which application threads were stopped: 0.0001368 seconds, Stopping threads took: 0.0000261 seconds
2016-12-26T10:19:11.570-0100: 223.776: Total time for which application threads were stopped: 0.0000774 seconds, Stopping threads took: 0.0000112 seconds
2016-12-26T10:19:11.571-0100: 223.777: Total time for which application threads were stopped: 0.0001082 seconds, Stopping threads took: 0.0000233 seconds
2016-12-26T10:19:11.572-0100: 223.777: Total time for which application threads were stopped: 0.0001173 seconds, Stopping threads took: 0.0000204 seconds
2016-12-26T10:19:11.603-0100: 223.809: Total time for which application threads were stopped: 0.0005133 seconds, Stopping threads took: 0.0000193 seconds
2016-12-26T10:19:11.607-0100: 223.812: Total time for which application threads were stopped: 0.0001384 seconds, Stopping threads took: 0.0000288 seconds
2016-12-26T10:19:11.607-0100: 223.813: Total time for which application threads were stopped: 0.0001010 seconds, Stopping threads took: 0.0000273 seconds
2016-12-26T10:19:11.631-0100: 223.837: Total time for which application threads were stopped: 0.0001002 seconds, Stopping threads took: 0.0000186 seconds
2016-12-26T10:19:11.632-0100: 223.837: Total time for which application threads were stopped: 0.0000937 seconds, Stopping threads took: 0.0000162 seconds
2016-12-26T10:19:11.636-0100: 223.841: Total time for which application threads were stopped: 0.0002160 seconds, Stopping threads took: 0.0000184 seconds
2016-12-26T10:19:11.636-0100: 223.842: Total time for which application threads were stopped: 0.0000961 seconds, Stopping threads took: 0.0000160 seconds
2016-12-26T10:19:11.649-0100: 223.854: Total time for which application threads were stopped: 0.0001592 seconds, Stopping threads took: 0.0000274 seconds
2016-12-26T10:19:11.667-0100: 223.873: Total time for which application threads were stopped: 0.0002086 seconds, Stopping threads took: 0.0001192 seconds
2016-12-26T10:19:11.669-0100: 223.874: Total time for which application threads were stopped: 0.0001076 seconds, Stopping threads took: 0.0000196 seconds
2016-12-26T10:19:11.724-0100: 223.930: Total time for which application threads were stopped: 0.0001305 seconds, Stopping threads took: 0.0000193 seconds
2016-12-26T10:19:11.743-0100: 223.948: Total time for which application threads were stopped: 0.0001507 seconds, Stopping threads took: 0.0000402 seconds
{Heap before GC invocations=20 (full 1):
 par new generation   total 109248K, used 94561K [0x00000007a0000000, 0x00000007a8000000, 0x00000007a8000000)
  eden space 87424K, 100% used [0x00000007a0000000, 0x00000007a5560000, 0x00000007a5560000)
  from space 21824K,  32% used [0x00000007a5560000, 0x00000007a5c58550, 0x00000007a6ab0000)
  to   space 21824K,   0% used [0x00000007a6ab0000, 0x00000007a6ab0000, 0x00000007a8000000)
 concurrent mark-sweep generation total 393216K, used 18110K [0x00000007a8000000, 0x00000007c0000000, 0x00000007c0000000)
 Metaspace       used 37669K, capacity 38418K, committed 38672K, reserved 1083392K
  class space    used 4335K, capacity 4532K, committed 4632K, reserved 1048576K
2016-12-26T10:19:11.750-0100: 223.956: [GC (Allocation Failure) 2016-12-26T10:19:11.750-0100: 223.956: [ParNew
Desired survivor size 20112992 bytes, new threshold 8 (max 8)
- age   1:    4794184 bytes,    4794184 total
- age   2:      83648 bytes,    4877832 total
- age   3:    1582424 bytes,    6460256 total
- age   4:     496160 bytes,    6956416 total
- age   5:      75976 bytes,    7032392 total
- age   6:      77944 bytes,    7110336 total
- age   7:     204456 bytes,    7314792 total
- age   8:    2110392 bytes,    9425184 total
: 94561K->11372K(109248K), 0.0115633 secs] 112671K->29532K(502464K), 0.0116451 secs] [Times: user=0.04 sys=0.00, real=0.01 secs] 
Heap after GC invocations=21 (full 1):
 par new generation   total 109248K, used 11372K [0x00000007a0000000, 0x00000007a8000000, 0x00000007a8000000)
  eden space 87424K,   0% used [0x00000007a0000000, 0x00000007a0000000, 0x00000007a5560000)
  from space 21824K,  52% used [0x00000007a6ab0000, 0x00000007a75cb030, 0x00000007a8000000)
  to   space 21824K,   0% used [0x00000007a5560000, 0x00000007a5560000, 0x00000007a6ab0000)
 concurrent mark-sweep generation total 393216K, used 18160K [0x00000007a8000000, 0x00000007c0000000, 0x00000007c0000000)
 Metaspace       used 37669K, capacity 38418K, committed 38672K, reserved 1083392K
  class space    used 4335K, capacity 4532K, committed 4632K, reserved 1048576K
}
2016-12-26T10:19:11.762-0100: 223.967: Total time for which application threads were stopped: 0.0118568 seconds, Stopping threads took: 0.0000266 seconds
2016-12-26T10:19:11.820-0100: 224.026: Total time for which application threads were stopped: 0.0001083 seconds, Stopping threads took: 0.0000189 seconds
2016-12-26T10:19:11.825-0100: 224.031: Total time for which application threads were stopped: 0.0001265 seconds, Stopping threads took: 0.0000276 seconds
2016-12-26T10:19:12.251-0100: 224.456: Total time for which application threads were stopped: 0.0001366 seconds, Stopping threads took: 0.0000209 seconds
{Heap before GC invocations=21 (full 1):
 par new generation   total 109248K, used 98773K [0x00000007a0000000, 0x00000007a8000000, 0x00000007a8000000)
  eden space 87424K,  99% used [0x00000007a0000000, 0x00000007a555a7b0, 0x00000007a5560000)
  from space 21824K,  52% used [0x00000007a6ab0000, 0x00000007a75cb030, 0x00000007a8000000)
  to   space 21824K,   0% used [0x00000007a5560000, 0x00000007a5560000, 0x00000007a6ab0000)
 concurrent mark-sweep generation total 393216K, used 18160K [0x00000007a8000000, 0x00000007c0000000, 0x00000007c0000000)
 Metaspace       used 38948K, capacity 39748K, committed 39824K, reserved 1085440K
  class space    used 4497K, capacity 4711K, committed 4760K, reserved 1048576K
2016-12-26T10:19:12.291-0100: 224.496: [GC (Allocation Failure) 2016-12-26T10:19:12.291-0100: 224.496: [ParNew
Desired survivor size 20112992 bytes, new threshold 8 (max 8)
- age   1:    3895856 bytes,    3895856 total
- age   2:    3132376 bytes,    7028232 total
- age   3:      83648 bytes,    7111880 total
- age   4:    1511656 bytes,    8623536 total
- age   5:     161128 bytes,    8784664 total
- age   6:      75976 bytes,    8860640 total
- age   7:      77912 bytes,    8938552 total
- age   8:     204360 bytes,    9142912 total
: 98773K->11573K(109248K), 0.0660300 secs] 116934K->31799K(502464K), 0.0661188 secs] [Times: user=0.06 sys=0.00, real=0.06 secs] 
Heap after GC invocations=22 (full 1):
 par new generation   total 109248K, used 11573K [0x00000007a0000000, 0x00000007a8000000, 0x00000007a8000000)
  eden space 87424K,   0% used [0x00000007a0000000, 0x00000007a0000000, 0x00000007a5560000)
  from space 21824K,  53% used [0x00000007a5560000, 0x00000007a60ad530, 0x00000007a6ab0000)
  to   space 21824K,   0% used [0x00000007a6ab0000, 0x00000007a6ab0000, 0x00000007a8000000)
 concurrent mark-sweep generation total 393216K, used 20225K [0x00000007a8000000, 0x00000007c0000000, 0x00000007c0000000)
 Metaspace       used 38948K, capacity 39748K, committed 39824K, reserved 1085440K
  class space    used 4497K, capacity 4711K, committed 4760K, reserved 1048576K
}
2016-12-26T10:19:12.357-0100: 224.562: Total time for which application threads were stopped: 0.0665145 seconds, Stopping threads took: 0.0001312 seconds
{Heap before GC invocations=22 (full 1):
 par new generation   total 109248K, used 98997K [0x00000007a0000000, 0x00000007a8000000, 0x00000007a8000000)
  eden space 87424K, 100% used [0x00000007a0000000, 0x00000007a5560000, 0x00000007a5560000)
  from space 21824K,  53% used [0x00000007a5560000, 0x00000007a60ad530, 0x00000007a6ab0000)
  to   space 21824K,   0% used [0x00000007a6ab0000, 0x00000007a6ab0000, 0x00000007a8000000)
 concurrent mark-sweep generation total 393216K, used 20225K [0x00000007a8000000, 0x00000007c0000000, 0x00000007c0000000)
 Metaspace       used 39014K, capacity 39812K, committed 40080K, reserved 1085440K
  class space    used 4506K, capacity 4711K, committed 4760K, reserved 1048576K
2016-12-26T10:19:12.387-0100: 224.592: [GC (Allocation Failure) 2016-12-26T10:19:12.387-0100: 224.593: [ParNew
Desired survivor size 20112992 bytes, new threshold 8 (max 8)
- age   1:     429328 bytes,     429328 total
- age   2:    2754096 bytes,    3183424 total
- age   3:    3131632 bytes,    6315056 total
- age   4:      83648 bytes,    6398704 total
- age   5:    1511656 bytes,    7910360 total
- age   6:     161128 bytes,    8071488 total
- age   7:      75976 bytes,    8147464 total
- age   8:      77912 bytes,    8225376 total
: 98997K->10554K(109248K), 0.0615644 secs] 119223K->30982K(502464K), 0.0616688 secs] [Times: user=0.05 sys=0.00, real=0.06 secs] 
Heap after GC invocations=23 (full 1):
 par new generation   total 109248K, used 10554K [0x00000007a0000000, 0x00000007a8000000, 0x00000007a8000000)
  eden space 87424K,   0% used [0x00000007a0000000, 0x00000007a0000000, 0x00000007a5560000)
  from space 21824K,  48% used [0x00000007a6ab0000, 0x00000007a74fe900, 0x00000007a8000000)
  to   space 21824K,   0% used [0x00000007a5560000, 0x00000007a5560000, 0x00000007a6ab0000)
 concurrent mark-sweep generation total 393216K, used 20428K [0x00000007a8000000, 0x00000007c0000000, 0x00000007c0000000)
 Metaspace       used 39014K, capacity 39812K, committed 40080K, reserved 1085440K
  class space    used 4506K, capacity 4711K, committed 4760K, reserved 1048576K
}
2016-12-26T10:19:12.449-0100: 224.654: Total time for which application threads were stopped: 0.0619541 seconds, Stopping threads took: 0.0000392 seconds
2016-12-26T10:19:12.459-0100: 224.665: Total time for which application threads were stopped: 0.0003248 seconds, Stopping threads took: 0.0001853 seconds
2016-12-26T10:19:12.460-0100: 224.665: Total time for which application threads were stopped: 0.0001445 seconds, Stopping threads took: 0.0000337 seconds
2016-12-26T10:19:12.494-0100: 224.700: Total time for which application threads were stopped: 0.0016578 seconds, Stopping threads took: 0.0015090 seconds
{Heap before GC invocations=23 (full 1):
 par new generation   total 109248K, used 97978K [0x00000007a0000000, 0x00000007a8000000, 0x00000007a8000000)
  eden space 87424K, 100% used [0x00000007a0000000, 0x00000007a5560000, 0x00000007a5560000)
  from space 21824K,  48% used [0x00000007a6ab0000, 0x00000007a74fe900, 0x00000007a8000000)
  to   space 21824K,   0% used [0x00000007a5560000, 0x00000007a5560000, 0x00000007a6ab0000)
 concurrent mark-sweep generation total 393216K, used 20428K [0x00000007a8000000, 0x00000007c0000000, 0x00000007c0000000)
 Metaspace       used 39320K, capacity 40164K, committed 40336K, reserved 1085440K
  class space    used 4543K, capacity 4743K, committed 4760K, reserved 1048576K
2016-12-26T10:19:12.514-0100: 224.719: [GC (Allocation Failure) 2016-12-26T10:19:12.514-0100: 224.719: [ParNew
Desired survivor size 20112992 bytes, new threshold 8 (max 8)
- age   1:    2789992 bytes,    2789992 total
- age   2:     100392 bytes,    2890384 total
- age   3:    2753800 bytes,    5644184 total
- age   4:    3131256 bytes,    8775440 total
- age   5:      83648 bytes,    8859088 total
- age   6:    1511656 bytes,   10370744 total
- age   7:     161128 bytes,   10531872 total
- age   8:      75976 bytes,   10607848 total
: 97978K->13004K(109248K), 0.0252183 secs] 118406K->33511K(502464K), 0.0253378 secs] [Times: user=0.04 sys=0.00, real=0.02 secs] 
Heap after GC invocations=24 (full 1):
 par new generation   total 109248K, used 13004K [0x00000007a0000000, 0x00000007a8000000, 0x00000007a8000000)
  eden space 87424K,   0% used [0x00000007a0000000, 0x00000007a0000000, 0x00000007a5560000)
  from space 21824K,  59% used [0x00000007a5560000, 0x00000007a6213310, 0x00000007a6ab0000)
  to   space 21824K,   0% used [0x00000007a6ab0000, 0x00000007a6ab0000, 0x00000007a8000000)
 concurrent mark-sweep generation total 393216K, used 20506K [0x00000007a8000000, 0x00000007c0000000, 0x00000007c0000000)
 Metaspace       used 39320K, capacity 40164K, committed 40336K, reserved 1085440K
  class space    used 4543K, capacity 4743K, committed 4760K, reserved 1048576K
}
2016-12-26T10:19:12.539-0100: 224.745: Total time for which application threads were stopped: 0.0256985 seconds, Stopping threads took: 0.0000680 seconds
2016-12-26T10:19:12.548-0100: 224.753: Total time for which application threads were stopped: 0.0009998 seconds, Stopping threads took: 0.0001307 seconds
2016-12-26T10:19:12.551-0100: 224.756: Total time for which application threads were stopped: 0.0020379 seconds, Stopping threads took: 0.0011796 seconds
2016-12-26T10:19:12.606-0100: 224.812: Total time for which application threads were stopped: 0.0002133 seconds, Stopping threads took: 0.0000441 seconds
2016-12-26T10:19:12.611-0100: 224.817: Total time for which application threads were stopped: 0.0009649 seconds, Stopping threads took: 0.0001153 seconds
2016-12-26T10:19:12.613-0100: 224.818: Total time for which application threads were stopped: 0.0008538 seconds, Stopping threads took: 0.0000393 seconds
2016-12-26T10:19:12.616-0100: 224.822: Total time for which application threads were stopped: 0.0008649 seconds, Stopping threads took: 0.0000410 seconds
2016-12-26T10:19:12.618-0100: 224.824: Total time for which application threads were stopped: 0.0008384 seconds, Stopping threads took: 0.0000277 seconds
2016-12-26T10:19:12.700-0100: 224.906: Total time for which application threads were stopped: 0.0110370 seconds, Stopping threads took: 0.0108487 seconds
2016-12-26T10:19:12.710-0100: 224.915: Total time for which application threads were stopped: 0.0001656 seconds, Stopping threads took: 0.0000397 seconds
2016-12-26T10:19:12.716-0100: 224.921: Total time for which application threads were stopped: 0.0002233 seconds, Stopping threads took: 0.0000353 seconds
2016-12-26T10:19:12.781-0100: 224.987: Total time for which application threads were stopped: 0.0001324 seconds, Stopping threads took: 0.0000270 seconds
2016-12-26T10:19:12.783-0100: 224.988: Total time for which application threads were stopped: 0.0001370 seconds, Stopping threads took: 0.0000278 seconds
2016-12-26T10:19:12.783-0100: 224.989: Total time for which application threads were stopped: 0.0001178 seconds, Stopping threads took: 0.0000159 seconds
2016-12-26T10:19:12.783-0100: 224.989: Total time for which application threads were stopped: 0.0000603 seconds, Stopping threads took: 0.0000093 seconds
2016-12-26T10:19:12.783-0100: 224.989: Total time for which application threads were stopped: 0.0000741 seconds, Stopping threads took: 0.0000095 seconds
2016-12-26T10:19:12.783-0100: 224.989: Total time for which application threads were stopped: 0.0000518 seconds, Stopping threads took: 0.0000077 seconds
2016-12-26T10:19:12.783-0100: 224.989: Total time for which application threads were stopped: 0.0000718 seconds, Stopping threads took: 0.0000094 seconds
2016-12-26T10:19:12.783-0100: 224.989: Total time for which application threads were stopped: 0.0000499 seconds, Stopping threads took: 0.0000081 seconds
2016-12-26T10:19:12.784-0100: 224.989: Total time for which application threads were stopped: 0.0000744 seconds, Stopping threads took: 0.0000097 seconds
2016-12-26T10:19:12.784-0100: 224.989: Total time for which application threads were stopped: 0.0000511 seconds, Stopping threads took: 0.0000082 seconds
2016-12-26T10:19:12.784-0100: 224.989: Total time for which application threads were stopped: 0.0000719 seconds, Stopping threads took: 0.0000101 seconds
2016-12-26T10:19:12.784-0100: 224.989: Total time for which application threads were stopped: 0.0000835 seconds, Stopping threads took: 0.0000100 seconds
2016-12-26T10:19:12.784-0100: 224.990: Total time for which application threads were stopped: 0.0000714 seconds, Stopping threads took: 0.0000085 seconds
2016-12-26T10:19:12.784-0100: 224.990: Total time for which application threads were stopped: 0.0000568 seconds, Stopping threads took: 0.0000087 seconds
2016-12-26T10:19:12.784-0100: 224.990: Total time for which application threads were stopped: 0.0000800 seconds, Stopping threads took: 0.0000099 seconds
2016-12-26T10:19:12.785-0100: 224.990: Total time for which application threads were stopped: 0.0000795 seconds, Stopping threads took: 0.0000102 seconds
2016-12-26T10:19:12.785-0100: 224.990: Total time for which application threads were stopped: 0.0000565 seconds, Stopping threads took: 0.0000086 seconds
2016-12-26T10:19:12.785-0100: 224.990: Total time for which application threads were stopped: 0.0000730 seconds, Stopping threads took: 0.0000092 seconds
2016-12-26T10:19:12.785-0100: 224.990: Total time for which application threads were stopped: 0.0000706 seconds, Stopping threads took: 0.0000085 seconds
2016-12-26T10:19:12.785-0100: 224.991: Total time for which application threads were stopped: 0.0000518 seconds, Stopping threads took: 0.0000080 seconds
2016-12-26T10:19:12.785-0100: 224.991: Total time for which application threads were stopped: 0.0002264 seconds, Stopping threads took: 0.0000086 seconds
2016-12-26T10:19:12.790-0100: 224.996: Total time for which application threads were stopped: 0.0001990 seconds, Stopping threads took: 0.0000469 seconds
2016-12-26T10:19:12.792-0100: 224.997: Total time for which application threads were stopped: 0.0001874 seconds, Stopping threads took: 0.0000547 seconds
2016-12-26T10:19:12.792-0100: 224.998: Total time for which application threads were stopped: 0.0001262 seconds, Stopping threads took: 0.0000208 seconds
2016-12-26T10:19:12.792-0100: 224.998: Total time for which application threads were stopped: 0.0001032 seconds, Stopping threads took: 0.0000309 seconds
2016-12-26T10:19:12.792-0100: 224.998: Total time for which application threads were stopped: 0.0001146 seconds, Stopping threads took: 0.0000257 seconds
2016-12-26T10:19:12.793-0100: 224.998: Total time for which application threads were stopped: 0.0001077 seconds, Stopping threads took: 0.0000349 seconds
2016-12-26T10:19:12.793-0100: 224.998: Total time for which application threads were stopped: 0.0000979 seconds, Stopping threads took: 0.0000200 seconds
2016-12-26T10:19:12.793-0100: 224.998: Total time for which application threads were stopped: 0.0000883 seconds, Stopping threads took: 0.0000206 seconds
2016-12-26T10:19:12.793-0100: 224.998: Total time for which application threads were stopped: 0.0000856 seconds, Stopping threads took: 0.0000191 seconds
2016-12-26T10:19:12.793-0100: 224.999: Total time for which application threads were stopped: 0.0000862 seconds, Stopping threads took: 0.0000217 seconds
2016-12-26T10:19:12.793-0100: 224.999: Total time for which application threads were stopped: 0.0000921 seconds, Stopping threads took: 0.0000191 seconds
2016-12-26T10:19:12.793-0100: 224.999: Total time for which application threads were stopped: 0.0001045 seconds, Stopping threads took: 0.0000231 seconds
2016-12-26T10:19:12.793-0100: 224.999: Total time for which application threads were stopped: 0.0000822 seconds, Stopping threads took: 0.0000102 seconds
2016-12-26T10:19:12.794-0100: 224.999: Total time for which application threads were stopped: 0.0000919 seconds, Stopping threads took: 0.0000253 seconds
2016-12-26T10:19:12.794-0100: 224.999: Total time for which application threads were stopped: 0.0000822 seconds, Stopping threads took: 0.0000099 seconds
2016-12-26T10:19:12.794-0100: 224.999: Total time for which application threads were stopped: 0.0000840 seconds, Stopping threads took: 0.0000162 seconds
2016-12-26T10:19:12.794-0100: 224.999: Total time for which application threads were stopped: 0.0000747 seconds, Stopping threads took: 0.0000103 seconds
2016-12-26T10:19:12.794-0100: 225.000: Total time for which application threads were stopped: 0.0000864 seconds, Stopping threads took: 0.0000105 seconds
2016-12-26T10:19:12.794-0100: 225.000: Total time for which application threads were stopped: 0.0000743 seconds, Stopping threads took: 0.0000095 seconds
2016-12-26T10:19:12.794-0100: 225.000: Total time for which application threads were stopped: 0.0000766 seconds, Stopping threads took: 0.0000095 seconds
2016-12-26T10:19:12.795-0100: 225.000: Total time for which application threads were stopped: 0.0002548 seconds, Stopping threads took: 0.0000114 seconds
2016-12-26T10:19:12.795-0100: 225.000: Total time for which application threads were stopped: 0.0001159 seconds, Stopping threads took: 0.0000161 seconds
2016-12-26T10:19:12.795-0100: 225.001: Total time for which application threads were stopped: 0.0001310 seconds, Stopping threads took: 0.0000525 seconds
2016-12-26T10:19:12.795-0100: 225.001: Total time for which application threads were stopped: 0.0000934 seconds, Stopping threads took: 0.0000232 seconds
2016-12-26T10:19:12.833-0100: 225.039: Total time for which application threads were stopped: 0.0001775 seconds, Stopping threads took: 0.0000311 seconds
2016-12-26T10:19:12.837-0100: 225.042: Total time for which application threads were stopped: 0.0001819 seconds, Stopping threads took: 0.0000494 seconds
2016-12-26T10:19:12.837-0100: 225.043: Total time for which application threads were stopped: 0.0000930 seconds, Stopping threads took: 0.0000129 seconds
2016-12-26T10:19:12.837-0100: 225.043: Total time for which application threads were stopped: 0.0000949 seconds, Stopping threads took: 0.0000133 seconds
2016-12-26T10:19:12.884-0100: 225.089: Total time for which application threads were stopped: 0.0001578 seconds, Stopping threads took: 0.0000301 seconds
2016-12-26T10:19:12.884-0100: 225.090: Total time for which application threads were stopped: 0.0001000 seconds, Stopping threads took: 0.0000150 seconds
2016-12-26T10:19:12.884-0100: 225.090: Total time for which application threads were stopped: 0.0000761 seconds, Stopping threads took: 0.0000097 seconds
2016-12-26T10:19:12.884-0100: 225.090: Total time for which application threads were stopped: 0.0000762 seconds, Stopping threads took: 0.0000104 seconds
2016-12-26T10:19:12.884-0100: 225.090: Total time for which application threads were stopped: 0.0000763 seconds, Stopping threads took: 0.0000092 seconds
2016-12-26T10:19:12.885-0100: 225.090: Total time for which application threads were stopped: 0.0000930 seconds, Stopping threads took: 0.0000238 seconds
2016-12-26T10:19:12.885-0100: 225.090: Total time for which application threads were stopped: 0.0000740 seconds, Stopping threads took: 0.0000101 seconds
2016-12-26T10:19:12.885-0100: 225.090: Total time for which application threads were stopped: 0.0000862 seconds, Stopping threads took: 0.0000219 seconds
2016-12-26T10:19:12.885-0100: 225.090: Total time for which application threads were stopped: 0.0000814 seconds, Stopping threads took: 0.0000188 seconds
2016-12-26T10:19:12.885-0100: 225.091: Total time for which application threads were stopped: 0.0000745 seconds, Stopping threads took: 0.0000086 seconds
2016-12-26T10:19:12.885-0100: 225.091: Total time for which application threads were stopped: 0.0000706 seconds, Stopping threads took: 0.0000098 seconds
2016-12-26T10:19:12.885-0100: 225.091: Total time for which application threads were stopped: 0.0000800 seconds, Stopping threads took: 0.0000094 seconds
2016-12-26T10:19:12.885-0100: 225.091: Total time for which application threads were stopped: 0.0000963 seconds, Stopping threads took: 0.0000232 seconds
2016-12-26T10:19:12.885-0100: 225.091: Total time for which application threads were stopped: 0.0000867 seconds, Stopping threads took: 0.0000111 seconds
2016-12-26T10:19:12.886-0100: 225.091: Total time for which application threads were stopped: 0.0000763 seconds, Stopping threads took: 0.0000106 seconds
2016-12-26T10:19:12.886-0100: 225.091: Total time for which application threads were stopped: 0.0001239 seconds, Stopping threads took: 0.0000103 seconds
2016-12-26T10:19:12.886-0100: 225.091: Total time for which application threads were stopped: 0.0000907 seconds, Stopping threads took: 0.0000118 seconds
2016-12-26T10:19:12.886-0100: 225.091: Total time for which application threads were stopped: 0.0001101 seconds, Stopping threads took: 0.0000224 seconds
2016-12-26T10:19:12.886-0100: 225.092: Total time for which application threads were stopped: 0.0000843 seconds, Stopping threads took: 0.0000118 seconds
2016-12-26T10:19:12.886-0100: 225.092: Total time for which application threads were stopped: 0.0002639 seconds, Stopping threads took: 0.0000097 seconds
2016-12-26T10:19:12.896-0100: 225.102: Total time for which application threads were stopped: 0.0001421 seconds, Stopping threads took: 0.0000275 seconds
2016-12-26T10:19:12.899-0100: 225.105: Total time for which application threads were stopped: 0.0001480 seconds, Stopping threads took: 0.0000306 seconds
2016-12-26T10:19:12.899-0100: 225.105: Total time for which application threads were stopped: 0.0001139 seconds, Stopping threads took: 0.0000406 seconds
2016-12-26T10:19:12.900-0100: 225.105: Total time for which application threads were stopped: 0.0001105 seconds, Stopping threads took: 0.0000276 seconds
2016-12-26T10:19:12.902-0100: 225.108: Total time for which application threads were stopped: 0.0001637 seconds, Stopping threads took: 0.0000466 seconds
2016-12-26T10:19:12.904-0100: 225.110: Total time for which application threads were stopped: 0.0001793 seconds, Stopping threads took: 0.0000429 seconds
2016-12-26T10:19:12.916-0100: 225.122: Total time for which application threads were stopped: 0.0002630 seconds, Stopping threads took: 0.0001110 seconds
2016-12-26T10:19:13.276-0100: 225.482: Total time for which application threads were stopped: 0.0002252 seconds, Stopping threads took: 0.0000313 seconds
2016-12-26T10:19:13.534-0100: 225.740: Total time for which application threads were stopped: 0.0001949 seconds, Stopping threads took: 0.0000328 seconds
2016-12-26T10:19:13.535-0100: 225.740: Total time for which application threads were stopped: 0.0000986 seconds, Stopping threads took: 0.0000231 seconds
2016-12-26T10:19:13.798-0100: 226.004: Total time for which application threads were stopped: 0.0002216 seconds, Stopping threads took: 0.0000408 seconds
{Heap before GC invocations=24 (full 1):
 par new generation   total 109248K, used 100405K [0x00000007a0000000, 0x00000007a8000000, 0x00000007a8000000)
  eden space 87424K,  99% used [0x00000007a0000000, 0x00000007a555a258, 0x00000007a5560000)
  from space 21824K,  59% used [0x00000007a5560000, 0x00000007a6213310, 0x00000007a6ab0000)
  to   space 21824K,   0% used [0x00000007a6ab0000, 0x00000007a6ab0000, 0x00000007a8000000)
 concurrent mark-sweep generation total 393216K, used 20506K [0x00000007a8000000, 0x00000007c0000000, 0x00000007c0000000)
 Metaspace       used 39722K, capacity 40530K, committed 40732K, reserved 1085440K
  class space    used 4570K, capacity 4788K, committed 4888K, reserved 1048576K
2016-12-26T10:19:13.811-0100: 226.016: [GC (Allocation Failure) 2016-12-26T10:19:13.811-0100: 226.016: [ParNew
Desired survivor size 20112992 bytes, new threshold 8 (max 8)
- age   1:    4023784 bytes,    4023784 total
- age   2:    2512976 bytes,    6536760 total
- age   3:      97216 bytes,    6633976 total
- age   4:    1603184 bytes,    8237160 total
- age   5:    3083976 bytes,   11321136 total
- age   6:      83648 bytes,   11404784 total
- age   7:    1511632 bytes,   12916416 total
- age   8:     161128 bytes,   13077544 total
: 100405K->15668K(109248K), 0.0113491 secs] 120912K->36251K(502464K), 0.0114860 secs] [Times: user=0.04 sys=0.00, real=0.01 secs] 
Heap after GC invocations=25 (full 1):
 par new generation   total 109248K, used 15668K [0x00000007a0000000, 0x00000007a8000000, 0x00000007a8000000)
  eden space 87424K,   0% used [0x00000007a0000000, 0x00000007a0000000, 0x00000007a5560000)
  from space 21824K,  71% used [0x00000007a6ab0000, 0x00000007a79fd2c8, 0x00000007a8000000)
  to   space 21824K,   0% used [0x00000007a5560000, 0x00000007a5560000, 0x00000007a6ab0000)
 concurrent mark-sweep generation total 393216K, used 20583K [0x00000007a8000000, 0x00000007c0000000, 0x00000007c0000000)
 Metaspace       used 39722K, capacity 40530K, committed 40732K, reserved 1085440K
  class space    used 4570K, capacity 4788K, committed 4888K, reserved 1048576K
}
2016-12-26T10:19:13.822-0100: 226.028: Total time for which application threads were stopped: 0.0117641 seconds, Stopping threads took: 0.0000339 seconds
2016-12-26T10:19:13.823-0100: 226.028: [GC (CMS Initial Mark) [1 CMS-initial-mark: 20583K(393216K)] 36315K(502464K), 0.0029186 secs] [Times: user=0.01 sys=0.00, real=0.00 secs] 
2016-12-26T10:19:13.826-0100: 226.031: Total time for which application threads were stopped: 0.0031854 seconds, Stopping threads took: 0.0000912 seconds
2016-12-26T10:19:13.826-0100: 226.031: [CMS-concurrent-mark-start]
2016-12-26T10:19:13.836-0100: 226.041: Total time for which application threads were stopped: 0.0001867 seconds, Stopping threads took: 0.0000557 seconds
2016-12-26T10:19:13.845-0100: 226.050: [CMS-concurrent-mark: 0.018/0.019 secs] [Times: user=0.07 sys=0.00, real=0.02 secs] 
2016-12-26T10:19:13.845-0100: 226.051: [CMS-concurrent-preclean-start]
2016-12-26T10:19:13.846-0100: 226.052: [CMS-concurrent-preclean: 0.001/0.001 secs] [Times: user=0.00 sys=0.00, real=0.00 secs] 
2016-12-26T10:19:13.847-0100: 226.052: [GC (CMS Final Remark) [YG occupancy: 16730 K (109248 K)]2016-12-26T10:19:13.847-0100: 226.052: [Rescan (parallel) , 0.0036798 secs]2016-12-26T10:19:13.850-0100: 226.056: [weak refs processing, 0.0008007 secs]2016-12-26T10:19:13.851-0100: 226.057: [class unloading, 0.0112636 secs]2016-12-26T10:19:13.862-0100: 226.068: [scrub symbol table, 0.0092491 secs]2016-12-26T10:19:13.872-0100: 226.077: [scrub string table, 0.0007781 secs][1 CMS-remark: 20583K(393216K)] 37313K(502464K), 0.0273152 secs] [Times: user=0.03 sys=0.01, real=0.03 secs] 
2016-12-26T10:19:13.874-0100: 226.079: Total time for which application threads were stopped: 0.0275214 seconds, Stopping threads took: 0.0000261 seconds
2016-12-26T10:19:13.874-0100: 226.080: [CMS-concurrent-sweep-start]
{Heap before GC invocations=25 (full 2):
 par new generation   total 109248K, used 16730K [0x00000007a0000000, 0x00000007a8000000, 0x00000007a8000000)
  eden space 87424K,   1% used [0x00000007a0000000, 0x00000007a0109628, 0x00000007a5560000)
  from space 21824K,  71% used [0x00000007a6ab0000, 0x00000007a79fd2c8, 0x00000007a8000000)
  to   space 21824K,   0% used [0x00000007a5560000, 0x00000007a5560000, 0x00000007a6ab0000)
 concurrent mark-sweep generation total 393216K, used 20583K [0x00000007a8000000, 0x00000007c0000000, 0x00000007c0000000)
 Metaspace       used 39733K, capacity 40530K, committed 40732K, reserved 1085440K
  class space    used 4570K, capacity 4788K, committed 4888K, reserved 1048576K
2016-12-26T10:19:13.874-0100: 226.080: [GC (GCLocker Initiated GC) 2016-12-26T10:19:13.874-0100: 226.080: [ParNew
Desired survivor size 20112992 bytes, new threshold 8 (max 8)
- age   1:      90944 bytes,      90944 total
- age   2:    3871488 bytes,    3962432 total
- age   3:    2512976 bytes,    6475408 total
- age   4:      97216 bytes,    6572624 total
- age   5:    1603136 bytes,    8175760 total
- age   6:    3076672 bytes,   11252432 total
- age   7:      83648 bytes,   11336080 total
- age   8:    1472480 bytes,   12808560 total
: 16730K->15652K(109248K), 0.0094387 secs] 37313K->36395K(502464K), 0.0095105 secs] [Times: user=0.04 sys=0.00, real=0.01 secs] 
Heap after GC invocations=26 (full 2):
 par new generation   total 109248K, used 15652K [0x00000007a0000000, 0x00000007a8000000, 0x00000007a8000000)
  eden space 87424K,   0% used [0x00000007a0000000, 0x00000007a0000000, 0x00000007a5560000)
  from space 21824K,  71% used [0x00000007a5560000, 0x00000007a64a9130, 0x00000007a6ab0000)
  to   space 21824K,   0% used [0x00000007a6ab0000, 0x00000007a6ab0000, 0x00000007a8000000)
 concurrent mark-sweep generation total 393216K, used 20743K [0x00000007a8000000, 0x00000007c0000000, 0x00000007c0000000)
 Metaspace       used 39733K, capacity 40530K, committed 40732K, reserved 1085440K
  class space    used 4570K, capacity 4788K, committed 4888K, reserved 1048576K
}
2016-12-26T10:19:13.884-0100: 226.089: Total time for which application threads were stopped: 0.0097156 seconds, Stopping threads took: 0.0000156 seconds
2016-12-26T10:19:13.896-0100: 226.101: [CMS-concurrent-sweep: 0.022/0.022 secs] [Times: user=0.08 sys=0.00, real=0.02 secs] 
2016-12-26T10:19:13.896-0100: 226.101: [CMS-concurrent-reset-start]
2016-12-26T10:19:13.896-0100: 226.102: [CMS-concurrent-reset: 0.001/0.001 secs] [Times: user=0.00 sys=0.00, real=0.00 secs] 
2016-12-26T10:19:14.085-0100: 226.290: Total time for which application threads were stopped: 0.0003100 seconds, Stopping threads took: 0.0000453 seconds
2016-12-26T10:19:14.086-0100: 226.291: Total time for which application threads were stopped: 0.0002014 seconds, Stopping threads took: 0.0000505 seconds
2016-12-26T10:19:14.087-0100: 226.292: Total time for which application threads were stopped: 0.0001987 seconds, Stopping threads took: 0.0000378 seconds
2016-12-26T10:19:14.088-0100: 226.294: Total time for which application threads were stopped: 0.0002539 seconds, Stopping threads took: 0.0000732 seconds
2016-12-26T10:19:14.103-0100: 226.309: Total time for which application threads were stopped: 0.0002778 seconds, Stopping threads took: 0.0000547 seconds
2016-12-26T10:19:14.116-0100: 226.321: Total time for which application threads were stopped: 0.0002909 seconds, Stopping threads took: 0.0001111 seconds
2016-12-26T10:19:14.117-0100: 226.322: Total time for which application threads were stopped: 0.0002724 seconds, Stopping threads took: 0.0001173 seconds
2016-12-26T10:19:14.117-0100: 226.322: Total time for which application threads were stopped: 0.0001249 seconds, Stopping threads took: 0.0000242 seconds
{Heap before GC invocations=26 (full 2):
 par new generation   total 109248K, used 103076K [0x00000007a0000000, 0x00000007a8000000, 0x00000007a8000000)
  eden space 87424K, 100% used [0x00000007a0000000, 0x00000007a5560000, 0x00000007a5560000)
  from space 21824K,  71% used [0x00000007a5560000, 0x00000007a64a9130, 0x00000007a6ab0000)
  to   space 21824K,   0% used [0x00000007a6ab0000, 0x00000007a6ab0000, 0x00000007a8000000)
 concurrent mark-sweep generation total 393216K, used 20115K [0x00000007a8000000, 0x00000007c0000000, 0x00000007c0000000)
 Metaspace       used 39774K, capacity 40490K, committed 40732K, reserved 1085440K
  class space    used 4571K, capacity 4780K, committed 4888K, reserved 1048576K
2016-12-26T10:19:14.131-0100: 226.337: [GC (Allocation Failure) 2016-12-26T10:19:14.131-0100: 226.337: [ParNew
Desired survivor size 20112992 bytes, new threshold 8 (max 8)
- age   1:    2091968 bytes,    2091968 total
- age   2:      69024 bytes,    2160992 total
- age   3:    3457440 bytes,    5618432 total
- age   4:    2512976 bytes,    8131408 total
- age   5:      97216 bytes,    8228624 total
- age   6:    1602088 bytes,    9830712 total
- age   7:    3075448 bytes,   12906160 total
- age   8:      83648 bytes,   12989808 total
: 103076K->14417K(109248K), 0.0416238 secs] 123192K->35978K(502464K), 0.0417403 secs] [Times: user=0.05 sys=0.00, real=0.04 secs] 
Heap after GC invocations=27 (full 2):
 par new generation   total 109248K, used 14417K [0x00000007a0000000, 0x00000007a8000000, 0x00000007a8000000)
  eden space 87424K,   0% used [0x00000007a0000000, 0x00000007a0000000, 0x00000007a5560000)
  from space 21824K,  66% used [0x00000007a6ab0000, 0x00000007a78c4590, 0x00000007a8000000)
  to   space 21824K,   0% used [0x00000007a5560000, 0x00000007a5560000, 0x00000007a6ab0000)
 concurrent mark-sweep generation total 393216K, used 21561K [0x00000007a8000000, 0x00000007c0000000, 0x00000007c0000000)
 Metaspace       used 39774K, capacity 40490K, committed 40732K, reserved 1085440K
  class space    used 4571K, capacity 4780K, committed 4888K, reserved 1048576K
}
2016-12-26T10:19:14.173-0100: 226.379: Total time for which application threads were stopped: 0.0442944 seconds, Stopping threads took: 0.0000482 seconds
{Heap before GC invocations=27 (full 2):
 par new generation   total 109248K, used 101841K [0x00000007a0000000, 0x00000007a8000000, 0x00000007a8000000)
  eden space 87424K, 100% used [0x00000007a0000000, 0x00000007a5560000, 0x00000007a5560000)
  from space 21824K,  66% used [0x00000007a6ab0000, 0x00000007a78c4590, 0x00000007a8000000)
  to   space 21824K,   0% used [0x00000007a5560000, 0x00000007a5560000, 0x00000007a6ab0000)
 concurrent mark-sweep generation total 393216K, used 21561K [0x00000007a8000000, 0x00000007c0000000, 0x00000007c0000000)
 Metaspace       used 39775K, capacity 40490K, committed 40732K, reserved 1085440K
  class space    used 4571K, capacity 4780K, committed 4888K, reserved 1048576K
2016-12-26T10:19:14.203-0100: 226.409: [GC (Allocation Failure) 2016-12-26T10:19:14.203-0100: 226.409: [ParNew
Desired survivor size 20112992 bytes, new threshold 8 (max 8)
- age   1:     803240 bytes,     803240 total
- age   2:    1877008 bytes,    2680248 total
- age   3:      55520 bytes,    2735768 total
- age   4:    3457440 bytes,    6193208 total
- age   5:    2512976 bytes,    8706184 total
- age   6:      97216 bytes,    8803400 total
- age   7:    1602088 bytes,   10405488 total
- age   8:    3075448 bytes,   13480936 total
: 101841K->18647K(109248K), 0.0594153 secs] 123402K->40292K(502464K), 0.0595134 secs] [Times: user=0.06 sys=0.00, real=0.06 secs] 
Heap after GC invocations=28 (full 2):
 par new generation   total 109248K, used 18647K [0x00000007a0000000, 0x00000007a8000000, 0x00000007a8000000)
  eden space 87424K,   0% used [0x00000007a0000000, 0x00000007a0000000, 0x00000007a5560000)
  from space 21824K,  85% used [0x00000007a5560000, 0x00000007a6795d28, 0x00000007a6ab0000)
  to   space 21824K,   0% used [0x00000007a6ab0000, 0x00000007a6ab0000, 0x00000007a8000000)
 concurrent mark-sweep generation total 393216K, used 21645K [0x00000007a8000000, 0x00000007c0000000, 0x00000007c0000000)
 Metaspace       used 39775K, capacity 40490K, committed 40732K, reserved 1085440K
  class space    used 4571K, capacity 4780K, committed 4888K, reserved 1048576K
}
2016-12-26T10:19:14.263-0100: 226.468: Total time for which application threads were stopped: 0.0599524 seconds, Stopping threads took: 0.0001274 seconds
{Heap before GC invocations=28 (full 2):
 par new generation   total 109248K, used 106071K [0x00000007a0000000, 0x00000007a8000000, 0x00000007a8000000)
  eden space 87424K, 100% used [0x00000007a0000000, 0x00000007a5560000, 0x00000007a5560000)
  from space 21824K,  85% used [0x00000007a5560000, 0x00000007a6795d28, 0x00000007a6ab0000)
  to   space 21824K,   0% used [0x00000007a6ab0000, 0x00000007a6ab0000, 0x00000007a8000000)
 concurrent mark-sweep generation total 393216K, used 21645K [0x00000007a8000000, 0x00000007c0000000, 0x00000007c0000000)
 Metaspace       used 39775K, capacity 40490K, committed 40732K, reserved 1085440K
  class space    used 4571K, capacity 4780K, committed 4888K, reserved 1048576K
2016-12-26T10:19:14.336-0100: 226.541: [GC (Allocation Failure) 2016-12-26T10:19:14.336-0100: 226.541: [ParNew
Desired survivor size 20112992 bytes, new threshold 8 (max 8)
- age   1:     251544 bytes,     251544 total
- age   2:     102248 bytes,     353792 total
- age   3:    1876736 bytes,    2230528 total
- age   4:      55520 bytes,    2286048 total
- age   5:    3457440 bytes,    5743488 total
- age   6:    2512976 bytes,    8256464 total
- age   7:      97216 bytes,    8353680 total
- age   8:    1602088 bytes,    9955768 total
: 106071K->13505K(109248K), 0.0286602 secs] 127716K->38220K(502464K), 0.0287749 secs] [Times: user=0.05 sys=0.00, real=0.03 secs] 
Heap after GC invocations=29 (full 2):
 par new generation   total 109248K, used 13505K [0x00000007a0000000, 0x00000007a8000000, 0x00000007a8000000)
  eden space 87424K,   0% used [0x00000007a0000000, 0x00000007a0000000, 0x00000007a5560000)
  from space 21824K,  61% used [0x00000007a6ab0000, 0x00000007a77e0568, 0x00000007a8000000)
  to   space 21824K,   0% used [0x00000007a5560000, 0x00000007a5560000, 0x00000007a6ab0000)
 concurrent mark-sweep generation total 393216K, used 24715K [0x00000007a8000000, 0x00000007c0000000, 0x00000007c0000000)
 Metaspace       used 39775K, capacity 40490K, committed 40732K, reserved 1085440K
  class space    used 4571K, capacity 4780K, committed 4888K, reserved 1048576K
}
2016-12-26T10:19:14.365-0100: 226.570: Total time for which application threads were stopped: 0.0292288 seconds, Stopping threads took: 0.0001795 seconds
2016-12-26T10:19:14.590-0100: 226.796: Total time for which application threads were stopped: 0.0002873 seconds, Stopping threads took: 0.0000469 seconds
2016-12-26T10:19:14.599-0100: 226.805: Total time for which application threads were stopped: 0.0001803 seconds, Stopping threads took: 0.0000437 seconds
2016-12-26T10:19:14.624-0100: 226.830: Total time for which application threads were stopped: 0.0003295 seconds, Stopping threads took: 0.0000697 seconds
2016-12-26T10:19:14.635-0100: 226.840: Total time for which application threads were stopped: 0.0001574 seconds, Stopping threads took: 0.0000264 seconds
2016-12-26T10:19:14.672-0100: 226.878: Total time for which application threads were stopped: 0.0002167 seconds, Stopping threads took: 0.0000354 seconds
2016-12-26T10:19:14.674-0100: 226.879: Total time for which application threads were stopped: 0.0002081 seconds, Stopping threads took: 0.0000386 seconds
2016-12-26T10:19:14.703-0100: 226.908: Total time for which application threads were stopped: 0.0001845 seconds, Stopping threads took: 0.0000314 seconds
2016-12-26T10:19:14.714-0100: 226.920: Total time for which application threads were stopped: 0.0004032 seconds, Stopping threads took: 0.0000531 seconds
2016-12-26T10:19:14.715-0100: 226.921: Total time for which application threads were stopped: 0.0001668 seconds, Stopping threads took: 0.0000306 seconds
2016-12-26T10:19:14.747-0100: 226.953: Total time for which application threads were stopped: 0.0001859 seconds, Stopping threads took: 0.0000313 seconds
2016-12-26T10:19:14.780-0100: 226.985: Total time for which application threads were stopped: 0.0001785 seconds, Stopping threads took: 0.0000299 seconds
2016-12-26T10:19:14.781-0100: 226.986: Total time for which application threads were stopped: 0.0001815 seconds, Stopping threads took: 0.0000323 seconds
2016-12-26T10:19:14.807-0100: 227.013: Total time for which application threads were stopped: 0.0002183 seconds, Stopping threads took: 0.0000387 seconds
2016-12-26T10:19:14.809-0100: 227.014: Total time for which application threads were stopped: 0.0001865 seconds, Stopping threads took: 0.0000348 seconds
2016-12-26T10:19:14.881-0100: 227.087: Total time for which application threads were stopped: 0.0002075 seconds, Stopping threads took: 0.0000625 seconds
2016-12-26T10:19:14.904-0100: 227.110: Total time for which application threads were stopped: 0.0003746 seconds, Stopping threads took: 0.0000473 seconds
2016-12-26T10:19:14.919-0100: 227.124: Total time for which application threads were stopped: 0.0002180 seconds, Stopping threads took: 0.0000366 seconds
2016-12-26T10:19:14.920-0100: 227.125: Total time for which application threads were stopped: 0.0002111 seconds, Stopping threads took: 0.0000392 seconds
2016-12-26T10:19:14.955-0100: 227.161: Total time for which application threads were stopped: 0.0001633 seconds, Stopping threads took: 0.0000303 seconds
2016-12-26T10:19:14.986-0100: 227.191: Total time for which application threads were stopped: 0.0001923 seconds, Stopping threads took: 0.0000322 seconds
2016-12-26T10:19:15.008-0100: 227.214: Total time for which application threads were stopped: 0.0002952 seconds, Stopping threads took: 0.0000663 seconds
2016-12-26T10:19:15.049-0100: 227.255: Total time for which application threads were stopped: 0.0001915 seconds, Stopping threads took: 0.0000302 seconds
2016-12-26T10:19:15.085-0100: 227.290: Total time for which application threads were stopped: 0.0002180 seconds, Stopping threads took: 0.0000485 seconds
2016-12-26T10:19:15.086-0100: 227.292: Total time for which application threads were stopped: 0.0001972 seconds, Stopping threads took: 0.0000486 seconds
2016-12-26T10:19:15.119-0100: 227.324: Total time for which application threads were stopped: 0.0002008 seconds, Stopping threads took: 0.0000349 seconds
2016-12-26T10:19:15.120-0100: 227.326: Total time for which application threads were stopped: 0.0001793 seconds, Stopping threads took: 0.0000355 seconds
2016-12-26T10:19:15.167-0100: 227.373: Total time for which application threads were stopped: 0.0001989 seconds, Stopping threads took: 0.0000482 seconds
2016-12-26T10:19:15.196-0100: 227.402: Total time for which application threads were stopped: 0.0001961 seconds, Stopping threads took: 0.0000312 seconds
2016-12-26T10:19:15.197-0100: 227.403: Total time for which application threads were stopped: 0.0003566 seconds, Stopping threads took: 0.0000270 seconds
2016-12-26T10:19:15.288-0100: 227.494: Total time for which application threads were stopped: 0.0001988 seconds, Stopping threads took: 0.0000314 seconds
2016-12-26T10:19:15.289-0100: 227.494: Total time for which application threads were stopped: 0.0001434 seconds, Stopping threads took: 0.0000524 seconds
2016-12-26T10:19:15.319-0100: 227.524: Total time for which application threads were stopped: 0.0003369 seconds, Stopping threads took: 0.0000587 seconds
2016-12-26T10:19:15.626-0100: 227.831: Total time for which application threads were stopped: 0.0002819 seconds, Stopping threads took: 0.0000671 seconds
2016-12-26T10:19:15.626-0100: 227.831: Total time for which application threads were stopped: 0.0001697 seconds, Stopping threads took: 0.0000526 seconds
2016-12-26T10:19:15.626-0100: 227.832: Total time for which application threads were stopped: 0.0001554 seconds, Stopping threads took: 0.0000390 seconds
2016-12-26T10:19:15.634-0100: 227.839: Total time for which application threads were stopped: 0.0001637 seconds, Stopping threads took: 0.0000285 seconds
2016-12-26T10:19:15.666-0100: 227.872: Total time for which application threads were stopped: 0.0002113 seconds, Stopping threads took: 0.0000316 seconds
2016-12-26T10:19:15.667-0100: 227.872: Total time for which application threads were stopped: 0.0001558 seconds, Stopping threads took: 0.0000234 seconds
2016-12-26T10:19:15.692-0100: 227.898: Total time for which application threads were stopped: 0.0005355 seconds, Stopping threads took: 0.0000813 seconds
{Heap before GC invocations=29 (full 2):
 par new generation   total 109248K, used 100925K [0x00000007a0000000, 0x00000007a8000000, 0x00000007a8000000)
  eden space 87424K,  99% used [0x00000007a0000000, 0x00000007a555efc8, 0x00000007a5560000)
  from space 21824K,  61% used [0x00000007a6ab0000, 0x00000007a77e0568, 0x00000007a8000000)
  to   space 21824K,   0% used [0x00000007a5560000, 0x00000007a5560000, 0x00000007a6ab0000)
 concurrent mark-sweep generation total 393216K, used 24715K [0x00000007a8000000, 0x00000007c0000000, 0x00000007c0000000)
 Metaspace       used 40318K, capacity 41122K, committed 41244K, reserved 1085440K
  class space    used 4600K, capacity 4816K, committed 4888K, reserved 1048576K
2016-12-26T10:19:15.694-0100: 227.900: [GC (Allocation Failure) 2016-12-26T10:19:15.694-0100: 227.900: [ParNew
Desired survivor size 20112992 bytes, new threshold 8 (max 8)
- age   1:    2116080 bytes,    2116080 total
- age   2:      82056 bytes,    2198136 total
- age   3:     101288 bytes,    2299424 total
- age   4:     314352 bytes,    2613776 total
- age   5:       2872 bytes,    2616648 total
- age   6:    2459624 bytes,    5076272 total
- age   7:    2363664 bytes,    7439936 total
- age   8:       4152 bytes,    7444088 total
: 100925K->8848K(109248K), 0.0067830 secs] 125640K->35002K(502464K), 0.0069060 secs] [Times: user=0.02 sys=0.01, real=0.01 secs] 
Heap after GC invocations=30 (full 2):
 par new generation   total 109248K, used 8848K [0x00000007a0000000, 0x00000007a8000000, 0x00000007a8000000)
  eden space 87424K,   0% used [0x00000007a0000000, 0x00000007a0000000, 0x00000007a5560000)
  from space 21824K,  40% used [0x00000007a5560000, 0x00000007a5e04250, 0x00000007a6ab0000)
  to   space 21824K,   0% used [0x00000007a6ab0000, 0x00000007a6ab0000, 0x00000007a8000000)
 concurrent mark-sweep generation total 393216K, used 26153K [0x00000007a8000000, 0x00000007c0000000, 0x00000007c0000000)
 Metaspace       used 40318K, capacity 41122K, committed 41244K, reserved 1085440K
  class space    used 4600K, capacity 4816K, committed 4888K, reserved 1048576K
}
2016-12-26T10:19:15.701-0100: 227.907: Total time for which application threads were stopped: 0.0072382 seconds, Stopping threads took: 0.0000524 seconds
2016-12-26T10:19:15.737-0100: 227.942: Total time for which application threads were stopped: 0.0002151 seconds, Stopping threads took: 0.0000356 seconds
2016-12-26T10:19:15.917-0100: 228.123: Total time for which application threads were stopped: 0.0110523 seconds, Stopping threads took: 0.0108430 seconds
2016-12-26T10:19:15.917-0100: 228.123: Total time for which application threads were stopped: 0.0001201 seconds, Stopping threads took: 0.0000152 seconds
2016-12-26T10:19:15.918-0100: 228.123: Total time for which application threads were stopped: 0.0001060 seconds, Stopping threads took: 0.0000135 seconds
2016-12-26T10:19:15.919-0100: 228.124: Total time for which application threads were stopped: 0.0002110 seconds, Stopping threads took: 0.0000374 seconds
2016-12-26T10:19:15.924-0100: 228.130: Total time for which application threads were stopped: 0.0005412 seconds, Stopping threads took: 0.0003632 seconds
2016-12-26T10:19:15.925-0100: 228.130: Total time for which application threads were stopped: 0.0001925 seconds, Stopping threads took: 0.0000383 seconds
2016-12-26T10:19:15.958-0100: 228.164: Total time for which application threads were stopped: 0.0110404 seconds, Stopping threads took: 0.0108749 seconds
2016-12-26T10:19:15.968-0100: 228.174: Total time for which application threads were stopped: 0.0066577 seconds, Stopping threads took: 0.0056415 seconds
2016-12-26T10:19:15.984-0100: 228.190: Total time for which application threads were stopped: 0.0012668 seconds, Stopping threads took: 0.0003295 seconds
2016-12-26T10:19:16.063-0100: 228.269: Total time for which application threads were stopped: 0.0002494 seconds, Stopping threads took: 0.0000446 seconds
2016-12-26T10:19:16.197-0100: 228.403: Total time for which application threads were stopped: 0.0002209 seconds, Stopping threads took: 0.0000599 seconds
{Heap before GC invocations=30 (full 2):
 par new generation   total 109248K, used 96266K [0x00000007a0000000, 0x00000007a8000000, 0x00000007a8000000)
  eden space 87424K,  99% used [0x00000007a0000000, 0x00000007a555e6e0, 0x00000007a5560000)
  from space 21824K,  40% used [0x00000007a5560000, 0x00000007a5e04250, 0x00000007a6ab0000)
  to   space 21824K,   0% used [0x00000007a6ab0000, 0x00000007a6ab0000, 0x00000007a8000000)
 concurrent mark-sweep generation total 393216K, used 26153K [0x00000007a8000000, 0x00000007c0000000, 0x00000007c0000000)
 Metaspace       used 41131K, capacity 41922K, committed 42000K, reserved 1087488K
  class space    used 4653K, capacity 4848K, committed 4888K, reserved 1048576K
2016-12-26T10:19:17.004-0100: 229.209: [GC (Allocation Failure) 2016-12-26T10:19:17.004-0100: 229.209: [ParNew
Desired survivor size 20112992 bytes, new threshold 8 (max 8)
- age   1:    3244536 bytes,    3244536 total
- age   2:    1336296 bytes,    4580832 total
- age   3:      82056 bytes,    4662888 total
- age   4:     101288 bytes,    4764176 total
- age   5:     252672 bytes,    5016848 total
- age   6:       2128 bytes,    5018976 total
- age   7:     288864 bytes,    5307840 total
- age   8:    2265656 bytes,    7573496 total
: 96266K->8975K(109248K), 0.0052043 secs] 122419K->35133K(502464K), 0.0052976 secs] [Times: user=0.02 sys=0.00, real=0.00 secs] 
Heap after GC invocations=31 (full 2):
 par new generation   total 109248K, used 8975K [0x00000007a0000000, 0x00000007a8000000, 0x00000007a8000000)
  eden space 87424K,   0% used [0x00000007a0000000, 0x00000007a0000000, 0x00000007a5560000)
  from space 21824K,  41% used [0x00000007a6ab0000, 0x00000007a7373f78, 0x00000007a8000000)
  to   space 21824K,   0% used [0x00000007a5560000, 0x00000007a5560000, 0x00000007a6ab0000)
 concurrent mark-sweep generation total 393216K, used 26157K [0x00000007a8000000, 0x00000007c0000000, 0x00000007c0000000)
 Metaspace       used 41131K, capacity 41922K, committed 42000K, reserved 1087488K
  class space    used 4653K, capacity 4848K, committed 4888K, reserved 1048576K
}
2016-12-26T10:19:17.009-0100: 229.214: Total time for which application threads were stopped: 0.0056278 seconds, Stopping threads took: 0.0000445 seconds
2016-12-26T10:19:17.273-0100: 229.479: Total time for which application threads were stopped: 0.0002027 seconds, Stopping threads took: 0.0000511 seconds
2016-12-26T10:19:18.183-0100: 230.388: Total time for which application threads were stopped: 0.0002377 seconds, Stopping threads took: 0.0000284 seconds
{Heap before GC invocations=31 (full 2):
 par new generation   total 109248K, used 96399K [0x00000007a0000000, 0x00000007a8000000, 0x00000007a8000000)
  eden space 87424K, 100% used [0x00000007a0000000, 0x00000007a5560000, 0x00000007a5560000)
  from space 21824K,  41% used [0x00000007a6ab0000, 0x00000007a7373f78, 0x00000007a8000000)
  to   space 21824K,   0% used [0x00000007a5560000, 0x00000007a5560000, 0x00000007a6ab0000)
 concurrent mark-sweep generation total 393216K, used 26157K [0x00000007a8000000, 0x00000007c0000000, 0x00000007c0000000)
 Metaspace       used 41566K, capacity 42434K, committed 42512K, reserved 1087488K
  class space    used 4653K, capacity 4848K, committed 4888K, reserved 1048576K
2016-12-26T10:19:18.297-0100: 230.502: [GC (Allocation Failure) 2016-12-26T10:19:18.297-0100: 230.502: [ParNew
Desired survivor size 20112992 bytes, new threshold 8 (max 8)
- age   1:    1015168 bytes,    1015168 total
- age   2:    2459168 bytes,    3474336 total
- age   3:    1332232 bytes,    4806568 total
- age   4:      82056 bytes,    4888624 total
- age   5:     101288 bytes,    4989912 total
- age   6:     252672 bytes,    5242584 total
- age   7:       1384 bytes,    5243968 total
- age   8:     288864 bytes,    5532832 total
: 96399K->6782K(109248K), 0.0119345 secs] 122557K->35153K(502464K), 0.0120495 secs] [Times: user=0.03 sys=0.01, real=0.01 secs] 
Heap after GC invocations=32 (full 2):
 par new generation   total 109248K, used 6782K [0x00000007a0000000, 0x00000007a8000000, 0x00000007a8000000)
  eden space 87424K,   0% used [0x00000007a0000000, 0x00000007a0000000, 0x00000007a5560000)
  from space 21824K,  31% used [0x00000007a5560000, 0x00000007a5bffa50, 0x00000007a6ab0000)
  to   space 21824K,   0% used [0x00000007a6ab0000, 0x00000007a6ab0000, 0x00000007a8000000)
 concurrent mark-sweep generation total 393216K, used 28370K [0x00000007a8000000, 0x00000007c0000000, 0x00000007c0000000)
 Metaspace       used 41566K, capacity 42434K, committed 42512K, reserved 1087488K
  class space    used 4653K, capacity 4848K, committed 4888K, reserved 1048576K
}
2016-12-26T10:19:18.309-0100: 230.515: Total time for which application threads were stopped: 0.0124550 seconds, Stopping threads took: 0.0000354 seconds
2016-12-26T10:19:18.707-0100: 230.912: Total time for which application threads were stopped: 0.0002402 seconds, Stopping threads took: 0.0000542 seconds
2016-12-26T10:19:18.714-0100: 230.919: Total time for which application threads were stopped: 0.0004134 seconds, Stopping threads took: 0.0001302 seconds
2016-12-26T10:19:18.759-0100: 230.964: Total time for which application threads were stopped: 0.0002683 seconds, Stopping threads took: 0.0000284 seconds
2016-12-26T10:19:18.797-0100: 231.002: Total time for which application threads were stopped: 0.0002058 seconds, Stopping threads took: 0.0000545 seconds
2016-12-26T10:19:18.988-0100: 231.193: Total time for which application threads were stopped: 0.0003214 seconds, Stopping threads took: 0.0000468 seconds
2016-12-26T10:19:18.995-0100: 231.201: Total time for which application threads were stopped: 0.0007111 seconds, Stopping threads took: 0.0004869 seconds
2016-12-26T10:19:18.995-0100: 231.201: Total time for which application threads were stopped: 0.0001604 seconds, Stopping threads took: 0.0000255 seconds
2016-12-26T10:19:19.010-0100: 231.215: Total time for which application threads were stopped: 0.0008556 seconds, Stopping threads took: 0.0006195 seconds
2016-12-26T10:19:19.078-0100: 231.283: Total time for which application threads were stopped: 0.0003915 seconds, Stopping threads took: 0.0000338 seconds
{Heap before GC invocations=32 (full 2):
 par new generation   total 109248K, used 94206K [0x00000007a0000000, 0x00000007a8000000, 0x00000007a8000000)
  eden space 87424K, 100% used [0x00000007a0000000, 0x00000007a5560000, 0x00000007a5560000)
  from space 21824K,  31% used [0x00000007a5560000, 0x00000007a5bffa50, 0x00000007a6ab0000)
  to   space 21824K,   0% used [0x00000007a6ab0000, 0x00000007a6ab0000, 0x00000007a8000000)
 concurrent mark-sweep generation total 393216K, used 28370K [0x00000007a8000000, 0x00000007c0000000, 0x00000007c0000000)
 Metaspace       used 41890K, capacity 42690K, committed 42768K, reserved 1087488K
  class space    used 4662K, capacity 4848K, committed 4888K, reserved 1048576K
2016-12-26T10:19:19.666-0100: 231.871: [GC (Allocation Failure) 2016-12-26T10:19:19.666-0100: 231.871: [ParNew
Desired survivor size 20112992 bytes, new threshold 8 (max 8)
- age   1:    2920536 bytes,    2920536 total
- age   2:      49696 bytes,    2970232 total
- age   3:     884984 bytes,    3855216 total
- age   4:    1043752 bytes,    4898968 total
- age   5:      82056 bytes,    4981024 total
- age   6:     101288 bytes,    5082312 total
- age   7:     252640 bytes,    5334952 total
- age   8:       1384 bytes,    5336336 total
: 94206K->8278K(109248K), 0.0141806 secs] 122577K->36933K(502464K), 0.0143084 secs] [Times: user=0.03 sys=0.00, real=0.02 secs] 
Heap after GC invocations=33 (full 2):
 par new generation   total 109248K, used 8278K [0x00000007a0000000, 0x00000007a8000000, 0x00000007a8000000)
  eden space 87424K,   0% used [0x00000007a0000000, 0x00000007a0000000, 0x00000007a5560000)
  from space 21824K,  37% used [0x00000007a6ab0000, 0x00000007a72c5a98, 0x00000007a8000000)
  to   space 21824K,   0% used [0x00000007a5560000, 0x00000007a5560000, 0x00000007a6ab0000)
 concurrent mark-sweep generation total 393216K, used 28654K [0x00000007a8000000, 0x00000007c0000000, 0x00000007c0000000)
 Metaspace       used 41890K, capacity 42690K, committed 42768K, reserved 1087488K
  class space    used 4662K, capacity 4848K, committed 4888K, reserved 1048576K
}
2016-12-26T10:19:19.680-0100: 231.885: Total time for which application threads were stopped: 0.0149154 seconds, Stopping threads took: 0.0002875 seconds
2016-12-26T10:19:20.684-0100: 232.890: Total time for which application threads were stopped: 0.0003124 seconds, Stopping threads took: 0.0000596 seconds
2016-12-26T10:19:20.744-0100: 232.949: Total time for which application threads were stopped: 0.0002389 seconds, Stopping threads took: 0.0000507 seconds
2016-12-26T10:19:21.020-0100: 233.225: Total time for which application threads were stopped: 0.0002233 seconds, Stopping threads took: 0.0000464 seconds
{Heap before GC invocations=33 (full 2):
 par new generation   total 109248K, used 95702K [0x00000007a0000000, 0x00000007a8000000, 0x00000007a8000000)
  eden space 87424K, 100% used [0x00000007a0000000, 0x00000007a5560000, 0x00000007a5560000)
  from space 21824K,  37% used [0x00000007a6ab0000, 0x00000007a72c5a98, 0x00000007a8000000)
  to   space 21824K,   0% used [0x00000007a5560000, 0x00000007a5560000, 0x00000007a6ab0000)
 concurrent mark-sweep generation total 393216K, used 28654K [0x00000007a8000000, 0x00000007c0000000, 0x00000007c0000000)
 Metaspace       used 42136K, capacity 42946K, committed 43024K, reserved 1087488K
  class space    used 4662K, capacity 4848K, committed 4888K, reserved 1048576K
2016-12-26T10:19:21.628-0100: 233.834: [GC (Allocation Failure) 2016-12-26T10:19:21.628-0100: 233.834: [ParNew
Desired survivor size 20112992 bytes, new threshold 8 (max 8)
- age   1:     932800 bytes,     932800 total
- age   2:    2494960 bytes,    3427760 total
- age   3:      39544 bytes,    3467304 total
- age   4:     879048 bytes,    4346352 total
- age   5:    1043000 bytes,    5389352 total
- age   6:      82056 bytes,    5471408 total
- age   7:     101288 bytes,    5572696 total
- age   8:     252640 bytes,    5825336 total
: 95702K->6835K(109248K), 0.0071171 secs] 124357K->35491K(502464K), 0.0072224 secs] [Times: user=0.02 sys=0.00, real=0.01 secs] 
Heap after GC invocations=34 (full 2):
 par new generation   total 109248K, used 6835K [0x00000007a0000000, 0x00000007a8000000, 0x00000007a8000000)
  eden space 87424K,   0% used [0x00000007a0000000, 0x00000007a0000000, 0x00000007a5560000)
  from space 21824K,  31% used [0x00000007a5560000, 0x00000007a5c0cc28, 0x00000007a6ab0000)
  to   space 21824K,   0% used [0x00000007a6ab0000, 0x00000007a6ab0000, 0x00000007a8000000)
 concurrent mark-sweep generation total 393216K, used 28656K [0x00000007a8000000, 0x00000007c0000000, 0x00000007c0000000)
 Metaspace       used 42136K, capacity 42946K, committed 43024K, reserved 1087488K
  class space    used 4662K, capacity 4848K, committed 4888K, reserved 1048576K
}
2016-12-26T10:19:21.636-0100: 233.841: Total time for which application threads were stopped: 0.0075547 seconds, Stopping threads took: 0.0000314 seconds
2016-12-26T10:19:21.721-0100: 233.926: Total time for which application threads were stopped: 0.0002305 seconds, Stopping threads took: 0.0000326 seconds
2016-12-26T10:19:21.726-0100: 233.931: Total time for which application threads were stopped: 0.0002859 seconds, Stopping threads took: 0.0001031 seconds
2016-12-26T10:19:21.858-0100: 234.063: Total time for which application threads were stopped: 0.0002241 seconds, Stopping threads took: 0.0000314 seconds
2016-12-26T10:19:22.015-0100: 234.220: Total time for which application threads were stopped: 0.0002385 seconds, Stopping threads took: 0.0000507 seconds
2016-12-26T10:19:22.020-0100: 234.225: Total time for which application threads were stopped: 0.0002144 seconds, Stopping threads took: 0.0000460 seconds
2016-12-26T10:19:22.146-0100: 234.351: Total time for which application threads were stopped: 0.0002591 seconds, Stopping threads took: 0.0000498 seconds
{Heap before GC invocations=34 (full 2):
 par new generation   total 109248K, used 94259K [0x00000007a0000000, 0x00000007a8000000, 0x00000007a8000000)
  eden space 87424K, 100% used [0x00000007a0000000, 0x00000007a5560000, 0x00000007a5560000)
  from space 21824K,  31% used [0x00000007a5560000, 0x00000007a5c0cc28, 0x00000007a6ab0000)
  to   space 21824K,   0% used [0x00000007a6ab0000, 0x00000007a6ab0000, 0x00000007a8000000)
 concurrent mark-sweep generation total 393216K, used 28656K [0x00000007a8000000, 0x00000007c0000000, 0x00000007c0000000)
 Metaspace       used 42334K, capacity 43202K, committed 43280K, reserved 1087488K
  class space    used 4662K, capacity 4848K, committed 4888K, reserved 1048576K
2016-12-26T10:19:22.610-0100: 234.815: [GC (Allocation Failure) 2016-12-26T10:19:22.610-0100: 234.815: [ParNew
Desired survivor size 20112992 bytes, new threshold 8 (max 8)
- age   1:    3776960 bytes,    3776960 total
- age   2:      42048 bytes,    3819008 total
- age   3:     689424 bytes,    4508432 total
- age   4:      34728 bytes,    4543160 total
- age   5:     878760 bytes,    5421920 total
- age   6:    1042864 bytes,    6464784 total
- age   7:      82056 bytes,    6546840 total
- age   8:     101288 bytes,    6648128 total
: 94259K->9728K(109248K), 0.0105586 secs] 122915K->38632K(502464K), 0.0106709 secs] [Times: user=0.03 sys=0.00, real=0.01 secs] 
Heap after GC invocations=35 (full 2):
 par new generation   total 109248K, used 9728K [0x00000007a0000000, 0x00000007a8000000, 0x00000007a8000000)
  eden space 87424K,   0% used [0x00000007a0000000, 0x00000007a0000000, 0x00000007a5560000)
  from space 21824K,  44% used [0x00000007a6ab0000, 0x00000007a7430000, 0x00000007a8000000)
  to   space 21824K,   0% used [0x00000007a5560000, 0x00000007a5560000, 0x00000007a6ab0000)
 concurrent mark-sweep generation total 393216K, used 28904K [0x00000007a8000000, 0x00000007c0000000, 0x00000007c0000000)
 Metaspace       used 42334K, capacity 43202K, committed 43280K, reserved 1087488K
  class space    used 4662K, capacity 4848K, committed 4888K, reserved 1048576K
}
2016-12-26T10:19:22.620-0100: 234.826: Total time for which application threads were stopped: 0.0109722 seconds, Stopping threads took: 0.0000340 seconds
2016-12-26T10:19:23.615-0100: 235.820: Total time for which application threads were stopped: 0.0003639 seconds, Stopping threads took: 0.0000553 seconds
2016-12-26T10:19:23.691-0100: 235.896: Total time for which application threads were stopped: 0.0002067 seconds, Stopping threads took: 0.0000306 seconds
{Heap before GC invocations=35 (full 2):
 par new generation   total 109248K, used 97152K [0x00000007a0000000, 0x00000007a8000000, 0x00000007a8000000)
  eden space 87424K, 100% used [0x00000007a0000000, 0x00000007a5560000, 0x00000007a5560000)
  from space 21824K,  44% used [0x00000007a6ab0000, 0x00000007a7430000, 0x00000007a8000000)
  to   space 21824K,   0% used [0x00000007a5560000, 0x00000007a5560000, 0x00000007a6ab0000)
 concurrent mark-sweep generation total 393216K, used 28904K [0x00000007a8000000, 0x00000007c0000000, 0x00000007c0000000)
 Metaspace       used 42415K, capacity 43206K, committed 43280K, reserved 1087488K
  class space    used 4663K, capacity 4848K, committed 4888K, reserved 1048576K
2016-12-26T10:19:23.877-0100: 236.082: [GC (Allocation Failure) 2016-12-26T10:19:23.877-0100: 236.082: [ParNew
Desired survivor size 20112992 bytes, new threshold 8 (max 8)
- age   1:    1312048 bytes,    1312048 total
- age   2:    2661512 bytes,    3973560 total
- age   3:      32568 bytes,    4006128 total
- age   4:     686944 bytes,    4693072 total
- age   5:      33952 bytes,    4727024 total
- age   6:     878760 bytes,    5605784 total
- age   7:    1042864 bytes,    6648648 total
- age   8:      82056 bytes,    6730704 total
: 97152K->9126K(109248K), 0.0082515 secs] 126056K->38132K(502464K), 0.0083263 secs] [Times: user=0.02 sys=0.00, real=0.01 secs] 
Heap after GC invocations=36 (full 2):
 par new generation   total 109248K, used 9126K [0x00000007a0000000, 0x00000007a8000000, 0x00000007a8000000)
  eden space 87424K,   0% used [0x00000007a0000000, 0x00000007a0000000, 0x00000007a5560000)
  from space 21824K,  41% used [0x00000007a5560000, 0x00000007a5e49a40, 0x00000007a6ab0000)
  to   space 21824K,   0% used [0x00000007a6ab0000, 0x00000007a6ab0000, 0x00000007a8000000)
 concurrent mark-sweep generation total 393216K, used 29005K [0x00000007a8000000, 0x00000007c0000000, 0x00000007c0000000)
 Metaspace       used 42415K, capacity 43206K, committed 43280K, reserved 1087488K
  class space    used 4663K, capacity 4848K, committed 4888K, reserved 1048576K
}
2016-12-26T10:19:23.885-0100: 236.090: Total time for which application threads were stopped: 0.0086012 seconds, Stopping threads took: 0.0000284 seconds
2016-12-26T10:19:24.730-0100: 236.935: Total time for which application threads were stopped: 0.0003139 seconds, Stopping threads took: 0.0000549 seconds
2016-12-26T10:19:24.734-0100: 236.940: Total time for which application threads were stopped: 0.0001940 seconds, Stopping threads took: 0.0000343 seconds
{Heap before GC invocations=36 (full 2):
 par new generation   total 109248K, used 96550K [0x00000007a0000000, 0x00000007a8000000, 0x00000007a8000000)
  eden space 87424K, 100% used [0x00000007a0000000, 0x00000007a5560000, 0x00000007a5560000)
  from space 21824K,  41% used [0x00000007a5560000, 0x00000007a5e49a40, 0x00000007a6ab0000)
  to   space 21824K,   0% used [0x00000007a6ab0000, 0x00000007a6ab0000, 0x00000007a8000000)
 concurrent mark-sweep generation total 393216K, used 29005K [0x00000007a8000000, 0x00000007c0000000, 0x00000007c0000000)
 Metaspace       used 42545K, capacity 43334K, committed 43536K, reserved 1087488K
  class space    used 4663K, capacity 4848K, committed 4888K, reserved 1048576K
2016-12-26T10:19:24.762-0100: 236.967: [GC (Allocation Failure) 2016-12-26T10:19:24.762-0100: 236.967: [ParNew
Desired survivor size 20112992 bytes, new threshold 8 (max 8)
- age   1:    2230168 bytes,    2230168 total
- age   2:     578544 bytes,    2808712 total
- age   3:    2118968 bytes,    4927680 total
- age   4:      24752 bytes,    4952432 total
- age   5:     686752 bytes,    5639184 total
- age   6:      33168 bytes,    5672352 total
- age   7:     877976 bytes,    6550328 total
- age   8:    1042832 bytes,    7593160 total
: 96550K->9288K(109248K), 0.0069096 secs] 125556K->38376K(502464K), 0.0070062 secs] [Times: user=0.02 sys=0.00, real=0.00 secs] 
Heap after GC invocations=37 (full 2):
 par new generation   total 109248K, used 9288K [0x00000007a0000000, 0x00000007a8000000, 0x00000007a8000000)
  eden space 87424K,   0% used [0x00000007a0000000, 0x00000007a0000000, 0x00000007a5560000)
  from space 21824K,  42% used [0x00000007a6ab0000, 0x00000007a73c20d8, 0x00000007a8000000)
  to   space 21824K,   0% used [0x00000007a5560000, 0x00000007a5560000, 0x00000007a6ab0000)
 concurrent mark-sweep generation total 393216K, used 29088K [0x00000007a8000000, 0x00000007c0000000, 0x00000007c0000000)
 Metaspace       used 42545K, capacity 43334K, committed 43536K, reserved 1087488K
  class space    used 4663K, capacity 4848K, committed 4888K, reserved 1048576K
}
2016-12-26T10:19:24.769-0100: 236.974: Total time for which application threads were stopped: 0.0073223 seconds, Stopping threads took: 0.0000402 seconds
2016-12-26T10:19:24.795-0100: 237.000: Total time for which application threads were stopped: 0.0002339 seconds, Stopping threads took: 0.0000514 seconds
2016-12-26T10:19:25.031-0100: 237.236: Total time for which application threads were stopped: 0.0002589 seconds, Stopping threads took: 0.0000442 seconds
2016-12-26T10:19:25.036-0100: 237.241: Total time for which application threads were stopped: 0.0002311 seconds, Stopping threads took: 0.0000875 seconds
2016-12-26T10:19:25.217-0100: 237.422: Total time for which application threads were stopped: 0.0002901 seconds, Stopping threads took: 0.0000561 seconds
2016-12-26T10:19:25.816-0100: 238.021: Total time for which application threads were stopped: 0.0001780 seconds, Stopping threads took: 0.0000249 seconds
{Heap before GC invocations=37 (full 2):
 par new generation   total 109248K, used 96712K [0x00000007a0000000, 0x00000007a8000000, 0x00000007a8000000)
  eden space 87424K, 100% used [0x00000007a0000000, 0x00000007a5560000, 0x00000007a5560000)
  from space 21824K,  42% used [0x00000007a6ab0000, 0x00000007a73c20d8, 0x00000007a8000000)
  to   space 21824K,   0% used [0x00000007a5560000, 0x00000007a5560000, 0x00000007a6ab0000)
 concurrent mark-sweep generation total 393216K, used 29088K [0x00000007a8000000, 0x00000007c0000000, 0x00000007c0000000)
 Metaspace       used 42594K, capacity 43398K, committed 43536K, reserved 1087488K
  class space    used 4663K, capacity 4848K, committed 4888K, reserved 1048576K
2016-12-26T10:19:25.838-0100: 238.043: [GC (Allocation Failure) 2016-12-26T10:19:25.838-0100: 238.043: [ParNew
Desired survivor size 20112992 bytes, new threshold 8 (max 8)
- age   1:    2287552 bytes,    2287552 total
- age   2:    1166160 bytes,    3453712 total
- age   3:      28640 bytes,    3482352 total
- age   4:     517776 bytes,    4000128 total
- age   5:      21648 bytes,    4021776 total
- age   6:     685728 bytes,    4707504 total
- age   7:      33168 bytes,    4740672 total
- age   8:     877880 bytes,    5618552 total
: 96712K->9572K(109248K), 0.0068964 secs] 125800K->39682K(502464K), 0.0069825 secs] [Times: user=0.02 sys=0.00, real=0.01 secs] 
Heap after GC invocations=38 (full 2):
 par new generation   total 109248K, used 9572K [0x00000007a0000000, 0x00000007a8000000, 0x00000007a8000000)
  eden space 87424K,   0% used [0x00000007a0000000, 0x00000007a0000000, 0x00000007a5560000)
  from space 21824K,  43% used [0x00000007a5560000, 0x00000007a5eb92b0, 0x00000007a6ab0000)
  to   space 21824K,   0% used [0x00000007a6ab0000, 0x00000007a6ab0000, 0x00000007a8000000)
 concurrent mark-sweep generation total 393216K, used 30110K [0x00000007a8000000, 0x00000007c0000000, 0x00000007c0000000)
 Metaspace       used 42594K, capacity 43398K, committed 43536K, reserved 1087488K
  class space    used 4663K, capacity 4848K, committed 4888K, reserved 1048576K
}
2016-12-26T10:19:25.845-0100: 238.050: Total time for which application threads were stopped: 0.0072199 seconds, Stopping threads took: 0.0000269 seconds
2016-12-26T10:19:26.051-0100: 238.256: Total time for which application threads were stopped: 0.0002960 seconds, Stopping threads took: 0.0000302 seconds
{Heap before GC invocations=38 (full 2):
 par new generation   total 109248K, used 96996K [0x00000007a0000000, 0x00000007a8000000, 0x00000007a8000000)
  eden space 87424K, 100% used [0x00000007a0000000, 0x00000007a5560000, 0x00000007a5560000)
  from space 21824K,  43% used [0x00000007a5560000, 0x00000007a5eb92b0, 0x00000007a6ab0000)
  to   space 21824K,   0% used [0x00000007a6ab0000, 0x00000007a6ab0000, 0x00000007a8000000)
 concurrent mark-sweep generation total 393216K, used 30110K [0x00000007a8000000, 0x00000007c0000000, 0x00000007c0000000)
 Metaspace       used 42601K, capacity 43398K, committed 43536K, reserved 1087488K
  class space    used 4663K, capacity 4848K, committed 4888K, reserved 1048576K
2016-12-26T10:19:26.709-0100: 238.914: [GC (Allocation Failure) 2016-12-26T10:19:26.709-0100: 238.914: [ParNew
Desired survivor size 20112992 bytes, new threshold 8 (max 8)
- age   1:    1036872 bytes,    1036872 total
- age   2:    1831264 bytes,    2868136 total
- age   3:    1158328 bytes,    4026464 total
- age   4:      25512 bytes,    4051976 total
- age   5:     516112 bytes,    4568088 total
- age   6:      21648 bytes,    4589736 total
- age   7:     685728 bytes,    5275464 total
- age   8:      33168 bytes,    5308632 total
: 96996K->6676K(109248K), 0.0054077 secs] 127106K->37645K(502464K), 0.0054834 secs] [Times: user=0.02 sys=0.00, real=0.01 secs] 
Heap after GC invocations=39 (full 2):
 par new generation   total 109248K, used 6676K [0x00000007a0000000, 0x00000007a8000000, 0x00000007a8000000)
  eden space 87424K,   0% used [0x00000007a0000000, 0x00000007a0000000, 0x00000007a5560000)
  from space 21824K,  30% used [0x00000007a6ab0000, 0x00000007a7135068, 0x00000007a8000000)
  to   space 21824K,   0% used [0x00000007a5560000, 0x00000007a5560000, 0x00000007a6ab0000)
 concurrent mark-sweep generation total 393216K, used 30969K [0x00000007a8000000, 0x00000007c0000000, 0x00000007c0000000)
 Metaspace       used 42601K, capacity 43398K, committed 43536K, reserved 1087488K
  class space    used 4663K, capacity 4848K, committed 4888K, reserved 1048576K
}
2016-12-26T10:19:26.715-0100: 238.920: Total time for which application threads were stopped: 0.0058007 seconds, Stopping threads took: 0.0000410 seconds
{Heap before GC invocations=39 (full 2):
 par new generation   total 109248K, used 94100K [0x00000007a0000000, 0x00000007a8000000, 0x00000007a8000000)
  eden space 87424K, 100% used [0x00000007a0000000, 0x00000007a5560000, 0x00000007a5560000)
  from space 21824K,  30% used [0x00000007a6ab0000, 0x00000007a7135068, 0x00000007a8000000)
  to   space 21824K,   0% used [0x00000007a5560000, 0x00000007a5560000, 0x00000007a6ab0000)
 concurrent mark-sweep generation total 393216K, used 30969K [0x00000007a8000000, 0x00000007c0000000, 0x00000007c0000000)
 Metaspace       used 42782K, capacity 43526K, committed 43792K, reserved 1087488K
  class space    used 4663K, capacity 4848K, committed 4888K, reserved 1048576K
2016-12-26T10:19:27.571-0100: 239.776: [GC (Allocation Failure) 2016-12-26T10:19:27.571-0100: 239.776: [ParNew
Desired survivor size 20112992 bytes, new threshold 8 (max 8)
- age   1:    1034264 bytes,    1034264 total
- age   2:     434000 bytes,    1468264 total
- age   3:    1812752 bytes,    3281016 total
- age   4:    1157416 bytes,    4438432 total
- age   5:      23928 bytes,    4462360 total
- age   6:     516112 bytes,    4978472 total
- age   7:      20872 bytes,    4999344 total
- age   8:     685728 bytes,    5685072 total
: 94100K->9259K(109248K), 0.0061551 secs] 125069K->40261K(502464K), 0.0062469 secs] [Times: user=0.02 sys=0.00, real=0.00 secs] 
Heap after GC invocations=40 (full 2):
 par new generation   total 109248K, used 9259K [0x00000007a0000000, 0x00000007a8000000, 0x00000007a8000000)
  eden space 87424K,   0% used [0x00000007a0000000, 0x00000007a0000000, 0x00000007a5560000)
  from space 21824K,  42% used [0x00000007a5560000, 0x00000007a5e6afc0, 0x00000007a6ab0000)
  to   space 21824K,   0% used [0x00000007a6ab0000, 0x00000007a6ab0000, 0x00000007a8000000)
 concurrent mark-sweep generation total 393216K, used 31001K [0x00000007a8000000, 0x00000007c0000000, 0x00000007c0000000)
 Metaspace       used 42782K, capacity 43526K, committed 43792K, reserved 1087488K
  class space    used 4663K, capacity 4848K, committed 4888K, reserved 1048576K
}
2016-12-26T10:19:27.577-0100: 239.782: Total time for which application threads were stopped: 0.0065518 seconds, Stopping threads took: 0.0000267 seconds
2016-12-26T10:19:27.627-0100: 239.832: Total time for which application threads were stopped: 0.0003306 seconds, Stopping threads took: 0.0000455 seconds
2016-12-26T10:19:27.637-0100: 239.843: Total time for which application threads were stopped: 0.0003458 seconds, Stopping threads took: 0.0001206 seconds
2016-12-26T10:19:27.662-0100: 239.868: Total time for which application threads were stopped: 0.0002693 seconds, Stopping threads took: 0.0000397 seconds
2016-12-26T10:19:27.663-0100: 239.868: Total time for which application threads were stopped: 0.0001698 seconds, Stopping threads took: 0.0000181 seconds
2016-12-26T10:19:27.664-0100: 239.869: Total time for which application threads were stopped: 0.0001969 seconds, Stopping threads took: 0.0000307 seconds
2016-12-26T10:19:27.664-0100: 239.869: Total time for which application threads were stopped: 0.0001627 seconds, Stopping threads took: 0.0000377 seconds
2016-12-26T10:19:27.664-0100: 239.869: Total time for which application threads were stopped: 0.0002409 seconds, Stopping threads took: 0.0001481 seconds
2016-12-26T10:19:27.666-0100: 239.871: Total time for which application threads were stopped: 0.0004204 seconds, Stopping threads took: 0.0000387 seconds
2016-12-26T10:19:27.667-0100: 239.872: Total time for which application threads were stopped: 0.0002050 seconds, Stopping threads took: 0.0000580 seconds
2016-12-26T10:19:27.709-0100: 239.914: Total time for which application threads were stopped: 0.0002478 seconds, Stopping threads took: 0.0000773 seconds
2016-12-26T10:19:27.711-0100: 239.916: Total time for which application threads were stopped: 0.0002009 seconds, Stopping threads took: 0.0000326 seconds
2016-12-26T10:19:27.712-0100: 239.917: Total time for which application threads were stopped: 0.0001891 seconds, Stopping threads took: 0.0000329 seconds
2016-12-26T10:19:27.714-0100: 239.919: Total time for which application threads were stopped: 0.0001919 seconds, Stopping threads took: 0.0000380 seconds
2016-12-26T10:19:27.714-0100: 239.919: Total time for which application threads were stopped: 0.0001169 seconds, Stopping threads took: 0.0000156 seconds
2016-12-26T10:19:27.722-0100: 239.927: Total time for which application threads were stopped: 0.0001979 seconds, Stopping threads took: 0.0000326 seconds
2016-12-26T10:19:27.722-0100: 239.927: Total time for which application threads were stopped: 0.0002152 seconds, Stopping threads took: 0.0000727 seconds
2016-12-26T10:19:27.722-0100: 239.928: Total time for which application threads were stopped: 0.0001468 seconds, Stopping threads took: 0.0000333 seconds
2016-12-26T10:19:27.723-0100: 239.928: Total time for which application threads were stopped: 0.0001360 seconds, Stopping threads took: 0.0000311 seconds
2016-12-26T10:19:27.723-0100: 239.928: Total time for which application threads were stopped: 0.0001866 seconds, Stopping threads took: 0.0000793 seconds
2016-12-26T10:19:27.723-0100: 239.928: Total time for which application threads were stopped: 0.0001706 seconds, Stopping threads took: 0.0000721 seconds
2016-12-26T10:19:27.729-0100: 239.934: Total time for which application threads were stopped: 0.0002606 seconds, Stopping threads took: 0.0000343 seconds
2016-12-26T10:19:27.745-0100: 239.950: Total time for which application threads were stopped: 0.0002954 seconds, Stopping threads took: 0.0001352 seconds
2016-12-26T10:19:27.746-0100: 239.951: Total time for which application threads were stopped: 0.0001738 seconds, Stopping threads took: 0.0000847 seconds
2016-12-26T10:19:27.785-0100: 239.991: Total time for which application threads were stopped: 0.0002369 seconds, Stopping threads took: 0.0000375 seconds
2016-12-26T10:19:27.908-0100: 240.113: Total time for which application threads were stopped: 0.0002020 seconds, Stopping threads took: 0.0000309 seconds
2016-12-26T10:19:27.935-0100: 240.140: Total time for which application threads were stopped: 0.0002210 seconds, Stopping threads took: 0.0000468 seconds
2016-12-26T10:19:27.935-0100: 240.140: Total time for which application threads were stopped: 0.0001554 seconds, Stopping threads took: 0.0000249 seconds
2016-12-26T10:19:27.935-0100: 240.140: Total time for which application threads were stopped: 0.0001983 seconds, Stopping threads took: 0.0000335 seconds
2016-12-26T10:19:27.936-0100: 240.141: Total time for which application threads were stopped: 0.0002773 seconds, Stopping threads took: 0.0000609 seconds
2016-12-26T10:19:27.936-0100: 240.141: Total time for which application threads were stopped: 0.0002415 seconds, Stopping threads took: 0.0000609 seconds
2016-12-26T10:19:27.939-0100: 240.144: Total time for which application threads were stopped: 0.0003088 seconds, Stopping threads took: 0.0001302 seconds
2016-12-26T10:19:27.971-0100: 240.176: Total time for which application threads were stopped: 0.0002175 seconds, Stopping threads took: 0.0000329 seconds
2016-12-26T10:19:27.971-0100: 240.177: Total time for which application threads were stopped: 0.0001599 seconds, Stopping threads took: 0.0000316 seconds
2016-12-26T10:19:27.972-0100: 240.177: Total time for which application threads were stopped: 0.0003360 seconds, Stopping threads took: 0.0000191 seconds
2016-12-26T10:19:27.974-0100: 240.179: Total time for which application threads were stopped: 0.0002505 seconds, Stopping threads took: 0.0000305 seconds
2016-12-26T10:19:27.974-0100: 240.180: Total time for which application threads were stopped: 0.0001278 seconds, Stopping threads took: 0.0000151 seconds
2016-12-26T10:19:27.979-0100: 240.184: Total time for which application threads were stopped: 0.0002248 seconds, Stopping threads took: 0.0000312 seconds
2016-12-26T10:19:27.979-0100: 240.184: Total time for which application threads were stopped: 0.0001457 seconds, Stopping threads took: 0.0000166 seconds
2016-12-26T10:19:27.981-0100: 240.186: Total time for which application threads were stopped: 0.0002064 seconds, Stopping threads took: 0.0000299 seconds
2016-12-26T10:19:28.046-0100: 240.252: Total time for which application threads were stopped: 0.0002649 seconds, Stopping threads took: 0.0000341 seconds
2016-12-26T10:19:28.071-0100: 240.276: Total time for which application threads were stopped: 0.0002312 seconds, Stopping threads took: 0.0000372 seconds
2016-12-26T10:19:28.071-0100: 240.276: Total time for which application threads were stopped: 0.0002293 seconds, Stopping threads took: 0.0000180 seconds
2016-12-26T10:19:28.121-0100: 240.327: Total time for which application threads were stopped: 0.0002496 seconds, Stopping threads took: 0.0000439 seconds
2016-12-26T10:19:28.122-0100: 240.327: Total time for which application threads were stopped: 0.0002223 seconds, Stopping threads took: 0.0000196 seconds
2016-12-26T10:19:28.156-0100: 240.362: Total time for which application threads were stopped: 0.0001783 seconds, Stopping threads took: 0.0000231 seconds
2016-12-26T10:19:28.159-0100: 240.364: Total time for which application threads were stopped: 0.0002427 seconds, Stopping threads took: 0.0000283 seconds
2016-12-26T10:19:28.159-0100: 240.364: Total time for which application threads were stopped: 0.0001755 seconds, Stopping threads took: 0.0000199 seconds
2016-12-26T10:19:28.163-0100: 240.368: Total time for which application threads were stopped: 0.0002586 seconds, Stopping threads took: 0.0000589 seconds
2016-12-26T10:19:28.163-0100: 240.369: Total time for which application threads were stopped: 0.0002216 seconds, Stopping threads took: 0.0000236 seconds
2016-12-26T10:19:28.165-0100: 240.370: Total time for which application threads were stopped: 0.0002897 seconds, Stopping threads took: 0.0000752 seconds
2016-12-26T10:19:28.165-0100: 240.370: Total time for which application threads were stopped: 0.0002327 seconds, Stopping threads took: 0.0000577 seconds
2016-12-26T10:19:28.166-0100: 240.371: Total time for which application threads were stopped: 0.0001942 seconds, Stopping threads took: 0.0000216 seconds
2016-12-26T10:19:28.166-0100: 240.371: Total time for which application threads were stopped: 0.0001910 seconds, Stopping threads took: 0.0000157 seconds
2016-12-26T10:19:28.166-0100: 240.371: Total time for which application threads were stopped: 0.0001632 seconds, Stopping threads took: 0.0000187 seconds
2016-12-26T10:19:28.166-0100: 240.372: Total time for which application threads were stopped: 0.0002138 seconds, Stopping threads took: 0.0001151 seconds
2016-12-26T10:19:28.168-0100: 240.373: Total time for which application threads were stopped: 0.0002043 seconds, Stopping threads took: 0.0000497 seconds
2016-12-26T10:19:28.169-0100: 240.374: Total time for which application threads were stopped: 0.0001464 seconds, Stopping threads took: 0.0000388 seconds
2016-12-26T10:19:28.169-0100: 240.374: Total time for which application threads were stopped: 0.0001362 seconds, Stopping threads took: 0.0000311 seconds
2016-12-26T10:19:28.169-0100: 240.374: Total time for which application threads were stopped: 0.0003136 seconds, Stopping threads took: 0.0000854 seconds
2016-12-26T10:19:28.169-0100: 240.374: Total time for which application threads were stopped: 0.0001682 seconds, Stopping threads took: 0.0000213 seconds
2016-12-26T10:19:28.170-0100: 240.375: Total time for which application threads were stopped: 0.0001081 seconds, Stopping threads took: 0.0000127 seconds
2016-12-26T10:19:28.170-0100: 240.376: Total time for which application threads were stopped: 0.0001891 seconds, Stopping threads took: 0.0000349 seconds
2016-12-26T10:19:28.171-0100: 240.376: Total time for which application threads were stopped: 0.0001886 seconds, Stopping threads took: 0.0000390 seconds
2016-12-26T10:19:28.172-0100: 240.377: Total time for which application threads were stopped: 0.0012593 seconds, Stopping threads took: 0.0010913 seconds
2016-12-26T10:19:28.172-0100: 240.377: Total time for which application threads were stopped: 0.0001288 seconds, Stopping threads took: 0.0000147 seconds
2016-12-26T10:19:28.172-0100: 240.378: Total time for which application threads were stopped: 0.0000945 seconds, Stopping threads took: 0.0000104 seconds
2016-12-26T10:19:28.173-0100: 240.378: Total time for which application threads were stopped: 0.0001420 seconds, Stopping threads took: 0.0000425 seconds
2016-12-26T10:19:28.173-0100: 240.378: Total time for which application threads were stopped: 0.0001099 seconds, Stopping threads took: 0.0000119 seconds
2016-12-26T10:19:28.173-0100: 240.378: Total time for which application threads were stopped: 0.0003321 seconds, Stopping threads took: 0.0000238 seconds
2016-12-26T10:19:28.252-0100: 240.458: Total time for which application threads were stopped: 0.0001830 seconds, Stopping threads took: 0.0000252 seconds
{Heap before GC invocations=40 (full 2):
 par new generation   total 109248K, used 96683K [0x00000007a0000000, 0x00000007a8000000, 0x00000007a8000000)
  eden space 87424K, 100% used [0x00000007a0000000, 0x00000007a5560000, 0x00000007a5560000)
  from space 21824K,  42% used [0x00000007a5560000, 0x00000007a5e6afc0, 0x00000007a6ab0000)
  to   space 21824K,   0% used [0x00000007a6ab0000, 0x00000007a6ab0000, 0x00000007a8000000)
 concurrent mark-sweep generation total 393216K, used 31001K [0x00000007a8000000, 0x00000007c0000000, 0x00000007c0000000)
 Metaspace       used 42864K, capacity 43658K, committed 43792K, reserved 1087488K
  class space    used 4663K, capacity 4848K, committed 4888K, reserved 1048576K
2016-12-26T10:19:28.312-0100: 240.517: [GC (Allocation Failure) 2016-12-26T10:19:28.312-0100: 240.518: [ParNew
Desired survivor size 20112992 bytes, new threshold 8 (max 8)
- age   1:    3605552 bytes,    3605552 total
- age   2:      26872 bytes,    3632424 total
- age   3:      22288 bytes,    3654712 total
- age   4:     727264 bytes,    4381976 total
- age   5:     363288 bytes,    4745264 total
- age   6:      23928 bytes,    4769192 total
- age   7:     489616 bytes,    5258808 total
- age   8:      20872 bytes,    5279680 total
: 96683K->6999K(109248K), 0.0069411 secs] 127685K->38647K(502464K), 0.0070190 secs] [Times: user=0.02 sys=0.00, real=0.00 secs] 
Heap after GC invocations=41 (full 2):
 par new generation   total 109248K, used 6999K [0x00000007a0000000, 0x00000007a8000000, 0x00000007a8000000)
  eden space 87424K,   0% used [0x00000007a0000000, 0x00000007a0000000, 0x00000007a5560000)
  from space 21824K,  32% used [0x00000007a6ab0000, 0x00000007a7185fd0, 0x00000007a8000000)
  to   space 21824K,   0% used [0x00000007a5560000, 0x00000007a5560000, 0x00000007a6ab0000)
 concurrent mark-sweep generation total 393216K, used 31647K [0x00000007a8000000, 0x00000007c0000000, 0x00000007c0000000)
 Metaspace       used 42864K, capacity 43658K, committed 43792K, reserved 1087488K
  class space    used 4663K, capacity 4848K, committed 4888K, reserved 1048576K
}
2016-12-26T10:19:28.319-0100: 240.525: Total time for which application threads were stopped: 0.0074265 seconds, Stopping threads took: 0.0000344 seconds
{Heap before GC invocations=41 (full 2):
 par new generation   total 109248K, used 94423K [0x00000007a0000000, 0x00000007a8000000, 0x00000007a8000000)
  eden space 87424K, 100% used [0x00000007a0000000, 0x00000007a5560000, 0x00000007a5560000)
  from space 21824K,  32% used [0x00000007a6ab0000, 0x00000007a7185fd0, 0x00000007a8000000)
  to   space 21824K,   0% used [0x00000007a5560000, 0x00000007a5560000, 0x00000007a6ab0000)
 concurrent mark-sweep generation total 393216K, used 31647K [0x00000007a8000000, 0x00000007c0000000, 0x00000007c0000000)
 Metaspace       used 42864K, capacity 43658K, committed 43792K, reserved 1087488K
  class space    used 4663K, capacity 4848K, committed 4888K, reserved 1048576K
2016-12-26T10:19:29.140-0100: 241.345: [GC (Allocation Failure) 2016-12-26T10:19:29.140-0100: 241.345: [ParNew
Desired survivor size 20112992 bytes, new threshold 8 (max 8)
- age   1:     959032 bytes,     959032 total
- age   2:    3118720 bytes,    4077752 total
- age   3:      18896 bytes,    4096648 total
- age   4:      12144 bytes,    4108792 total
- age   5:     723240 bytes,    4832032 total
- age   6:     363288 bytes,    5195320 total
- age   7:      23144 bytes,    5218464 total
- age   8:     488064 bytes,    5706528 total
: 94423K->6967K(109248K), 0.0067189 secs] 126071K->38635K(502464K), 0.0067946 secs] [Times: user=0.01 sys=0.00, real=0.00 secs] 
Heap after GC invocations=42 (full 2):
 par new generation   total 109248K, used 6967K [0x00000007a0000000, 0x00000007a8000000, 0x00000007a8000000)
  eden space 87424K,   0% used [0x00000007a0000000, 0x00000007a0000000, 0x00000007a5560000)
  from space 21824K,  31% used [0x00000007a5560000, 0x00000007a5c2dff0, 0x00000007a6ab0000)
  to   space 21824K,   0% used [0x00000007a6ab0000, 0x00000007a6ab0000, 0x00000007a8000000)
 concurrent mark-sweep generation total 393216K, used 31667K [0x00000007a8000000, 0x00000007c0000000, 0x00000007c0000000)
 Metaspace       used 42864K, capacity 43658K, committed 43792K, reserved 1087488K
  class space    used 4663K, capacity 4848K, committed 4888K, reserved 1048576K
}
2016-12-26T10:19:29.146-0100: 241.352: Total time for which application threads were stopped: 0.0071616 seconds, Stopping threads took: 0.0000556 seconds
{Heap before GC invocations=42 (full 2):
 par new generation   total 109248K, used 94391K [0x00000007a0000000, 0x00000007a8000000, 0x00000007a8000000)
  eden space 87424K, 100% used [0x00000007a0000000, 0x00000007a5560000, 0x00000007a5560000)
  from space 21824K,  31% used [0x00000007a5560000, 0x00000007a5c2dff0, 0x00000007a6ab0000)
  to   space 21824K,   0% used [0x00000007a6ab0000, 0x00000007a6ab0000, 0x00000007a8000000)
 concurrent mark-sweep generation total 393216K, used 31667K [0x00000007a8000000, 0x00000007c0000000, 0x00000007c0000000)
 Metaspace       used 42872K, capacity 43658K, committed 43792K, reserved 1087488K
  class space    used 4663K, capacity 4848K, committed 4888K, reserved 1048576K
2016-12-26T10:19:29.941-0100: 242.146: [GC (Allocation Failure) 2016-12-26T10:19:29.941-0100: 242.146: [ParNew
Desired survivor size 20112992 bytes, new threshold 8 (max 8)
- age   1:    1002728 bytes,    1002728 total
- age   2:     425104 bytes,    1427832 total
- age   3:    3110856 bytes,    4538688 total
- age   4:      16544 bytes,    4555232 total
- age   5:      12144 bytes,    4567376 total
- age   6:     722464 bytes,    5289840 total
- age   7:     363256 bytes,    5653096 total
- age   8:      23144 bytes,    5676240 total
: 94391K->8422K(109248K), 0.0058528 secs] 126059K->40566K(502464K), 0.0059387 secs] [Times: user=0.02 sys=0.01, real=0.00 secs] 
Heap after GC invocations=43 (full 2):
 par new generation   total 109248K, used 8422K [0x00000007a0000000, 0x00000007a8000000, 0x00000007a8000000)
  eden space 87424K,   0% used [0x00000007a0000000, 0x00000007a0000000, 0x00000007a5560000)
  from space 21824K,  38% used [0x00000007a6ab0000, 0x00000007a72e9b70, 0x00000007a8000000)
  to   space 21824K,   0% used [0x00000007a5560000, 0x00000007a5560000, 0x00000007a6ab0000)
 concurrent mark-sweep generation total 393216K, used 32143K [0x00000007a8000000, 0x00000007c0000000, 0x00000007c0000000)
 Metaspace       used 42872K, capacity 43658K, committed 43792K, reserved 1087488K
  class space    used 4663K, capacity 4848K, committed 4888K, reserved 1048576K
}
2016-12-26T10:19:29.947-0100: 242.152: Total time for which application threads were stopped: 0.0062066 seconds, Stopping threads took: 0.0000218 seconds
{Heap before GC invocations=43 (full 2):
 par new generation   total 109248K, used 95846K [0x00000007a0000000, 0x00000007a8000000, 0x00000007a8000000)
  eden space 87424K, 100% used [0x00000007a0000000, 0x00000007a5560000, 0x00000007a5560000)
  from space 21824K,  38% used [0x00000007a6ab0000, 0x00000007a72e9b70, 0x00000007a8000000)
  to   space 21824K,   0% used [0x00000007a5560000, 0x00000007a5560000, 0x00000007a6ab0000)
 concurrent mark-sweep generation total 393216K, used 32143K [0x00000007a8000000, 0x00000007c0000000, 0x00000007c0000000)
 Metaspace       used 42872K, capacity 43658K, committed 43792K, reserved 1087488K
  class space    used 4663K, capacity 4848K, committed 4888K, reserved 1048576K
2016-12-26T10:19:30.669-0100: 242.874: [GC (Allocation Failure) 2016-12-26T10:19:30.669-0100: 242.874: [ParNew
Desired survivor size 20112992 bytes, new threshold 8 (max 8)
- age   1:    1167936 bytes,    1167936 total
- age   2:     449840 bytes,    1617776 total
- age   3:     395656 bytes,    2013432 total
- age   4:    3110704 bytes,    5124136 total
- age   5:      16544 bytes,    5140680 total
- age   6:      12144 bytes,    5152824 total
- age   7:     722464 bytes,    5875288 total
- age   8:     363256 bytes,    6238544 total
: 95846K->7767K(109248K), 0.0052136 secs] 127990K->39933K(502464K), 0.0052840 secs] [Times: user=0.01 sys=0.00, real=0.01 secs] 
Heap after GC invocations=44 (full 2):
 par new generation   total 109248K, used 7767K [0x00000007a0000000, 0x00000007a8000000, 0x00000007a8000000)
  eden space 87424K,   0% used [0x00000007a0000000, 0x00000007a0000000, 0x00000007a5560000)
  from space 21824K,  35% used [0x00000007a5560000, 0x00000007a5cf5cc0, 0x00000007a6ab0000)
  to   space 21824K,   0% used [0x00000007a6ab0000, 0x00000007a6ab0000, 0x00000007a8000000)
 concurrent mark-sweep generation total 393216K, used 32166K [0x00000007a8000000, 0x00000007c0000000, 0x00000007c0000000)
 Metaspace       used 42872K, capacity 43658K, committed 43792K, reserved 1087488K
  class space    used 4663K, capacity 4848K, committed 4888K, reserved 1048576K
}
2016-12-26T10:19:30.674-0100: 242.879: Total time for which application threads were stopped: 0.0055253 seconds, Stopping threads took: 0.0000224 seconds
2016-12-26T10:19:30.794-0100: 242.999: Total time for which application threads were stopped: 0.0003204 seconds, Stopping threads took: 0.0000578 seconds
2016-12-26T10:19:30.795-0100: 243.000: Total time for which application threads were stopped: 0.0002591 seconds, Stopping threads took: 0.0000619 seconds
2016-12-26T10:19:30.798-0100: 243.003: Total time for which application threads were stopped: 0.0002553 seconds, Stopping threads took: 0.0000625 seconds
2016-12-26T10:19:30.869-0100: 243.074: Total time for which application threads were stopped: 0.0001470 seconds, Stopping threads took: 0.0000245 seconds
2016-12-26T10:19:31.163-0100: 243.368: Total time for which application threads were stopped: 0.0002421 seconds, Stopping threads took: 0.0000765 seconds
2016-12-26T10:19:31.190-0100: 243.395: Total time for which application threads were stopped: 0.0003516 seconds, Stopping threads took: 0.0000970 seconds
2016-12-26T10:19:31.193-0100: 243.398: Total time for which application threads were stopped: 0.0002494 seconds, Stopping threads took: 0.0000336 seconds
{Heap before GC invocations=44 (full 2):
 par new generation   total 109248K, used 95191K [0x00000007a0000000, 0x00000007a8000000, 0x00000007a8000000)
  eden space 87424K, 100% used [0x00000007a0000000, 0x00000007a5560000, 0x00000007a5560000)
  from space 21824K,  35% used [0x00000007a5560000, 0x00000007a5cf5cc0, 0x00000007a6ab0000)
  to   space 21824K,   0% used [0x00000007a6ab0000, 0x00000007a6ab0000, 0x00000007a8000000)
 concurrent mark-sweep generation total 393216K, used 32166K [0x00000007a8000000, 0x00000007c0000000, 0x00000007c0000000)
 Metaspace       used 42931K, capacity 43786K, committed 44048K, reserved 1089536K
  class space    used 4663K, capacity 4848K, committed 4888K, reserved 1048576K
2016-12-26T10:19:31.368-0100: 243.573: [GC (Allocation Failure) 2016-12-26T10:19:31.368-0100: 243.573: [ParNew
Desired survivor size 20112992 bytes, new threshold 8 (max 8)
- age   1:    3428760 bytes,    3428760 total
- age   2:      16880 bytes,    3445640 total
- age   3:      20448 bytes,    3466088 total
- age   4:      13440 bytes,    3479528 total
- age   5:    1350784 bytes,    4830312 total
- age   6:      16512 bytes,    4846824 total
- age   7:      12144 bytes,    4858968 total
- age   8:     721200 bytes,    5580168 total
: 95191K->9128K(109248K), 0.0072697 secs] 127357K->41650K(502464K), 0.0073744 secs] [Times: user=0.02 sys=0.00, real=0.01 secs] 
Heap after GC invocations=45 (full 2):
 par new generation   total 109248K, used 9128K [0x00000007a0000000, 0x00000007a8000000, 0x00000007a8000000)
  eden space 87424K,   0% used [0x00000007a0000000, 0x00000007a0000000, 0x00000007a5560000)
  from space 21824K,  41% used [0x00000007a6ab0000, 0x00000007a739a3b8, 0x00000007a8000000)
  to   space 21824K,   0% used [0x00000007a5560000, 0x00000007a5560000, 0x00000007a6ab0000)
 concurrent mark-sweep generation total 393216K, used 32521K [0x00000007a8000000, 0x00000007c0000000, 0x00000007c0000000)
 Metaspace       used 42931K, capacity 43786K, committed 44048K, reserved 1089536K
  class space    used 4663K, capacity 4848K, committed 4888K, reserved 1048576K
}
2016-12-26T10:19:31.375-0100: 243.580: Total time for which application threads were stopped: 0.0076649 seconds, Stopping threads took: 0.0000358 seconds
2016-12-26T10:19:31.375-0100: 243.580: Total time for which application threads were stopped: 0.0003132 seconds, Stopping threads took: 0.0000665 seconds
{Heap before GC invocations=45 (full 2):
 par new generation   total 109248K, used 96515K [0x00000007a0000000, 0x00000007a8000000, 0x00000007a8000000)
  eden space 87424K,  99% used [0x00000007a0000000, 0x00000007a5556898, 0x00000007a5560000)
  from space 21824K,  41% used [0x00000007a6ab0000, 0x00000007a739a3b8, 0x00000007a8000000)
  to   space 21824K,   0% used [0x00000007a5560000, 0x00000007a5560000, 0x00000007a6ab0000)
 concurrent mark-sweep generation total 393216K, used 32521K [0x00000007a8000000, 0x00000007c0000000, 0x00000007c0000000)
 Metaspace       used 42931K, capacity 43786K, committed 44048K, reserved 1089536K
  class space    used 4663K, capacity 4848K, committed 4888K, reserved 1048576K
2016-12-26T10:19:32.167-0100: 244.372: [GC (Allocation Failure) 2016-12-26T10:19:32.167-0100: 244.372: [ParNew
Desired survivor size 20112992 bytes, new threshold 8 (max 8)
- age   1:    1055704 bytes,    1055704 total
- age   2:    3006312 bytes,    4062016 total
- age   3:       9040 bytes,    4071056 total
- age   4:      19672 bytes,    4090728 total
- age   5:      12664 bytes,    4103392 total
- age   6:    1349120 bytes,    5452512 total
- age   7:      15728 bytes,    5468240 total
- age   8:      12144 bytes,    5480384 total
: 96515K->7332K(109248K), 0.0073549 secs] 129036K->40558K(502464K), 0.0074550 secs] [Times: user=0.02 sys=0.00, real=0.01 secs] 
Heap after GC invocations=46 (full 2):
 par new generation   total 109248K, used 7332K [0x00000007a0000000, 0x00000007a8000000, 0x00000007a8000000)
  eden space 87424K,   0% used [0x00000007a0000000, 0x00000007a0000000, 0x00000007a5560000)
  from space 21824K,  33% used [0x00000007a5560000, 0x00000007a5c89328, 0x00000007a6ab0000)
  to   space 21824K,   0% used [0x00000007a6ab0000, 0x00000007a6ab0000, 0x00000007a8000000)
 concurrent mark-sweep generation total 393216K, used 33225K [0x00000007a8000000, 0x00000007c0000000, 0x00000007c0000000)
 Metaspace       used 42931K, capacity 43786K, committed 44048K, reserved 1089536K
  class space    used 4663K, capacity 4848K, committed 4888K, reserved 1048576K
}
2016-12-26T10:19:32.174-0100: 244.379: Total time for which application threads were stopped: 0.0077508 seconds, Stopping threads took: 0.0000250 seconds
{Heap before GC invocations=46 (full 2):
 par new generation   total 109248K, used 94756K [0x00000007a0000000, 0x00000007a8000000, 0x00000007a8000000)
  eden space 87424K, 100% used [0x00000007a0000000, 0x00000007a5560000, 0x00000007a5560000)
  from space 21824K,  33% used [0x00000007a5560000, 0x00000007a5c89328, 0x00000007a6ab0000)
  to   space 21824K,   0% used [0x00000007a6ab0000, 0x00000007a6ab0000, 0x00000007a8000000)
 concurrent mark-sweep generation total 393216K, used 33225K [0x00000007a8000000, 0x00000007c0000000, 0x00000007c0000000)
 Metaspace       used 42931K, capacity 43786K, committed 44048K, reserved 1089536K
  class space    used 4663K, capacity 4848K, committed 4888K, reserved 1048576K
2016-12-26T10:19:32.859-0100: 245.065: [GC (Allocation Failure) 2016-12-26T10:19:32.860-0100: 245.065: [ParNew
Desired survivor size 20112992 bytes, new threshold 8 (max 8)
- age   1:    1020184 bytes,    1020184 total
- age   2:     442784 bytes,    1462968 total
- age   3:    3100456 bytes,    4563424 total
- age   4:       9040 bytes,    4572464 total
- age   5:      13424 bytes,    4585888 total
- age   6:      12632 bytes,    4598520 total
- age   7:    1348336 bytes,    5946856 total
- age   8:      15728 bytes,    5962584 total
: 94756K->8020K(109248K), 0.0054277 secs] 127982K->41258K(502464K), 0.0054965 secs] [Times: user=0.02 sys=0.00, real=0.01 secs] 
Heap after GC invocations=47 (full 2):
 par new generation   total 109248K, used 8020K [0x00000007a0000000, 0x00000007a8000000, 0x00000007a8000000)
  eden space 87424K,   0% used [0x00000007a0000000, 0x00000007a0000000, 0x00000007a5560000)
  from space 21824K,  36% used [0x00000007a6ab0000, 0x00000007a7285320, 0x00000007a8000000)
  to   space 21824K,   0% used [0x00000007a5560000, 0x00000007a5560000, 0x00000007a6ab0000)
 concurrent mark-sweep generation total 393216K, used 33237K [0x00000007a8000000, 0x00000007c0000000, 0x00000007c0000000)
 Metaspace       used 42931K, capacity 43786K, committed 44048K, reserved 1089536K
  class space    used 4663K, capacity 4848K, committed 4888K, reserved 1048576K
}
2016-12-26T10:19:32.865-0100: 245.070: Total time for which application threads were stopped: 0.0057269 seconds, Stopping threads took: 0.0000220 seconds
{Heap before GC invocations=47 (full 2):
 par new generation   total 109248K, used 95444K [0x00000007a0000000, 0x00000007a8000000, 0x00000007a8000000)
  eden space 87424K, 100% used [0x00000007a0000000, 0x00000007a5560000, 0x00000007a5560000)
  from space 21824K,  36% used [0x00000007a6ab0000, 0x00000007a7285320, 0x00000007a8000000)
  to   space 21824K,   0% used [0x00000007a5560000, 0x00000007a5560000, 0x00000007a6ab0000)
 concurrent mark-sweep generation total 393216K, used 33237K [0x00000007a8000000, 0x00000007c0000000, 0x00000007c0000000)
 Metaspace       used 42946K, capacity 43786K, committed 44048K, reserved 1089536K
  class space    used 4663K, capacity 4848K, committed 4888K, reserved 1048576K
2016-12-26T10:19:33.663-0100: 245.868: [GC (Allocation Failure) 2016-12-26T10:19:33.663-0100: 245.868: [ParNew
Desired survivor size 20112992 bytes, new threshold 8 (max 8)
- age   1:    1082200 bytes,    1082200 total
- age   2:     505168 bytes,    1587368 total
- age   3:     419368 bytes,    2006736 total
- age   4:    2994056 bytes,    5000792 total
- age   5:       6696 bytes,    5007488 total
- age   6:      13424 bytes,    5020912 total
- age   7:      11072 bytes,    5031984 total
- age   8:    1348336 bytes,    6380320 total
: 95444K->7743K(109248K), 0.0050262 secs] 128682K->40996K(502464K), 0.0051080 secs] [Times: user=0.02 sys=0.00, real=0.00 secs] 
Heap after GC invocations=48 (full 2):
 par new generation   total 109248K, used 7743K [0x00000007a0000000, 0x00000007a8000000, 0x00000007a8000000)
  eden space 87424K,   0% used [0x00000007a0000000, 0x00000007a0000000, 0x00000007a5560000)
  from space 21824K,  35% used [0x00000007a5560000, 0x00000007a5ceff50, 0x00000007a6ab0000)
  to   space 21824K,   0% used [0x00000007a6ab0000, 0x00000007a6ab0000, 0x00000007a8000000)
 concurrent mark-sweep generation total 393216K, used 33252K [0x00000007a8000000, 0x00000007c0000000, 0x00000007c0000000)
 Metaspace       used 42946K, capacity 43786K, committed 44048K, reserved 1089536K
  class space    used 4663K, capacity 4848K, committed 4888K, reserved 1048576K
}
2016-12-26T10:19:33.668-0100: 245.873: Total time for which application threads were stopped: 0.0053844 seconds, Stopping threads took: 0.0000265 seconds
2016-12-26T10:19:33.843-0100: 246.048: Total time for which application threads were stopped: 0.0002081 seconds, Stopping threads took: 0.0000275 seconds
2016-12-26T10:19:33.911-0100: 246.116: Total time for which application threads were stopped: 0.0001918 seconds, Stopping threads took: 0.0000367 seconds
2016-12-26T10:19:34.175-0100: 246.380: Total time for which application threads were stopped: 0.0003247 seconds, Stopping threads took: 0.0001183 seconds
2016-12-26T10:19:34.240-0100: 246.445: Total time for which application threads were stopped: 0.0001824 seconds, Stopping threads took: 0.0000285 seconds
{Heap before GC invocations=48 (full 2):
 par new generation   total 109248K, used 95167K [0x00000007a0000000, 0x00000007a8000000, 0x00000007a8000000)
  eden space 87424K, 100% used [0x00000007a0000000, 0x00000007a5560000, 0x00000007a5560000)
  from space 21824K,  35% used [0x00000007a5560000, 0x00000007a5ceff50, 0x00000007a6ab0000)
  to   space 21824K,   0% used [0x00000007a6ab0000, 0x00000007a6ab0000, 0x00000007a8000000)
 concurrent mark-sweep generation total 393216K, used 33252K [0x00000007a8000000, 0x00000007c0000000, 0x00000007c0000000)
 Metaspace       used 42971K, capacity 43790K, committed 44048K, reserved 1089536K
  class space    used 4663K, capacity 4848K, committed 4888K, reserved 1048576K
2016-12-26T10:19:34.392-0100: 246.597: [GC (Allocation Failure) 2016-12-26T10:19:34.392-0100: 246.597: [ParNew
Desired survivor size 20112992 bytes, new threshold 8 (max 8)
- age   1:    3457592 bytes,    3457592 total
- age   2:      34408 bytes,    3492000 total
- age   3:      22384 bytes,    3514384 total
- age   4:      11912 bytes,    3526296 total
- age   5:    1210816 bytes,    4737112 total
- age   6:       6696 bytes,    4743808 total
- age   7:      13424 bytes,    4757232 total
- age   8:      11072 bytes,    4768304 total
: 95167K->8065K(109248K), 0.0108687 secs] 128420K->42635K(502464K), 0.0109657 secs] [Times: user=0.02 sys=0.00, real=0.01 secs] 
Heap after GC invocations=49 (full 2):
 par new generation   total 109248K, used 8065K [0x00000007a0000000, 0x00000007a8000000, 0x00000007a8000000)
  eden space 87424K,   0% used [0x00000007a0000000, 0x00000007a0000000, 0x00000007a5560000)
  from space 21824K,  36% used [0x00000007a6ab0000, 0x00000007a7290690, 0x00000007a8000000)
  to   space 21824K,   0% used [0x00000007a5560000, 0x00000007a5560000, 0x00000007a6ab0000)
 concurrent mark-sweep generation total 393216K, used 34569K [0x00000007a8000000, 0x00000007c0000000, 0x00000007c0000000)
 Metaspace       used 42971K, capacity 43790K, committed 44048K, reserved 1089536K
  class space    used 4663K, capacity 4848K, committed 4888K, reserved 1048576K
}
2016-12-26T10:19:34.403-0100: 246.608: Total time for which application threads were stopped: 0.0112648 seconds, Stopping threads took: 0.0000316 seconds
{Heap before GC invocations=49 (full 2):
 par new generation   total 109248K, used 95482K [0x00000007a0000000, 0x00000007a8000000, 0x00000007a8000000)
  eden space 87424K,  99% used [0x00000007a0000000, 0x00000007a555e2b8, 0x00000007a5560000)
  from space 21824K,  36% used [0x00000007a6ab0000, 0x00000007a7290690, 0x00000007a8000000)
  to   space 21824K,   0% used [0x00000007a5560000, 0x00000007a5560000, 0x00000007a6ab0000)
 concurrent mark-sweep generation total 393216K, used 34569K [0x00000007a8000000, 0x00000007c0000000, 0x00000007c0000000)
 Metaspace       used 42975K, capacity 43790K, committed 44048K, reserved 1089536K
  class space    used 4663K, capacity 4848K, committed 4888K, reserved 1048576K
2016-12-26T10:19:35.244-0100: 247.449: [GC (Allocation Failure) 2016-12-26T10:19:35.244-0100: 247.449: [ParNew
Desired survivor size 20112992 bytes, new threshold 8 (max 8)
- age   1:     984808 bytes,     984808 total
- age   2:    3080560 bytes,    4065368 total
- age   3:      18056 bytes,    4083424 total
- age   4:      17536 bytes,    4100960 total
- age   5:      10360 bytes,    4111320 total
- age   6:    1207536 bytes,    5318856 total
- age   7:       6696 bytes,    5325552 total
- age   8:      13392 bytes,    5338944 total
: 95482K->6898K(109248K), 0.0061465 secs] 130052K->41478K(502464K), 0.0062191 secs] [Times: user=0.01 sys=0.00, real=0.01 secs] 
Heap after GC invocations=50 (full 2):
 par new generation   total 109248K, used 6898K [0x00000007a0000000, 0x00000007a8000000, 0x00000007a8000000)
  eden space 87424K,   0% used [0x00000007a0000000, 0x00000007a0000000, 0x00000007a5560000)
  from space 21824K,  31% used [0x00000007a5560000, 0x00000007a5c1c878, 0x00000007a6ab0000)
  to   space 21824K,   0% used [0x00000007a6ab0000, 0x00000007a6ab0000, 0x00000007a8000000)
 concurrent mark-sweep generation total 393216K, used 34580K [0x00000007a8000000, 0x00000007c0000000, 0x00000007c0000000)
 Metaspace       used 42975K, capacity 43790K, committed 44048K, reserved 1089536K
  class space    used 4663K, capacity 4848K, committed 4888K, reserved 1048576K
}
2016-12-26T10:19:35.251-0100: 247.456: Total time for which application threads were stopped: 0.0064843 seconds, Stopping threads took: 0.0000264 seconds
2016-12-26T10:19:36.252-0100: 248.457: Total time for which application threads were stopped: 0.0001931 seconds, Stopping threads took: 0.0000321 seconds
{Heap before GC invocations=50 (full 2):
 par new generation   total 109248K, used 94308K [0x00000007a0000000, 0x00000007a8000000, 0x00000007a8000000)
  eden space 87424K,  99% used [0x00000007a0000000, 0x00000007a555c820, 0x00000007a5560000)
  from space 21824K,  31% used [0x00000007a5560000, 0x00000007a5c1c878, 0x00000007a6ab0000)
  to   space 21824K,   0% used [0x00000007a6ab0000, 0x00000007a6ab0000, 0x00000007a8000000)
 concurrent mark-sweep generation total 393216K, used 34580K [0x00000007a8000000, 0x00000007c0000000, 0x00000007c0000000)
 Metaspace       used 42975K, capacity 43790K, committed 44048K, reserved 1089536K
  class space    used 4663K, capacity 4848K, committed 4888K, reserved 1048576K
2016-12-26T10:19:36.435-0100: 248.640: [GC (Allocation Failure) 2016-12-26T10:19:36.435-0100: 248.640: [ParNew
Desired survivor size 20112992 bytes, new threshold 8 (max 8)
- age   1:    1011584 bytes,    1011584 total
- age   2:     427960 bytes,    1439544 total
- age   3:    3011520 bytes,    4451064 total
- age   4:      14168 bytes,    4465232 total
- age   5:      16752 bytes,    4481984 total
- age   6:      10360 bytes,    4492344 total
- age   7:    1207536 bytes,    5699880 total
- age   8:       6672 bytes,    5706552 total
: 94308K->7035K(109248K), 0.0055604 secs] 128888K->41628K(502464K), 0.0056449 secs] [Times: user=0.01 sys=0.00, real=0.01 secs] 
Heap after GC invocations=51 (full 2):
 par new generation   total 109248K, used 7035K [0x00000007a0000000, 0x00000007a8000000, 0x00000007a8000000)
  eden space 87424K,   0% used [0x00000007a0000000, 0x00000007a0000000, 0x00000007a5560000)
  from space 21824K,  32% used [0x00000007a6ab0000, 0x00000007a718ec68, 0x00000007a8000000)
  to   space 21824K,   0% used [0x00000007a5560000, 0x00000007a5560000, 0x00000007a6ab0000)
 concurrent mark-sweep generation total 393216K, used 34593K [0x00000007a8000000, 0x00000007c0000000, 0x00000007c0000000)
 Metaspace       used 42975K, capacity 43790K, committed 44048K, reserved 1089536K
  class space    used 4663K, capacity 4848K, committed 4888K, reserved 1048576K
}
2016-12-26T10:19:36.441-0100: 248.646: Total time for which application threads were stopped: 0.0059451 seconds, Stopping threads took: 0.0000314 seconds
2016-12-26T10:19:36.901-0100: 249.105: Total time for which application threads were stopped: 0.0001624 seconds, Stopping threads took: 0.0000247 seconds
2016-12-26T10:19:36.936-0100: 249.141: Total time for which application threads were stopped: 0.0002762 seconds, Stopping threads took: 0.0000387 seconds
2016-12-26T10:19:37.207-0100: 249.412: Total time for which application threads were stopped: 0.0003015 seconds, Stopping threads took: 0.0000728 seconds
2016-12-26T10:19:37.242-0100: 249.447: Total time for which application threads were stopped: 0.0002040 seconds, Stopping threads took: 0.0000492 seconds
2016-12-26T10:19:37.243-0100: 249.448: Total time for which application threads were stopped: 0.0002105 seconds, Stopping threads took: 0.0000477 seconds
2016-12-26T10:19:37.243-0100: 249.448: Total time for which application threads were stopped: 0.0001649 seconds, Stopping threads took: 0.0000188 seconds
2016-12-26T10:19:37.244-0100: 249.449: Total time for which application threads were stopped: 0.0001684 seconds, Stopping threads took: 0.0000346 seconds
2016-12-26T10:19:37.244-0100: 249.449: Total time for which application threads were stopped: 0.0001688 seconds, Stopping threads took: 0.0000270 seconds
2016-12-26T10:19:37.281-0100: 249.486: Total time for which application threads were stopped: 0.0003929 seconds, Stopping threads took: 0.0000501 seconds
{Heap before GC invocations=51 (full 2):
 par new generation   total 109248K, used 94459K [0x00000007a0000000, 0x00000007a8000000, 0x00000007a8000000)
  eden space 87424K, 100% used [0x00000007a0000000, 0x00000007a5560000, 0x00000007a5560000)
  from space 21824K,  32% used [0x00000007a6ab0000, 0x00000007a718ec68, 0x00000007a8000000)
  to   space 21824K,   0% used [0x00000007a5560000, 0x00000007a5560000, 0x00000007a6ab0000)
 concurrent mark-sweep generation total 393216K, used 34593K [0x00000007a8000000, 0x00000007c0000000, 0x00000007c0000000)
 Metaspace       used 43185K, capacity 44014K, committed 44048K, reserved 1089536K
  class space    used 4690K, capacity 4880K, committed 4888K, reserved 1048576K
2016-12-26T10:19:37.305-0100: 249.510: [GC (Allocation Failure) 2016-12-26T10:19:37.305-0100: 249.510: [ParNew
Desired survivor size 20112992 bytes, new threshold 8 (max 8)
- age   1:    3561920 bytes,    3561920 total
- age   2:      26448 bytes,    3588368 total
- age   3:      22768 bytes,    3611136 total
- age   4:    1229536 bytes,    4840672 total
- age   5:      14120 bytes,    4854792 total
- age   6:      16672 bytes,    4871464 total
- age   7:      10360 bytes,    4881824 total
- age   8:    1206144 bytes,    6087968 total
: 94459K->8433K(109248K), 0.0371748 secs] 129052K->43033K(502464K), 0.0373740 secs] [Times: user=0.04 sys=0.01, real=0.04 secs] 
Heap after GC invocations=52 (full 2):
 par new generation   total 109248K, used 8433K [0x00000007a0000000, 0x00000007a8000000, 0x00000007a8000000)
  eden space 87424K,   0% used [0x00000007a0000000, 0x00000007a0000000, 0x00000007a5560000)
  from space 21824K,  38% used [0x00000007a5560000, 0x00000007a5d9c650, 0x00000007a6ab0000)
  to   space 21824K,   0% used [0x00000007a6ab0000, 0x00000007a6ab0000, 0x00000007a8000000)
 concurrent mark-sweep generation total 393216K, used 34600K [0x00000007a8000000, 0x00000007c0000000, 0x00000007c0000000)
 Metaspace       used 43185K, capacity 44014K, committed 44048K, reserved 1089536K
  class space    used 4690K, capacity 4880K, committed 4888K, reserved 1048576K
}
2016-12-26T10:19:37.342-0100: 249.547: Total time for which application threads were stopped: 0.0379690 seconds, Stopping threads took: 0.0000737 seconds
2016-12-26T10:19:38.345-0100: 250.550: Total time for which application threads were stopped: 0.0002706 seconds, Stopping threads took: 0.0000633 seconds
2016-12-26T10:19:38.603-0100: 250.808: Total time for which application threads were stopped: 0.0018840 seconds, Stopping threads took: 0.0001542 seconds
2016-12-26T10:19:38.636-0100: 250.841: Total time for which application threads were stopped: 0.0013087 seconds, Stopping threads took: 0.0000367 seconds
{Heap before GC invocations=52 (full 2):
 par new generation   total 109248K, used 95852K [0x00000007a0000000, 0x00000007a8000000, 0x00000007a8000000)
  eden space 87424K,  99% used [0x00000007a0000000, 0x00000007a555ea50, 0x00000007a5560000)
  from space 21824K,  38% used [0x00000007a5560000, 0x00000007a5d9c650, 0x00000007a6ab0000)
  to   space 21824K,   0% used [0x00000007a6ab0000, 0x00000007a6ab0000, 0x00000007a8000000)
 concurrent mark-sweep generation total 393216K, used 34600K [0x00000007a8000000, 0x00000007c0000000, 0x00000007c0000000)
 Metaspace       used 43574K, capacity 44376K, committed 44688K, reserved 1089536K
  class space    used 4718K, capacity 4912K, committed 5016K, reserved 1048576K
2016-12-26T10:19:38.658-0100: 250.863: [GC (Allocation Failure) 2016-12-26T10:19:38.658-0100: 250.863: [ParNew
Desired survivor size 20112992 bytes, new threshold 8 (max 8)
- age   1:    3839568 bytes,    3839568 total
- age   2:    2933480 bytes,    6773048 total
- age   3:      23304 bytes,    6796352 total
- age   4:      18784 bytes,    6815136 total
- age   5:    1226280 bytes,    8041416 total
- age   6:      14072 bytes,    8055488 total
- age   7:      16600 bytes,    8072088 total
- age   8:      10336 bytes,    8082424 total
: 95852K->9444K(109248K), 0.0071728 secs] 130452K->45222K(502464K), 0.0072814 secs] [Times: user=0.02 sys=0.00, real=0.01 secs] 
Heap after GC invocations=53 (full 2):
 par new generation   total 109248K, used 9444K [0x00000007a0000000, 0x00000007a8000000, 0x00000007a8000000)
  eden space 87424K,   0% used [0x00000007a0000000, 0x00000007a0000000, 0x00000007a5560000)
  from space 21824K,  43% used [0x00000007a6ab0000, 0x00000007a73e9118, 0x00000007a8000000)
  to   space 21824K,   0% used [0x00000007a5560000, 0x00000007a5560000, 0x00000007a6ab0000)
 concurrent mark-sweep generation total 393216K, used 35778K [0x00000007a8000000, 0x00000007c0000000, 0x00000007c0000000)
 Metaspace       used 43574K, capacity 44376K, committed 44688K, reserved 1089536K
  class space    used 4718K, capacity 4912K, committed 5016K, reserved 1048576K
}
2016-12-26T10:19:38.665-0100: 250.870: Total time for which application threads were stopped: 0.0077930 seconds, Stopping threads took: 0.0001197 seconds
2016-12-26T10:19:39.669-0100: 251.874: Total time for which application threads were stopped: 0.0002770 seconds, Stopping threads took: 0.0000393 seconds
{Heap before GC invocations=53 (full 2):
 par new generation   total 109248K, used 96868K [0x00000007a0000000, 0x00000007a8000000, 0x00000007a8000000)
  eden space 87424K, 100% used [0x00000007a0000000, 0x00000007a5560000, 0x00000007a5560000)
  from space 21824K,  43% used [0x00000007a6ab0000, 0x00000007a73e9118, 0x00000007a8000000)
  to   space 21824K,   0% used [0x00000007a5560000, 0x00000007a5560000, 0x00000007a6ab0000)
 concurrent mark-sweep generation total 393216K, used 35778K [0x00000007a8000000, 0x00000007c0000000, 0x00000007c0000000)
 Metaspace       used 43611K, capacity 44440K, committed 44688K, reserved 1089536K
  class space    used 4723K, capacity 4912K, committed 5016K, reserved 1048576K
2016-12-26T10:19:39.727-0100: 251.932: [GC (Allocation Failure) 2016-12-26T10:19:39.727-0100: 251.932: [ParNew
Desired survivor size 20112992 bytes, new threshold 8 (max 8)
- age   1:    1388656 bytes,    1388656 total
- age   2:    3017520 bytes,    4406176 total
- age   3:    2722656 bytes,    7128832 total
- age   4:      19368 bytes,    7148200 total
- age   5:      15568 bytes,    7163768 total
- age   6:    1226040 bytes,    8389808 total
- age   7:      13952 bytes,    8403760 total
- age   8:      16504 bytes,    8420264 total
: 96868K->13556K(109248K), 0.0051672 secs] 132646K->49345K(502464K), 0.0052664 secs] [Times: user=0.02 sys=0.00, real=0.01 secs] 
Heap after GC invocations=54 (full 2):
 par new generation   total 109248K, used 13556K [0x00000007a0000000, 0x00000007a8000000, 0x00000007a8000000)
  eden space 87424K,   0% used [0x00000007a0000000, 0x00000007a0000000, 0x00000007a5560000)
  from space 21824K,  62% used [0x00000007a5560000, 0x00000007a629d2c0, 0x00000007a6ab0000)
  to   space 21824K,   0% used [0x00000007a6ab0000, 0x00000007a6ab0000, 0x00000007a8000000)
 concurrent mark-sweep generation total 393216K, used 35788K [0x00000007a8000000, 0x00000007c0000000, 0x00000007c0000000)
 Metaspace       used 43611K, capacity 44440K, committed 44688K, reserved 1089536K
  class space    used 4723K, capacity 4912K, committed 5016K, reserved 1048576K
}
2016-12-26T10:19:39.733-0100: 251.938: Total time for which application threads were stopped: 0.0055134 seconds, Stopping threads took: 0.0000284 seconds
2016-12-26T10:19:39.912-0100: 252.117: Total time for which application threads were stopped: 0.0001749 seconds, Stopping threads took: 0.0000334 seconds
2016-12-26T10:19:39.948-0100: 252.153: Total time for which application threads were stopped: 0.0002727 seconds, Stopping threads took: 0.0000471 seconds
2016-12-26T10:19:39.950-0100: 252.155: Total time for which application threads were stopped: 0.0005429 seconds, Stopping threads took: 0.0001654 seconds
2016-12-26T10:19:39.951-0100: 252.156: Total time for which application threads were stopped: 0.0005149 seconds, Stopping threads took: 0.0001919 seconds
2016-12-26T10:19:39.952-0100: 252.157: Total time for which application threads were stopped: 0.0001892 seconds, Stopping threads took: 0.0000444 seconds
2016-12-26T10:19:39.953-0100: 252.158: Total time for which application threads were stopped: 0.0004191 seconds, Stopping threads took: 0.0001045 seconds
2016-12-26T10:19:39.956-0100: 252.161: Total time for which application threads were stopped: 0.0019373 seconds, Stopping threads took: 0.0015152 seconds
2016-12-26T10:19:39.981-0100: 252.186: Total time for which application threads were stopped: 0.0010465 seconds, Stopping threads took: 0.0006652 seconds
2016-12-26T10:19:39.999-0100: 252.204: Total time for which application threads were stopped: 0.0002881 seconds, Stopping threads took: 0.0000598 seconds
2016-12-26T10:19:40.269-0100: 252.474: Total time for which application threads were stopped: 0.0109568 seconds, Stopping threads took: 0.0107342 seconds
2016-12-26T10:19:40.325-0100: 252.530: Total time for which application threads were stopped: 0.0091591 seconds, Stopping threads took: 0.0089753 seconds
2016-12-26T10:19:40.325-0100: 252.530: Total time for which application threads were stopped: 0.0001457 seconds, Stopping threads took: 0.0000310 seconds
2016-12-26T10:19:40.327-0100: 252.531: Total time for which application threads were stopped: 0.0012121 seconds, Stopping threads took: 0.0010437 seconds
2016-12-26T10:19:40.327-0100: 252.532: Total time for which application threads were stopped: 0.0001432 seconds, Stopping threads took: 0.0000184 seconds
2016-12-26T10:19:40.328-0100: 252.532: Total time for which application threads were stopped: 0.0007641 seconds, Stopping threads took: 0.0006425 seconds
2016-12-26T10:19:40.329-0100: 252.533: Total time for which application threads were stopped: 0.0009316 seconds, Stopping threads took: 0.0007974 seconds
2016-12-26T10:19:40.329-0100: 252.534: Total time for which application threads were stopped: 0.0001314 seconds, Stopping threads took: 0.0000313 seconds
2016-12-26T10:19:40.330-0100: 252.535: Total time for which application threads were stopped: 0.0012239 seconds, Stopping threads took: 0.0010431 seconds
2016-12-26T10:19:40.332-0100: 252.537: Total time for which application threads were stopped: 0.0015194 seconds, Stopping threads took: 0.0009647 seconds
2016-12-26T10:19:40.332-0100: 252.537: Total time for which application threads were stopped: 0.0002307 seconds, Stopping threads took: 0.0000520 seconds
2016-12-26T10:19:40.332-0100: 252.537: Total time for which application threads were stopped: 0.0001638 seconds, Stopping threads took: 0.0000216 seconds
2016-12-26T10:19:40.333-0100: 252.538: Total time for which application threads were stopped: 0.0001615 seconds, Stopping threads took: 0.0000237 seconds
2016-12-26T10:19:40.334-0100: 252.539: Total time for which application threads were stopped: 0.0009641 seconds, Stopping threads took: 0.0008147 seconds
2016-12-26T10:19:40.334-0100: 252.539: Total time for which application threads were stopped: 0.0002515 seconds, Stopping threads took: 0.0000992 seconds
2016-12-26T10:19:40.334-0100: 252.539: Total time for which application threads were stopped: 0.0001441 seconds, Stopping threads took: 0.0000245 seconds
2016-12-26T10:19:40.335-0100: 252.539: Total time for which application threads were stopped: 0.0001149 seconds, Stopping threads took: 0.0000129 seconds
2016-12-26T10:19:40.335-0100: 252.540: Total time for which application threads were stopped: 0.0002066 seconds, Stopping threads took: 0.0000816 seconds
2016-12-26T10:19:40.335-0100: 252.540: Total time for which application threads were stopped: 0.0001409 seconds, Stopping threads took: 0.0000132 seconds
2016-12-26T10:19:40.335-0100: 252.540: Total time for which application threads were stopped: 0.0001275 seconds, Stopping threads took: 0.0000128 seconds
2016-12-26T10:19:40.335-0100: 252.540: Total time for which application threads were stopped: 0.0001268 seconds, Stopping threads took: 0.0000124 seconds
2016-12-26T10:19:40.336-0100: 252.541: Total time for which application threads were stopped: 0.0004050 seconds, Stopping threads took: 0.0002462 seconds
2016-12-26T10:19:40.347-0100: 252.552: Total time for which application threads were stopped: 0.0002657 seconds, Stopping threads took: 0.0000485 seconds
{Heap before GC invocations=54 (full 2):
 par new generation   total 109248K, used 100980K [0x00000007a0000000, 0x00000007a8000000, 0x00000007a8000000)
  eden space 87424K, 100% used [0x00000007a0000000, 0x00000007a5560000, 0x00000007a5560000)
  from space 21824K,  62% used [0x00000007a5560000, 0x00000007a629d2c0, 0x00000007a6ab0000)
  to   space 21824K,   0% used [0x00000007a6ab0000, 0x00000007a6ab0000, 0x00000007a8000000)
 concurrent mark-sweep generation total 393216K, used 35788K [0x00000007a8000000, 0x00000007c0000000, 0x00000007c0000000)
 Metaspace       used 43640K, capacity 44444K, committed 44688K, reserved 1089536K
  class space    used 4723K, capacity 4912K, committed 5016K, reserved 1048576K
2016-12-26T10:19:40.359-0100: 252.564: [GC (Allocation Failure) 2016-12-26T10:19:40.359-0100: 252.564: [ParNew
Desired survivor size 20112992 bytes, new threshold 8 (max 8)
- age   1:    6527232 bytes,    6527232 total
- age   2:     185864 bytes,    6713096 total
- age   3:    2685872 bytes,    9398968 total
- age   4:     566776 bytes,    9965744 total
- age   5:      16432 bytes,    9982176 total
- age   6:      12968 bytes,    9995144 total
- age   7:     999536 bytes,   10994680 total
- age   8:      13952 bytes,   11008632 total
: 100980K->13126K(109248K), 0.0263535 secs] 136769K->48930K(502464K), 0.0264781 secs] [Times: user=0.05 sys=0.00, real=0.03 secs] 
Heap after GC invocations=55 (full 2):
 par new generation   total 109248K, used 13126K [0x00000007a0000000, 0x00000007a8000000, 0x00000007a8000000)
  eden space 87424K,   0% used [0x00000007a0000000, 0x00000007a0000000, 0x00000007a5560000)
  from space 21824K,  60% used [0x00000007a6ab0000, 0x00000007a7781860, 0x00000007a8000000)
  to   space 21824K,   0% used [0x00000007a5560000, 0x00000007a5560000, 0x00000007a6ab0000)
 concurrent mark-sweep generation total 393216K, used 35804K [0x00000007a8000000, 0x00000007c0000000, 0x00000007c0000000)
 Metaspace       used 43640K, capacity 44444K, committed 44688K, reserved 1089536K
  class space    used 4723K, capacity 4912K, committed 5016K, reserved 1048576K
}
2016-12-26T10:19:40.386-0100: 252.591: Total time for which application threads were stopped: 0.0267895 seconds, Stopping threads took: 0.0000373 seconds
{Heap before GC invocations=55 (full 2):
 par new generation   total 109248K, used 100550K [0x00000007a0000000, 0x00000007a8000000, 0x00000007a8000000)
  eden space 87424K, 100% used [0x00000007a0000000, 0x00000007a5560000, 0x00000007a5560000)
  from space 21824K,  60% used [0x00000007a6ab0000, 0x00000007a7781860, 0x00000007a8000000)
  to   space 21824K,   0% used [0x00000007a5560000, 0x00000007a5560000, 0x00000007a6ab0000)
 concurrent mark-sweep generation total 393216K, used 35804K [0x00000007a8000000, 0x00000007c0000000, 0x00000007c0000000)
 Metaspace       used 43669K, capacity 44508K, committed 44688K, reserved 1089536K
  class space    used 4723K, capacity 4912K, committed 5016K, reserved 1048576K
2016-12-26T10:19:41.225-0100: 253.430: [GC (Allocation Failure) 2016-12-26T10:19:41.225-0100: 253.430: [ParNew
Desired survivor size 20112992 bytes, new threshold 8 (max 8)
- age   1:    1382000 bytes,    1382000 total
- age   2:    5784720 bytes,    7166720 total
- age   3:     177072 bytes,    7343792 total
- age   4:    2683456 bytes,   10027248 total
- age   5:     561768 bytes,   10589016 total
- age   6:      15600 bytes,   10604616 total
- age   7:      10584 bytes,   10615200 total
- age   8:     997744 bytes,   11612944 total
: 100550K->15750K(109248K), 0.0056700 secs] 136354K->51569K(502464K), 0.0057448 secs] [Times: user=0.02 sys=0.00, real=0.01 secs] 
Heap after GC invocations=56 (full 2):
 par new generation   total 109248K, used 15750K [0x00000007a0000000, 0x00000007a8000000, 0x00000007a8000000)
  eden space 87424K,   0% used [0x00000007a0000000, 0x00000007a0000000, 0x00000007a5560000)
  from space 21824K,  72% used [0x00000007a5560000, 0x00000007a64c1bf0, 0x00000007a6ab0000)
  to   space 21824K,   0% used [0x00000007a6ab0000, 0x00000007a6ab0000, 0x00000007a8000000)
 concurrent mark-sweep generation total 393216K, used 35818K [0x00000007a8000000, 0x00000007c0000000, 0x00000007c0000000)
 Metaspace       used 43669K, capacity 44508K, committed 44688K, reserved 1089536K
  class space    used 4723K, capacity 4912K, committed 5016K, reserved 1048576K
}
2016-12-26T10:19:41.231-0100: 253.436: Total time for which application threads were stopped: 0.0060598 seconds, Stopping threads took: 0.0000287 seconds
2016-12-26T10:19:41.232-0100: 253.437: Total time for which application threads were stopped: 0.0006284 seconds, Stopping threads took: 0.0000190 seconds
{Heap before GC invocations=56 (full 2):
 par new generation   total 109248K, used 103174K [0x00000007a0000000, 0x00000007a8000000, 0x00000007a8000000)
  eden space 87424K, 100% used [0x00000007a0000000, 0x00000007a5560000, 0x00000007a5560000)
  from space 21824K,  72% used [0x00000007a5560000, 0x00000007a64c1bf0, 0x00000007a6ab0000)
  to   space 21824K,   0% used [0x00000007a6ab0000, 0x00000007a6ab0000, 0x00000007a8000000)
 concurrent mark-sweep generation total 393216K, used 35818K [0x00000007a8000000, 0x00000007c0000000, 0x00000007c0000000)
 Metaspace       used 43669K, capacity 44508K, committed 44688K, reserved 1089536K
  class space    used 4723K, capacity 4912K, committed 5016K, reserved 1048576K
2016-12-26T10:19:42.026-0100: 254.230: [GC (Allocation Failure) 2016-12-26T10:19:42.026-0100: 254.231: [ParNew
Desired survivor size 20112992 bytes, new threshold 8 (max 8)
- age   1:     965456 bytes,     965456 total
- age   2:     837248 bytes,    1802704 total
- age   3:    5779032 bytes,    7581736 total
- age   4:     174696 bytes,    7756432 total
- age   5:    2681088 bytes,   10437520 total
- age   6:     560920 bytes,   10998440 total
- age   7:      13968 bytes,   11012408 total
- age   8:      10584 bytes,   11022992 total
: 103174K->16257K(109248K), 0.0062574 secs] 138993K->53050K(502464K), 0.0063481 secs] [Times: user=0.01 sys=0.00, real=0.01 secs] 
Heap after GC invocations=57 (full 2):
 par new generation   total 109248K, used 16257K [0x00000007a0000000, 0x00000007a8000000, 0x00000007a8000000)
  eden space 87424K,   0% used [0x00000007a0000000, 0x00000007a0000000, 0x00000007a5560000)
  from space 21824K,  74% used [0x00000007a6ab0000, 0x00000007a7a90560, 0x00000007a8000000)
  to   space 21824K,   0% used [0x00000007a5560000, 0x00000007a5560000, 0x00000007a6ab0000)
 concurrent mark-sweep generation total 393216K, used 36792K [0x00000007a8000000, 0x00000007c0000000, 0x00000007c0000000)
 Metaspace       used 43669K, capacity 44508K, committed 44688K, reserved 1089536K
  class space    used 4723K, capacity 4912K, committed 5016K, reserved 1048576K
}
2016-12-26T10:19:42.032-0100: 254.237: Total time for which application threads were stopped: 0.0066362 seconds, Stopping threads took: 0.0000477 seconds
{Heap before GC invocations=57 (full 2):
 par new generation   total 109248K, used 103681K [0x00000007a0000000, 0x00000007a8000000, 0x00000007a8000000)
  eden space 87424K, 100% used [0x00000007a0000000, 0x00000007a5560000, 0x00000007a5560000)
  from space 21824K,  74% used [0x00000007a6ab0000, 0x00000007a7a90560, 0x00000007a8000000)
  to   space 21824K,   0% used [0x00000007a5560000, 0x00000007a5560000, 0x00000007a6ab0000)
 concurrent mark-sweep generation total 393216K, used 36792K [0x00000007a8000000, 0x00000007c0000000, 0x00000007c0000000)
 Metaspace       used 43671K, capacity 44508K, committed 44688K, reserved 1089536K
  class space    used 4723K, capacity 4912K, committed 5016K, reserved 1048576K
2016-12-26T10:19:42.696-0100: 254.901: [GC (Allocation Failure) 2016-12-26T10:19:42.696-0100: 254.901: [ParNew
Desired survivor size 20112992 bytes, new threshold 8 (max 8)
- age   1:    1530040 bytes,    1530040 total
- age   2:     441648 bytes,    1971688 total
- age   3:     790472 bytes,    2762160 total
- age   4:    5205336 bytes,    7967496 total
- age   5:     171568 bytes,    8139064 total
- age   6:    2681088 bytes,   10820152 total
- age   7:     560136 bytes,   11380288 total
- age   8:      13968 bytes,   11394256 total
: 103681K->12950K(109248K), 0.0114366 secs] 140474K->49753K(502464K), 0.0115252 secs] [Times: user=0.03 sys=0.00, real=0.01 secs] 
Heap after GC invocations=58 (full 2):
 par new generation   total 109248K, used 12950K [0x00000007a0000000, 0x00000007a8000000, 0x00000007a8000000)
  eden space 87424K,   0% used [0x00000007a0000000, 0x00000007a0000000, 0x00000007a5560000)
  from space 21824K,  59% used [0x00000007a5560000, 0x00000007a6205a80, 0x00000007a6ab0000)
  to   space 21824K,   0% used [0x00000007a6ab0000, 0x00000007a6ab0000, 0x00000007a8000000)
 concurrent mark-sweep generation total 393216K, used 36803K [0x00000007a8000000, 0x00000007c0000000, 0x00000007c0000000)
 Metaspace       used 43671K, capacity 44508K, committed 44688K, reserved 1089536K
  class space    used 4723K, capacity 4912K, committed 5016K, reserved 1048576K
}
2016-12-26T10:19:42.707-0100: 254.912: Total time for which application threads were stopped: 0.0118900 seconds, Stopping threads took: 0.0000322 seconds
2016-12-26T10:19:42.743-0100: 254.948: Total time for which application threads were stopped: 0.0002878 seconds, Stopping threads took: 0.0000398 seconds
2016-12-26T10:19:42.797-0100: 255.002: Total time for which application threads were stopped: 0.0002171 seconds, Stopping threads took: 0.0000316 seconds
2016-12-26T10:19:42.798-0100: 255.002: Total time for which application threads were stopped: 0.0001627 seconds, Stopping threads took: 0.0000194 seconds
2016-12-26T10:19:42.906-0100: 255.111: Total time for which application threads were stopped: 0.0002453 seconds, Stopping threads took: 0.0000346 seconds
2016-12-26T10:19:42.906-0100: 255.111: Total time for which application threads were stopped: 0.0001482 seconds, Stopping threads took: 0.0000136 seconds
2016-12-26T10:19:42.979-0100: 255.184: Total time for which application threads were stopped: 0.0007054 seconds, Stopping threads took: 0.0005050 seconds
2016-12-26T10:19:42.990-0100: 255.195: Total time for which application threads were stopped: 0.0109692 seconds, Stopping threads took: 0.0107875 seconds
2016-12-26T10:19:42.995-0100: 255.200: Total time for which application threads were stopped: 0.0002950 seconds, Stopping threads took: 0.0001032 seconds
2016-12-26T10:19:42.995-0100: 255.200: Total time for which application threads were stopped: 0.0002449 seconds, Stopping threads took: 0.0000823 seconds
2016-12-26T10:19:42.996-0100: 255.200: Total time for which application threads were stopped: 0.0002607 seconds, Stopping threads took: 0.0001003 seconds
2016-12-26T10:19:42.996-0100: 255.201: Total time for which application threads were stopped: 0.0002428 seconds, Stopping threads took: 0.0000914 seconds
2016-12-26T10:19:42.996-0100: 255.201: Total time for which application threads were stopped: 0.0002022 seconds, Stopping threads took: 0.0000720 seconds
2016-12-26T10:19:42.997-0100: 255.201: Total time for which application threads were stopped: 0.0002122 seconds, Stopping threads took: 0.0000776 seconds
2016-12-26T10:19:42.997-0100: 255.202: Total time for which application threads were stopped: 0.0002163 seconds, Stopping threads took: 0.0000765 seconds
2016-12-26T10:19:42.997-0100: 255.202: Total time for which application threads were stopped: 0.0001678 seconds, Stopping threads took: 0.0000280 seconds
2016-12-26T10:19:42.997-0100: 255.202: Total time for which application threads were stopped: 0.0002337 seconds, Stopping threads took: 0.0000920 seconds
2016-12-26T10:19:42.998-0100: 255.202: Total time for which application threads were stopped: 0.0001694 seconds, Stopping threads took: 0.0000364 seconds
2016-12-26T10:19:42.998-0100: 255.203: Total time for which application threads were stopped: 0.0002093 seconds, Stopping threads took: 0.0000808 seconds
2016-12-26T10:19:42.998-0100: 255.203: Total time for which application threads were stopped: 0.0002119 seconds, Stopping threads took: 0.0000828 seconds
2016-12-26T10:19:42.998-0100: 255.203: Total time for which application threads were stopped: 0.0001612 seconds, Stopping threads took: 0.0000240 seconds
2016-12-26T10:19:42.999-0100: 255.204: Total time for which application threads were stopped: 0.0003121 seconds, Stopping threads took: 0.0001173 seconds
2016-12-26T10:19:43.000-0100: 255.205: Total time for which application threads were stopped: 0.0005334 seconds, Stopping threads took: 0.0001020 seconds
2016-12-26T10:19:43.015-0100: 255.220: Total time for which application threads were stopped: 0.0002426 seconds, Stopping threads took: 0.0000550 seconds
2016-12-26T10:19:43.015-0100: 255.220: Total time for which application threads were stopped: 0.0001990 seconds, Stopping threads took: 0.0000285 seconds
2016-12-26T10:19:43.046-0100: 255.251: Total time for which application threads were stopped: 0.0002513 seconds, Stopping threads took: 0.0000538 seconds
2016-12-26T10:19:43.098-0100: 255.303: Total time for which application threads were stopped: 0.0002263 seconds, Stopping threads took: 0.0000354 seconds
2016-12-26T10:19:43.149-0100: 255.354: Total time for which application threads were stopped: 0.0003245 seconds, Stopping threads took: 0.0000549 seconds
2016-12-26T10:19:43.150-0100: 255.355: Total time for which application threads were stopped: 0.0005165 seconds, Stopping threads took: 0.0002869 seconds
2016-12-26T10:19:43.189-0100: 255.394: Total time for which application threads were stopped: 0.0002713 seconds, Stopping threads took: 0.0000344 seconds
2016-12-26T10:19:43.189-0100: 255.394: Total time for which application threads were stopped: 0.0001912 seconds, Stopping threads took: 0.0000182 seconds
2016-12-26T10:19:43.318-0100: 255.523: Total time for which application threads were stopped: 0.0002635 seconds, Stopping threads took: 0.0000381 seconds
2016-12-26T10:19:43.599-0100: 255.804: Total time for which application threads were stopped: 0.0003946 seconds, Stopping threads took: 0.0000322 seconds
{Heap before GC invocations=58 (full 2):
 par new generation   total 109248K, used 100374K [0x00000007a0000000, 0x00000007a8000000, 0x00000007a8000000)
  eden space 87424K, 100% used [0x00000007a0000000, 0x00000007a5560000, 0x00000007a5560000)
  from space 21824K,  59% used [0x00000007a5560000, 0x00000007a6205a80, 0x00000007a6ab0000)
  to   space 21824K,   0% used [0x00000007a6ab0000, 0x00000007a6ab0000, 0x00000007a8000000)
 concurrent mark-sweep generation total 393216K, used 36803K [0x00000007a8000000, 0x00000007c0000000, 0x00000007c0000000)
 Metaspace       used 43708K, capacity 44508K, committed 44688K, reserved 1089536K
  class space    used 4724K, capacity 4912K, committed 5016K, reserved 1048576K
2016-12-26T10:19:43.756-0100: 255.961: [GC (Allocation Failure) 2016-12-26T10:19:43.756-0100: 255.961: [ParNew
Desired survivor size 20112992 bytes, new threshold 8 (max 8)
- age   1:    3602448 bytes,    3602448 total
- age   2:     177936 bytes,    3780384 total
- age   3:      18608 bytes,    3798992 total
- age   4:     412064 bytes,    4211056 total
- age   5:    3761904 bytes,    7972960 total
- age   6:     164536 bytes,    8137496 total
- age   7:    2676816 bytes,   10814312 total
- age   8:     395208 bytes,   11209520 total
: 100374K->16493K(109248K), 0.0068225 secs] 137177K->53309K(502464K), 0.0069389 secs] [Times: user=0.02 sys=0.00, real=0.01 secs] 
Heap after GC invocations=59 (full 2):
 par new generation   total 109248K, used 16493K [0x00000007a0000000, 0x00000007a8000000, 0x00000007a8000000)
  eden space 87424K,   0% used [0x00000007a0000000, 0x00000007a0000000, 0x00000007a5560000)
  from space 21824K,  75% used [0x00000007a6ab0000, 0x00000007a7acb498, 0x00000007a8000000)
  to   space 21824K,   0% used [0x00000007a5560000, 0x00000007a5560000, 0x00000007a6ab0000)
 concurrent mark-sweep generation total 393216K, used 36816K [0x00000007a8000000, 0x00000007c0000000, 0x00000007c0000000)
 Metaspace       used 43708K, capacity 44508K, committed 44688K, reserved 1089536K
  class space    used 4724K, capacity 4912K, committed 5016K, reserved 1048576K
}
2016-12-26T10:19:43.763-0100: 255.968: Total time for which application threads were stopped: 0.0072733 seconds, Stopping threads took: 0.0000359 seconds
{Heap before GC invocations=59 (full 2):
 par new generation   total 109248K, used 103917K [0x00000007a0000000, 0x00000007a8000000, 0x00000007a8000000)
  eden space 87424K, 100% used [0x00000007a0000000, 0x00000007a5560000, 0x00000007a5560000)
  from space 21824K,  75% used [0x00000007a6ab0000, 0x00000007a7acb498, 0x00000007a8000000)
  to   space 21824K,   0% used [0x00000007a5560000, 0x00000007a5560000, 0x00000007a6ab0000)
 concurrent mark-sweep generation total 393216K, used 36816K [0x00000007a8000000, 0x00000007c0000000, 0x00000007c0000000)
 Metaspace       used 43709K, capacity 44572K, committed 44944K, reserved 1089536K
  class space    used 4724K, capacity 4912K, committed 5016K, reserved 1048576K
2016-12-26T10:19:44.733-0100: 256.938: [GC (Allocation Failure) 2016-12-26T10:19:44.733-0100: 256.938: [ParNew
Desired survivor size 20112992 bytes, new threshold 8 (max 8)
- age   1:    1012280 bytes,    1012280 total
- age   2:    3155968 bytes,    4168248 total
- age   3:     171576 bytes,    4339824 total
- age   4:      12360 bytes,    4352184 total
- age   5:     410368 bytes,    4762552 total
- age   6:    3759400 bytes,    8521952 total
- age   7:     162904 bytes,    8684856 total
- age   8:    2676768 bytes,   11361624 total
: 103917K->15278K(109248K), 0.0068965 secs] 140733K->52482K(502464K), 0.0069938 secs] [Times: user=0.02 sys=0.00, real=0.01 secs] 
Heap after GC invocations=60 (full 2):
 par new generation   total 109248K, used 15278K [0x00000007a0000000, 0x00000007a8000000, 0x00000007a8000000)
  eden space 87424K,   0% used [0x00000007a0000000, 0x00000007a0000000, 0x00000007a5560000)
  from space 21824K,  70% used [0x00000007a5560000, 0x00000007a644ba20, 0x00000007a6ab0000)
  to   space 21824K,   0% used [0x00000007a6ab0000, 0x00000007a6ab0000, 0x00000007a8000000)
 concurrent mark-sweep generation total 393216K, used 37203K [0x00000007a8000000, 0x00000007c0000000, 0x00000007c0000000)
 Metaspace       used 43709K, capacity 44572K, committed 44944K, reserved 1089536K
  class space    used 4724K, capacity 4912K, committed 5016K, reserved 1048576K
}
2016-12-26T10:19:44.740-0100: 256.945: Total time for which application threads were stopped: 0.0073562 seconds, Stopping threads took: 0.0000297 seconds
{Heap before GC invocations=60 (full 2):
 par new generation   total 109248K, used 102702K [0x00000007a0000000, 0x00000007a8000000, 0x00000007a8000000)
  eden space 87424K, 100% used [0x00000007a0000000, 0x00000007a5560000, 0x00000007a5560000)
  from space 21824K,  70% used [0x00000007a5560000, 0x00000007a644ba20, 0x00000007a6ab0000)
  to   space 21824K,   0% used [0x00000007a6ab0000, 0x00000007a6ab0000, 0x00000007a8000000)
 concurrent mark-sweep generation total 393216K, used 37203K [0x00000007a8000000, 0x00000007c0000000, 0x00000007c0000000)
 Metaspace       used 43709K, capacity 44572K, committed 44944K, reserved 1089536K
  class space    used 4724K, capacity 4912K, committed 5016K, reserved 1048576K
2016-12-26T10:19:45.510-0100: 257.715: [GC (Allocation Failure) 2016-12-26T10:19:45.510-0100: 257.715: [ParNew
Desired survivor size 20112992 bytes, new threshold 8 (max 8)
- age   1:    1081352 bytes,    1081352 total
- age   2:     479824 bytes,    1561176 total
- age   3:    3136296 bytes,    4697472 total
- age   4:     168416 bytes,    4865888 total
- age   5:      10016 bytes,    4875904 total
- age   6:     410288 bytes,    5286192 total
- age   7:    3758616 bytes,    9044808 total
- age   8:     162856 bytes,    9207664 total
: 102702K->13584K(109248K), 0.0102239 secs] 139906K->53403K(502464K), 0.0103635 secs] [Times: user=0.03 sys=0.00, real=0.01 secs] 
Heap after GC invocations=61 (full 2):
 par new generation   total 109248K, used 13584K [0x00000007a0000000, 0x00000007a8000000, 0x00000007a8000000)
  eden space 87424K,   0% used [0x00000007a0000000, 0x00000007a0000000, 0x00000007a5560000)
  from space 21824K,  62% used [0x00000007a6ab0000, 0x00000007a77f43b0, 0x00000007a8000000)
  to   space 21824K,   0% used [0x00000007a5560000, 0x00000007a5560000, 0x00000007a6ab0000)
 concurrent mark-sweep generation total 393216K, used 39818K [0x00000007a8000000, 0x00000007c0000000, 0x00000007c0000000)
 Metaspace       used 43709K, capacity 44572K, committed 44944K, reserved 1089536K
  class space    used 4724K, capacity 4912K, committed 5016K, reserved 1048576K
}
2016-12-26T10:19:45.521-0100: 257.725: Total time for which application threads were stopped: 0.0107385 seconds, Stopping threads took: 0.0000360 seconds
2016-12-26T10:19:46.123-0100: 258.327: Total time for which application threads were stopped: 0.0001649 seconds, Stopping threads took: 0.0000272 seconds
{Heap before GC invocations=61 (full 2):
 par new generation   total 109248K, used 101008K [0x00000007a0000000, 0x00000007a8000000, 0x00000007a8000000)
  eden space 87424K, 100% used [0x00000007a0000000, 0x00000007a5560000, 0x00000007a5560000)
  from space 21824K,  62% used [0x00000007a6ab0000, 0x00000007a77f43b0, 0x00000007a8000000)
  to   space 21824K,   0% used [0x00000007a5560000, 0x00000007a5560000, 0x00000007a6ab0000)
 concurrent mark-sweep generation total 393216K, used 39818K [0x00000007a8000000, 0x00000007c0000000, 0x00000007c0000000)
 Metaspace       used 43712K, capacity 44572K, committed 44944K, reserved 1089536K
  class space    used 4724K, capacity 4912K, committed 5016K, reserved 1048576K
2016-12-26T10:19:46.151-0100: 258.355: [GC (Allocation Failure) 2016-12-26T10:19:46.151-0100: 258.355: [ParNew
Desired survivor size 20112992 bytes, new threshold 8 (max 8)
- age   1:    2256008 bytes,    2256008 total
- age   2:     289896 bytes,    2545904 total
- age   3:     230528 bytes,    2776432 total
- age   4:    2150728 bytes,    4927160 total
- age   5:     167608 bytes,    5094768 total
- age   6:       9944 bytes,    5104712 total
- age   7:     410264 bytes,    5514976 total
- age   8:    3758584 bytes,    9273560 total
: 101008K->10819K(109248K), 0.0075767 secs] 140827K->50796K(502464K), 0.0076708 secs] [Times: user=0.02 sys=0.00, real=0.00 secs] 
Heap after GC invocations=62 (full 2):
 par new generation   total 109248K, used 10819K [0x00000007a0000000, 0x00000007a8000000, 0x00000007a8000000)
  eden space 87424K,   0% used [0x00000007a0000000, 0x00000007a0000000, 0x00000007a5560000)
  from space 21824K,  49% used [0x00000007a5560000, 0x00000007a5ff0d40, 0x00000007a6ab0000)
  to   space 21824K,   0% used [0x00000007a6ab0000, 0x00000007a6ab0000, 0x00000007a8000000)
 concurrent mark-sweep generation total 393216K, used 39977K [0x00000007a8000000, 0x00000007c0000000, 0x00000007c0000000)
 Metaspace       used 43712K, capacity 44572K, committed 44944K, reserved 1089536K
  class space    used 4724K, capacity 4912K, committed 5016K, reserved 1048576K
}
2016-12-26T10:19:46.158-0100: 258.363: Total time for which application threads were stopped: 0.0079389 seconds, Stopping threads took: 0.0000363 seconds
2016-12-26T10:19:46.537-0100: 258.741: Total time for which application threads were stopped: 0.0003225 seconds, Stopping threads took: 0.0000547 seconds
{Heap before GC invocations=62 (full 2):
 par new generation   total 109248K, used 98214K [0x00000007a0000000, 0x00000007a8000000, 0x00000007a8000000)
  eden space 87424K,  99% used [0x00000007a0000000, 0x00000007a5558cc8, 0x00000007a5560000)
  from space 21824K,  49% used [0x00000007a5560000, 0x00000007a5ff0d40, 0x00000007a6ab0000)
  to   space 21824K,   0% used [0x00000007a6ab0000, 0x00000007a6ab0000, 0x00000007a8000000)
 concurrent mark-sweep generation total 393216K, used 39977K [0x00000007a8000000, 0x00000007c0000000, 0x00000007c0000000)
 Metaspace       used 43716K, capacity 44572K, committed 44944K, reserved 1089536K
  class space    used 4724K, capacity 4912K, committed 5016K, reserved 1048576K
2016-12-26T10:19:46.801-0100: 259.006: [GC (Allocation Failure) 2016-12-26T10:19:46.801-0100: 259.006: [ParNew
Desired survivor size 20112992 bytes, new threshold 8 (max 8)
- age   1:    2261512 bytes,    2261512 total
- age   2:    1566912 bytes,    3828424 total
- age   3:      24168 bytes,    3852592 total
- age   4:      14368 bytes,    3866960 total
- age   5:    1333152 bytes,    5200112 total
- age   6:     166016 bytes,    5366128 total
- age   7:       9920 bytes,    5376048 total
- age   8:     410264 bytes,    5786312 total
: 98214K->9587K(109248K), 0.0066382 secs] 138191K->53236K(502464K), 0.0067151 secs] [Times: user=0.02 sys=0.00, real=0.00 secs] 
Heap after GC invocations=63 (full 2):
 par new generation   total 109248K, used 9587K [0x00000007a0000000, 0x00000007a8000000, 0x00000007a8000000)
  eden space 87424K,   0% used [0x00000007a0000000, 0x00000007a0000000, 0x00000007a5560000)
  from space 21824K,  43% used [0x00000007a6ab0000, 0x00000007a740cce8, 0x00000007a8000000)
  to   space 21824K,   0% used [0x00000007a5560000, 0x00000007a5560000, 0x00000007a6ab0000)
 concurrent mark-sweep generation total 393216K, used 43648K [0x00000007a8000000, 0x00000007c0000000, 0x00000007c0000000)
 Metaspace       used 43716K, capacity 44572K, committed 44944K, reserved 1089536K
  class space    used 4724K, capacity 4912K, committed 5016K, reserved 1048576K
}
2016-12-26T10:19:46.808-0100: 259.013: Total time for which application threads were stopped: 0.0069663 seconds, Stopping threads took: 0.0000290 seconds
{Heap before GC invocations=63 (full 2):
 par new generation   total 109248K, used 97011K [0x00000007a0000000, 0x00000007a8000000, 0x00000007a8000000)
  eden space 87424K, 100% used [0x00000007a0000000, 0x00000007a5560000, 0x00000007a5560000)
  from space 21824K,  43% used [0x00000007a6ab0000, 0x00000007a740cce8, 0x00000007a8000000)
  to   space 21824K,   0% used [0x00000007a5560000, 0x00000007a5560000, 0x00000007a6ab0000)
 concurrent mark-sweep generation total 393216K, used 43648K [0x00000007a8000000, 0x00000007c0000000, 0x00000007c0000000)
 Metaspace       used 43716K, capacity 44572K, committed 44944K, reserved 1089536K
  class space    used 4724K, capacity 4912K, committed 5016K, reserved 1048576K
2016-12-26T10:19:47.610-0100: 259.815: [GC (Allocation Failure) 2016-12-26T10:19:47.610-0100: 259.815: [ParNew
Desired survivor size 20112992 bytes, new threshold 8 (max 8)
- age   1:    1026416 bytes,    1026416 total
- age   2:    1738608 bytes,    2765024 total
- age   3:    1496592 bytes,    4261616 total
- age   4:      18560 bytes,    4280176 total
- age   5:      12768 bytes,    4292944 total
- age   6:    1332264 bytes,    5625208 total
- age   7:     164408 bytes,    5789616 total
- age   8:       9896 bytes,    5799512 total
: 97011K->7456K(109248K), 0.0066182 secs] 140660K->51505K(502464K), 0.0067137 secs] [Times: user=0.02 sys=0.00, real=0.00 secs] 
Heap after GC invocations=64 (full 2):
 par new generation   total 109248K, used 7456K [0x00000007a0000000, 0x00000007a8000000, 0x00000007a8000000)
  eden space 87424K,   0% used [0x00000007a0000000, 0x00000007a0000000, 0x00000007a5560000)
  from space 21824K,  34% used [0x00000007a5560000, 0x00000007a5ca82d8, 0x00000007a6ab0000)
  to   space 21824K,   0% used [0x00000007a6ab0000, 0x00000007a6ab0000, 0x00000007a8000000)
 concurrent mark-sweep generation total 393216K, used 44048K [0x00000007a8000000, 0x00000007c0000000, 0x00000007c0000000)
 Metaspace       used 43716K, capacity 44572K, committed 44944K, reserved 1089536K
  class space    used 4724K, capacity 4912K, committed 5016K, reserved 1048576K
}
2016-12-26T10:19:47.617-0100: 259.822: Total time for which application threads were stopped: 0.0069789 seconds, Stopping threads took: 0.0000300 seconds
{Heap before GC invocations=64 (full 2):
 par new generation   total 109248K, used 94880K [0x00000007a0000000, 0x00000007a8000000, 0x00000007a8000000)
  eden space 87424K, 100% used [0x00000007a0000000, 0x00000007a5560000, 0x00000007a5560000)
  from space 21824K,  34% used [0x00000007a5560000, 0x00000007a5ca82d8, 0x00000007a6ab0000)
  to   space 21824K,   0% used [0x00000007a6ab0000, 0x00000007a6ab0000, 0x00000007a8000000)
 concurrent mark-sweep generation total 393216K, used 44048K [0x00000007a8000000, 0x00000007c0000000, 0x00000007c0000000)
 Metaspace       used 43716K, capacity 44572K, committed 44944K, reserved 1089536K
  class space    used 4724K, capacity 4912K, committed 5016K, reserved 1048576K
2016-12-26T10:19:48.579-0100: 260.784: [GC (Allocation Failure) 2016-12-26T10:19:48.579-0100: 260.784: [ParNew
Desired survivor size 20112992 bytes, new threshold 8 (max 8)
- age   1:    1152232 bytes,    1152232 total
- age   2:     460848 bytes,    1613080 total
- age   3:    1729128 bytes,    3342208 total
- age   4:    1495736 bytes,    4837944 total
- age   5:      16920 bytes,    4854864 total
- age   6:      11216 bytes,    4866080 total
- age   7:    1332264 bytes,    6198344 total
- age   8:     164384 bytes,    6362728 total
: 94880K->8119K(109248K), 0.0129743 secs] 138929K->52176K(502464K), 0.0130783 secs] [Times: user=0.03 sys=0.00, real=0.02 secs] 
Heap after GC invocations=65 (full 2):
 par new generation   total 109248K, used 8119K [0x00000007a0000000, 0x00000007a8000000, 0x00000007a8000000)
  eden space 87424K,   0% used [0x00000007a0000000, 0x00000007a0000000, 0x00000007a5560000)
  from space 21824K,  37% used [0x00000007a6ab0000, 0x00000007a729dc20, 0x00000007a8000000)
  to   space 21824K,   0% used [0x00000007a5560000, 0x00000007a5560000, 0x00000007a6ab0000)
 concurrent mark-sweep generation total 393216K, used 44057K [0x00000007a8000000, 0x00000007c0000000, 0x00000007c0000000)
 Metaspace       used 43716K, capacity 44572K, committed 44944K, reserved 1089536K
  class space    used 4724K, capacity 4912K, committed 5016K, reserved 1048576K
}
2016-12-26T10:19:48.593-0100: 260.797: Total time for which application threads were stopped: 0.0134703 seconds, Stopping threads took: 0.0000363 seconds
2016-12-26T10:19:49.193-0100: 261.398: Total time for which application threads were stopped: 0.0002926 seconds, Stopping threads took: 0.0000716 seconds
{Heap before GC invocations=65 (full 2):
 par new generation   total 109248K, used 95543K [0x00000007a0000000, 0x00000007a8000000, 0x00000007a8000000)
  eden space 87424K, 100% used [0x00000007a0000000, 0x00000007a5560000, 0x00000007a5560000)
  from space 21824K,  37% used [0x00000007a6ab0000, 0x00000007a729dc20, 0x00000007a8000000)
  to   space 21824K,   0% used [0x00000007a5560000, 0x00000007a5560000, 0x00000007a6ab0000)
 concurrent mark-sweep generation total 393216K, used 44057K [0x00000007a8000000, 0x00000007c0000000, 0x00000007c0000000)
 Metaspace       used 43731K, capacity 44572K, committed 44944K, reserved 1089536K
  class space    used 4724K, capacity 4912K, committed 5016K, reserved 1048576K
2016-12-26T10:19:49.472-0100: 261.677: [GC (Allocation Failure) 2016-12-26T10:19:49.472-0100: 261.677: [ParNew
Desired survivor size 20112992 bytes, new threshold 8 (max 8)
- age   1:    2308712 bytes,    2308712 total
- age   2:     161936 bytes,    2470648 total
- age   3:     194072 bytes,    2664720 total
- age   4:    1481712 bytes,    4146432 total
- age   5:     644848 bytes,    4791280 total
- age   6:      16840 bytes,    4808120 total
- age   7:      11168 bytes,    4819288 total
- age   8:    1331968 bytes,    6151256 total
: 95543K->8437K(109248K), 0.0097455 secs] 139600K->52655K(502464K), 0.0098473 secs] [Times: user=0.02 sys=0.00, real=0.01 secs] 
Heap after GC invocations=66 (full 2):
 par new generation   total 109248K, used 8437K [0x00000007a0000000, 0x00000007a8000000, 0x00000007a8000000)
  eden space 87424K,   0% used [0x00000007a0000000, 0x00000007a0000000, 0x00000007a5560000)
  from space 21824K,  38% used [0x00000007a5560000, 0x00000007a5d9d610, 0x00000007a6ab0000)
  to   space 21824K,   0% used [0x00000007a6ab0000, 0x00000007a6ab0000, 0x00000007a8000000)
 concurrent mark-sweep generation total 393216K, used 44218K [0x00000007a8000000, 0x00000007c0000000, 0x00000007c0000000)
 Metaspace       used 43731K, capacity 44572K, committed 44944K, reserved 1089536K
  class space    used 4724K, capacity 4912K, committed 5016K, reserved 1048576K
}
2016-12-26T10:19:49.482-0100: 261.687: Total time for which application threads were stopped: 0.0101680 seconds, Stopping threads took: 0.0000357 seconds
2016-12-26T10:19:49.539-0100: 261.744: Total time for which application threads were stopped: 0.0002484 seconds, Stopping threads took: 0.0000312 seconds
{Heap before GC invocations=66 (full 2):
 par new generation   total 109248K, used 95861K [0x00000007a0000000, 0x00000007a8000000, 0x00000007a8000000)
  eden space 87424K, 100% used [0x00000007a0000000, 0x00000007a5560000, 0x00000007a5560000)
  from space 21824K,  38% used [0x00000007a5560000, 0x00000007a5d9d610, 0x00000007a6ab0000)
  to   space 21824K,   0% used [0x00000007a6ab0000, 0x00000007a6ab0000, 0x00000007a8000000)
 concurrent mark-sweep generation total 393216K, used 44218K [0x00000007a8000000, 0x00000007c0000000, 0x00000007c0000000)
 Metaspace       used 43737K, capacity 44572K, committed 44944K, reserved 1089536K
  class space    used 4724K, capacity 4912K, committed 5016K, reserved 1048576K
2016-12-26T10:19:50.479-0100: 262.684: [GC (Allocation Failure) 2016-12-26T10:19:50.480-0100: 262.684: [ParNew
Desired survivor size 20112992 bytes, new threshold 8 (max 8)
- age   1:    2213704 bytes,    2213704 total
- age   2:    1578432 bytes,    3792136 total
- age   3:      16624 bytes,    3808760 total
- age   4:      13104 bytes,    3821864 total
- age   5:     589304 bytes,    4411168 total
- age   6:     641664 bytes,    5052832 total
- age   7:      16056 bytes,    5068888 total
- age   8:      11088 bytes,    5079976 total
: 95861K->6039K(109248K), 0.0101288 secs] 140079K->51559K(502464K), 0.0105957 secs] [Times: user=0.02 sys=0.00, real=0.02 secs] 
Heap after GC invocations=67 (full 2):
 par new generation   total 109248K, used 6039K [0x00000007a0000000, 0x00000007a8000000, 0x00000007a8000000)
  eden space 87424K,   0% used [0x00000007a0000000, 0x00000007a0000000, 0x00000007a5560000)
  from space 21824K,  27% used [0x00000007a6ab0000, 0x00000007a7095dc0, 0x00000007a8000000)
  to   space 21824K,   0% used [0x00000007a5560000, 0x00000007a5560000, 0x00000007a6ab0000)
 concurrent mark-sweep generation total 393216K, used 45520K [0x00000007a8000000, 0x00000007c0000000, 0x00000007c0000000)
 Metaspace       used 43737K, capacity 44572K, committed 44944K, reserved 1089536K
  class space    used 4724K, capacity 4912K, committed 5016K, reserved 1048576K
}
2016-12-26T10:19:50.490-0100: 262.694: Total time for which application threads were stopped: 0.0108468 seconds, Stopping threads took: 0.0000252 seconds
{Heap before GC invocations=67 (full 2):
 par new generation   total 109248K, used 93463K [0x00000007a0000000, 0x00000007a8000000, 0x00000007a8000000)
  eden space 87424K, 100% used [0x00000007a0000000, 0x00000007a5560000, 0x00000007a5560000)
  from space 21824K,  27% used [0x00000007a6ab0000, 0x00000007a7095dc0, 0x00000007a8000000)
  to   space 21824K,   0% used [0x00000007a5560000, 0x00000007a5560000, 0x00000007a6ab0000)
 concurrent mark-sweep generation total 393216K, used 45520K [0x00000007a8000000, 0x00000007c0000000, 0x00000007c0000000)
 Metaspace       used 43737K, capacity 44572K, committed 44944K, reserved 1089536K
  class space    used 4724K, capacity 4912K, committed 5016K, reserved 1048576K
2016-12-26T10:19:51.243-0100: 263.448: [GC (Allocation Failure) 2016-12-26T10:19:51.243-0100: 263.448: [ParNew
Desired survivor size 20112992 bytes, new threshold 8 (max 8)
- age   1:     982368 bytes,     982368 total
- age   2:    1613840 bytes,    2596208 total
- age   3:    1505632 bytes,    4101840 total
- age   4:      15016 bytes,    4116856 total
- age   5:      10720 bytes,    4127576 total
- age   6:     588448 bytes,    4716024 total
- age   7:     641616 bytes,    5357640 total
- age   8:      16008 bytes,    5373648 total
: 93463K->8807K(109248K), 0.0065696 secs] 138983K->54338K(502464K), 0.0066432 secs] [Times: user=0.02 sys=0.00, real=0.01 secs] 
Heap after GC invocations=68 (full 2):
 par new generation   total 109248K, used 8807K [0x00000007a0000000, 0x00000007a8000000, 0x00000007a8000000)
  eden space 87424K,   0% used [0x00000007a0000000, 0x00000007a0000000, 0x00000007a5560000)
  from space 21824K,  40% used [0x00000007a5560000, 0x00000007a5df9cc0, 0x00000007a6ab0000)
  to   space 21824K,   0% used [0x00000007a6ab0000, 0x00000007a6ab0000, 0x00000007a8000000)
 concurrent mark-sweep generation total 393216K, used 45530K [0x00000007a8000000, 0x00000007c0000000, 0x00000007c0000000)
 Metaspace       used 43737K, capacity 44572K, committed 44944K, reserved 1089536K
  class space    used 4724K, capacity 4912K, committed 5016K, reserved 1048576K
}
2016-12-26T10:19:51.250-0100: 263.455: Total time for which application threads were stopped: 0.0068902 seconds, Stopping threads took: 0.0000288 seconds
{Heap before GC invocations=68 (full 2):
 par new generation   total 109248K, used 96231K [0x00000007a0000000, 0x00000007a8000000, 0x00000007a8000000)
  eden space 87424K, 100% used [0x00000007a0000000, 0x00000007a5560000, 0x00000007a5560000)
  from space 21824K,  40% used [0x00000007a5560000, 0x00000007a5df9cc0, 0x00000007a6ab0000)
  to   space 21824K,   0% used [0x00000007a6ab0000, 0x00000007a6ab0000, 0x00000007a8000000)
 concurrent mark-sweep generation total 393216K, used 45530K [0x00000007a8000000, 0x00000007c0000000, 0x00000007c0000000)
 Metaspace       used 43737K, capacity 44572K, committed 44944K, reserved 1089536K
  class space    used 4724K, capacity 4912K, committed 5016K, reserved 1048576K
2016-12-26T10:19:52.010-0100: 264.215: [GC (Allocation Failure) 2016-12-26T10:19:52.010-0100: 264.215: [ParNew
Desired survivor size 20112992 bytes, new threshold 8 (max 8)
- age   1:     899384 bytes,     899384 total
- age   2:     415600 bytes,    1314984 total
- age   3:    1604704 bytes,    2919688 total
- age   4:    1504744 bytes,    4424432 total
- age   5:      14968 bytes,    4439400 total
- age   6:      10624 bytes,    4450024 total
- age   7:     588424 bytes,    5038448 total
- age   8:     641616 bytes,    5680064 total
: 96231K->7238K(109248K), 0.0072479 secs] 141762K->52784K(502464K), 0.0073434 secs] [Times: user=0.02 sys=0.00, real=0.00 secs] 
Heap after GC invocations=69 (full 2):
 par new generation   total 109248K, used 7238K [0x00000007a0000000, 0x00000007a8000000, 0x00000007a8000000)
  eden space 87424K,   0% used [0x00000007a0000000, 0x00000007a0000000, 0x00000007a5560000)
  from space 21824K,  33% used [0x00000007a6ab0000, 0x00000007a71c19c0, 0x00000007a8000000)
  to   space 21824K,   0% used [0x00000007a5560000, 0x00000007a5560000, 0x00000007a6ab0000)
 concurrent mark-sweep generation total 393216K, used 45546K [0x00000007a8000000, 0x00000007c0000000, 0x00000007c0000000)
 Metaspace       used 43737K, capacity 44572K, committed 44944K, reserved 1089536K
  class space    used 4724K, capacity 4912K, committed 5016K, reserved 1048576K
}
2016-12-26T10:19:52.018-0100: 264.222: Total time for which application threads were stopped: 0.0076458 seconds, Stopping threads took: 0.0000337 seconds
2016-12-26T10:19:52.218-0100: 264.423: Total time for which application threads were stopped: 0.0001969 seconds, Stopping threads took: 0.0000304 seconds
2016-12-26T10:19:52.579-0100: 264.784: Total time for which application threads were stopped: 0.0002026 seconds, Stopping threads took: 0.0000314 seconds
{Heap before GC invocations=69 (full 2):
 par new generation   total 109248K, used 94662K [0x00000007a0000000, 0x00000007a8000000, 0x00000007a8000000)
  eden space 87424K, 100% used [0x00000007a0000000, 0x00000007a5560000, 0x00000007a5560000)
  from space 21824K,  33% used [0x00000007a6ab0000, 0x00000007a71c19c0, 0x00000007a8000000)
  to   space 21824K,   0% used [0x00000007a5560000, 0x00000007a5560000, 0x00000007a6ab0000)
 concurrent mark-sweep generation total 393216K, used 45546K [0x00000007a8000000, 0x00000007c0000000, 0x00000007c0000000)
 Metaspace       used 43751K, capacity 44572K, committed 44944K, reserved 1089536K
  class space    used 4724K, capacity 4912K, committed 5016K, reserved 1048576K
2016-12-26T10:19:52.684-0100: 264.889: [GC (Allocation Failure) 2016-12-26T10:19:52.684-0100: 264.889: [ParNew
Desired survivor size 20112992 bytes, new threshold 8 (max 8)
- age   1:    3215144 bytes,    3215144 total
- age   2:      32280 bytes,    3247424 total
- age   3:      13912 bytes,    3261336 total
- age   4:     501864 bytes,    3763200 total
- age   5:     648520 bytes,    4411720 total
- age   6:      14920 bytes,    4426640 total
- age   7:      10624 bytes,    4437264 total
- age   8:     587960 bytes,    5025224 total
: 94662K->6708K(109248K), 0.0057733 secs] 140208K->52881K(502464K), 0.0058770 secs] [Times: user=0.02 sys=0.01, real=0.01 secs] 
Heap after GC invocations=70 (full 2):
 par new generation   total 109248K, used 6708K [0x00000007a0000000, 0x00000007a8000000, 0x00000007a8000000)
  eden space 87424K,   0% used [0x00000007a0000000, 0x00000007a0000000, 0x00000007a5560000)
  from space 21824K,  30% used [0x00000007a5560000, 0x00000007a5bed120, 0x00000007a6ab0000)
  to   space 21824K,   0% used [0x00000007a6ab0000, 0x00000007a6ab0000, 0x00000007a8000000)
 concurrent mark-sweep generation total 393216K, used 46173K [0x00000007a8000000, 0x00000007c0000000, 0x00000007c0000000)
 Metaspace       used 43751K, capacity 44572K, committed 44944K, reserved 1089536K
  class space    used 4724K, capacity 4912K, committed 5016K, reserved 1048576K
}
2016-12-26T10:19:52.690-0100: 264.895: Total time for which application threads were stopped: 0.0062026 seconds, Stopping threads took: 0.0000240 seconds
{Heap before GC invocations=70 (full 2):
 par new generation   total 109248K, used 94132K [0x00000007a0000000, 0x00000007a8000000, 0x00000007a8000000)
  eden space 87424K, 100% used [0x00000007a0000000, 0x00000007a5560000, 0x00000007a5560000)
  from space 21824K,  30% used [0x00000007a5560000, 0x00000007a5bed120, 0x00000007a6ab0000)
  to   space 21824K,   0% used [0x00000007a6ab0000, 0x00000007a6ab0000, 0x00000007a8000000)
 concurrent mark-sweep generation total 393216K, used 46173K [0x00000007a8000000, 0x00000007c0000000, 0x00000007c0000000)
 Metaspace       used 43751K, capacity 44572K, committed 44944K, reserved 1089536K
  class space    used 4724K, capacity 4912K, committed 5016K, reserved 1048576K
2016-12-26T10:19:53.441-0100: 265.645: [GC (Allocation Failure) 2016-12-26T10:19:53.441-0100: 265.645: [ParNew
Desired survivor size 20112992 bytes, new threshold 8 (max 8)
- age   1:     983672 bytes,     983672 total
- age   2:    2714752 bytes,    3698424 total
- age   3:      19640 bytes,    3718064 total
- age   4:      12176 bytes,    3730240 total
- age   5:     500984 bytes,    4231224 total
- age   6:     646872 bytes,    4878096 total
- age   7:      14088 bytes,    4892184 total
- age   8:      10600 bytes,    4902784 total
: 94132K->6217K(109248K), 0.0068421 secs] 140305K->52965K(502464K), 0.0069512 secs] [Times: user=0.01 sys=0.00, real=0.00 secs] 
Heap after GC invocations=71 (full 2):
 par new generation   total 109248K, used 6217K [0x00000007a0000000, 0x00000007a8000000, 0x00000007a8000000)
  eden space 87424K,   0% used [0x00000007a0000000, 0x00000007a0000000, 0x00000007a5560000)
  from space 21824K,  28% used [0x00000007a6ab0000, 0x00000007a70c26f0, 0x00000007a8000000)
  to   space 21824K,   0% used [0x00000007a5560000, 0x00000007a5560000, 0x00000007a6ab0000)
 concurrent mark-sweep generation total 393216K, used 46747K [0x00000007a8000000, 0x00000007c0000000, 0x00000007c0000000)
 Metaspace       used 43751K, capacity 44572K, committed 44944K, reserved 1089536K
  class space    used 4724K, capacity 4912K, committed 5016K, reserved 1048576K
}
2016-12-26T10:19:53.448-0100: 265.652: Total time for which application threads were stopped: 0.0072869 seconds, Stopping threads took: 0.0000332 seconds
{Heap before GC invocations=71 (full 2):
 par new generation   total 109248K, used 93641K [0x00000007a0000000, 0x00000007a8000000, 0x00000007a8000000)
  eden space 87424K, 100% used [0x00000007a0000000, 0x00000007a5560000, 0x00000007a5560000)
  from space 21824K,  28% used [0x00000007a6ab0000, 0x00000007a70c26f0, 0x00000007a8000000)
  to   space 21824K,   0% used [0x00000007a5560000, 0x00000007a5560000, 0x00000007a6ab0000)
 concurrent mark-sweep generation total 393216K, used 46747K [0x00000007a8000000, 0x00000007c0000000, 0x00000007c0000000)
 Metaspace       used 43751K, capacity 44572K, committed 44944K, reserved 1089536K
  class space    used 4724K, capacity 4912K, committed 5016K, reserved 1048576K
2016-12-26T10:19:54.331-0100: 266.536: [GC (Allocation Failure) 2016-12-26T10:19:54.331-0100: 266.536: [ParNew
Desired survivor size 20112992 bytes, new threshold 8 (max 8)
- age   1:    1034928 bytes,    1034928 total
- age   2:     469616 bytes,    1504544 total
- age   3:    2705128 bytes,    4209672 total
- age   4:      18024 bytes,    4227696 total
- age   5:      10592 bytes,    4238288 total
- age   6:     500960 bytes,    4739248 total
- age   7:     646872 bytes,    5386120 total
- age   8:      14088 bytes,    5400208 total
: 93641K->7251K(109248K), 0.0051922 secs] 140389K->54009K(502464K), 0.0052968 secs] [Times: user=0.01 sys=0.01, real=0.00 secs] 
Heap after GC invocations=72 (full 2):
 par new generation   total 109248K, used 7251K [0x00000007a0000000, 0x00000007a8000000, 0x00000007a8000000)
  eden space 87424K,   0% used [0x00000007a0000000, 0x00000007a0000000, 0x00000007a5560000)
  from space 21824K,  33% used [0x00000007a5560000, 0x00000007a5c74f00, 0x00000007a6ab0000)
  to   space 21824K,   0% used [0x00000007a6ab0000, 0x00000007a6ab0000, 0x00000007a8000000)
 concurrent mark-sweep generation total 393216K, used 46757K [0x00000007a8000000, 0x00000007c0000000, 0x00000007c0000000)
 Metaspace       used 43751K, capacity 44572K, committed 44944K, reserved 1089536K
  class space    used 4724K, capacity 4912K, committed 5016K, reserved 1048576K
}
2016-12-26T10:19:54.337-0100: 266.541: Total time for which application threads were stopped: 0.0057290 seconds, Stopping threads took: 0.0000403 seconds
{Heap before GC invocations=72 (full 2):
 par new generation   total 109248K, used 94674K [0x00000007a0000000, 0x00000007a8000000, 0x00000007a8000000)
  eden space 87424K,  99% used [0x00000007a0000000, 0x00000007a555fb78, 0x00000007a5560000)
  from space 21824K,  33% used [0x00000007a5560000, 0x00000007a5c74f00, 0x00000007a6ab0000)
  to   space 21824K,   0% used [0x00000007a6ab0000, 0x00000007a6ab0000, 0x00000007a8000000)
 concurrent mark-sweep generation total 393216K, used 46757K [0x00000007a8000000, 0x00000007c0000000, 0x00000007c0000000)
 Metaspace       used 43751K, capacity 44572K, committed 44944K, reserved 1089536K
  class space    used 4724K, capacity 4912K, committed 5016K, reserved 1048576K
2016-12-26T10:19:55.111-0100: 267.316: [GC (Allocation Failure) 2016-12-26T10:19:55.111-0100: 267.316: [ParNew
Desired survivor size 20112992 bytes, new threshold 8 (max 8)
- age   1:    1063912 bytes,    1063912 total
- age   2:     416208 bytes,    1480120 total
- age   3:     422032 bytes,    1902152 total
- age   4:    2703560 bytes,    4605712 total
- age   5:      17248 bytes,    4622960 total
- age   6:      10536 bytes,    4633496 total
- age   7:     500880 bytes,    5134376 total
- age   8:     646824 bytes,    5781200 total
: 94674K->7100K(109248K), 0.0052428 secs] 141432K->53871K(502464K), 0.0053148 secs] [Times: user=0.01 sys=0.00, real=0.00 secs] 
Heap after GC invocations=73 (full 2):
 par new generation   total 109248K, used 7100K [0x00000007a0000000, 0x00000007a8000000, 0x00000007a8000000)
  eden space 87424K,   0% used [0x00000007a0000000, 0x00000007a0000000, 0x00000007a5560000)
  from space 21824K,  32% used [0x00000007a6ab0000, 0x00000007a719f150, 0x00000007a8000000)
  to   space 21824K,   0% used [0x00000007a5560000, 0x00000007a5560000, 0x00000007a6ab0000)
 concurrent mark-sweep generation total 393216K, used 46771K [0x00000007a8000000, 0x00000007c0000000, 0x00000007c0000000)
 Metaspace       used 43751K, capacity 44572K, committed 44944K, reserved 1089536K
  class space    used 4724K, capacity 4912K, committed 5016K, reserved 1048576K
}
2016-12-26T10:19:55.117-0100: 267.321: Total time for which application threads were stopped: 0.0055693 seconds, Stopping threads took: 0.0000239 seconds
2016-12-26T10:19:55.248-0100: 267.452: Total time for which application threads were stopped: 0.0002536 seconds, Stopping threads took: 0.0000369 seconds
2016-12-26T10:19:55.606-0100: 267.810: Total time for which application threads were stopped: 0.0002139 seconds, Stopping threads took: 0.0000296 seconds
{Heap before GC invocations=73 (full 2):
 par new generation   total 109248K, used 94524K [0x00000007a0000000, 0x00000007a8000000, 0x00000007a8000000)
  eden space 87424K, 100% used [0x00000007a0000000, 0x00000007a5560000, 0x00000007a5560000)
  from space 21824K,  32% used [0x00000007a6ab0000, 0x00000007a719f150, 0x00000007a8000000)
  to   space 21824K,   0% used [0x00000007a5560000, 0x00000007a5560000, 0x00000007a6ab0000)
 concurrent mark-sweep generation total 393216K, used 46771K [0x00000007a8000000, 0x00000007c0000000, 0x00000007c0000000)
 Metaspace       used 43762K, capacity 44636K, committed 44944K, reserved 1089536K
  class space    used 4724K, capacity 4912K, committed 5016K, reserved 1048576K
2016-12-26T10:19:55.747-0100: 267.952: [GC (Allocation Failure) 2016-12-26T10:19:55.747-0100: 267.952: [ParNew
Desired survivor size 20112992 bytes, new threshold 8 (max 8)
- age   1:    3358800 bytes,    3358800 total
- age   2:      25696 bytes,    3384496 total
- age   3:      12512 bytes,    3397008 total
- age   4:      13968 bytes,    3410976 total
- age   5:     937200 bytes,    4348176 total
- age   6:      17224 bytes,    4365400 total
- age   7:       9736 bytes,    4375136 total
- age   8:     500368 bytes,    4875504 total
: 94524K->7319K(109248K), 0.0065296 secs] 141295K->54722K(502464K), 0.0066187 secs] [Times: user=0.02 sys=0.00, real=0.01 secs] 
Heap after GC invocations=74 (full 2):
 par new generation   total 109248K, used 7319K [0x00000007a0000000, 0x00000007a8000000, 0x00000007a8000000)
  eden space 87424K,   0% used [0x00000007a0000000, 0x00000007a0000000, 0x00000007a5560000)
  from space 21824K,  33% used [0x00000007a5560000, 0x00000007a5c85e80, 0x00000007a6ab0000)
  to   space 21824K,   0% used [0x00000007a6ab0000, 0x00000007a6ab0000, 0x00000007a8000000)
 concurrent mark-sweep generation total 393216K, used 47403K [0x00000007a8000000, 0x00000007c0000000, 0x00000007c0000000)
 Metaspace       used 43762K, capacity 44636K, committed 44944K, reserved 1089536K
  class space    used 4724K, capacity 4912K, committed 5016K, reserved 1048576K
}
2016-12-26T10:19:55.754-0100: 267.958: Total time for which application threads were stopped: 0.0068520 seconds, Stopping threads took: 0.0000283 seconds
{Heap before GC invocations=74 (full 2):
 par new generation   total 109248K, used 94743K [0x00000007a0000000, 0x00000007a8000000, 0x00000007a8000000)
  eden space 87424K, 100% used [0x00000007a0000000, 0x00000007a5560000, 0x00000007a5560000)
  from space 21824K,  33% used [0x00000007a5560000, 0x00000007a5c85e80, 0x00000007a6ab0000)
  to   space 21824K,   0% used [0x00000007a6ab0000, 0x00000007a6ab0000, 0x00000007a8000000)
 concurrent mark-sweep generation total 393216K, used 47403K [0x00000007a8000000, 0x00000007c0000000, 0x00000007c0000000)
 Metaspace       used 43764K, capacity 44668K, committed 44944K, reserved 1089536K
  class space    used 4724K, capacity 4944K, committed 5016K, reserved 1048576K
2016-12-26T10:19:56.537-0100: 268.742: [GC (Allocation Failure) 2016-12-26T10:19:56.537-0100: 268.742: [ParNew
Desired survivor size 20112992 bytes, new threshold 8 (max 8)
- age   1:    1099696 bytes,    1099696 total
- age   2:    2965128 bytes,    4064824 total
- age   3:      16296 bytes,    4081120 total
- age   4:      11712 bytes,    4092832 total
- age   5:      12312 bytes,    4105144 total
- age   6:     935512 bytes,    5040656 total
- age   7:      17224 bytes,    5057880 total
- age   8:       9712 bytes,    5067592 total
: 94743K->6025K(109248K), 0.0119428 secs] 142146K->53917K(502464K), 0.0120503 secs] [Times: user=0.02 sys=0.00, real=0.01 secs] 
Heap after GC invocations=75 (full 2):
 par new generation   total 109248K, used 6025K [0x00000007a0000000, 0x00000007a8000000, 0x00000007a8000000)
  eden space 87424K,   0% used [0x00000007a0000000, 0x00000007a0000000, 0x00000007a5560000)
  from space 21824K,  27% used [0x00000007a6ab0000, 0x00000007a7092680, 0x00000007a8000000)
  to   space 21824K,   0% used [0x00000007a5560000, 0x00000007a5560000, 0x00000007a6ab0000)
 concurrent mark-sweep generation total 393216K, used 47892K [0x00000007a8000000, 0x00000007c0000000, 0x00000007c0000000)
 Metaspace       used 43764K, capacity 44668K, committed 44944K, reserved 1089536K
  class space    used 4724K, capacity 4944K, committed 5016K, reserved 1048576K
}
2016-12-26T10:19:56.549-0100: 268.754: Total time for which application threads were stopped: 0.0124498 seconds, Stopping threads took: 0.0000414 seconds
{Heap before GC invocations=75 (full 2):
 par new generation   total 109248K, used 93448K [0x00000007a0000000, 0x00000007a8000000, 0x00000007a8000000)
  eden space 87424K,  99% used [0x00000007a0000000, 0x00000007a555fbe8, 0x00000007a5560000)
  from space 21824K,  27% used [0x00000007a6ab0000, 0x00000007a7092680, 0x00000007a8000000)
  to   space 21824K,   0% used [0x00000007a5560000, 0x00000007a5560000, 0x00000007a6ab0000)
 concurrent mark-sweep generation total 393216K, used 47892K [0x00000007a8000000, 0x00000007c0000000, 0x00000007c0000000)
 Metaspace       used 43764K, capacity 44668K, committed 44944K, reserved 1089536K
  class space    used 4724K, capacity 4944K, committed 5016K, reserved 1048576K
2016-12-26T10:19:57.377-0100: 269.581: [GC (Allocation Failure) 2016-12-26T10:19:57.377-0100: 269.581: [ParNew
Desired survivor size 20112992 bytes, new threshold 8 (max 8)
- age   1:    1059248 bytes,    1059248 total
- age   2:     473928 bytes,    1533176 total
- age   3:    2987624 bytes,    4520800 total
- age   4:      12936 bytes,    4533736 total
- age   5:      11712 bytes,    4545448 total
- age   6:      12280 bytes,    4557728 total
- age   7:     934736 bytes,    5492464 total
- age   8:      17176 bytes,    5509640 total
: 93448K->8580K(109248K), 0.0055736 secs] 141340K->56481K(502464K), 0.0056834 secs] [Times: user=0.02 sys=0.00, real=0.01 secs] 
Heap after GC invocations=76 (full 2):
 par new generation   total 109248K, used 8580K [0x00000007a0000000, 0x00000007a8000000, 0x00000007a8000000)
  eden space 87424K,   0% used [0x00000007a0000000, 0x00000007a0000000, 0x00000007a5560000)
  from space 21824K,  39% used [0x00000007a5560000, 0x00000007a5dc1180, 0x00000007a6ab0000)
  to   space 21824K,   0% used [0x00000007a6ab0000, 0x00000007a6ab0000, 0x00000007a8000000)
 concurrent mark-sweep generation total 393216K, used 47901K [0x00000007a8000000, 0x00000007c0000000, 0x00000007c0000000)
 Metaspace       used 43764K, capacity 44668K, committed 44944K, reserved 1089536K
  class space    used 4724K, capacity 4944K, committed 5016K, reserved 1048576K
}
2016-12-26T10:19:57.382-0100: 269.587: Total time for which application threads were stopped: 0.0061518 seconds, Stopping threads took: 0.0000713 seconds
2016-12-26T10:19:57.793-0100: 269.998: Total time for which application threads were stopped: 0.0005350 seconds, Stopping threads took: 0.0001214 seconds
2016-12-26T10:19:57.794-0100: 269.998: Total time for which application threads were stopped: 0.0003304 seconds, Stopping threads took: 0.0001456 seconds
2016-12-26T10:19:57.794-0100: 269.999: Total time for which application threads were stopped: 0.0002193 seconds, Stopping threads took: 0.0000947 seconds
2016-12-26T10:19:57.794-0100: 269.999: Total time for which application threads were stopped: 0.0001746 seconds, Stopping threads took: 0.0000698 seconds
2016-12-26T10:19:57.795-0100: 269.999: Total time for which application threads were stopped: 0.0001530 seconds, Stopping threads took: 0.0000664 seconds
2016-12-26T10:19:57.828-0100: 270.032: Total time for which application threads were stopped: 0.0004800 seconds, Stopping threads took: 0.0001171 seconds
2016-12-26T10:19:57.829-0100: 270.034: Total time for which application threads were stopped: 0.0001972 seconds, Stopping threads took: 0.0000323 seconds
2016-12-26T10:19:57.830-0100: 270.034: Total time for which application threads were stopped: 0.0001436 seconds, Stopping threads took: 0.0000163 seconds
2016-12-26T10:19:57.830-0100: 270.034: Total time for which application threads were stopped: 0.0003382 seconds, Stopping threads took: 0.0000144 seconds
2016-12-26T10:19:57.832-0100: 270.036: Total time for which application threads were stopped: 0.0002351 seconds, Stopping threads took: 0.0000293 seconds
2016-12-26T10:19:57.860-0100: 270.064: Total time for which application threads were stopped: 0.0002792 seconds, Stopping threads took: 0.0000556 seconds
2016-12-26T10:19:58.013-0100: 270.217: Total time for which application threads were stopped: 0.0002148 seconds, Stopping threads took: 0.0000448 seconds
2016-12-26T10:19:58.013-0100: 270.218: Total time for which application threads were stopped: 0.0001709 seconds, Stopping threads took: 0.0000223 seconds
2016-12-26T10:19:58.133-0100: 270.337: Total time for which application threads were stopped: 0.0002353 seconds, Stopping threads took: 0.0000614 seconds
2016-12-26T10:19:58.133-0100: 270.337: Total time for which application threads were stopped: 0.0001153 seconds, Stopping threads took: 0.0000248 seconds
2016-12-26T10:19:58.133-0100: 270.338: Total time for which application threads were stopped: 0.0001300 seconds, Stopping threads took: 0.0000286 seconds
2016-12-26T10:19:58.133-0100: 270.338: Total time for which application threads were stopped: 0.0001221 seconds, Stopping threads took: 0.0000222 seconds
2016-12-26T10:19:58.133-0100: 270.338: Total time for which application threads were stopped: 0.0001084 seconds, Stopping threads took: 0.0000128 seconds
2016-12-26T10:19:58.170-0100: 270.374: Total time for which application threads were stopped: 0.0002992 seconds, Stopping threads took: 0.0000924 seconds
2016-12-26T10:19:58.193-0100: 270.397: Total time for which application threads were stopped: 0.0002907 seconds, Stopping threads took: 0.0000727 seconds
2016-12-26T10:19:58.193-0100: 270.398: Total time for which application threads were stopped: 0.0001598 seconds, Stopping threads took: 0.0000292 seconds
2016-12-26T10:19:58.196-0100: 270.400: Total time for which application threads were stopped: 0.0002598 seconds, Stopping threads took: 0.0000654 seconds
2016-12-26T10:19:58.196-0100: 270.400: Total time for which application threads were stopped: 0.0002824 seconds, Stopping threads took: 0.0000978 seconds
2016-12-26T10:19:58.196-0100: 270.401: Total time for which application threads were stopped: 0.0002929 seconds, Stopping threads took: 0.0000830 seconds
{Heap before GC invocations=76 (full 2):
 par new generation   total 109248K, used 96004K [0x00000007a0000000, 0x00000007a8000000, 0x00000007a8000000)
  eden space 87424K, 100% used [0x00000007a0000000, 0x00000007a5560000, 0x00000007a5560000)
  from space 21824K,  39% used [0x00000007a5560000, 0x00000007a5dc1180, 0x00000007a6ab0000)
  to   space 21824K,   0% used [0x00000007a6ab0000, 0x00000007a6ab0000, 0x00000007a8000000)
 concurrent mark-sweep generation total 393216K, used 47901K [0x00000007a8000000, 0x00000007c0000000, 0x00000007c0000000)
 Metaspace       used 43793K, capacity 44668K, committed 44944K, reserved 1089536K
  class space    used 4724K, capacity 4944K, committed 5016K, reserved 1048576K
2016-12-26T10:19:58.197-0100: 270.401: [GC (Allocation Failure) 2016-12-26T10:19:58.197-0100: 270.401: [ParNew
Desired survivor size 20112992 bytes, new threshold 8 (max 8)
- age   1:    1672200 bytes,    1672200 total
- age   2:      20992 bytes,    1693192 total
- age   3:      13320 bytes,    1706512 total
- age   4:    1194464 bytes,    2900976 total
- age   5:      10568 bytes,    2911544 total
- age   6:      11688 bytes,    2923232 total
- age   7:      12232 bytes,    2935464 total
- age   8:     913648 bytes,    3849112 total
: 96004K->5403K(109248K), 0.0166699 secs] 143905K->53321K(502464K), 0.0167493 secs] [Times: user=0.02 sys=0.00, real=0.02 secs] 
Heap after GC invocations=77 (full 2):
 par new generation   total 109248K, used 5403K [0x00000007a0000000, 0x00000007a8000000, 0x00000007a8000000)
  eden space 87424K,   0% used [0x00000007a0000000, 0x00000007a0000000, 0x00000007a5560000)
  from space 21824K,  24% used [0x00000007a6ab0000, 0x00000007a6ff6ee8, 0x00000007a8000000)
  to   space 21824K,   0% used [0x00000007a5560000, 0x00000007a5560000, 0x00000007a6ab0000)
 concurrent mark-sweep generation total 393216K, used 47918K [0x00000007a8000000, 0x00000007c0000000, 0x00000007c0000000)
 Metaspace       used 43793K, capacity 44668K, committed 44944K, reserved 1089536K
  class space    used 4724K, capacity 4944K, committed 5016K, reserved 1048576K
}
2016-12-26T10:19:58.214-0100: 270.418: Total time for which application threads were stopped: 0.0170799 seconds, Stopping threads took: 0.0000366 seconds
2016-12-26T10:19:58.281-0100: 270.486: Total time for which application threads were stopped: 0.0003308 seconds, Stopping threads took: 0.0000551 seconds
2016-12-26T10:19:58.282-0100: 270.486: Total time for which application threads were stopped: 0.0002380 seconds, Stopping threads took: 0.0000363 seconds
2016-12-26T10:19:58.382-0100: 270.586: Total time for which application threads were stopped: 0.0110912 seconds, Stopping threads took: 0.0108577 seconds
2016-12-26T10:19:58.535-0100: 270.740: Total time for which application threads were stopped: 0.0211448 seconds, Stopping threads took: 0.0208575 seconds
2016-12-26T10:19:58.536-0100: 270.740: Total time for which application threads were stopped: 0.0001790 seconds, Stopping threads took: 0.0000157 seconds
2016-12-26T10:19:58.615-0100: 270.819: Total time for which application threads were stopped: 0.0111105 seconds, Stopping threads took: 0.0108663 seconds
2016-12-26T10:19:58.618-0100: 270.822: Total time for which application threads were stopped: 0.0002941 seconds, Stopping threads took: 0.0001053 seconds
2016-12-26T10:19:58.618-0100: 270.823: Total time for which application threads were stopped: 0.0002400 seconds, Stopping threads took: 0.0000875 seconds
2016-12-26T10:19:58.619-0100: 270.823: Total time for which application threads were stopped: 0.0004888 seconds, Stopping threads took: 0.0000473 seconds
2016-12-26T10:19:58.620-0100: 270.824: Total time for which application threads were stopped: 0.0004958 seconds, Stopping threads took: 0.0000640 seconds
2016-12-26T10:19:58.721-0100: 270.926: Total time for which application threads were stopped: 0.0002560 seconds, Stopping threads took: 0.0000527 seconds
2016-12-26T10:19:58.805-0100: 271.009: Total time for which application threads were stopped: 0.0155178 seconds, Stopping threads took: 0.0152627 seconds
{Heap before GC invocations=77 (full 2):
 par new generation   total 109248K, used 92801K [0x00000007a0000000, 0x00000007a8000000, 0x00000007a8000000)
  eden space 87424K,  99% used [0x00000007a0000000, 0x00000007a5559550, 0x00000007a5560000)
  from space 21824K,  24% used [0x00000007a6ab0000, 0x00000007a6ff6ee8, 0x00000007a8000000)
  to   space 21824K,   0% used [0x00000007a5560000, 0x00000007a5560000, 0x00000007a6ab0000)
 concurrent mark-sweep generation total 393216K, used 47918K [0x00000007a8000000, 0x00000007c0000000, 0x00000007c0000000)
 Metaspace       used 43806K, capacity 44668K, committed 44944K, reserved 1089536K
  class space    used 4724K, capacity 4944K, committed 5016K, reserved 1048576K
2016-12-26T10:19:59.201-0100: 271.405: [GC (Allocation Failure) 2016-12-26T10:19:59.201-0100: 271.405: [ParNew
Desired survivor size 20112992 bytes, new threshold 8 (max 8)
- age   1:    3254336 bytes,    3254336 total
- age   2:    1213376 bytes,    4467712 total
- age   3:      20064 bytes,    4487776 total
- age   4:      12496 bytes,    4500272 total
- age   5:    1112480 bytes,    5612752 total
- age   6:      10512 bytes,    5623264 total
- age   7:      11688 bytes,    5634952 total
- age   8:      12208 bytes,    5647160 total
: 92801K->6596K(109248K), 0.0061462 secs] 140719K->55406K(502464K), 0.0062784 secs] [Times: user=0.02 sys=0.00, real=0.00 secs] 
Heap after GC invocations=78 (full 2):
 par new generation   total 109248K, used 6596K [0x00000007a0000000, 0x00000007a8000000, 0x00000007a8000000)
  eden space 87424K,   0% used [0x00000007a0000000, 0x00000007a0000000, 0x00000007a5560000)
  from space 21824K,  30% used [0x00000007a5560000, 0x00000007a5bd11a8, 0x00000007a6ab0000)
  to   space 21824K,   0% used [0x00000007a6ab0000, 0x00000007a6ab0000, 0x00000007a8000000)
 concurrent mark-sweep generation total 393216K, used 48809K [0x00000007a8000000, 0x00000007c0000000, 0x00000007c0000000)
 Metaspace       used 43806K, capacity 44668K, committed 44944K, reserved 1089536K
  class space    used 4724K, capacity 4944K, committed 5016K, reserved 1048576K
}
2016-12-26T10:19:59.207-0100: 271.412: Total time for which application threads were stopped: 0.0135301 seconds, Stopping threads took: 0.0068806 seconds
{Heap before GC invocations=78 (full 2):
 par new generation   total 109248K, used 94020K [0x00000007a0000000, 0x00000007a8000000, 0x00000007a8000000)
  eden space 87424K, 100% used [0x00000007a0000000, 0x00000007a5560000, 0x00000007a5560000)
  from space 21824K,  30% used [0x00000007a5560000, 0x00000007a5bd11a8, 0x00000007a6ab0000)
  to   space 21824K,   0% used [0x00000007a6ab0000, 0x00000007a6ab0000, 0x00000007a8000000)
 concurrent mark-sweep generation total 393216K, used 48809K [0x00000007a8000000, 0x00000007c0000000, 0x00000007c0000000)
 Metaspace       used 43865K, capacity 44732K, committed 44944K, reserved 1089536K
  class space    used 4727K, capacity 4944K, committed 5016K, reserved 1048576K
2016-12-26T10:20:00.047-0100: 272.252: [GC (Allocation Failure) 2016-12-26T10:20:00.047-0100: 272.252: [ParNew
Desired survivor size 20112992 bytes, new threshold 8 (max 8)
- age   1:     792544 bytes,     792544 total
- age   2:    2032608 bytes,    2825152 total
- age   3:    1187784 bytes,    4012936 total
- age   4:      16144 bytes,    4029080 total
- age   5:       9312 bytes,    4038392 total
- age   6:    1109744 bytes,    5148136 total
- age   7:      10480 bytes,    5158616 total
- age   8:      11688 bytes,    5170304 total
: 94020K->8033K(109248K), 0.0069307 secs] 142830K->56855K(502464K), 0.0070540 secs] [Times: user=0.02 sys=0.00, real=0.01 secs] 
Heap after GC invocations=79 (full 2):
 par new generation   total 109248K, used 8033K [0x00000007a0000000, 0x00000007a8000000, 0x00000007a8000000)
  eden space 87424K,   0% used [0x00000007a0000000, 0x00000007a0000000, 0x00000007a5560000)
  from space 21824K,  36% used [0x00000007a6ab0000, 0x00000007a7288660, 0x00000007a8000000)
  to   space 21824K,   0% used [0x00000007a5560000, 0x00000007a5560000, 0x00000007a6ab0000)
 concurrent mark-sweep generation total 393216K, used 48821K [0x00000007a8000000, 0x00000007c0000000, 0x00000007c0000000)
 Metaspace       used 43865K, capacity 44732K, committed 44944K, reserved 1089536K
  class space    used 4727K, capacity 4944K, committed 5016K, reserved 1048576K
}
2016-12-26T10:20:00.054-0100: 272.259: Total time for which application threads were stopped: 0.0074177 seconds, Stopping threads took: 0.0000313 seconds
{Heap before GC invocations=79 (full 2):
 par new generation   total 109248K, used 95457K [0x00000007a0000000, 0x00000007a8000000, 0x00000007a8000000)
  eden space 87424K, 100% used [0x00000007a0000000, 0x00000007a5560000, 0x00000007a5560000)
  from space 21824K,  36% used [0x00000007a6ab0000, 0x00000007a7288660, 0x00000007a8000000)
  to   space 21824K,   0% used [0x00000007a5560000, 0x00000007a5560000, 0x00000007a6ab0000)
 concurrent mark-sweep generation total 393216K, used 48821K [0x00000007a8000000, 0x00000007c0000000, 0x00000007c0000000)
 Metaspace       used 43865K, capacity 44732K, committed 44944K, reserved 1089536K
  class space    used 4727K, capacity 4944K, committed 5016K, reserved 1048576K
2016-12-26T10:20:01.049-0100: 273.253: [GC (Allocation Failure) 2016-12-26T10:20:01.049-0100: 273.253: [ParNew
Desired survivor size 20112992 bytes, new threshold 8 (max 8)
- age   1:     868440 bytes,     868440 total
- age   2:     267688 bytes,    1136128 total
- age   3:    2027280 bytes,    3163408 total
- age   4:    1181496 bytes,    4344904 total
- age   5:      12976 bytes,    4357880 total
- age   6:       8512 bytes,    4366392 total
- age   7:    1108944 bytes,    5475336 total
- age   8:      10408 bytes,    5485744 total
: 95457K->6627K(109248K), 0.0084036 secs] 144279K->55460K(502464K), 0.0085006 secs] [Times: user=0.02 sys=0.01, real=0.01 secs] 
Heap after GC invocations=80 (full 2):
 par new generation   total 109248K, used 6627K [0x00000007a0000000, 0x00000007a8000000, 0x00000007a8000000)
  eden space 87424K,   0% used [0x00000007a0000000, 0x00000007a0000000, 0x00000007a5560000)
  from space 21824K,  30% used [0x00000007a5560000, 0x00000007a5bd8d50, 0x00000007a6ab0000)
  to   space 21824K,   0% used [0x00000007a6ab0000, 0x00000007a6ab0000, 0x00000007a8000000)
 concurrent mark-sweep generation total 393216K, used 48833K [0x00000007a8000000, 0x00000007c0000000, 0x00000007c0000000)
 Metaspace       used 43865K, capacity 44732K, committed 44944K, reserved 1089536K
  class space    used 4727K, capacity 4944K, committed 5016K, reserved 1048576K
}
2016-12-26T10:20:01.057-0100: 273.262: Total time for which application threads were stopped: 0.0090076 seconds, Stopping threads took: 0.0000602 seconds
2016-12-26T10:20:01.472-0100: 273.676: Total time for which application threads were stopped: 0.0002933 seconds, Stopping threads took: 0.0000536 seconds
2016-12-26T10:20:01.472-0100: 273.676: Total time for which application threads were stopped: 0.0002488 seconds, Stopping threads took: 0.0000904 seconds
2016-12-26T10:20:01.472-0100: 273.676: Total time for which application threads were stopped: 0.0001643 seconds, Stopping threads took: 0.0000196 seconds
2016-12-26T10:20:01.472-0100: 273.677: Total time for which application threads were stopped: 0.0001288 seconds, Stopping threads took: 0.0000108 seconds
2016-12-26T10:20:01.473-0100: 273.677: Total time for which application threads were stopped: 0.0001458 seconds, Stopping threads took: 0.0000148 seconds
2016-12-26T10:20:01.473-0100: 273.677: Total time for which application threads were stopped: 0.0001438 seconds, Stopping threads took: 0.0000259 seconds
2016-12-26T10:20:01.473-0100: 273.677: Total time for which application threads were stopped: 0.0001324 seconds, Stopping threads took: 0.0000132 seconds
2016-12-26T10:20:01.473-0100: 273.678: Total time for which application threads were stopped: 0.0001312 seconds, Stopping threads took: 0.0000132 seconds
2016-12-26T10:20:01.473-0100: 273.678: Total time for which application threads were stopped: 0.0001350 seconds, Stopping threads took: 0.0000202 seconds
2016-12-26T10:20:01.474-0100: 273.678: Total time for which application threads were stopped: 0.0002331 seconds, Stopping threads took: 0.0000949 seconds
2016-12-26T10:20:01.540-0100: 273.744: Total time for which application threads were stopped: 0.0002063 seconds, Stopping threads took: 0.0000313 seconds
2016-12-26T10:20:01.711-0100: 273.916: Total time for which application threads were stopped: 0.0003284 seconds, Stopping threads took: 0.0000598 seconds
2016-12-26T10:20:01.712-0100: 273.916: Total time for which application threads were stopped: 0.0002992 seconds, Stopping threads took: 0.0000983 seconds
2016-12-26T10:20:01.712-0100: 273.917: Total time for which application threads were stopped: 0.0002895 seconds, Stopping threads took: 0.0000232 seconds
2016-12-26T10:20:01.713-0100: 273.917: Total time for which application threads were stopped: 0.0003512 seconds, Stopping threads took: 0.0000407 seconds
2016-12-26T10:20:01.714-0100: 273.919: Total time for which application threads were stopped: 0.0011496 seconds, Stopping threads took: 0.0001724 seconds
2016-12-26T10:20:01.715-0100: 273.919: Total time for which application threads were stopped: 0.0005412 seconds, Stopping threads took: 0.0001006 seconds
2016-12-26T10:20:01.716-0100: 273.920: Total time for which application threads were stopped: 0.0005612 seconds, Stopping threads took: 0.0001341 seconds
2016-12-26T10:20:01.717-0100: 273.921: Total time for which application threads were stopped: 0.0006935 seconds, Stopping threads took: 0.0002124 seconds
2016-12-26T10:20:01.717-0100: 273.921: Total time for which application threads were stopped: 0.0002592 seconds, Stopping threads took: 0.0000343 seconds
2016-12-26T10:20:01.717-0100: 273.922: Total time for which application threads were stopped: 0.0003377 seconds, Stopping threads took: 0.0000328 seconds
2016-12-26T10:20:01.718-0100: 273.922: Total time for which application threads were stopped: 0.0003260 seconds, Stopping threads took: 0.0000567 seconds
2016-12-26T10:20:01.718-0100: 273.923: Total time for which application threads were stopped: 0.0003653 seconds, Stopping threads took: 0.0000505 seconds
2016-12-26T10:20:01.719-0100: 273.924: Total time for which application threads were stopped: 0.0005753 seconds, Stopping threads took: 0.0000813 seconds
2016-12-26T10:20:01.720-0100: 273.924: Total time for which application threads were stopped: 0.0003679 seconds, Stopping threads took: 0.0000763 seconds
2016-12-26T10:20:01.720-0100: 273.925: Total time for which application threads were stopped: 0.0003862 seconds, Stopping threads took: 0.0000478 seconds
2016-12-26T10:20:01.784-0100: 273.989: Total time for which application threads were stopped: 0.0006414 seconds, Stopping threads took: 0.0000342 seconds
{Heap before GC invocations=80 (full 2):
 par new generation   total 109248K, used 94051K [0x00000007a0000000, 0x00000007a8000000, 0x00000007a8000000)
  eden space 87424K, 100% used [0x00000007a0000000, 0x00000007a5560000, 0x00000007a5560000)
  from space 21824K,  30% used [0x00000007a5560000, 0x00000007a5bd8d50, 0x00000007a6ab0000)
  to   space 21824K,   0% used [0x00000007a6ab0000, 0x00000007a6ab0000, 0x00000007a8000000)
 concurrent mark-sweep generation total 393216K, used 48833K [0x00000007a8000000, 0x00000007c0000000, 0x00000007c0000000)
 Metaspace       used 43873K, capacity 44732K, committed 44944K, reserved 1089536K
  class space    used 4727K, capacity 4944K, committed 5016K, reserved 1048576K
2016-12-26T10:20:02.069-0100: 274.274: [GC (Allocation Failure) 2016-12-26T10:20:02.069-0100: 274.274: [ParNew
Desired survivor size 20112992 bytes, new threshold 8 (max 8)
- age   1:    3160984 bytes,    3160984 total
- age   2:      31936 bytes,    3192920 total
- age   3:      16272 bytes,    3209192 total
- age   4:      94704 bytes,    3303896 total
- age   5:     477984 bytes,    3781880 total
- age   6:       8448 bytes,    3790328 total
- age   7:       6664 bytes,    3796992 total
- age   8:     338424 bytes,    4135416 total
: 94051K->8085K(109248K), 0.0050422 secs] 142884K->56929K(502464K), 0.0051225 secs] [Times: user=0.01 sys=0.00, real=0.01 secs] 
Heap after GC invocations=81 (full 2):
 par new generation   total 109248K, used 8085K [0x00000007a0000000, 0x00000007a8000000, 0x00000007a8000000)
  eden space 87424K,   0% used [0x00000007a0000000, 0x00000007a0000000, 0x00000007a5560000)
  from space 21824K,  37% used [0x00000007a6ab0000, 0x00000007a72956a0, 0x00000007a8000000)
  to   space 21824K,   0% used [0x00000007a5560000, 0x00000007a5560000, 0x00000007a6ab0000)
 concurrent mark-sweep generation total 393216K, used 48843K [0x00000007a8000000, 0x00000007c0000000, 0x00000007c0000000)
 Metaspace       used 43873K, capacity 44732K, committed 44944K, reserved 1089536K
  class space    used 4727K, capacity 4944K, committed 5016K, reserved 1048576K
}
2016-12-26T10:20:02.074-0100: 274.279: Total time for which application threads were stopped: 0.0053584 seconds, Stopping threads took: 0.0000259 seconds
{Heap before GC invocations=81 (full 2):
 par new generation   total 109248K, used 95509K [0x00000007a0000000, 0x00000007a8000000, 0x00000007a8000000)
  eden space 87424K, 100% used [0x00000007a0000000, 0x00000007a5560000, 0x00000007a5560000)
  from space 21824K,  37% used [0x00000007a6ab0000, 0x00000007a72956a0, 0x00000007a8000000)
  to   space 21824K,   0% used [0x00000007a5560000, 0x00000007a5560000, 0x00000007a6ab0000)
 concurrent mark-sweep generation total 393216K, used 48843K [0x00000007a8000000, 0x00000007c0000000, 0x00000007c0000000)
 Metaspace       used 43873K, capacity 44732K, committed 44944K, reserved 1089536K
  class space    used 4727K, capacity 4944K, committed 5016K, reserved 1048576K
2016-12-26T10:20:02.779-0100: 274.983: [GC (Allocation Failure) 2016-12-26T10:20:02.779-0100: 274.983: [ParNew
Desired survivor size 20112992 bytes, new threshold 8 (max 8)
- age   1:     950936 bytes,     950936 total
- age   2:    2631184 bytes,    3582120 total
- age   3:      21800 bytes,    3603920 total
- age   4:      13872 bytes,    3617792 total
- age   5:      91448 bytes,    3709240 total
- age   6:     475624 bytes,    4184864 total
- age   7:       8400 bytes,    4193264 total
- age   8:       6592 bytes,    4199856 total
: 95509K->5242K(109248K), 0.0053701 secs] 144353K->54416K(502464K), 0.0054408 secs] [Times: user=0.01 sys=0.00, real=0.01 secs] 
Heap after GC invocations=82 (full 2):
 par new generation   total 109248K, used 5242K [0x00000007a0000000, 0x00000007a8000000, 0x00000007a8000000)
  eden space 87424K,   0% used [0x00000007a0000000, 0x00000007a0000000, 0x00000007a5560000)
  from space 21824K,  24% used [0x00000007a5560000, 0x00000007a5a7e970, 0x00000007a6ab0000)
  to   space 21824K,   0% used [0x00000007a6ab0000, 0x00000007a6ab0000, 0x00000007a8000000)
 concurrent mark-sweep generation total 393216K, used 49174K [0x00000007a8000000, 0x00000007c0000000, 0x00000007c0000000)
 Metaspace       used 43873K, capacity 44732K, committed 44944K, reserved 1089536K
  class space    used 4727K, capacity 4944K, committed 5016K, reserved 1048576K
}
2016-12-26T10:20:02.784-0100: 274.988: Total time for which application threads were stopped: 0.0058831 seconds, Stopping threads took: 0.0000793 seconds
{Heap before GC invocations=82 (full 2):
 par new generation   total 109248K, used 92666K [0x00000007a0000000, 0x00000007a8000000, 0x00000007a8000000)
  eden space 87424K, 100% used [0x00000007a0000000, 0x00000007a5560000, 0x00000007a5560000)
  from space 21824K,  24% used [0x00000007a5560000, 0x00000007a5a7e970, 0x00000007a6ab0000)
  to   space 21824K,   0% used [0x00000007a6ab0000, 0x00000007a6ab0000, 0x00000007a8000000)
 concurrent mark-sweep generation total 393216K, used 49174K [0x00000007a8000000, 0x00000007c0000000, 0x00000007c0000000)
 Metaspace       used 43873K, capacity 44732K, committed 44944K, reserved 1089536K
  class space    used 4727K, capacity 4944K, committed 5016K, reserved 1048576K
2016-12-26T10:20:03.656-0100: 275.860: [GC (Allocation Failure) 2016-12-26T10:20:03.656-0100: 275.860: [ParNew
Desired survivor size 20112992 bytes, new threshold 8 (max 8)
- age   1:    1001696 bytes,    1001696 total
- age   2:     433304 bytes,    1435000 total
- age   3:    2590432 bytes,    4025432 total
- age   4:      14648 bytes,    4040080 total
- age   5:      13064 bytes,    4053144 total
- age   6:      90632 bytes,    4143776 total
- age   7:     474800 bytes,    4618576 total
- age   8:       8352 bytes,    4626928 total
: 92666K->7057K(109248K), 0.0087023 secs] 141840K->56237K(502464K), 0.0088131 secs] [Times: user=0.02 sys=0.00, real=0.01 secs] 
Heap after GC invocations=83 (full 2):
 par new generation   total 109248K, used 7057K [0x00000007a0000000, 0x00000007a8000000, 0x00000007a8000000)
  eden space 87424K,   0% used [0x00000007a0000000, 0x00000007a0000000, 0x00000007a5560000)
  from space 21824K,  32% used [0x00000007a6ab0000, 0x00000007a7194540, 0x00000007a8000000)
  to   space 21824K,   0% used [0x00000007a5560000, 0x00000007a5560000, 0x00000007a6ab0000)
 concurrent mark-sweep generation total 393216K, used 49180K [0x00000007a8000000, 0x00000007c0000000, 0x00000007c0000000)
 Metaspace       used 43873K, capacity 44732K, committed 44944K, reserved 1089536K
  class space    used 4727K, capacity 4944K, committed 5016K, reserved 1048576K
}
2016-12-26T10:20:03.665-0100: 275.869: Total time for which application threads were stopped: 0.0091422 seconds, Stopping threads took: 0.0000307 seconds
2016-12-26T10:20:03.940-0100: 276.144: Total time for which application threads were stopped: 0.0002223 seconds, Stopping threads took: 0.0000313 seconds
2016-12-26T10:20:03.940-0100: 276.145: Total time for which application threads were stopped: 0.0001444 seconds, Stopping threads took: 0.0000165 seconds
2016-12-26T10:20:03.941-0100: 276.146: Total time for which application threads were stopped: 0.0001875 seconds, Stopping threads took: 0.0000279 seconds
2016-12-26T10:20:03.942-0100: 276.146: Total time for which application threads were stopped: 0.0001127 seconds, Stopping threads took: 0.0000142 seconds
2016-12-26T10:20:03.942-0100: 276.147: Total time for which application threads were stopped: 0.0001002 seconds, Stopping threads took: 0.0000092 seconds
2016-12-26T10:20:03.943-0100: 276.147: Total time for which application threads were stopped: 0.0002923 seconds, Stopping threads took: 0.0000257 seconds
2016-12-26T10:20:03.950-0100: 276.154: Total time for which application threads were stopped: 0.0001604 seconds, Stopping threads took: 0.0000246 seconds
2016-12-26T10:20:03.950-0100: 276.155: Total time for which application threads were stopped: 0.0000995 seconds, Stopping threads took: 0.0000102 seconds
{Heap before GC invocations=83 (full 2):
 par new generation   total 109248K, used 94481K [0x00000007a0000000, 0x00000007a8000000, 0x00000007a8000000)
  eden space 87424K, 100% used [0x00000007a0000000, 0x00000007a5560000, 0x00000007a5560000)
  from space 21824K,  32% used [0x00000007a6ab0000, 0x00000007a7194540, 0x00000007a8000000)
  to   space 21824K,   0% used [0x00000007a5560000, 0x00000007a5560000, 0x00000007a6ab0000)
 concurrent mark-sweep generation total 393216K, used 49180K [0x00000007a8000000, 0x00000007c0000000, 0x00000007c0000000)
 Metaspace       used 43905K, capacity 44764K, committed 44944K, reserved 1089536K
  class space    used 4733K, capacity 4976K, committed 5016K, reserved 1048576K
2016-12-26T10:20:04.504-0100: 276.709: [GC (Allocation Failure) 2016-12-26T10:20:04.504-0100: 276.709: [ParNew
Desired survivor size 20112992 bytes, new threshold 8 (max 8)
- age   1:    1100024 bytes,    1100024 total
- age   2:     432816 bytes,    1532840 total
- age   3:     421512 bytes,    1954352 total
- age   4:    2585192 bytes,    4539544 total
- age   5:      11440 bytes,    4550984 total
- age   6:      13016 bytes,    4564000 total
- age   7:      90608 bytes,    4654608 total
- age   8:     474000 bytes,    5128608 total
: 94481K->6538K(109248K), 0.0122314 secs] 143661K->55727K(502464K), 0.0123434 secs] [Times: user=0.02 sys=0.00, real=0.01 secs] 
Heap after GC invocations=84 (full 2):
 par new generation   total 109248K, used 6538K [0x00000007a0000000, 0x00000007a8000000, 0x00000007a8000000)
  eden space 87424K,   0% used [0x00000007a0000000, 0x00000007a0000000, 0x00000007a5560000)
  from space 21824K,  29% used [0x00000007a5560000, 0x00000007a5bc2928, 0x00000007a6ab0000)
  to   space 21824K,   0% used [0x00000007a6ab0000, 0x00000007a6ab0000, 0x00000007a8000000)
 concurrent mark-sweep generation total 393216K, used 49188K [0x00000007a8000000, 0x00000007c0000000, 0x00000007c0000000)
 Metaspace       used 43905K, capacity 44764K, committed 44944K, reserved 1089536K
  class space    used 4733K, capacity 4976K, committed 5016K, reserved 1048576K
}
2016-12-26T10:20:04.517-0100: 276.721: Total time for which application threads were stopped: 0.0127213 seconds, Stopping threads took: 0.0000396 seconds
{Heap before GC invocations=84 (full 2):
 par new generation   total 109248K, used 93962K [0x00000007a0000000, 0x00000007a8000000, 0x00000007a8000000)
  eden space 87424K, 100% used [0x00000007a0000000, 0x00000007a5560000, 0x00000007a5560000)
  from space 21824K,  29% used [0x00000007a5560000, 0x00000007a5bc2928, 0x00000007a6ab0000)
  to   space 21824K,   0% used [0x00000007a6ab0000, 0x00000007a6ab0000, 0x00000007a8000000)
 concurrent mark-sweep generation total 393216K, used 49188K [0x00000007a8000000, 0x00000007c0000000, 0x00000007c0000000)
 Metaspace       used 43919K, capacity 44776K, committed 44944K, reserved 1089536K
  class space    used 4736K, capacity 4980K, committed 5016K, reserved 1048576K
2016-12-26T10:20:05.188-0100: 277.393: [GC (Allocation Failure) 2016-12-26T10:20:05.188-0100: 277.393: [ParNew
Desired survivor size 20112992 bytes, new threshold 8 (max 8)
- age   1:    3567248 bytes,    3567248 total
- age   2:      32312 bytes,    3599560 total
- age   3:      17896 bytes,    3617456 total
- age   4:       9864 bytes,    3627320 total
- age   5:     814536 bytes,    4441856 total
- age   6:      11384 bytes,    4453240 total
- age   7:      12936 bytes,    4466176 total
- age   8:      90512 bytes,    4556688 total
: 93962K->5357K(109248K), 0.0049811 secs] 143151K->55009K(502464K), 0.0050613 secs] [Times: user=0.02 sys=0.00, real=0.01 secs] 
Heap after GC invocations=85 (full 2):
 par new generation   total 109248K, used 5357K [0x00000007a0000000, 0x00000007a8000000, 0x00000007a8000000)
  eden space 87424K,   0% used [0x00000007a0000000, 0x00000007a0000000, 0x00000007a5560000)
  from space 21824K,  24% used [0x00000007a6ab0000, 0x00000007a6feb5d8, 0x00000007a8000000)
  to   space 21824K,   0% used [0x00000007a5560000, 0x00000007a5560000, 0x00000007a6ab0000)
 concurrent mark-sweep generation total 393216K, used 49652K [0x00000007a8000000, 0x00000007c0000000, 0x00000007c0000000)
 Metaspace       used 43919K, capacity 44776K, committed 44944K, reserved 1089536K
  class space    used 4736K, capacity 4980K, committed 5016K, reserved 1048576K
}
2016-12-26T10:20:05.193-0100: 277.398: Total time for which application threads were stopped: 0.0053287 seconds, Stopping threads took: 0.0000304 seconds
{Heap before GC invocations=85 (full 2):
 par new generation   total 109248K, used 92781K [0x00000007a0000000, 0x00000007a8000000, 0x00000007a8000000)
  eden space 87424K, 100% used [0x00000007a0000000, 0x00000007a5560000, 0x00000007a5560000)
  from space 21824K,  24% used [0x00000007a6ab0000, 0x00000007a6feb5d8, 0x00000007a8000000)
  to   space 21824K,   0% used [0x00000007a5560000, 0x00000007a5560000, 0x00000007a6ab0000)
 concurrent mark-sweep generation total 393216K, used 49652K [0x00000007a8000000, 0x00000007c0000000, 0x00000007c0000000)
 Metaspace       used 43919K, capacity 44776K, committed 44944K, reserved 1089536K
  class space    used 4736K, capacity 4980K, committed 5016K, reserved 1048576K
2016-12-26T10:20:05.912-0100: 278.116: [GC (Allocation Failure) 2016-12-26T10:20:05.912-0100: 278.116: [ParNew
Desired survivor size 20112992 bytes, new threshold 8 (max 8)
- age   1:    1008400 bytes,    1008400 total
- age   2:    3026472 bytes,    4034872 total
- age   3:      25264 bytes,    4060136 total
- age   4:      14008 bytes,    4074144 total
- age   5:       9840 bytes,    4083984 total
- age   6:     812824 bytes,    4896808 total
- age   7:      11384 bytes,    4908192 total
- age   8:      12888 bytes,    4921080 total
: 92781K->7865K(109248K), 0.0059314 secs] 142433K->57606K(502464K), 0.0060213 secs] [Times: user=0.02 sys=0.00, real=0.00 secs] 
Heap after GC invocations=86 (full 2):
 par new generation   total 109248K, used 7865K [0x00000007a0000000, 0x00000007a8000000, 0x00000007a8000000)
  eden space 87424K,   0% used [0x00000007a0000000, 0x00000007a0000000, 0x00000007a5560000)
  from space 21824K,  36% used [0x00000007a5560000, 0x00000007a5d0e5c0, 0x00000007a6ab0000)
  to   space 21824K,   0% used [0x00000007a6ab0000, 0x00000007a6ab0000, 0x00000007a8000000)
 concurrent mark-sweep generation total 393216K, used 49741K [0x00000007a8000000, 0x00000007c0000000, 0x00000007c0000000)
 Metaspace       used 43919K, capacity 44776K, committed 44944K, reserved 1089536K
  class space    used 4736K, capacity 4980K, committed 5016K, reserved 1048576K
}
2016-12-26T10:20:05.918-0100: 278.122: Total time for which application threads were stopped: 0.0063191 seconds, Stopping threads took: 0.0000322 seconds
{Heap before GC invocations=86 (full 2):
 par new generation   total 109248K, used 95289K [0x00000007a0000000, 0x00000007a8000000, 0x00000007a8000000)
  eden space 87424K, 100% used [0x00000007a0000000, 0x00000007a5560000, 0x00000007a5560000)
  from space 21824K,  36% used [0x00000007a5560000, 0x00000007a5d0e5c0, 0x00000007a6ab0000)
  to   space 21824K,   0% used [0x00000007a6ab0000, 0x00000007a6ab0000, 0x00000007a8000000)
 concurrent mark-sweep generation total 393216K, used 49741K [0x00000007a8000000, 0x00000007c0000000, 0x00000007c0000000)
 Metaspace       used 43920K, capacity 44776K, committed 44944K, reserved 1089536K
  class space    used 4736K, capacity 4980K, committed 5016K, reserved 1048576K
2016-12-26T10:20:06.672-0100: 278.876: [GC (Allocation Failure) 2016-12-26T10:20:06.672-0100: 278.876: [ParNew
Desired survivor size 20112992 bytes, new threshold 8 (max 8)
- age   1:     931816 bytes,     931816 total
- age   2:     486240 bytes,    1418056 total
- age   3:    3012376 bytes,    4430432 total
- age   4:      22872 bytes,    4453304 total
- age   5:      13176 bytes,    4466480 total
- age   6:       8272 bytes,    4474752 total
- age   7:     812776 bytes,    5287528 total
- age   8:      11336 bytes,    5298864 total
: 95289K->7099K(109248K), 0.0049878 secs] 145030K->56854K(502464K), 0.0050614 secs] [Times: user=0.01 sys=0.00, real=0.00 secs] 
Heap after GC invocations=87 (full 2):
 par new generation   total 109248K, used 7099K [0x00000007a0000000, 0x00000007a8000000, 0x00000007a8000000)
  eden space 87424K,   0% used [0x00000007a0000000, 0x00000007a0000000, 0x00000007a5560000)
  from space 21824K,  32% used [0x00000007a6ab0000, 0x00000007a719efb8, 0x00000007a8000000)
  to   space 21824K,   0% used [0x00000007a5560000, 0x00000007a5560000, 0x00000007a6ab0000)
 concurrent mark-sweep generation total 393216K, used 49754K [0x00000007a8000000, 0x00000007c0000000, 0x00000007c0000000)
 Metaspace       used 43920K, capacity 44776K, committed 44944K, reserved 1089536K
  class space    used 4736K, capacity 4980K, committed 5016K, reserved 1048576K
}
2016-12-26T10:20:06.677-0100: 278.881: Total time for which application threads were stopped: 0.0053174 seconds, Stopping threads took: 0.0000364 seconds
{Heap before GC invocations=87 (full 2):
 par new generation   total 109248K, used 94523K [0x00000007a0000000, 0x00000007a8000000, 0x00000007a8000000)
  eden space 87424K, 100% used [0x00000007a0000000, 0x00000007a5560000, 0x00000007a5560000)
  from space 21824K,  32% used [0x00000007a6ab0000, 0x00000007a719efb8, 0x00000007a8000000)
  to   space 21824K,   0% used [0x00000007a5560000, 0x00000007a5560000, 0x00000007a6ab0000)
 concurrent mark-sweep generation total 393216K, used 49754K [0x00000007a8000000, 0x00000007c0000000, 0x00000007c0000000)
 Metaspace       used 43920K, capacity 44776K, committed 44944K, reserved 1089536K
  class space    used 4736K, capacity 4980K, committed 5016K, reserved 1048576K
2016-12-26T10:20:07.440-0100: 279.644: [GC (Allocation Failure) 2016-12-26T10:20:07.440-0100: 279.644: [ParNew
Desired survivor size 20112992 bytes, new threshold 8 (max 8)
- age   1:     973696 bytes,     973696 total
- age   2:     374544 bytes,    1348240 total
- age   3:     464096 bytes,    1812336 total
- age   4:    2992928 bytes,    4805264 total
- age   5:      20496 bytes,    4825760 total
- age   6:      13072 bytes,    4838832 total
- age   7:       8248 bytes,    4847080 total
- age   8:     812752 bytes,    5659832 total
: 94523K->6838K(109248K), 0.0065999 secs] 144278K->56603K(502464K), 0.0067404 secs] [Times: user=0.02 sys=0.01, real=0.00 secs] 
Heap after GC invocations=88 (full 2):
 par new generation   total 109248K, used 6838K [0x00000007a0000000, 0x00000007a8000000, 0x00000007a8000000)
  eden space 87424K,   0% used [0x00000007a0000000, 0x00000007a0000000, 0x00000007a5560000)
  from space 21824K,  31% used [0x00000007a5560000, 0x00000007a5c0d938, 0x00000007a6ab0000)
  to   space 21824K,   0% used [0x00000007a6ab0000, 0x00000007a6ab0000, 0x00000007a8000000)
 concurrent mark-sweep generation total 393216K, used 49765K [0x00000007a8000000, 0x00000007c0000000, 0x00000007c0000000)
 Metaspace       used 43920K, capacity 44776K, committed 44944K, reserved 1089536K
  class space    used 4736K, capacity 4980K, committed 5016K, reserved 1048576K
}
2016-12-26T10:20:07.447-0100: 279.651: Total time for which application threads were stopped: 0.0071583 seconds, Stopping threads took: 0.0000233 seconds
{Heap before GC invocations=88 (full 2):
 par new generation   total 109248K, used 94262K [0x00000007a0000000, 0x00000007a8000000, 0x00000007a8000000)
  eden space 87424K, 100% used [0x00000007a0000000, 0x00000007a5560000, 0x00000007a5560000)
  from space 21824K,  31% used [0x00000007a5560000, 0x00000007a5c0d938, 0x00000007a6ab0000)
  to   space 21824K,   0% used [0x00000007a6ab0000, 0x00000007a6ab0000, 0x00000007a8000000)
 concurrent mark-sweep generation total 393216K, used 49765K [0x00000007a8000000, 0x00000007c0000000, 0x00000007c0000000)
 Metaspace       used 43923K, capacity 44776K, committed 44944K, reserved 1089536K
  class space    used 4736K, capacity 4980K, committed 5016K, reserved 1048576K
2016-12-26T10:20:08.071-0100: 280.276: [GC (Allocation Failure) 2016-12-26T10:20:08.071-0100: 280.276: [ParNew
Desired survivor size 20112992 bytes, new threshold 8 (max 8)
- age   1:    3541720 bytes,    3541720 total
- age   2:      21744 bytes,    3563464 total
- age   3:      14320 bytes,    3577784 total
- age   4:      28936 bytes,    3606720 total
- age   5:    1113184 bytes,    4719904 total
- age   6:      19616 bytes,    4739520 total
- age   7:      13048 bytes,    4752568 total
- age   8:       8248 bytes,    4760816 total
: 94262K->8342K(109248K), 0.0057314 secs] 144027K->58902K(502464K), 0.0058226 secs] [Times: user=0.02 sys=0.00, real=0.00 secs] 
Heap after GC invocations=89 (full 2):
 par new generation   total 109248K, used 8342K [0x00000007a0000000, 0x00000007a8000000, 0x00000007a8000000)
  eden space 87424K,   0% used [0x00000007a0000000, 0x00000007a0000000, 0x00000007a5560000)
  from space 21824K,  38% used [0x00000007a6ab0000, 0x00000007a72d5970, 0x00000007a8000000)
  to   space 21824K,   0% used [0x00000007a5560000, 0x00000007a5560000, 0x00000007a6ab0000)
 concurrent mark-sweep generation total 393216K, used 50560K [0x00000007a8000000, 0x00000007c0000000, 0x00000007c0000000)
 Metaspace       used 43923K, capacity 44776K, committed 44944K, reserved 1089536K
  class space    used 4736K, capacity 4980K, committed 5016K, reserved 1048576K
}
2016-12-26T10:20:08.077-0100: 280.281: Total time for which application threads were stopped: 0.0060753 seconds, Stopping threads took: 0.0000276 seconds
{Heap before GC invocations=89 (full 2):
 par new generation   total 109248K, used 95766K [0x00000007a0000000, 0x00000007a8000000, 0x00000007a8000000)
  eden space 87424K, 100% used [0x00000007a0000000, 0x00000007a5560000, 0x00000007a5560000)
  from space 21824K,  38% used [0x00000007a6ab0000, 0x00000007a72d5970, 0x00000007a8000000)
  to   space 21824K,   0% used [0x00000007a5560000, 0x00000007a5560000, 0x00000007a6ab0000)
 concurrent mark-sweep generation total 393216K, used 50560K [0x00000007a8000000, 0x00000007c0000000, 0x00000007c0000000)
 Metaspace       used 43923K, capacity 44776K, committed 44944K, reserved 1089536K
  class space    used 4736K, capacity 4980K, committed 5016K, reserved 1048576K
2016-12-26T10:20:08.971-0100: 281.175: [GC (Allocation Failure) 2016-12-26T10:20:08.971-0100: 281.175: [ParNew
Desired survivor size 20112992 bytes, new threshold 8 (max 8)
- age   1:    1151040 bytes,    1151040 total
- age   2:    3034072 bytes,    4185112 total
- age   3:      14304 bytes,    4199416 total
- age   4:      12744 bytes,    4212160 total
- age   5:      27368 bytes,    4239528 total
- age   6:    1111416 bytes,    5350944 total
- age   7:      19592 bytes,    5370536 total
- age   8:      11400 bytes,    5381936 total
: 95766K->7062K(109248K), 0.0060028 secs] 146326K->57630K(502464K), 0.0060792 secs] [Times: user=0.02 sys=0.00, real=0.00 secs] 
Heap after GC invocations=90 (full 2):
 par new generation   total 109248K, used 7062K [0x00000007a0000000, 0x00000007a8000000, 0x00000007a8000000)
  eden space 87424K,   0% used [0x00000007a0000000, 0x00000007a0000000, 0x00000007a5560000)
  from space 21824K,  32% used [0x00000007a5560000, 0x00000007a5c458c0, 0x00000007a6ab0000)
  to   space 21824K,   0% used [0x00000007a6ab0000, 0x00000007a6ab0000, 0x00000007a8000000)
 concurrent mark-sweep generation total 393216K, used 50568K [0x00000007a8000000, 0x00000007c0000000, 0x00000007c0000000)
 Metaspace       used 43923K, capacity 44776K, committed 44944K, reserved 1089536K
  class space    used 4736K, capacity 4980K, committed 5016K, reserved 1048576K
}
2016-12-26T10:20:08.977-0100: 281.181: Total time for which application threads were stopped: 0.0063769 seconds, Stopping threads took: 0.0000285 seconds
{Heap before GC invocations=90 (full 2):
 par new generation   total 109248K, used 94486K [0x00000007a0000000, 0x00000007a8000000, 0x00000007a8000000)
  eden space 87424K, 100% used [0x00000007a0000000, 0x00000007a5560000, 0x00000007a5560000)
  from space 21824K,  32% used [0x00000007a5560000, 0x00000007a5c458c0, 0x00000007a6ab0000)
  to   space 21824K,   0% used [0x00000007a6ab0000, 0x00000007a6ab0000, 0x00000007a8000000)
 concurrent mark-sweep generation total 393216K, used 50568K [0x00000007a8000000, 0x00000007c0000000, 0x00000007c0000000)
 Metaspace       used 43923K, capacity 44776K, committed 44944K, reserved 1089536K
  class space    used 4736K, capacity 4980K, committed 5016K, reserved 1048576K
2016-12-26T10:20:09.612-0100: 281.816: [GC (Allocation Failure) 2016-12-26T10:20:09.612-0100: 281.816: [ParNew
Desired survivor size 20112992 bytes, new threshold 8 (max 8)
- age   1:    1572000 bytes,    1572000 total
- age   2:     393448 bytes,    1965448 total
- age   3:    3011200 bytes,    4976648 total
- age   4:      14280 bytes,    4990928 total
- age   5:      11912 bytes,    5002840 total
- age   6:      26560 bytes,    5029400 total
- age   7:    1111360 bytes,    6140760 total
- age   8:      19544 bytes,    6160304 total
: 94486K->7678K(109248K), 0.0068139 secs] 145054K->58257K(502464K), 0.0069012 secs] [Times: user=0.02 sys=0.00, real=0.00 secs] 
Heap after GC invocations=91 (full 2):
 par new generation   total 109248K, used 7678K [0x00000007a0000000, 0x00000007a8000000, 0x00000007a8000000)
  eden space 87424K,   0% used [0x00000007a0000000, 0x00000007a0000000, 0x00000007a5560000)
  from space 21824K,  35% used [0x00000007a6ab0000, 0x00000007a722f940, 0x00000007a8000000)
  to   space 21824K,   0% used [0x00000007a5560000, 0x00000007a5560000, 0x00000007a6ab0000)
 concurrent mark-sweep generation total 393216K, used 50579K [0x00000007a8000000, 0x00000007c0000000, 0x00000007c0000000)
 Metaspace       used 43923K, capacity 44776K, committed 44944K, reserved 1089536K
  class space    used 4736K, capacity 4980K, committed 5016K, reserved 1048576K
}
2016-12-26T10:20:09.619-0100: 281.823: Total time for which application threads were stopped: 0.0071436 seconds, Stopping threads took: 0.0000270 seconds
{Heap before GC invocations=91 (full 2):
 par new generation   total 109248K, used 95102K [0x00000007a0000000, 0x00000007a8000000, 0x00000007a8000000)
  eden space 87424K, 100% used [0x00000007a0000000, 0x00000007a5560000, 0x00000007a5560000)
  from space 21824K,  35% used [0x00000007a6ab0000, 0x00000007a722f940, 0x00000007a8000000)
  to   space 21824K,   0% used [0x00000007a5560000, 0x00000007a5560000, 0x00000007a6ab0000)
 concurrent mark-sweep generation total 393216K, used 50579K [0x00000007a8000000, 0x00000007c0000000, 0x00000007c0000000)
 Metaspace       used 43923K, capacity 44776K, committed 44944K, reserved 1089536K
  class space    used 4736K, capacity 4980K, committed 5016K, reserved 1048576K
2016-12-26T10:20:10.287-0100: 282.491: [GC (Allocation Failure) 2016-12-26T10:20:10.287-0100: 282.491: [ParNew
Desired survivor size 20112992 bytes, new threshold 8 (max 8)
- age   1:    1121760 bytes,    1121760 total
- age   2:     779064 bytes,    1900824 total
- age   3:     378352 bytes,    2279176 total
- age   4:    3007272 bytes,    5286448 total
- age   5:      12680 bytes,    5299128 total
- age   6:      11912 bytes,    5311040 total
- age   7:      26488 bytes,    5337528 total
- age   8:    1111360 bytes,    6448888 total
: 95102K->10303K(109248K), 0.0056402 secs] 145681K->60902K(502464K), 0.0057165 secs] [Times: user=0.01 sys=0.00, real=0.01 secs] 
Heap after GC invocations=92 (full 2):
 par new generation   total 109248K, used 10303K [0x00000007a0000000, 0x00000007a8000000, 0x00000007a8000000)
  eden space 87424K,   0% used [0x00000007a0000000, 0x00000007a0000000, 0x00000007a5560000)
  from space 21824K,  47% used [0x00000007a5560000, 0x00000007a5f6fe80, 0x00000007a6ab0000)
  to   space 21824K,   0% used [0x00000007a6ab0000, 0x00000007a6ab0000, 0x00000007a8000000)
 concurrent mark-sweep generation total 393216K, used 50598K [0x00000007a8000000, 0x00000007c0000000, 0x00000007c0000000)
 Metaspace       used 43923K, capacity 44776K, committed 44944K, reserved 1089536K
  class space    used 4736K, capacity 4980K, committed 5016K, reserved 1048576K
}
2016-12-26T10:20:10.292-0100: 282.496: Total time for which application threads were stopped: 0.0059485 seconds, Stopping threads took: 0.0000262 seconds
{Heap before GC invocations=92 (full 2):
 par new generation   total 109248K, used 97706K [0x00000007a0000000, 0x00000007a8000000, 0x00000007a8000000)
  eden space 87424K,  99% used [0x00000007a0000000, 0x00000007a555aaf0, 0x00000007a5560000)
  from space 21824K,  47% used [0x00000007a5560000, 0x00000007a5f6fe80, 0x00000007a6ab0000)
  to   space 21824K,   0% used [0x00000007a6ab0000, 0x00000007a6ab0000, 0x00000007a8000000)
 concurrent mark-sweep generation total 393216K, used 50598K [0x00000007a8000000, 0x00000007c0000000, 0x00000007c0000000)
 Metaspace       used 43926K, capacity 44776K, committed 44944K, reserved 1089536K
  class space    used 4736K, capacity 4980K, committed 5016K, reserved 1048576K
2016-12-26T10:20:11.023-0100: 283.227: [GC (Allocation Failure) 2016-12-26T10:20:11.023-0100: 283.227: [ParNew
Desired survivor size 20112992 bytes, new threshold 8 (max 8)
- age   1:    3612184 bytes,    3612184 total
- age   2:      15144 bytes,    3627328 total
- age   3:      10664 bytes,    3637992 total
- age   4:      10624 bytes,    3648616 total
- age   5:    1184280 bytes,    4832896 total
- age   6:      11048 bytes,    4843944 total
- age   7:      11088 bytes,    4855032 total
- age   8:      26488 bytes,    4881520 total
: 97706K->7155K(109248K), 0.0052250 secs] 148305K->58840K(502464K), 0.0053213 secs] [Times: user=0.02 sys=0.00, real=0.00 secs] 
Heap after GC invocations=93 (full 2):
 par new generation   total 109248K, used 7155K [0x00000007a0000000, 0x00000007a8000000, 0x00000007a8000000)
  eden space 87424K,   0% used [0x00000007a0000000, 0x00000007a0000000, 0x00000007a5560000)
  from space 21824K,  32% used [0x00000007a6ab0000, 0x00000007a71acfc0, 0x00000007a8000000)
  to   space 21824K,   0% used [0x00000007a5560000, 0x00000007a5560000, 0x00000007a6ab0000)
 concurrent mark-sweep generation total 393216K, used 51684K [0x00000007a8000000, 0x00000007c0000000, 0x00000007c0000000)
 Metaspace       used 43926K, capacity 44776K, committed 44944K, reserved 1089536K
  class space    used 4736K, capacity 4980K, committed 5016K, reserved 1048576K
}
2016-12-26T10:20:11.028-0100: 283.232: Total time for which application threads were stopped: 0.0056493 seconds, Stopping threads took: 0.0000338 seconds
{Heap before GC invocations=93 (full 2):
 par new generation   total 109248K, used 94576K [0x00000007a0000000, 0x00000007a8000000, 0x00000007a8000000)
  eden space 87424K,  99% used [0x00000007a0000000, 0x00000007a555f0e0, 0x00000007a5560000)
  from space 21824K,  32% used [0x00000007a6ab0000, 0x00000007a71acfc0, 0x00000007a8000000)
  to   space 21824K,   0% used [0x00000007a5560000, 0x00000007a5560000, 0x00000007a6ab0000)
 concurrent mark-sweep generation total 393216K, used 51684K [0x00000007a8000000, 0x00000007c0000000, 0x00000007c0000000)
 Metaspace       used 43926K, capacity 44776K, committed 44944K, reserved 1089536K
  class space    used 4736K, capacity 4980K, committed 5016K, reserved 1048576K
2016-12-26T10:20:11.846-0100: 284.051: [GC (Allocation Failure) 2016-12-26T10:20:11.847-0100: 284.051: [ParNew
Desired survivor size 20112992 bytes, new threshold 8 (max 8)
- age   1:     944144 bytes,     944144 total
- age   2:    3166608 bytes,    4110752 total
- age   3:       7216 bytes,    4117968 total
- age   4:       9080 bytes,    4127048 total
- age   5:       9824 bytes,    4136872 total
- age   6:    1182568 bytes,    5319440 total
- age   7:      11024 bytes,    5330464 total
- age   8:      11040 bytes,    5341504 total
: 94576K->6258K(109248K), 0.0056747 secs] 146260K->57968K(502464K), 0.0057511 secs] [Times: user=0.01 sys=0.01, real=0.01 secs] 
Heap after GC invocations=94 (full 2):
 par new generation   total 109248K, used 6258K [0x00000007a0000000, 0x00000007a8000000, 0x00000007a8000000)
  eden space 87424K,   0% used [0x00000007a0000000, 0x00000007a0000000, 0x00000007a5560000)
  from space 21824K,  28% used [0x00000007a5560000, 0x00000007a5b7c880, 0x00000007a6ab0000)
  to   space 21824K,   0% used [0x00000007a6ab0000, 0x00000007a6ab0000, 0x00000007a8000000)
 concurrent mark-sweep generation total 393216K, used 51710K [0x00000007a8000000, 0x00000007c0000000, 0x00000007c0000000)
 Metaspace       used 43926K, capacity 44776K, committed 44944K, reserved 1089536K
  class space    used 4736K, capacity 4980K, committed 5016K, reserved 1048576K
}
2016-12-26T10:20:11.852-0100: 284.056: Total time for which application threads were stopped: 0.0060528 seconds, Stopping threads took: 0.0000340 seconds
{Heap before GC invocations=94 (full 2):
 par new generation   total 109248K, used 93682K [0x00000007a0000000, 0x00000007a8000000, 0x00000007a8000000)
  eden space 87424K, 100% used [0x00000007a0000000, 0x00000007a5560000, 0x00000007a5560000)
  from space 21824K,  28% used [0x00000007a5560000, 0x00000007a5b7c880, 0x00000007a6ab0000)
  to   space 21824K,   0% used [0x00000007a6ab0000, 0x00000007a6ab0000, 0x00000007a8000000)
 concurrent mark-sweep generation total 393216K, used 51710K [0x00000007a8000000, 0x00000007c0000000, 0x00000007c0000000)
 Metaspace       used 43926K, capacity 44776K, committed 44944K, reserved 1089536K
  class space    used 4736K, capacity 4980K, committed 5016K, reserved 1048576K
2016-12-26T10:20:12.531-0100: 284.735: [GC (Allocation Failure) 2016-12-26T10:20:12.531-0100: 284.735: [ParNew
Desired survivor size 20112992 bytes, new threshold 8 (max 8)
- age   1:    1065288 bytes,    1065288 total
- age   2:     444168 bytes,    1509456 total
- age   3:    3161688 bytes,    4671144 total
- age   4:       6408 bytes,    4677552 total
- age   5:       9056 bytes,    4686608 total
- age   6:       9800 bytes,    4696408 total
- age   7:    1182544 bytes,    5878952 total
- age   8:      11000 bytes,    5889952 total
: 93682K->9076K(109248K), 0.0047654 secs] 145392K->60796K(502464K), 0.0048512 secs] [Times: user=0.01 sys=0.00, real=0.00 secs] 
Heap after GC invocations=95 (full 2):
 par new generation   total 109248K, used 9076K [0x00000007a0000000, 0x00000007a8000000, 0x00000007a8000000)
  eden space 87424K,   0% used [0x00000007a0000000, 0x00000007a0000000, 0x00000007a5560000)
  from space 21824K,  41% used [0x00000007a6ab0000, 0x00000007a738d0c0, 0x00000007a8000000)
  to   space 21824K,   0% used [0x00000007a5560000, 0x00000007a5560000, 0x00000007a6ab0000)
 concurrent mark-sweep generation total 393216K, used 51720K [0x00000007a8000000, 0x00000007c0000000, 0x00000007c0000000)
 Metaspace       used 43926K, capacity 44776K, committed 44944K, reserved 1089536K
  class space    used 4736K, capacity 4980K, committed 5016K, reserved 1048576K
}
2016-12-26T10:20:12.536-0100: 284.740: Total time for which application threads were stopped: 0.0051005 seconds, Stopping threads took: 0.0000254 seconds
2016-12-26T10:20:12.856-0100: 285.060: Total time for which application threads were stopped: 0.0002124 seconds, Stopping threads took: 0.0000307 seconds
2016-12-26T10:20:12.858-0100: 285.062: Total time for which application threads were stopped: 0.0002486 seconds, Stopping threads took: 0.0000617 seconds
2016-12-26T10:20:12.861-0100: 285.065: Total time for which application threads were stopped: 0.0002022 seconds, Stopping threads took: 0.0000423 seconds
2016-12-26T10:20:12.864-0100: 285.069: Total time for which application threads were stopped: 0.0006646 seconds, Stopping threads took: 0.0004498 seconds
2016-12-26T10:20:12.884-0100: 285.088: Total time for which application threads were stopped: 0.0002054 seconds, Stopping threads took: 0.0000523 seconds
2016-12-26T10:20:13.360-0100: 285.564: Total time for which application threads were stopped: 0.0002668 seconds, Stopping threads took: 0.0000345 seconds
2016-12-26T10:20:13.360-0100: 285.564: Total time for which application threads were stopped: 0.0001699 seconds, Stopping threads took: 0.0000149 seconds
2016-12-26T10:20:13.372-0100: 285.576: Total time for which application threads were stopped: 0.0113559 seconds, Stopping threads took: 0.0108718 seconds
{Heap before GC invocations=95 (full 2):
 par new generation   total 109248K, used 96497K [0x00000007a0000000, 0x00000007a8000000, 0x00000007a8000000)
  eden space 87424K,  99% used [0x00000007a0000000, 0x00000007a555f548, 0x00000007a5560000)
  from space 21824K,  41% used [0x00000007a6ab0000, 0x00000007a738d0c0, 0x00000007a8000000)
  to   space 21824K,   0% used [0x00000007a5560000, 0x00000007a5560000, 0x00000007a6ab0000)
 concurrent mark-sweep generation total 393216K, used 51720K [0x00000007a8000000, 0x00000007c0000000, 0x00000007c0000000)
 Metaspace       used 43932K, capacity 44776K, committed 44944K, reserved 1089536K
  class space    used 4736K, capacity 4980K, committed 5016K, reserved 1048576K
2016-12-26T10:20:13.385-0100: 285.589: [GC (Allocation Failure) 2016-12-26T10:20:13.385-0100: 285.589: [ParNew
Desired survivor size 20112992 bytes, new threshold 8 (max 8)
- age   1:    3145168 bytes,    3145168 total
- age   2:      36824 bytes,    3181992 total
- age   3:      31520 bytes,    3213512 total
- age   4:    1473552 bytes,    4687064 total
- age   5:       5632 bytes,    4692696 total
- age   6:       9056 bytes,    4701752 total
- age   7:       8944 bytes,    4710696 total
- age   8:    1173672 bytes,    5884368 total
: 96497K->7074K(109248K), 0.0241473 secs] 148218K->58805K(502464K), 0.0243665 secs] [Times: user=0.02 sys=0.00, real=0.02 secs] 
Heap after GC invocations=96 (full 2):
 par new generation   total 109248K, used 7074K [0x00000007a0000000, 0x00000007a8000000, 0x00000007a8000000)
  eden space 87424K,   0% used [0x00000007a0000000, 0x00000007a0000000, 0x00000007a5560000)
  from space 21824K,  32% used [0x00000007a5560000, 0x00000007a5c48980, 0x00000007a6ab0000)
  to   space 21824K,   0% used [0x00000007a6ab0000, 0x00000007a6ab0000, 0x00000007a8000000)
 concurrent mark-sweep generation total 393216K, used 51731K [0x00000007a8000000, 0x00000007c0000000, 0x00000007c0000000)
 Metaspace       used 43932K, capacity 44776K, committed 44944K, reserved 1089536K
  class space    used 4736K, capacity 4980K, committed 5016K, reserved 1048576K
}
2016-12-26T10:20:13.409-0100: 285.614: Total time for which application threads were stopped: 0.0249782 seconds, Stopping threads took: 0.0000826 seconds
2016-12-26T10:20:13.465-0100: 285.669: Total time for which application threads were stopped: 0.0002345 seconds, Stopping threads took: 0.0000491 seconds
2016-12-26T10:20:13.466-0100: 285.670: Total time for which application threads were stopped: 0.0001908 seconds, Stopping threads took: 0.0000611 seconds
2016-12-26T10:20:13.467-0100: 285.671: Total time for which application threads were stopped: 0.0002145 seconds, Stopping threads took: 0.0000444 seconds
2016-12-26T10:20:13.473-0100: 285.677: Total time for which application threads were stopped: 0.0006733 seconds, Stopping threads took: 0.0004244 seconds
2016-12-26T10:20:13.506-0100: 285.710: Total time for which application threads were stopped: 0.0004723 seconds, Stopping threads took: 0.0000834 seconds
2016-12-26T10:20:13.506-0100: 285.710: Total time for which application threads were stopped: 0.0001409 seconds, Stopping threads took: 0.0000141 seconds
{Heap before GC invocations=96 (full 2):
 par new generation   total 109248K, used 94498K [0x00000007a0000000, 0x00000007a8000000, 0x00000007a8000000)
  eden space 87424K, 100% used [0x00000007a0000000, 0x00000007a5560000, 0x00000007a5560000)
  from space 21824K,  32% used [0x00000007a5560000, 0x00000007a5c48980, 0x00000007a6ab0000)
  to   space 21824K,   0% used [0x00000007a6ab0000, 0x00000007a6ab0000, 0x00000007a8000000)
 concurrent mark-sweep generation total 393216K, used 51731K [0x00000007a8000000, 0x00000007c0000000, 0x00000007c0000000)
 Metaspace       used 43944K, capacity 44776K, committed 44944K, reserved 1089536K
  class space    used 4737K, capacity 4980K, committed 5016K, reserved 1048576K
2016-12-26T10:20:14.390-0100: 286.594: [GC (Allocation Failure) 2016-12-26T10:20:14.390-0100: 286.594: [ParNew
Desired survivor size 20112992 bytes, new threshold 8 (max 8)
- age   1:    2630544 bytes,    2630544 total
- age   2:    1139952 bytes,    3770496 total
- age   3:      17360 bytes,    3787856 total
- age   4:      12616 bytes,    3800472 total
- age   5:    1402280 bytes,    5202752 total
- age   6:       5632 bytes,    5208384 total
- age   7:       8872 bytes,    5217256 total
- age   8:       8920 bytes,    5226176 total
: 94498K->7429K(109248K), 0.0158587 secs] 146229K->60307K(502464K), 0.0159554 secs] [Times: user=0.02 sys=0.00, real=0.01 secs] 
Heap after GC invocations=97 (full 2):
 par new generation   total 109248K, used 7429K [0x00000007a0000000, 0x00000007a8000000, 0x00000007a8000000)
  eden space 87424K,   0% used [0x00000007a0000000, 0x00000007a0000000, 0x00000007a5560000)
  from space 21824K,  34% used [0x00000007a6ab0000, 0x00000007a71f1600, 0x00000007a8000000)
  to   space 21824K,   0% used [0x00000007a5560000, 0x00000007a5560000, 0x00000007a6ab0000)
 concurrent mark-sweep generation total 393216K, used 52877K [0x00000007a8000000, 0x00000007c0000000, 0x00000007c0000000)
 Metaspace       used 43944K, capacity 44776K, committed 44944K, reserved 1089536K
  class space    used 4737K, capacity 4980K, committed 5016K, reserved 1048576K
}
2016-12-26T10:20:14.406-0100: 286.610: Total time for which application threads were stopped: 0.0163075 seconds, Stopping threads took: 0.0000367 seconds
{Heap before GC invocations=97 (full 2):
 par new generation   total 109248K, used 94853K [0x00000007a0000000, 0x00000007a8000000, 0x00000007a8000000)
  eden space 87424K, 100% used [0x00000007a0000000, 0x00000007a5560000, 0x00000007a5560000)
  from space 21824K,  34% used [0x00000007a6ab0000, 0x00000007a71f1600, 0x00000007a8000000)
  to   space 21824K,   0% used [0x00000007a5560000, 0x00000007a5560000, 0x00000007a6ab0000)
 concurrent mark-sweep generation total 393216K, used 52877K [0x00000007a8000000, 0x00000007c0000000, 0x00000007c0000000)
 Metaspace       used 43944K, capacity 44776K, committed 44944K, reserved 1089536K
  class space    used 4737K, capacity 4980K, committed 5016K, reserved 1048576K
2016-12-26T10:20:15.156-0100: 287.360: [GC (Allocation Failure) 2016-12-26T10:20:15.156-0100: 287.360: [ParNew
Desired survivor size 20112992 bytes, new threshold 8 (max 8)
- age   1:    1044144 bytes,    1044144 total
- age   2:    2116736 bytes,    3160880 total
- age   3:    1130456 bytes,    4291336 total
- age   4:      11104 bytes,    4302440 total
- age   5:      11816 bytes,    4314256 total
- age   6:    1399776 bytes,    5714032 total
- age   7:       4848 bytes,    5718880 total
- age   8:       8840 bytes,    5727720 total
: 94853K->7038K(109248K), 0.0051086 secs] 147731K->59924K(502464K), 0.0051848 secs] [Times: user=0.02 sys=0.00, real=0.01 secs] 
Heap after GC invocations=98 (full 2):
 par new generation   total 109248K, used 7038K [0x00000007a0000000, 0x00000007a8000000, 0x00000007a8000000)
  eden space 87424K,   0% used [0x00000007a0000000, 0x00000007a0000000, 0x00000007a5560000)
  from space 21824K,  32% used [0x00000007a5560000, 0x00000007a5c3f920, 0x00000007a6ab0000)
  to   space 21824K,   0% used [0x00000007a6ab0000, 0x00000007a6ab0000, 0x00000007a8000000)
 concurrent mark-sweep generation total 393216K, used 52886K [0x00000007a8000000, 0x00000007c0000000, 0x00000007c0000000)
 Metaspace       used 43944K, capacity 44776K, committed 44944K, reserved 1089536K
  class space    used 4737K, capacity 4980K, committed 5016K, reserved 1048576K
}
2016-12-26T10:20:15.162-0100: 287.366: Total time for which application threads were stopped: 0.0054142 seconds, Stopping threads took: 0.0000278 seconds
{Heap before GC invocations=98 (full 2):
 par new generation   total 109248K, used 94459K [0x00000007a0000000, 0x00000007a8000000, 0x00000007a8000000)
  eden space 87424K,  99% used [0x00000007a0000000, 0x00000007a555f5f0, 0x00000007a5560000)
  from space 21824K,  32% used [0x00000007a5560000, 0x00000007a5c3f920, 0x00000007a6ab0000)
  to   space 21824K,   0% used [0x00000007a6ab0000, 0x00000007a6ab0000, 0x00000007a8000000)
 concurrent mark-sweep generation total 393216K, used 52886K [0x00000007a8000000, 0x00000007c0000000, 0x00000007c0000000)
 Metaspace       used 43944K, capacity 44776K, committed 44944K, reserved 1089536K
  class space    used 4737K, capacity 4980K, committed 5016K, reserved 1048576K
2016-12-26T10:20:15.824-0100: 288.028: [GC (Allocation Failure) 2016-12-26T10:20:15.824-0100: 288.028: [ParNew
Desired survivor size 20112992 bytes, new threshold 8 (max 8)
- age   1:     927960 bytes,     927960 total
- age   2:     559208 bytes,    1487168 total
- age   3:    2111168 bytes,    3598336 total
- age   4:    1128880 bytes,    4727216 total
- age   5:      10280 bytes,    4737496 total
- age   6:      10232 bytes,    4747728 total
- age   7:    1399776 bytes,    6147504 total
- age   8:       4848 bytes,    6152352 total
: 94459K->9954K(109248K), 0.0070456 secs] 147346K->62849K(502464K), 0.0071306 secs] [Times: user=0.02 sys=0.01, real=0.01 secs] 
Heap after GC invocations=99 (full 2):
 par new generation   total 109248K, used 9954K [0x00000007a0000000, 0x00000007a8000000, 0x00000007a8000000)
  eden space 87424K,   0% used [0x00000007a0000000, 0x00000007a0000000, 0x00000007a5560000)
  from space 21824K,  45% used [0x00000007a6ab0000, 0x00000007a7468940, 0x00000007a8000000)
  to   space 21824K,   0% used [0x00000007a5560000, 0x00000007a5560000, 0x00000007a6ab0000)
 concurrent mark-sweep generation total 393216K, used 52895K [0x00000007a8000000, 0x00000007c0000000, 0x00000007c0000000)
 Metaspace       used 43944K, capacity 44776K, committed 44944K, reserved 1089536K
  class space    used 4737K, capacity 4980K, committed 5016K, reserved 1048576K
}
2016-12-26T10:20:15.831-0100: 288.035: Total time for which application threads were stopped: 0.0074161 seconds, Stopping threads took: 0.0000316 seconds
{Heap before GC invocations=99 (full 2):
 par new generation   total 109248K, used 97378K [0x00000007a0000000, 0x00000007a8000000, 0x00000007a8000000)
  eden space 87424K, 100% used [0x00000007a0000000, 0x00000007a5560000, 0x00000007a5560000)
  from space 21824K,  45% used [0x00000007a6ab0000, 0x00000007a7468940, 0x00000007a8000000)
  to   space 21824K,   0% used [0x00000007a5560000, 0x00000007a5560000, 0x00000007a6ab0000)
 concurrent mark-sweep generation total 393216K, used 52895K [0x00000007a8000000, 0x00000007c0000000, 0x00000007c0000000)
 Metaspace       used 43944K, capacity 44776K, committed 44944K, reserved 1089536K
  class space    used 4737K, capacity 4980K, committed 5016K, reserved 1048576K
2016-12-26T10:20:16.672-0100: 288.876: [GC (Allocation Failure) 2016-12-26T10:20:16.672-0100: 288.876: [ParNew
Desired survivor size 20112992 bytes, new threshold 8 (max 8)
- age   1:    2087992 bytes,    2087992 total
- age   2:     246384 bytes,    2334376 total
- age   3:     275160 bytes,    2609536 total
- age   4:    1213016 bytes,    3822552 total
- age   5:    1125320 bytes,    4947872 total
- age   6:       9472 bytes,    4957344 total
- age   7:      10232 bytes,    4967576 total
- age   8:    1399744 bytes,    6367320 total
: 97378K->7552K(109248K), 0.0137407 secs] 150273K->60452K(502464K), 0.0138469 secs] [Times: user=0.03 sys=0.01, real=0.01 secs] 
Heap after GC invocations=100 (full 2):
 par new generation   total 109248K, used 7552K [0x00000007a0000000, 0x00000007a8000000, 0x00000007a8000000)
  eden space 87424K,   0% used [0x00000007a0000000, 0x00000007a0000000, 0x00000007a5560000)
  from space 21824K,  34% used [0x00000007a5560000, 0x00000007a5cc0170, 0x00000007a6ab0000)
  to   space 21824K,   0% used [0x00000007a6ab0000, 0x00000007a6ab0000, 0x00000007a8000000)
 concurrent mark-sweep generation total 393216K, used 52899K [0x00000007a8000000, 0x00000007c0000000, 0x00000007c0000000)
 Metaspace       used 43944K, capacity 44776K, committed 44944K, reserved 1089536K
  class space    used 4737K, capacity 4980K, committed 5016K, reserved 1048576K
}
2016-12-26T10:20:16.686-0100: 288.890: Total time for which application threads were stopped: 0.0142824 seconds, Stopping threads took: 0.0000693 seconds
2016-12-26T10:20:16.687-0100: 288.891: Total time for which application threads were stopped: 0.0005176 seconds, Stopping threads took: 0.0001199 seconds
2016-12-26T10:20:16.807-0100: 289.011: Total time for which application threads were stopped: 0.0001715 seconds, Stopping threads took: 0.0000301 seconds
2016-12-26T10:20:17.808-0100: 290.012: Total time for which application threads were stopped: 0.0002109 seconds, Stopping threads took: 0.0000351 seconds
{Heap before GC invocations=100 (full 2):
 par new generation   total 109248K, used 94976K [0x00000007a0000000, 0x00000007a8000000, 0x00000007a8000000)
  eden space 87424K, 100% used [0x00000007a0000000, 0x00000007a5560000, 0x00000007a5560000)
  from space 21824K,  34% used [0x00000007a5560000, 0x00000007a5cc0170, 0x00000007a6ab0000)
  to   space 21824K,   0% used [0x00000007a6ab0000, 0x00000007a6ab0000, 0x00000007a8000000)
 concurrent mark-sweep generation total 393216K, used 52899K [0x00000007a8000000, 0x00000007c0000000, 0x00000007c0000000)
 Metaspace       used 43947K, capacity 44776K, committed 44944K, reserved 1089536K
  class space    used 4737K, capacity 4980K, committed 5016K, reserved 1048576K
2016-12-26T10:20:17.907-0100: 290.110: [GC (Allocation Failure) 2016-12-26T10:20:17.907-0100: 290.111: [ParNew
Desired survivor size 20112992 bytes, new threshold 8 (max 8)
- age   1:    2257024 bytes,    2257024 total
- age   2:    1441344 bytes,    3698368 total
- age   3:      15640 bytes,    3714008 total
- age   4:      16104 bytes,    3730112 total
- age   5:     250424 bytes,    3980536 total
- age   6:    1123952 bytes,    5104488 total
- age   7:       8672 bytes,    5113160 total
- age   8:      10208 bytes,    5123368 total
: 94976K->8025K(109248K), 0.0061737 secs] 147876K->62291K(502464K), 0.0063152 secs] [Times: user=0.02 sys=0.00, real=0.01 secs] 
Heap after GC invocations=101 (full 2):
 par new generation   total 109248K, used 8025K [0x00000007a0000000, 0x00000007a8000000, 0x00000007a8000000)
  eden space 87424K,   0% used [0x00000007a0000000, 0x00000007a0000000, 0x00000007a5560000)
  from space 21824K,  36% used [0x00000007a6ab0000, 0x00000007a72864f0, 0x00000007a8000000)
  to   space 21824K,   0% used [0x00000007a5560000, 0x00000007a5560000, 0x00000007a6ab0000)
 concurrent mark-sweep generation total 393216K, used 54266K [0x00000007a8000000, 0x00000007c0000000, 0x00000007c0000000)
 Metaspace       used 43947K, capacity 44776K, committed 44944K, reserved 1089536K
  class space    used 4737K, capacity 4980K, committed 5016K, reserved 1048576K
}
2016-12-26T10:20:17.913-0100: 290.117: Total time for which application threads were stopped: 0.0066619 seconds, Stopping threads took: 0.0000326 seconds
{Heap before GC invocations=101 (full 2):
 par new generation   total 109248K, used 95449K [0x00000007a0000000, 0x00000007a8000000, 0x00000007a8000000)
  eden space 87424K, 100% used [0x00000007a0000000, 0x00000007a5560000, 0x00000007a5560000)
  from space 21824K,  36% used [0x00000007a6ab0000, 0x00000007a72864f0, 0x00000007a8000000)
  to   space 21824K,   0% used [0x00000007a5560000, 0x00000007a5560000, 0x00000007a6ab0000)
 concurrent mark-sweep generation total 393216K, used 54266K [0x00000007a8000000, 0x00000007c0000000, 0x00000007c0000000)
 Metaspace       used 43947K, capacity 44776K, committed 44944K, reserved 1089536K
  class space    used 4737K, capacity 4980K, committed 5016K, reserved 1048576K
2016-12-26T10:20:18.842-0100: 291.046: [GC (Allocation Failure) 2016-12-26T10:20:18.842-0100: 291.046: [ParNew
Desired survivor size 20112992 bytes, new threshold 8 (max 8)
- age   1:     998232 bytes,     998232 total
- age   2:    1799152 bytes,    2797384 total
- age   3:    1436600 bytes,    4233984 total
- age   4:      12480 bytes,    4246464 total
- age   5:      14512 bytes,    4260976 total
- age   6:     248760 bytes,    4509736 total
- age   7:    1123152 bytes,    5632888 total
- age   8:       8648 bytes,    5641536 total
: 95449K->7118K(109248K), 0.0075550 secs] 149715K->61394K(502464K), 0.0076513 secs] [Times: user=0.02 sys=0.00, real=0.01 secs] 
Heap after GC invocations=102 (full 2):
 par new generation   total 109248K, used 7118K [0x00000007a0000000, 0x00000007a8000000, 0x00000007a8000000)
  eden space 87424K,   0% used [0x00000007a0000000, 0x00000007a0000000, 0x00000007a5560000)
  from space 21824K,  32% used [0x00000007a5560000, 0x00000007a5c53820, 0x00000007a6ab0000)
  to   space 21824K,   0% used [0x00000007a6ab0000, 0x00000007a6ab0000, 0x00000007a8000000)
 concurrent mark-sweep generation total 393216K, used 54276K [0x00000007a8000000, 0x00000007c0000000, 0x00000007c0000000)
 Metaspace       used 43947K, capacity 44776K, committed 44944K, reserved 1089536K
  class space    used 4737K, capacity 4980K, committed 5016K, reserved 1048576K
}
2016-12-26T10:20:18.850-0100: 291.054: Total time for which application threads were stopped: 0.0079827 seconds, Stopping threads took: 0.0000285 seconds
{Heap before GC invocations=102 (full 2):
 par new generation   total 109248K, used 94542K [0x00000007a0000000, 0x00000007a8000000, 0x00000007a8000000)
  eden space 87424K, 100% used [0x00000007a0000000, 0x00000007a5560000, 0x00000007a5560000)
  from space 21824K,  32% used [0x00000007a5560000, 0x00000007a5c53820, 0x00000007a6ab0000)
  to   space 21824K,   0% used [0x00000007a6ab0000, 0x00000007a6ab0000, 0x00000007a8000000)
 concurrent mark-sweep generation total 393216K, used 54276K [0x00000007a8000000, 0x00000007c0000000, 0x00000007c0000000)
 Metaspace       used 43947K, capacity 44776K, committed 44944K, reserved 1089536K
  class space    used 4737K, capacity 4980K, committed 5016K, reserved 1048576K
2016-12-26T10:20:19.609-0100: 291.813: [GC (Allocation Failure) 2016-12-26T10:20:19.609-0100: 291.813: [ParNew
Desired survivor size 20112992 bytes, new threshold 8 (max 8)
- age   1:     983088 bytes,     983088 total
- age   2:     450792 bytes,    1433880 total
- age   3:    1785272 bytes,    3219152 total
- age   4:    1435776 bytes,    4654928 total
- age   5:      11704 bytes,    4666632 total
- age   6:      14448 bytes,    4681080 total
- age   7:     248760 bytes,    4929840 total
- age   8:    1123152 bytes,    6052992 total
: 94542K->9558K(109248K), 0.0090318 secs] 148818K->63842K(502464K), 0.0091377 secs] [Times: user=0.03 sys=0.00, real=0.01 secs] 
Heap after GC invocations=103 (full 2):
 par new generation   total 109248K, used 9558K [0x00000007a0000000, 0x00000007a8000000, 0x00000007a8000000)
  eden space 87424K,   0% used [0x00000007a0000000, 0x00000007a0000000, 0x00000007a5560000)
  from space 21824K,  43% used [0x00000007a6ab0000, 0x00000007a7405900, 0x00000007a8000000)
  to   space 21824K,   0% used [0x00000007a5560000, 0x00000007a5560000, 0x00000007a6ab0000)
 concurrent mark-sweep generation total 393216K, used 54284K [0x00000007a8000000, 0x00000007c0000000, 0x00000007c0000000)
 Metaspace       used 43947K, capacity 44776K, committed 44944K, reserved 1089536K
  class space    used 4737K, capacity 4980K, committed 5016K, reserved 1048576K
}
2016-12-26T10:20:19.618-0100: 291.822: Total time for which application threads were stopped: 0.0094000 seconds, Stopping threads took: 0.0000297 seconds
2016-12-26T10:20:19.690-0100: 291.893: Total time for which application threads were stopped: 0.0002137 seconds, Stopping threads took: 0.0000325 seconds
2016-12-26T10:20:19.691-0100: 291.895: Total time for which application threads were stopped: 0.0002378 seconds, Stopping threads took: 0.0000364 seconds
2016-12-26T10:20:19.697-0100: 291.901: Total time for which application threads were stopped: 0.0001912 seconds, Stopping threads took: 0.0000284 seconds
2016-12-26T10:20:19.814-0100: 292.018: Total time for which application threads were stopped: 0.0002330 seconds, Stopping threads took: 0.0000505 seconds
2016-12-26T10:20:19.815-0100: 292.019: Total time for which application threads were stopped: 0.0004166 seconds, Stopping threads took: 0.0001229 seconds
{Heap before GC invocations=103 (full 2):
 par new generation   total 109248K, used 96982K [0x00000007a0000000, 0x00000007a8000000, 0x00000007a8000000)
  eden space 87424K, 100% used [0x00000007a0000000, 0x00000007a5560000, 0x00000007a5560000)
  from space 21824K,  43% used [0x00000007a6ab0000, 0x00000007a7405900, 0x00000007a8000000)
  to   space 21824K,   0% used [0x00000007a5560000, 0x00000007a5560000, 0x00000007a6ab0000)
 concurrent mark-sweep generation total 393216K, used 54284K [0x00000007a8000000, 0x00000007c0000000, 0x00000007c0000000)
 Metaspace       used 43963K, capacity 44840K, committed 44944K, reserved 1089536K
  class space    used 4737K, capacity 4980K, committed 5016K, reserved 1048576K
2016-12-26T10:20:20.123-0100: 292.327: [GC (Allocation Failure) 2016-12-26T10:20:20.123-0100: 292.327: [ParNew
Desired survivor size 20112992 bytes, new threshold 8 (max 8)
- age   1:    3871328 bytes,    3871328 total
- age   2:      39080 bytes,    3910408 total
- age   3:      17528 bytes,    3927936 total
- age   4:     580752 bytes,    4508688 total
- age   5:     645712 bytes,    5154400 total
- age   6:      11680 bytes,    5166080 total
- age   7:      14448 bytes,    5180528 total
- age   8:     246880 bytes,    5427408 total
: 96982K->6681K(109248K), 0.0093630 secs] 151266K->62063K(502464K), 0.0094504 secs] [Times: user=0.02 sys=0.00, real=0.01 secs] 
Heap after GC invocations=104 (full 2):
 par new generation   total 109248K, used 6681K [0x00000007a0000000, 0x00000007a8000000, 0x00000007a8000000)
  eden space 87424K,   0% used [0x00000007a0000000, 0x00000007a0000000, 0x00000007a5560000)
  from space 21824K,  30% used [0x00000007a5560000, 0x00000007a5be65a0, 0x00000007a6ab0000)
  to   space 21824K,   0% used [0x00000007a6ab0000, 0x00000007a6ab0000, 0x00000007a8000000)
 concurrent mark-sweep generation total 393216K, used 55382K [0x00000007a8000000, 0x00000007c0000000, 0x00000007c0000000)
 Metaspace       used 43963K, capacity 44840K, committed 44944K, reserved 1089536K
  class space    used 4737K, capacity 4980K, committed 5016K, reserved 1048576K
}
2016-12-26T10:20:20.133-0100: 292.336: Total time for which application threads were stopped: 0.0098055 seconds, Stopping threads took: 0.0001097 seconds
{Heap before GC invocations=104 (full 2):
 par new generation   total 109248K, used 94105K [0x00000007a0000000, 0x00000007a8000000, 0x00000007a8000000)
  eden space 87424K, 100% used [0x00000007a0000000, 0x00000007a5560000, 0x00000007a5560000)
  from space 21824K,  30% used [0x00000007a5560000, 0x00000007a5be65a0, 0x00000007a6ab0000)
  to   space 21824K,   0% used [0x00000007a6ab0000, 0x00000007a6ab0000, 0x00000007a8000000)
 concurrent mark-sweep generation total 393216K, used 55382K [0x00000007a8000000, 0x00000007c0000000, 0x00000007c0000000)
 Metaspace       used 43991K, capacity 44872K, committed 44944K, reserved 1089536K
  class space    used 4739K, capacity 5012K, committed 5016K, reserved 1048576K
2016-12-26T10:20:20.504-0100: 292.708: [GC (Allocation Failure) 2016-12-26T10:20:20.504-0100: 292.708: [ParNew
Desired survivor size 20112992 bytes, new threshold 8 (max 8)
- age   1:     541672 bytes,     541672 total
- age   2:    2694760 bytes,    3236432 total
- age   3:      31232 bytes,    3267664 total
- age   4:      15944 bytes,    3283608 total
- age   5:     578160 bytes,    3861768 total
- age   6:     645568 bytes,    4507336 total
- age   7:      11680 bytes,    4519016 total
- age   8:      14448 bytes,    4533464 total
: 94105K->6964K(109248K), 0.0046118 secs] 149487K->62588K(502464K), 0.0046890 secs] [Times: user=0.02 sys=0.00, real=0.00 secs] 
Heap after GC invocations=105 (full 2):
 par new generation   total 109248K, used 6964K [0x00000007a0000000, 0x00000007a8000000, 0x00000007a8000000)
  eden space 87424K,   0% used [0x00000007a0000000, 0x00000007a0000000, 0x00000007a5560000)
  from space 21824K,  31% used [0x00000007a6ab0000, 0x00000007a717d3e0, 0x00000007a8000000)
  to   space 21824K,   0% used [0x00000007a5560000, 0x00000007a5560000, 0x00000007a6ab0000)
 concurrent mark-sweep generation total 393216K, used 55623K [0x00000007a8000000, 0x00000007c0000000, 0x00000007c0000000)
 Metaspace       used 43991K, capacity 44872K, committed 44944K, reserved 1089536K
  class space    used 4739K, capacity 5012K, committed 5016K, reserved 1048576K
}
2016-12-26T10:20:20.509-0100: 292.713: Total time for which application threads were stopped: 0.0050051 seconds, Stopping threads took: 0.0000313 seconds
{Heap before GC invocations=105 (full 2):
 par new generation   total 109248K, used 94388K [0x00000007a0000000, 0x00000007a8000000, 0x00000007a8000000)
  eden space 87424K, 100% used [0x00000007a0000000, 0x00000007a5560000, 0x00000007a5560000)
  from space 21824K,  31% used [0x00000007a6ab0000, 0x00000007a717d3e0, 0x00000007a8000000)
  to   space 21824K,   0% used [0x00000007a5560000, 0x00000007a5560000, 0x00000007a6ab0000)
 concurrent mark-sweep generation total 393216K, used 55623K [0x00000007a8000000, 0x00000007c0000000, 0x00000007c0000000)
 Metaspace       used 43991K, capacity 44872K, committed 44944K, reserved 1089536K
  class space    used 4739K, capacity 5012K, committed 5016K, reserved 1048576K
2016-12-26T10:20:21.276-0100: 293.480: [GC (Allocation Failure) 2016-12-26T10:20:21.276-0100: 293.480: [ParNew
Desired survivor size 20112992 bytes, new threshold 8 (max 8)
- age   1:    1048992 bytes,    1048992 total
- age   2:     134264 bytes,    1183256 total
- age   3:    2687416 bytes,    3870672 total
- age   4:      18584 bytes,    3889256 total
- age   5:      13600 bytes,    3902856 total
- age   6:     577320 bytes,    4480176 total
- age   7:     645544 bytes,    5125720 total
- age   8:      11632 bytes,    5137352 total
: 94388K->6802K(109248K), 0.0072392 secs] 150012K->62440K(502464K), 0.0073282 secs] [Times: user=0.01 sys=0.00, real=0.01 secs] 
Heap after GC invocations=106 (full 2):
 par new generation   total 109248K, used 6802K [0x00000007a0000000, 0x00000007a8000000, 0x00000007a8000000)
  eden space 87424K,   0% used [0x00000007a0000000, 0x00000007a0000000, 0x00000007a5560000)
  from space 21824K,  31% used [0x00000007a5560000, 0x00000007a5c04b20, 0x00000007a6ab0000)
  to   space 21824K,   0% used [0x00000007a6ab0000, 0x00000007a6ab0000, 0x00000007a8000000)
 concurrent mark-sweep generation total 393216K, used 55638K [0x00000007a8000000, 0x00000007c0000000, 0x00000007c0000000)
 Metaspace       used 43991K, capacity 44872K, committed 44944K, reserved 1089536K
  class space    used 4739K, capacity 5012K, committed 5016K, reserved 1048576K
}
2016-12-26T10:20:21.283-0100: 293.487: Total time for which application threads were stopped: 0.0075926 seconds, Stopping threads took: 0.0000283 seconds
{Heap before GC invocations=106 (full 2):
 par new generation   total 109248K, used 94226K [0x00000007a0000000, 0x00000007a8000000, 0x00000007a8000000)
  eden space 87424K, 100% used [0x00000007a0000000, 0x00000007a5560000, 0x00000007a5560000)
  from space 21824K,  31% used [0x00000007a5560000, 0x00000007a5c04b20, 0x00000007a6ab0000)
  to   space 21824K,   0% used [0x00000007a6ab0000, 0x00000007a6ab0000, 0x00000007a8000000)
 concurrent mark-sweep generation total 393216K, used 55638K [0x00000007a8000000, 0x00000007c0000000, 0x00000007c0000000)
 Metaspace       used 43991K, capacity 44872K, committed 44944K, reserved 1089536K
  class space    used 4739K, capacity 5012K, committed 5016K, reserved 1048576K
2016-12-26T10:20:22.259-0100: 294.463: [GC (Allocation Failure) 2016-12-26T10:20:22.260-0100: 294.463: [ParNew
Desired survivor size 20112992 bytes, new threshold 8 (max 8)
- age   1:     994224 bytes,     994224 total
- age   2:     487624 bytes,    1481848 total
- age   3:     131904 bytes,    1613752 total
- age   4:    2683288 bytes,    4297040 total
- age   5:      10792 bytes,    4307832 total
- age   6:      12768 bytes,    4320600 total
- age   7:     575752 bytes,    4896352 total
- age   8:     645472 bytes,    5541824 total
: 94226K->7344K(109248K), 0.0075123 secs] 149864K->62994K(502464K), 0.0076140 secs] [Times: user=0.01 sys=0.00, real=0.01 secs] 
Heap after GC invocations=107 (full 2):
 par new generation   total 109248K, used 7344K [0x00000007a0000000, 0x00000007a8000000, 0x00000007a8000000)
  eden space 87424K,   0% used [0x00000007a0000000, 0x00000007a0000000, 0x00000007a5560000)
  from space 21824K,  33% used [0x00000007a6ab0000, 0x00000007a71dc300, 0x00000007a8000000)
  to   space 21824K,   0% used [0x00000007a5560000, 0x00000007a5560000, 0x00000007a6ab0000)
 concurrent mark-sweep generation total 393216K, used 55649K [0x00000007a8000000, 0x00000007c0000000, 0x00000007c0000000)
 Metaspace       used 43991K, capacity 44872K, committed 44944K, reserved 1089536K
  class space    used 4739K, capacity 5012K, committed 5016K, reserved 1048576K
}
2016-12-26T10:20:22.267-0100: 294.471: Total time for which application threads were stopped: 0.0091723 seconds, Stopping threads took: 0.0011786 seconds
2016-12-26T10:20:22.712-0100: 294.916: Total time for which application threads were stopped: 0.0001995 seconds, Stopping threads took: 0.0000341 seconds
2016-12-26T10:20:22.713-0100: 294.917: Total time for which application threads were stopped: 0.0001915 seconds, Stopping threads took: 0.0000440 seconds
2016-12-26T10:20:22.713-0100: 294.917: Total time for which application threads were stopped: 0.0000965 seconds, Stopping threads took: 0.0000123 seconds
2016-12-26T10:20:22.713-0100: 294.917: Total time for which application threads were stopped: 0.0001768 seconds, Stopping threads took: 0.0000920 seconds
2016-12-26T10:20:22.714-0100: 294.917: Total time for which application threads were stopped: 0.0001580 seconds, Stopping threads took: 0.0000696 seconds
2016-12-26T10:20:22.714-0100: 294.918: Total time for which application threads were stopped: 0.0001380 seconds, Stopping threads took: 0.0000660 seconds
2016-12-26T10:20:22.714-0100: 294.918: Total time for which application threads were stopped: 0.0001261 seconds, Stopping threads took: 0.0000597 seconds
2016-12-26T10:20:22.714-0100: 294.918: Total time for which application threads were stopped: 0.0001771 seconds, Stopping threads took: 0.0001122 seconds
2016-12-26T10:20:22.714-0100: 294.918: Total time for which application threads were stopped: 0.0001272 seconds, Stopping threads took: 0.0000610 seconds
2016-12-26T10:20:22.715-0100: 294.918: Total time for which application threads were stopped: 0.0001735 seconds, Stopping threads took: 0.0001105 seconds
2016-12-26T10:20:22.850-0100: 295.053: Total time for which application threads were stopped: 0.0001634 seconds, Stopping threads took: 0.0000256 seconds
2016-12-26T10:20:22.850-0100: 295.054: Total time for which application threads were stopped: 0.0002008 seconds, Stopping threads took: 0.0001110 seconds
2016-12-26T10:20:22.850-0100: 295.054: Total time for which application threads were stopped: 0.0001375 seconds, Stopping threads took: 0.0000636 seconds
2016-12-26T10:20:22.850-0100: 295.054: Total time for which application threads were stopped: 0.0001125 seconds, Stopping threads took: 0.0000508 seconds
2016-12-26T10:20:22.850-0100: 295.054: Total time for which application threads were stopped: 0.0001825 seconds, Stopping threads took: 0.0000912 seconds
2016-12-26T10:20:22.851-0100: 295.055: Total time for which application threads were stopped: 0.0001415 seconds, Stopping threads took: 0.0000654 seconds
2016-12-26T10:20:22.851-0100: 295.055: Total time for which application threads were stopped: 0.0001373 seconds, Stopping threads took: 0.0000610 seconds
2016-12-26T10:20:22.851-0100: 295.055: Total time for which application threads were stopped: 0.0001146 seconds, Stopping threads took: 0.0000227 seconds
2016-12-26T10:20:22.851-0100: 295.055: Total time for which application threads were stopped: 0.0001156 seconds, Stopping threads took: 0.0000563 seconds
2016-12-26T10:20:22.852-0100: 295.055: Total time for which application threads were stopped: 0.0002049 seconds, Stopping threads took: 0.0000120 seconds
{Heap before GC invocations=107 (full 2):
 par new generation   total 109248K, used 94768K [0x00000007a0000000, 0x00000007a8000000, 0x00000007a8000000)
  eden space 87424K, 100% used [0x00000007a0000000, 0x00000007a5560000, 0x00000007a5560000)
  from space 21824K,  33% used [0x00000007a6ab0000, 0x00000007a71dc300, 0x00000007a8000000)
  to   space 21824K,   0% used [0x00000007a5560000, 0x00000007a5560000, 0x00000007a6ab0000)
 concurrent mark-sweep generation total 393216K, used 55649K [0x00000007a8000000, 0x00000007c0000000, 0x00000007c0000000)
 Metaspace       used 43996K, capacity 44874K, committed 44944K, reserved 1089536K
  class space    used 4739K, capacity 5013K, committed 5016K, reserved 1048576K
2016-12-26T10:20:22.922-0100: 295.126: [GC (Allocation Failure) 2016-12-26T10:20:22.922-0100: 295.126: [ParNew
Desired survivor size 20112992 bytes, new threshold 8 (max 8)
- age   1:    3460536 bytes,    3460536 total
- age   2:      20536 bytes,    3481072 total
- age   3:      13960 bytes,    3495032 total
- age   4:       7760 bytes,    3502792 total
- age   5:      28552 bytes,    3531344 total
- age   6:       6600 bytes,    3537944 total
- age   7:       9648 bytes,    3547592 total
- age   8:      94896 bytes,    3642488 total
: 94768K->5943K(109248K), 0.0051836 secs] 150418K->61697K(502464K), 0.0052634 secs] [Times: user=0.02 sys=0.00, real=0.00 secs] 
Heap after GC invocations=108 (full 2):
 par new generation   total 109248K, used 5943K [0x00000007a0000000, 0x00000007a8000000, 0x00000007a8000000)
  eden space 87424K,   0% used [0x00000007a0000000, 0x00000007a0000000, 0x00000007a5560000)
  from space 21824K,  27% used [0x00000007a5560000, 0x00000007a5b2de10, 0x00000007a6ab0000)
  to   space 21824K,   0% used [0x00000007a6ab0000, 0x00000007a6ab0000, 0x00000007a8000000)
 concurrent mark-sweep generation total 393216K, used 55753K [0x00000007a8000000, 0x00000007c0000000, 0x00000007c0000000)
 Metaspace       used 43996K, capacity 44874K, committed 44944K, reserved 1089536K
  class space    used 4739K, capacity 5013K, committed 5016K, reserved 1048576K
}
2016-12-26T10:20:22.928-0100: 295.132: Total time for which application threads were stopped: 0.0055174 seconds, Stopping threads took: 0.0000239 seconds
2016-12-26T10:20:23.215-0100: 295.419: Total time for which application threads were stopped: 0.0001315 seconds, Stopping threads took: 0.0000211 seconds
{Heap before GC invocations=108 (full 2):
 par new generation   total 109248K, used 93367K [0x00000007a0000000, 0x00000007a8000000, 0x00000007a8000000)
  eden space 87424K, 100% used [0x00000007a0000000, 0x00000007a5560000, 0x00000007a5560000)
  from space 21824K,  27% used [0x00000007a5560000, 0x00000007a5b2de10, 0x00000007a6ab0000)
  to   space 21824K,   0% used [0x00000007a6ab0000, 0x00000007a6ab0000, 0x00000007a8000000)
 concurrent mark-sweep generation total 393216K, used 55753K [0x00000007a8000000, 0x00000007c0000000, 0x00000007c0000000)
 Metaspace       used 43997K, capacity 44874K, committed 44944K, reserved 1089536K
  class space    used 4739K, capacity 5013K, committed 5016K, reserved 1048576K
2016-12-26T10:20:23.615-0100: 295.818: [GC (Allocation Failure) 2016-12-26T10:20:23.615-0100: 295.818: [ParNew
Desired survivor size 20112992 bytes, new threshold 8 (max 8)
- age   1:     973824 bytes,     973824 total
- age   2:    2821120 bytes,    3794944 total
- age   3:      15056 bytes,    3810000 total
- age   4:       6856 bytes,    3816856 total
- age   5:       6936 bytes,    3823792 total
- age   6:      26888 bytes,    3850680 total
- age   7:       6600 bytes,    3857280 total
- age   8:       9648 bytes,    3866928 total
: 93367K->4648K(109248K), 0.0052602 secs] 149121K->60495K(502464K), 0.0053371 secs] [Times: user=0.01 sys=0.00, real=0.01 secs] 
Heap after GC invocations=109 (full 2):
 par new generation   total 109248K, used 4648K [0x00000007a0000000, 0x00000007a8000000, 0x00000007a8000000)
  eden space 87424K,   0% used [0x00000007a0000000, 0x00000007a0000000, 0x00000007a5560000)
  from space 21824K,  21% used [0x00000007a6ab0000, 0x00000007a6f3a3e0, 0x00000007a8000000)
  to   space 21824K,   0% used [0x00000007a5560000, 0x00000007a5560000, 0x00000007a6ab0000)
 concurrent mark-sweep generation total 393216K, used 55846K [0x00000007a8000000, 0x00000007c0000000, 0x00000007c0000000)
 Metaspace       used 43997K, capacity 44874K, committed 44944K, reserved 1089536K
  class space    used 4739K, capacity 5013K, committed 5016K, reserved 1048576K
}
2016-12-26T10:20:23.620-0100: 295.824: Total time for which application threads were stopped: 0.0055636 seconds, Stopping threads took: 0.0000234 seconds
{Heap before GC invocations=109 (full 2):
 par new generation   total 109248K, used 92072K [0x00000007a0000000, 0x00000007a8000000, 0x00000007a8000000)
  eden space 87424K, 100% used [0x00000007a0000000, 0x00000007a5560000, 0x00000007a5560000)
  from space 21824K,  21% used [0x00000007a6ab0000, 0x00000007a6f3a3e0, 0x00000007a8000000)
  to   space 21824K,   0% used [0x00000007a5560000, 0x00000007a5560000, 0x00000007a6ab0000)
 concurrent mark-sweep generation total 393216K, used 55846K [0x00000007a8000000, 0x00000007c0000000, 0x00000007c0000000)
 Metaspace       used 43997K, capacity 44874K, committed 44944K, reserved 1089536K
  class space    used 4739K, capacity 5013K, committed 5016K, reserved 1048576K
2016-12-26T10:20:24.328-0100: 296.532: [GC (Allocation Failure) 2016-12-26T10:20:24.328-0100: 296.532: [ParNew
Desired survivor size 20112992 bytes, new threshold 8 (max 8)
- age   1:    1081672 bytes,    1081672 total
- age   2:     478488 bytes,    1560160 total
- age   3:    2816232 bytes,    4376392 total
- age   4:      10344 bytes,    4386736 total
- age   5:       6856 bytes,    4393592 total
- age   6:       6912 bytes,    4400504 total
- age   7:      26888 bytes,    4427392 total
- age   8:       5816 bytes,    4433208 total
: 92072K->5634K(109248K), 0.0056659 secs] 147919K->61490K(502464K), 0.0057519 secs] [Times: user=0.02 sys=0.00, real=0.01 secs] 
Heap after GC invocations=110 (full 2):
 par new generation   total 109248K, used 5634K [0x00000007a0000000, 0x00000007a8000000, 0x00000007a8000000)
  eden space 87424K,   0% used [0x00000007a0000000, 0x00000007a0000000, 0x00000007a5560000)
  from space 21824K,  25% used [0x00000007a5560000, 0x00000007a5ae0998, 0x00000007a6ab0000)
  to   space 21824K,   0% used [0x00000007a6ab0000, 0x00000007a6ab0000, 0x00000007a8000000)
 concurrent mark-sweep generation total 393216K, used 55856K [0x00000007a8000000, 0x00000007c0000000, 0x00000007c0000000)
 Metaspace       used 43997K, capacity 44874K, committed 44944K, reserved 1089536K
  class space    used 4739K, capacity 5013K, committed 5016K, reserved 1048576K
}
2016-12-26T10:20:24.334-0100: 296.538: Total time for which application threads were stopped: 0.0059716 seconds, Stopping threads took: 0.0000209 seconds
{Heap before GC invocations=110 (full 2):
 par new generation   total 109248K, used 93058K [0x00000007a0000000, 0x00000007a8000000, 0x00000007a8000000)
  eden space 87424K, 100% used [0x00000007a0000000, 0x00000007a5560000, 0x00000007a5560000)
  from space 21824K,  25% used [0x00000007a5560000, 0x00000007a5ae0998, 0x00000007a6ab0000)
  to   space 21824K,   0% used [0x00000007a6ab0000, 0x00000007a6ab0000, 0x00000007a8000000)
 concurrent mark-sweep generation total 393216K, used 55856K [0x00000007a8000000, 0x00000007c0000000, 0x00000007c0000000)
 Metaspace       used 43997K, capacity 44874K, committed 44944K, reserved 1089536K
  class space    used 4739K, capacity 5013K, committed 5016K, reserved 1048576K
2016-12-26T10:20:25.114-0100: 297.317: [GC (Allocation Failure) 2016-12-26T10:20:25.114-0100: 297.318: [ParNew
Desired survivor size 20112992 bytes, new threshold 8 (max 8)
- age   1:    1067072 bytes,    1067072 total
- age   2:     532528 bytes,    1599600 total
- age   3:     452368 bytes,    2051968 total
- age   4:    2811792 bytes,    4863760 total
- age   5:       9488 bytes,    4873248 total
- age   6:       6040 bytes,    4879288 total
- age   7:       6912 bytes,    4886200 total
- age   8:      26864 bytes,    4913064 total
: 93058K->6678K(109248K), 0.0062116 secs] 148914K->62539K(502464K), 0.0062932 secs] [Times: user=0.02 sys=0.00, real=0.01 secs] 
Heap after GC invocations=111 (full 2):
 par new generation   total 109248K, used 6678K [0x00000007a0000000, 0x00000007a8000000, 0x00000007a8000000)
  eden space 87424K,   0% used [0x00000007a0000000, 0x00000007a0000000, 0x00000007a5560000)
  from space 21824K,  30% used [0x00000007a6ab0000, 0x00000007a7135878, 0x00000007a8000000)
  to   space 21824K,   0% used [0x00000007a5560000, 0x00000007a5560000, 0x00000007a6ab0000)
 concurrent mark-sweep generation total 393216K, used 55861K [0x00000007a8000000, 0x00000007c0000000, 0x00000007c0000000)
 Metaspace       used 43997K, capacity 44874K, committed 44944K, reserved 1089536K
  class space    used 4739K, capacity 5013K, committed 5016K, reserved 1048576K
}
2016-12-26T10:20:25.120-0100: 297.324: Total time for which application threads were stopped: 0.0065637 seconds, Stopping threads took: 0.0000334 seconds
{Heap before GC invocations=111 (full 2):
 par new generation   total 109248K, used 94102K [0x00000007a0000000, 0x00000007a8000000, 0x00000007a8000000)
  eden space 87424K, 100% used [0x00000007a0000000, 0x00000007a5560000, 0x00000007a5560000)
  from space 21824K,  30% used [0x00000007a6ab0000, 0x00000007a7135878, 0x00000007a8000000)
  to   space 21824K,   0% used [0x00000007a5560000, 0x00000007a5560000, 0x00000007a6ab0000)
 concurrent mark-sweep generation total 393216K, used 55861K [0x00000007a8000000, 0x00000007c0000000, 0x00000007c0000000)
 Metaspace       used 43999K, capacity 44874K, committed 44944K, reserved 1089536K
  class space    used 4739K, capacity 5013K, committed 5016K, reserved 1048576K
2016-12-26T10:20:25.756-0100: 297.960: [GC (Allocation Failure) 2016-12-26T10:20:25.756-0100: 297.960: [ParNew
Desired survivor size 20112992 bytes, new threshold 8 (max 8)
- age   1:    2255416 bytes,    2255416 total
- age   2:     228776 bytes,    2484192 total
- age   3:     181168 bytes,    2665360 total
- age   4:     268208 bytes,    2933568 total
- age   5:    1962200 bytes,    4895768 total
- age   6:       9488 bytes,    4905256 total
- age   7:       6016 bytes,    4911272 total
- age   8:       6912 bytes,    4918184 total
: 94102K->6617K(109248K), 0.0044560 secs] 149963K->62506K(502464K), 0.0045393 secs] [Times: user=0.01 sys=0.00, real=0.01 secs] 
Heap after GC invocations=112 (full 2):
 par new generation   total 109248K, used 6617K [0x00000007a0000000, 0x00000007a8000000, 0x00000007a8000000)
  eden space 87424K,   0% used [0x00000007a0000000, 0x00000007a0000000, 0x00000007a5560000)
  from space 21824K,  30% used [0x00000007a5560000, 0x00000007a5bd6570, 0x00000007a6ab0000)
  to   space 21824K,   0% used [0x00000007a6ab0000, 0x00000007a6ab0000, 0x00000007a8000000)
 concurrent mark-sweep generation total 393216K, used 55889K [0x00000007a8000000, 0x00000007c0000000, 0x00000007c0000000)
 Metaspace       used 43999K, capacity 44874K, committed 44944K, reserved 1089536K
  class space    used 4739K, capacity 5013K, committed 5016K, reserved 1048576K
}
2016-12-26T10:20:25.761-0100: 297.964: Total time for which application threads were stopped: 0.0048813 seconds, Stopping threads took: 0.0001171 seconds
{Heap before GC invocations=112 (full 2):
 par new generation   total 109248K, used 94041K [0x00000007a0000000, 0x00000007a8000000, 0x00000007a8000000)
  eden space 87424K, 100% used [0x00000007a0000000, 0x00000007a5560000, 0x00000007a5560000)
  from space 21824K,  30% used [0x00000007a5560000, 0x00000007a5bd6570, 0x00000007a6ab0000)
  to   space 21824K,   0% used [0x00000007a6ab0000, 0x00000007a6ab0000, 0x00000007a8000000)
 concurrent mark-sweep generation total 393216K, used 55889K [0x00000007a8000000, 0x00000007c0000000, 0x00000007c0000000)
 Metaspace       used 44000K, capacity 44874K, committed 44944K, reserved 1089536K
  class space    used 4740K, capacity 5013K, committed 5016K, reserved 1048576K
2016-12-26T10:20:26.396-0100: 298.600: [GC (Allocation Failure) 2016-12-26T10:20:26.396-0100: 298.600: [ParNew
Desired survivor size 20112992 bytes, new threshold 8 (max 8)
- age   1:    2447536 bytes,    2447536 total
- age   2:    1611232 bytes,    4058768 total
- age   3:      15096 bytes,    4073864 total
- age   4:       8304 bytes,    4082168 total
- age   5:      16120 bytes,    4098288 total
- age   6:    1149752 bytes,    5248040 total
- age   7:       9488 bytes,    5257528 total
- age   8:       5992 bytes,    5263520 total
: 94041K->6607K(109248K), 0.0047826 secs] 149930K->62503K(502464K), 0.0048495 secs] [Times: user=0.01 sys=0.00, real=0.01 secs] 
Heap after GC invocations=113 (full 2):
 par new generation   total 109248K, used 6607K [0x00000007a0000000, 0x00000007a8000000, 0x00000007a8000000)
  eden space 87424K,   0% used [0x00000007a0000000, 0x00000007a0000000, 0x00000007a5560000)
  from space 21824K,  30% used [0x00000007a6ab0000, 0x00000007a7123d38, 0x00000007a8000000)
  to   space 21824K,   0% used [0x00000007a5560000, 0x00000007a5560000, 0x00000007a6ab0000)
 concurrent mark-sweep generation total 393216K, used 55895K [0x00000007a8000000, 0x00000007c0000000, 0x00000007c0000000)
 Metaspace       used 44000K, capacity 44874K, committed 44944K, reserved 1089536K
  class space    used 4740K, capacity 5013K, committed 5016K, reserved 1048576K
}
2016-12-26T10:20:26.401-0100: 298.605: Total time for which application threads were stopped: 0.0050861 seconds, Stopping threads took: 0.0000234 seconds
{Heap before GC invocations=113 (full 2):
 par new generation   total 109248K, used 94031K [0x00000007a0000000, 0x00000007a8000000, 0x00000007a8000000)
  eden space 87424K, 100% used [0x00000007a0000000, 0x00000007a5560000, 0x00000007a5560000)
  from space 21824K,  30% used [0x00000007a6ab0000, 0x00000007a7123d38, 0x00000007a8000000)
  to   space 21824K,   0% used [0x00000007a5560000, 0x00000007a5560000, 0x00000007a6ab0000)
 concurrent mark-sweep generation total 393216K, used 55895K [0x00000007a8000000, 0x00000007c0000000, 0x00000007c0000000)
 Metaspace       used 44001K, capacity 44874K, committed 44944K, reserved 1089536K
  class space    used 4740K, capacity 5013K, committed 5016K, reserved 1048576K
2016-12-26T10:20:27.186-0100: 299.390: [GC (Allocation Failure) 2016-12-26T10:20:27.186-0100: 299.390: [ParNew
Desired survivor size 20112992 bytes, new threshold 8 (max 8)
- age   1:     971136 bytes,     971136 total
- age   2:    1896488 bytes,    2867624 total
- age   3:    1605056 bytes,    4472680 total
- age   4:      11024 bytes,    4483704 total
- age   5:       8208 bytes,    4491912 total
- age   6:      16096 bytes,    4508008 total
- age   7:    1148888 bytes,    5656896 total
- age   8:       9488 bytes,    5666384 total
: 94031K->7797K(109248K), 0.0073388 secs] 149927K->63699K(502464K), 0.0074308 secs] [Times: user=0.02 sys=0.00, real=0.01 secs] 
Heap after GC invocations=114 (full 2):
 par new generation   total 109248K, used 7797K [0x00000007a0000000, 0x00000007a8000000, 0x00000007a8000000)
  eden space 87424K,   0% used [0x00000007a0000000, 0x00000007a0000000, 0x00000007a5560000)
  from space 21824K,  35% used [0x00000007a5560000, 0x00000007a5cfd6b0, 0x00000007a6ab0000)
  to   space 21824K,   0% used [0x00000007a6ab0000, 0x00000007a6ab0000, 0x00000007a8000000)
 concurrent mark-sweep generation total 393216K, used 55901K [0x00000007a8000000, 0x00000007c0000000, 0x00000007c0000000)
 Metaspace       used 44001K, capacity 44874K, committed 44944K, reserved 1089536K
  class space    used 4740K, capacity 5013K, committed 5016K, reserved 1048576K
}
2016-12-26T10:20:27.193-0100: 299.397: Total time for which application threads were stopped: 0.0076997 seconds, Stopping threads took: 0.0000232 seconds
2016-12-26T10:20:27.865-0100: 300.069: Total time for which application threads were stopped: 0.0003404 seconds, Stopping threads took: 0.0000477 seconds
2016-12-26T10:20:27.911-0100: 300.115: Total time for which application threads were stopped: 0.0001593 seconds, Stopping threads took: 0.0000250 seconds
{Heap before GC invocations=114 (full 2):
 par new generation   total 109248K, used 95221K [0x00000007a0000000, 0x00000007a8000000, 0x00000007a8000000)
  eden space 87424K, 100% used [0x00000007a0000000, 0x00000007a5560000, 0x00000007a5560000)
  from space 21824K,  35% used [0x00000007a5560000, 0x00000007a5cfd6b0, 0x00000007a6ab0000)
  to   space 21824K,   0% used [0x00000007a6ab0000, 0x00000007a6ab0000, 0x00000007a8000000)
 concurrent mark-sweep generation total 393216K, used 55901K [0x00000007a8000000, 0x00000007c0000000, 0x00000007c0000000)
 Metaspace       used 44004K, capacity 44874K, committed 44944K, reserved 1089536K
  class space    used 4740K, capacity 5013K, committed 5016K, reserved 1048576K
2016-12-26T10:20:27.934-0100: 300.138: [GC (Allocation Failure) 2016-12-26T10:20:27.934-0100: 300.138: [ParNew
Desired survivor size 20112992 bytes, new threshold 8 (max 8)
- age   1:    2135408 bytes,    2135408 total
- age   2:     201768 bytes,    2337176 total
- age   3:    1640320 bytes,    3977496 total
- age   4:     803296 bytes,    4780792 total
- age   5:      11024 bytes,    4791816 total
- age   6:       8184 bytes,    4800000 total
- age   7:      16048 bytes,    4816048 total
- age   8:    1143336 bytes,    5959384 total
: 95221K->7148K(109248K), 0.0100479 secs] 151123K->63059K(502464K), 0.0101219 secs] [Times: user=0.02 sys=0.00, real=0.01 secs] 
Heap after GC invocations=115 (full 2):
 par new generation   total 109248K, used 7148K [0x00000007a0000000, 0x00000007a8000000, 0x00000007a8000000)
  eden space 87424K,   0% used [0x00000007a0000000, 0x00000007a0000000, 0x00000007a5560000)
  from space 21824K,  32% used [0x00000007a6ab0000, 0x00000007a71ab148, 0x00000007a8000000)
  to   space 21824K,   0% used [0x00000007a5560000, 0x00000007a5560000, 0x00000007a6ab0000)
 concurrent mark-sweep generation total 393216K, used 55911K [0x00000007a8000000, 0x00000007c0000000, 0x00000007c0000000)
 Metaspace       used 44004K, capacity 44874K, committed 44944K, reserved 1089536K
  class space    used 4740K, capacity 5013K, committed 5016K, reserved 1048576K
}
2016-12-26T10:20:27.944-0100: 300.148: Total time for which application threads were stopped: 0.0104051 seconds, Stopping threads took: 0.0000314 seconds
2016-12-26T10:20:28.180-0100: 300.384: Total time for which application threads were stopped: 0.0001454 seconds, Stopping threads took: 0.0000267 seconds
2016-12-26T10:20:28.180-0100: 300.384: Total time for which application threads were stopped: 0.0000922 seconds, Stopping threads took: 0.0000132 seconds
2016-12-26T10:20:28.340-0100: 300.543: Total time for which application threads were stopped: 0.0003091 seconds, Stopping threads took: 0.0001034 seconds
2016-12-26T10:20:28.340-0100: 300.544: Total time for which application threads were stopped: 0.0002556 seconds, Stopping threads took: 0.0000984 seconds
2016-12-26T10:20:28.367-0100: 300.570: Total time for which application threads were stopped: 0.0002507 seconds, Stopping threads took: 0.0000782 seconds
2016-12-26T10:20:28.368-0100: 300.572: Total time for which application threads were stopped: 0.0002618 seconds, Stopping threads took: 0.0000740 seconds
2016-12-26T10:20:28.368-0100: 300.572: Total time for which application threads were stopped: 0.0002472 seconds, Stopping threads took: 0.0000989 seconds
2016-12-26T10:20:28.368-0100: 300.572: Total time for which application threads were stopped: 0.0001707 seconds, Stopping threads took: 0.0000270 seconds
2016-12-26T10:20:28.369-0100: 300.572: Total time for which application threads were stopped: 0.0001794 seconds, Stopping threads took: 0.0000313 seconds
2016-12-26T10:20:28.379-0100: 300.583: Total time for which application threads were stopped: 0.0002664 seconds, Stopping threads took: 0.0000439 seconds
2016-12-26T10:20:28.381-0100: 300.584: Total time for which application threads were stopped: 0.0003195 seconds, Stopping threads took: 0.0000963 seconds
2016-12-26T10:20:28.446-0100: 300.650: Total time for which application threads were stopped: 0.0001878 seconds, Stopping threads took: 0.0000291 seconds
2016-12-26T10:20:29.450-0100: 301.654: Total time for which application threads were stopped: 0.0001754 seconds, Stopping threads took: 0.0000387 seconds
2016-12-26T10:20:30.453-0100: 302.657: Total time for which application threads were stopped: 0.0002742 seconds, Stopping threads took: 0.0001041 seconds
2016-12-26T10:20:49.508-0100: 321.711: Total time for which application threads were stopped: 0.0001818 seconds, Stopping threads took: 0.0000303 seconds
2016-12-26T10:20:54.523-0100: 326.726: Total time for which application threads were stopped: 0.0004438 seconds, Stopping threads took: 0.0000418 seconds
2016-12-26T10:20:55.837-0100: 328.040: Total time for which application threads were stopped: 0.0001806 seconds, Stopping threads took: 0.0000455 seconds
2016-12-26T10:20:55.840-0100: 328.043: Total time for which application threads were stopped: 0.0002697 seconds, Stopping threads took: 0.0000522 seconds
2016-12-26T10:20:56.685-0100: 328.888: Total time for which application threads were stopped: 0.0003415 seconds, Stopping threads took: 0.0000352 seconds
2016-12-26T10:20:56.685-0100: 328.888: Total time for which application threads were stopped: 0.0002104 seconds, Stopping threads took: 0.0000252 seconds
2016-12-26T10:20:56.686-0100: 328.889: Total time for which application threads were stopped: 0.0002090 seconds, Stopping threads took: 0.0000316 seconds
2016-12-26T10:20:56.686-0100: 328.889: Total time for which application threads were stopped: 0.0003009 seconds, Stopping threads took: 0.0000447 seconds
2016-12-26T10:20:56.695-0100: 328.898: Total time for which application threads were stopped: 0.0002432 seconds, Stopping threads took: 0.0000314 seconds
2016-12-26T10:20:56.695-0100: 328.898: Total time for which application threads were stopped: 0.0001166 seconds, Stopping threads took: 0.0000110 seconds
2016-12-26T10:20:56.695-0100: 328.898: Total time for which application threads were stopped: 0.0000977 seconds, Stopping threads took: 0.0000205 seconds
2016-12-26T10:20:56.695-0100: 328.898: Total time for which application threads were stopped: 0.0001849 seconds, Stopping threads took: 0.0001041 seconds
2016-12-26T10:20:57.700-0100: 329.903: Total time for which application threads were stopped: 0.0002181 seconds, Stopping threads took: 0.0000362 seconds
2016-12-26T10:21:09.154-0100: 341.357: Total time for which application threads were stopped: 0.0003987 seconds, Stopping threads took: 0.0001584 seconds
2016-12-26T10:21:09.155-0100: 341.357: Total time for which application threads were stopped: 0.0002401 seconds, Stopping threads took: 0.0000812 seconds
2016-12-26T10:21:10.159-0100: 342.361: Total time for which application threads were stopped: 0.0003612 seconds, Stopping threads took: 0.0000832 seconds
2016-12-26T10:21:25.668-0100: 357.871: Total time for which application threads were stopped: 0.0002276 seconds, Stopping threads took: 0.0000850 seconds
2016-12-26T10:21:25.670-0100: 357.873: Total time for which application threads were stopped: 0.0001545 seconds, Stopping threads took: 0.0000237 seconds
2016-12-26T10:21:25.690-0100: 357.893: Total time for which application threads were stopped: 0.0001953 seconds, Stopping threads took: 0.0000226 seconds
2016-12-26T10:21:25.701-0100: 357.903: Total time for which application threads were stopped: 0.0012792 seconds, Stopping threads took: 0.0000265 seconds
2016-12-26T10:21:25.713-0100: 357.916: Total time for which application threads were stopped: 0.0001535 seconds, Stopping threads took: 0.0000220 seconds
2016-12-26T10:21:25.714-0100: 357.916: Total time for which application threads were stopped: 0.0000794 seconds, Stopping threads took: 0.0000086 seconds
2016-12-26T10:21:25.714-0100: 357.916: Total time for which application threads were stopped: 0.0001455 seconds, Stopping threads took: 0.0000470 seconds
2016-12-26T10:21:25.715-0100: 357.917: Total time for which application threads were stopped: 0.0001432 seconds, Stopping threads took: 0.0000299 seconds
2016-12-26T10:21:25.715-0100: 357.917: Total time for which application threads were stopped: 0.0001707 seconds, Stopping threads took: 0.0000404 seconds
2016-12-26T10:21:25.715-0100: 357.918: Total time for which application threads were stopped: 0.0001287 seconds, Stopping threads took: 0.0000212 seconds
2016-12-26T10:21:25.716-0100: 357.918: Total time for which application threads were stopped: 0.0001306 seconds, Stopping threads took: 0.0000287 seconds
2016-12-26T10:21:25.716-0100: 357.919: Total time for which application threads were stopped: 0.0001524 seconds, Stopping threads took: 0.0000310 seconds
2016-12-26T10:21:25.717-0100: 357.919: Total time for which application threads were stopped: 0.0001238 seconds, Stopping threads took: 0.0000170 seconds
2016-12-26T10:21:25.718-0100: 357.920: Total time for which application threads were stopped: 0.0002011 seconds, Stopping threads took: 0.0000501 seconds
2016-12-26T10:21:25.719-0100: 357.921: Total time for which application threads were stopped: 0.0001992 seconds, Stopping threads took: 0.0000514 seconds
2016-12-26T10:21:26.724-0100: 358.926: Total time for which application threads were stopped: 0.0002116 seconds, Stopping threads took: 0.0000494 seconds
2016-12-26T10:22:09.161-0100: 401.362: Total time for which application threads were stopped: 0.0001921 seconds, Stopping threads took: 0.0000548 seconds
2016-12-26T10:22:09.161-0100: 401.362: Total time for which application threads were stopped: 0.0001489 seconds, Stopping threads took: 0.0000225 seconds
2016-12-26T10:22:43.269-0100: 435.470: Total time for which application threads were stopped: 0.0002426 seconds, Stopping threads took: 0.0000546 seconds
2016-12-26T10:22:45.273-0100: 437.474: Total time for which application threads were stopped: 0.0002245 seconds, Stopping threads took: 0.0000514 seconds
2016-12-26T10:23:55.479-0100: 507.678: Total time for which application threads were stopped: 0.0002047 seconds, Stopping threads took: 0.0000430 seconds
2016-12-26T10:24:05.512-0100: 517.710: Total time for which application threads were stopped: 0.0002392 seconds, Stopping threads took: 0.0000478 seconds
2016-12-26T10:26:09.874-0100: 642.069: Total time for which application threads were stopped: 0.0002192 seconds, Stopping threads took: 0.0000373 seconds
2016-12-26T10:36:29.641-0100: 1261.820: Total time for which application threads were stopped: 0.0001753 seconds, Stopping threads took: 0.0000278 seconds
2016-12-26T10:40:42.286-0100: 1514.458: Total time for which application threads were stopped: 0.0002486 seconds, Stopping threads took: 0.0000599 seconds
2016-12-26T10:41:12.371-0100: 1544.542: Total time for which application threads were stopped: 0.0002128 seconds, Stopping threads took: 0.0000379 seconds
2016-12-26T10:41:15.380-0100: 1547.551: Total time for which application threads were stopped: 0.0002381 seconds, Stopping threads took: 0.0000632 seconds
2016-12-26T10:41:41.459-0100: 1573.630: Total time for which application threads were stopped: 0.0002428 seconds, Stopping threads took: 0.0000514 seconds
2016-12-26T10:41:45.476-0100: 1577.646: Total time for which application threads were stopped: 0.0002149 seconds, Stopping threads took: 0.0000362 seconds
2016-12-26T10:42:22.584-0100: 1614.753: Total time for which application threads were stopped: 0.0002090 seconds, Stopping threads took: 0.0000364 seconds
2016-12-26T10:42:48.663-0100: 1640.832: Total time for which application threads were stopped: 0.0002203 seconds, Stopping threads took: 0.0000471 seconds
2016-12-26T10:43:10.735-0100: 1662.903: Total time for which application threads were stopped: 0.0002557 seconds, Stopping threads took: 0.0000782 seconds
2016-12-26T10:44:24.942-0100: 1737.107: Total time for which application threads were stopped: 0.0006314 seconds, Stopping threads took: 0.0001108 seconds
2016-12-26T10:58:11.358-0100: 2563.499: Total time for which application threads were stopped: 0.0003658 seconds, Stopping threads took: 0.0000464 seconds
2016-12-26T10:58:21.396-0100: 2573.537: Total time for which application threads were stopped: 0.0002558 seconds, Stopping threads took: 0.0000412 seconds
2016-12-26T10:58:31.418-0100: 2583.558: Total time for which application threads were stopped: 0.0002317 seconds, Stopping threads took: 0.0000461 seconds
2016-12-26T10:59:31.236-0100: 2643.375: Total time for which application threads were stopped: 0.0001526 seconds, Stopping threads took: 0.0000218 seconds
2016-12-26T10:59:31.237-0100: 2643.375: Total time for which application threads were stopped: 0.0001053 seconds, Stopping threads took: 0.0000148 seconds
2016-12-26T10:59:31.237-0100: 2643.375: Total time for which application threads were stopped: 0.0000928 seconds, Stopping threads took: 0.0000106 seconds
2016-12-26T10:59:31.237-0100: 2643.375: Total time for which application threads were stopped: 0.0000857 seconds, Stopping threads took: 0.0000098 seconds
2016-12-26T10:59:31.237-0100: 2643.376: Total time for which application threads were stopped: 0.0001981 seconds, Stopping threads took: 0.0000085 seconds
2016-12-26T10:59:31.243-0100: 2643.382: Total time for which application threads were stopped: 0.0002087 seconds, Stopping threads took: 0.0000208 seconds
2016-12-26T10:59:31.244-0100: 2643.382: Total time for which application threads were stopped: 0.0002128 seconds, Stopping threads took: 0.0000093 seconds
2016-12-26T10:59:31.244-0100: 2643.382: Total time for which application threads were stopped: 0.0000872 seconds, Stopping threads took: 0.0000114 seconds
2016-12-26T10:59:31.250-0100: 2643.388: Total time for which application threads were stopped: 0.0002479 seconds, Stopping threads took: 0.0000294 seconds
2016-12-26T10:59:31.250-0100: 2643.388: Total time for which application threads were stopped: 0.0001647 seconds, Stopping threads took: 0.0000312 seconds
2016-12-26T10:59:31.250-0100: 2643.389: Total time for which application threads were stopped: 0.0001014 seconds, Stopping threads took: 0.0000317 seconds
2016-12-26T10:59:31.250-0100: 2643.389: Total time for which application threads were stopped: 0.0000598 seconds, Stopping threads took: 0.0000054 seconds
2016-12-26T10:59:32.254-0100: 2644.393: Total time for which application threads were stopped: 0.0002442 seconds, Stopping threads took: 0.0000407 seconds
2016-12-26T10:59:55.565-0100: 2667.702: Total time for which application threads were stopped: 0.0007779 seconds, Stopping threads took: 0.0003436 seconds
2016-12-26T10:59:56.568-0100: 2668.706: Total time for which application threads were stopped: 0.0002855 seconds, Stopping threads took: 0.0000527 seconds
2016-12-26T11:00:01.494-0100: 2673.632: Total time for which application threads were stopped: 0.0001485 seconds, Stopping threads took: 0.0000211 seconds
2016-12-26T11:00:01.509-0100: 2673.646: Total time for which application threads were stopped: 0.0002215 seconds, Stopping threads took: 0.0000452 seconds
{Heap before GC invocations=115 (full 2):
 par new generation   total 109248K, used 94572K [0x00000007a0000000, 0x00000007a8000000, 0x00000007a8000000)
  eden space 87424K, 100% used [0x00000007a0000000, 0x00000007a5560000, 0x00000007a5560000)
  from space 21824K,  32% used [0x00000007a6ab0000, 0x00000007a71ab148, 0x00000007a8000000)
  to   space 21824K,   0% used [0x00000007a5560000, 0x00000007a5560000, 0x00000007a6ab0000)
 concurrent mark-sweep generation total 393216K, used 55911K [0x00000007a8000000, 0x00000007c0000000, 0x00000007c0000000)
 Metaspace       used 44653K, capacity 45530K, committed 45840K, reserved 1089536K
  class space    used 4818K, capacity 5081K, committed 5144K, reserved 1048576K
2016-12-26T11:00:01.511-0100: 2673.649: [GC (Allocation Failure) 2016-12-26T11:00:01.511-0100: 2673.649: [ParNew
Desired survivor size 20112992 bytes, new threshold 8 (max 8)
- age   1:    2231600 bytes,    2231600 total
- age   2:     514168 bytes,    2745768 total
- age   3:      16272 bytes,    2762040 total
- age   4:     635736 bytes,    3397776 total
- age   5:     777376 bytes,    4175152 total
- age   6:      10888 bytes,    4186040 total
- age   7:       8160 bytes,    4194200 total
- age   8:      15240 bytes,    4209440 total
: 94572K->7702K(109248K), 0.0110005 secs] 150483K->64723K(502464K), 0.0110875 secs] [Times: user=0.02 sys=0.00, real=0.01 secs] 
Heap after GC invocations=116 (full 2):
 par new generation   total 109248K, used 7702K [0x00000007a0000000, 0x00000007a8000000, 0x00000007a8000000)
  eden space 87424K,   0% used [0x00000007a0000000, 0x00000007a0000000, 0x00000007a5560000)
  from space 21824K,  35% used [0x00000007a5560000, 0x00000007a5ce5a60, 0x00000007a6ab0000)
  to   space 21824K,   0% used [0x00000007a6ab0000, 0x00000007a6ab0000, 0x00000007a8000000)
 concurrent mark-sweep generation total 393216K, used 57021K [0x00000007a8000000, 0x00000007c0000000, 0x00000007c0000000)
 Metaspace       used 44653K, capacity 45530K, committed 45840K, reserved 1089536K
  class space    used 4818K, capacity 5081K, committed 5144K, reserved 1048576K
}
2016-12-26T11:00:01.523-0100: 2673.660: Total time for which application threads were stopped: 0.0114127 seconds, Stopping threads took: 0.0000409 seconds
2016-12-26T11:00:01.523-0100: 2673.661: Total time for which application threads were stopped: 0.0001961 seconds, Stopping threads took: 0.0000819 seconds
2016-12-26T11:00:01.524-0100: 2673.661: Total time for which application threads were stopped: 0.0001425 seconds, Stopping threads took: 0.0000655 seconds
2016-12-26T11:00:01.524-0100: 2673.661: Total time for which application threads were stopped: 0.0001219 seconds, Stopping threads took: 0.0000420 seconds
2016-12-26T11:00:01.524-0100: 2673.662: Total time for which application threads were stopped: 0.0001032 seconds, Stopping threads took: 0.0000349 seconds
2016-12-26T11:00:01.524-0100: 2673.662: Total time for which application threads were stopped: 0.0001201 seconds, Stopping threads took: 0.0000489 seconds
2016-12-26T11:00:01.539-0100: 2673.676: Total time for which application threads were stopped: 0.0002824 seconds, Stopping threads took: 0.0001357 seconds
Heap
 par new generation   total 109248K, used 10826K [0x00000007a0000000, 0x00000007a8000000, 0x00000007a8000000)
  eden space 87424K,   3% used [0x00000007a0000000, 0x00000007a030cf80, 0x00000007a5560000)
  from space 21824K,  35% used [0x00000007a5560000, 0x00000007a5ce5a60, 0x00000007a6ab0000)
  to   space 21824K,   0% used [0x00000007a6ab0000, 0x00000007a6ab0000, 0x00000007a8000000)
 concurrent mark-sweep generation total 393216K, used 57021K [0x00000007a8000000, 0x00000007c0000000, 0x00000007c0000000)
 Metaspace       used 44694K, capacity 45536K, committed 45840K, reserved 1089536K
  class space    used 4826K, capacity 5082K, committed 5144K, reserved 1048576K
